---
version: 1
interactions:
- request:
    body: ""
    form: {}
    headers:
      Accept:
      - application/json
      User-Agent:
      - Terraform/ (+https://www.terraform.io) Terraform-Plugin-Framework terraform-provider-katapult
    url: https://api.katapult.io/core/v1/data_centers/_/default_network?data_center%5Bpermalink%5D=uk-lon-01
    method: GET
  response:
    body: '{"network":{"id":"netw_gVRkZdSKczfNg34P","name":"Public Network","permalink":"uk-lon-01-public","data_center":{"id":"loc_UUhPmoCbpic6UX0Y","name":"London","permalink":"uk-lon-01"}}}'
    headers:
      Access-Control-Allow-Headers:
      - Authorization, Content-Type
      Access-Control-Allow-Methods:
      - GET, POST, PUT, PATCH, DELETE, OPTIONS
      Access-Control-Allow-Origin:
      - '*'
      Cache-Control:
      - max-age=0, private, must-revalidate
      Content-Length:
      - "181"
      Content-Type:
      - application/json
      Date:
      - Tue, 12 Dec 2023 17:43:35 GMT
      Etag:
      - W/"d60d47b2ba0b179327bb89a97b1c0e77"
      Server:
      - Caddy
      Strict-Transport-Security:
      - max-age=63072000; includeSubDomains
      X-Ratelimit-Permitted:
      - "200"
      X-Ratelimit-Remaining:
      - "174"
      X-Request-Id:
      - ed8b8222-ed12-417c-9eb1-9422e43dafb5
    status: 200 OK
    code: 200
    duration: ""
- request:
    body: |
      {"organization":{"sub_domain":"terraform-acc-test"},"network":{"id":"netw_gVRkZdSKczfNg34P"},"version":"ipv4"}
    form: {}
    headers:
      Accept:
      - application/json
      Content-Type:
      - application/json
      User-Agent:
      - Terraform/ (+https://www.terraform.io) Terraform-Plugin-Framework terraform-provider-katapult
    url: https://api.katapult.io/core/v1/organizations/_/ip_addresses
    method: POST
  response:
    body: '{"ip_address":{"id":"ip_nDsl5ZyqIDOiSZcI","address":"185.53.57.83","reverse_dns":"185-53-57-83.rdns.katapult.cloud","vip":false,"label":null,"address_with_mask":"185.53.57.83/24","network":{"id":"netw_gVRkZdSKczfNg34P","name":"Public
      Network","permalink":"uk-lon-01-public","data_center":{"id":"loc_UUhPmoCbpic6UX0Y","name":"London","permalink":"uk-lon-01","country":{"id":"ctry_6AO9tYYugvTGnd5b","name":"United
      Kingdom","iso_code2":"GB","iso_code3":"GBR","time_zone":"Europe/London","eu":false}}},"allocation_id":null,"allocation_type":null}}'
    headers:
      Access-Control-Allow-Headers:
      - Authorization, Content-Type
      Access-Control-Allow-Methods:
      - GET, POST, PUT, PATCH, DELETE, OPTIONS
      Access-Control-Allow-Origin:
      - '*'
      Cache-Control:
      - max-age=0, private, must-revalidate
      Content-Length:
      - "543"
      Content-Type:
      - application/json
      Date:
      - Tue, 12 Dec 2023 17:43:36 GMT
      Etag:
      - W/"1c72ca946cd4947a228eb5020abda833"
      Server:
      - Caddy
      Strict-Transport-Security:
      - max-age=63072000; includeSubDomains
      X-Ratelimit-Permitted:
      - "200"
      X-Ratelimit-Remaining:
      - "166"
      X-Request-Id:
      - f59f87b7-8648-4277-93fe-df4ea4088968
    status: 200 OK
    code: 200
    duration: ""
- request:
    body: ""
    form: {}
    headers:
      Accept:
      - application/json
      User-Agent:
      - Terraform/ (+https://www.terraform.io) Terraform-Plugin-Framework terraform-provider-katapult
    url: https://api.katapult.io/core/v1/ip_addresses/_?ip_address%5Bid%5D=ip_nDsl5ZyqIDOiSZcI
    method: GET
  response:
    body: '{"ip_address":{"id":"ip_nDsl5ZyqIDOiSZcI","address":"185.53.57.83","reverse_dns":"185-53-57-83.rdns.katapult.cloud","vip":false,"label":null,"address_with_mask":"185.53.57.83/24","network":{"id":"netw_gVRkZdSKczfNg34P","name":"Public
      Network","permalink":"uk-lon-01-public","data_center":{"id":"loc_UUhPmoCbpic6UX0Y","name":"London","permalink":"uk-lon-01","country":{"id":"ctry_6AO9tYYugvTGnd5b","name":"United
      Kingdom","iso_code2":"GB","iso_code3":"GBR","time_zone":"Europe/London","eu":false}}},"allocation_id":null,"allocation_type":null},"allocation":null}'
    headers:
      Access-Control-Allow-Headers:
      - Authorization, Content-Type
      Access-Control-Allow-Methods:
      - GET, POST, PUT, PATCH, DELETE, OPTIONS
      Access-Control-Allow-Origin:
      - '*'
      Cache-Control:
      - max-age=0, private, must-revalidate
      Content-Length:
      - "561"
      Content-Type:
      - application/json
      Date:
      - Tue, 12 Dec 2023 17:43:36 GMT
      Etag:
      - W/"48a98e6b7ba991901a791fe83cab90cb"
      Server:
      - Caddy
      Strict-Transport-Security:
      - max-age=63072000; includeSubDomains
      X-Ratelimit-Permitted:
      - "200"
      X-Ratelimit-Remaining:
      - "141"
      X-Request-Id:
      - 022a8e3e-7c26-4c29-b043-a6999d72da4c
    status: 200 OK
    code: 200
    duration: ""
- request:
    body: ""
    form: {}
    headers:
      Accept:
      - application/json
      User-Agent:
      - Terraform/ (+https://www.terraform.io) Terraform-Plugin-Framework terraform-provider-katapult
    url: https://api.katapult.io/core/v1/ip_addresses/_?ip_address%5Bid%5D=ip_nDsl5ZyqIDOiSZcI
    method: GET
  response:
    body: '{"ip_address":{"id":"ip_nDsl5ZyqIDOiSZcI","address":"185.53.57.83","reverse_dns":"185-53-57-83.rdns.katapult.cloud","vip":false,"label":null,"address_with_mask":"185.53.57.83/24","network":{"id":"netw_gVRkZdSKczfNg34P","name":"Public
      Network","permalink":"uk-lon-01-public","data_center":{"id":"loc_UUhPmoCbpic6UX0Y","name":"London","permalink":"uk-lon-01","country":{"id":"ctry_6AO9tYYugvTGnd5b","name":"United
      Kingdom","iso_code2":"GB","iso_code3":"GBR","time_zone":"Europe/London","eu":false}}},"allocation_id":null,"allocation_type":null},"allocation":null}'
    headers:
      Access-Control-Allow-Headers:
      - Authorization, Content-Type
      Access-Control-Allow-Methods:
      - GET, POST, PUT, PATCH, DELETE, OPTIONS
      Access-Control-Allow-Origin:
      - '*'
      Cache-Control:
      - max-age=0, private, must-revalidate
      Content-Length:
      - "561"
      Content-Type:
      - application/json
      Date:
      - Tue, 12 Dec 2023 17:43:36 GMT
      Etag:
      - W/"48a98e6b7ba991901a791fe83cab90cb"
      Server:
      - Caddy
      Strict-Transport-Security:
      - max-age=63072000; includeSubDomains
      X-Ratelimit-Permitted:
      - "200"
      X-Ratelimit-Remaining:
      - "139"
      X-Request-Id:
      - 68c5e569-d27f-45be-91f4-184844f2ea2d
    status: 200 OK
    code: 200
    duration: ""
- request:
    body: ""
    form: {}
    headers:
      Accept:
      - application/json
      User-Agent:
      - Terraform/ (+https://www.terraform.io) Terraform-Plugin-Framework terraform-provider-katapult
    url: https://api.katapult.io/core/v1/ip_addresses/_?ip_address%5Bid%5D=ip_nDsl5ZyqIDOiSZcI
    method: GET
  response:
    body: '{"ip_address":{"id":"ip_nDsl5ZyqIDOiSZcI","address":"185.53.57.83","reverse_dns":"185-53-57-83.rdns.katapult.cloud","vip":false,"label":null,"address_with_mask":"185.53.57.83/24","network":{"id":"netw_gVRkZdSKczfNg34P","name":"Public
      Network","permalink":"uk-lon-01-public","data_center":{"id":"loc_UUhPmoCbpic6UX0Y","name":"London","permalink":"uk-lon-01","country":{"id":"ctry_6AO9tYYugvTGnd5b","name":"United
      Kingdom","iso_code2":"GB","iso_code3":"GBR","time_zone":"Europe/London","eu":false}}},"allocation_id":null,"allocation_type":null},"allocation":null}'
    headers:
      Access-Control-Allow-Headers:
      - Authorization, Content-Type
      Access-Control-Allow-Methods:
      - GET, POST, PUT, PATCH, DELETE, OPTIONS
      Access-Control-Allow-Origin:
      - '*'
      Cache-Control:
      - max-age=0, private, must-revalidate
      Content-Length:
      - "561"
      Content-Type:
      - application/json
      Date:
      - Tue, 12 Dec 2023 17:43:36 GMT
      Etag:
      - W/"48a98e6b7ba991901a791fe83cab90cb"
      Server:
      - Caddy
      Strict-Transport-Security:
      - max-age=63072000; includeSubDomains
      X-Ratelimit-Permitted:
      - "200"
      X-Ratelimit-Remaining:
      - "135"
      X-Request-Id:
      - 2a4e905d-6a50-4737-81f1-ddac5f2b2f7b
    status: 200 OK
    code: 200
    duration: ""
- request:
    body: ""
    form: {}
    headers:
      Accept:
      - application/json
      User-Agent:
      - Terraform/ (+https://www.terraform.io) Terraform-Plugin-Framework terraform-provider-katapult
    url: https://api.katapult.io/core/v1/ip_addresses/_?ip_address%5Bid%5D=ip_nDsl5ZyqIDOiSZcI
    method: GET
  response:
    body: '{"ip_address":{"id":"ip_nDsl5ZyqIDOiSZcI","address":"185.53.57.83","reverse_dns":"185-53-57-83.rdns.katapult.cloud","vip":false,"label":null,"address_with_mask":"185.53.57.83/24","network":{"id":"netw_gVRkZdSKczfNg34P","name":"Public
      Network","permalink":"uk-lon-01-public","data_center":{"id":"loc_UUhPmoCbpic6UX0Y","name":"London","permalink":"uk-lon-01","country":{"id":"ctry_6AO9tYYugvTGnd5b","name":"United
      Kingdom","iso_code2":"GB","iso_code3":"GBR","time_zone":"Europe/London","eu":false}}},"allocation_id":null,"allocation_type":null},"allocation":null}'
    headers:
      Access-Control-Allow-Headers:
      - Authorization, Content-Type
      Access-Control-Allow-Methods:
      - GET, POST, PUT, PATCH, DELETE, OPTIONS
      Access-Control-Allow-Origin:
      - '*'
      Cache-Control:
      - max-age=0, private, must-revalidate
      Content-Length:
      - "561"
      Content-Type:
      - application/json
      Date:
      - Tue, 12 Dec 2023 17:43:36 GMT
      Etag:
      - W/"48a98e6b7ba991901a791fe83cab90cb"
      Server:
      - Caddy
      Strict-Transport-Security:
      - max-age=63072000; includeSubDomains
      X-Ratelimit-Permitted:
      - "200"
      X-Ratelimit-Remaining:
      - "131"
      X-Request-Id:
      - 65a98978-dd41-4cbb-b83d-c2068e29f26e
    status: 200 OK
    code: 200
    duration: ""
- request:
    body: ""
    form: {}
    headers:
      Accept:
      - application/json
      User-Agent:
      - Terraform/ (+https://www.terraform.io) Terraform-Plugin-Framework terraform-provider-katapult
    url: https://api.katapult.io/core/v1/ip_addresses/_?ip_address%5Bid%5D=ip_nDsl5ZyqIDOiSZcI
    method: GET
  response:
    body: '{"ip_address":{"id":"ip_nDsl5ZyqIDOiSZcI","address":"185.53.57.83","reverse_dns":"185-53-57-83.rdns.katapult.cloud","vip":false,"label":null,"address_with_mask":"185.53.57.83/24","network":{"id":"netw_gVRkZdSKczfNg34P","name":"Public
      Network","permalink":"uk-lon-01-public","data_center":{"id":"loc_UUhPmoCbpic6UX0Y","name":"London","permalink":"uk-lon-01","country":{"id":"ctry_6AO9tYYugvTGnd5b","name":"United
      Kingdom","iso_code2":"GB","iso_code3":"GBR","time_zone":"Europe/London","eu":false}}},"allocation_id":null,"allocation_type":null},"allocation":null}'
    headers:
      Access-Control-Allow-Headers:
      - Authorization, Content-Type
      Access-Control-Allow-Methods:
      - GET, POST, PUT, PATCH, DELETE, OPTIONS
      Access-Control-Allow-Origin:
      - '*'
      Cache-Control:
      - max-age=0, private, must-revalidate
      Content-Length:
      - "561"
      Content-Type:
      - application/json
      Date:
      - Tue, 12 Dec 2023 17:43:36 GMT
      Etag:
      - W/"48a98e6b7ba991901a791fe83cab90cb"
      Server:
      - Caddy
      Strict-Transport-Security:
      - max-age=63072000; includeSubDomains
      X-Ratelimit-Permitted:
      - "200"
      X-Ratelimit-Remaining:
      - "124"
      X-Request-Id:
      - 51fc4ca1-6e09-4887-bc99-c7ae18325827
    status: 200 OK
    code: 200
    duration: ""
- request:
    body: ""
    form: {}
    headers:
      Accept:
      - application/json
      User-Agent:
      - Terraform/ (+https://www.terraform.io) Terraform-Plugin-Framework terraform-provider-katapult
    url: https://api.katapult.io/core/v1/ip_addresses/_?ip_address%5Bid%5D=ip_nDsl5ZyqIDOiSZcI
    method: GET
  response:
    body: '{"ip_address":{"id":"ip_nDsl5ZyqIDOiSZcI","address":"185.53.57.83","reverse_dns":"185-53-57-83.rdns.katapult.cloud","vip":false,"label":null,"address_with_mask":"185.53.57.83/24","network":{"id":"netw_gVRkZdSKczfNg34P","name":"Public
      Network","permalink":"uk-lon-01-public","data_center":{"id":"loc_UUhPmoCbpic6UX0Y","name":"London","permalink":"uk-lon-01","country":{"id":"ctry_6AO9tYYugvTGnd5b","name":"United
      Kingdom","iso_code2":"GB","iso_code3":"GBR","time_zone":"Europe/London","eu":false}}},"allocation_id":null,"allocation_type":null},"allocation":null}'
    headers:
      Access-Control-Allow-Headers:
      - Authorization, Content-Type
      Access-Control-Allow-Methods:
      - GET, POST, PUT, PATCH, DELETE, OPTIONS
      Access-Control-Allow-Origin:
      - '*'
      Cache-Control:
      - max-age=0, private, must-revalidate
      Content-Length:
      - "561"
      Content-Type:
      - application/json
      Date:
      - Tue, 12 Dec 2023 17:43:36 GMT
      Etag:
      - W/"48a98e6b7ba991901a791fe83cab90cb"
      Server:
      - Caddy
      Strict-Transport-Security:
      - max-age=63072000; includeSubDomains
      X-Ratelimit-Permitted:
      - "200"
      X-Ratelimit-Remaining:
      - "123"
      X-Request-Id:
      - 73be40d0-cfd5-4251-9ae6-8ce9bfb7eb1b
    status: 200 OK
    code: 200
    duration: ""
- request:
    body: ""
    form: {}
    headers:
      Accept:
      - application/json
      User-Agent:
      - Terraform/ (+https://www.terraform.io) Terraform-Plugin-Framework terraform-provider-katapult
    url: https://api.katapult.io/core/v1/ip_addresses/_?ip_address%5Bid%5D=ip_nDsl5ZyqIDOiSZcI
    method: GET
  response:
    body: '{"ip_address":{"id":"ip_nDsl5ZyqIDOiSZcI","address":"185.53.57.83","reverse_dns":"185-53-57-83.rdns.katapult.cloud","vip":false,"label":null,"address_with_mask":"185.53.57.83/24","network":{"id":"netw_gVRkZdSKczfNg34P","name":"Public
      Network","permalink":"uk-lon-01-public","data_center":{"id":"loc_UUhPmoCbpic6UX0Y","name":"London","permalink":"uk-lon-01","country":{"id":"ctry_6AO9tYYugvTGnd5b","name":"United
      Kingdom","iso_code2":"GB","iso_code3":"GBR","time_zone":"Europe/London","eu":false}}},"allocation_id":null,"allocation_type":null},"allocation":null}'
    headers:
      Access-Control-Allow-Headers:
      - Authorization, Content-Type
      Access-Control-Allow-Methods:
      - GET, POST, PUT, PATCH, DELETE, OPTIONS
      Access-Control-Allow-Origin:
      - '*'
      Cache-Control:
      - max-age=0, private, must-revalidate
      Content-Length:
      - "561"
      Content-Type:
      - application/json
      Date:
      - Tue, 12 Dec 2023 17:43:36 GMT
      Etag:
      - W/"48a98e6b7ba991901a791fe83cab90cb"
      Server:
      - Caddy
      Strict-Transport-Security:
      - max-age=63072000; includeSubDomains
      X-Ratelimit-Permitted:
      - "200"
      X-Ratelimit-Remaining:
      - "116"
      X-Request-Id:
      - 9e410fed-423a-426f-859e-6c396b0e95f9
    status: 200 OK
    code: 200
    duration: ""
- request:
    body: ""
    form: {}
    headers:
      Accept:
      - application/json
      User-Agent:
      - Terraform/ (+https://www.terraform.io) Terraform-Plugin-Framework terraform-provider-katapult
    url: https://api.katapult.io/core/v1/ip_addresses/_?ip_address%5Bid%5D=ip_nDsl5ZyqIDOiSZcI
    method: DELETE
  response:
    body: '{}'
    headers:
      Access-Control-Allow-Headers:
      - Authorization, Content-Type
      Access-Control-Allow-Methods:
      - GET, POST, PUT, PATCH, DELETE, OPTIONS
      Access-Control-Allow-Origin:
      - '*'
      Cache-Control:
      - max-age=0, private, must-revalidate
      Content-Length:
      - "2"
      Content-Type:
      - application/json
      Date:
      - Tue, 12 Dec 2023 17:43:37 GMT
      Etag:
      - W/"44136fa355b3678a1146ad16f7e8649e"
      Server:
      - Caddy
      Strict-Transport-Security:
      - max-age=63072000; includeSubDomains
      X-Ratelimit-Permitted:
      - "200"
      X-Ratelimit-Remaining:
      - "108"
      X-Request-Id:
      - 8ece5de0-b532-48ff-b2de-daa78857c17e
    status: 200 OK
    code: 200
    duration: ""
- request:
    body: ""
    form: {}
    headers:
      Accept:
      - application/json
      User-Agent:
      - Terraform/ (+https://www.terraform.io) Terraform-Plugin-Framework terraform-provider-katapult
    url: https://api.katapult.io/core/v1/ip_addresses/_?ip_address%5Bid%5D=ip_nDsl5ZyqIDOiSZcI
    method: GET
  response:
    body: '{"error":{"code":"ip_address_not_found","description":"No IP addresses
      were found matching any of the criteria provided in the arguments","detail":{}}}'
    headers:
      Access-Control-Allow-Headers:
      - Authorization, Content-Type
      Access-Control-Allow-Methods:
      - GET, POST, PUT, PATCH, DELETE, OPTIONS
      Access-Control-Allow-Origin:
      - '*'
      Cache-Control:
      - no-cache
      Content-Length:
      - "151"
      Content-Type:
      - application/json
      Date:
      - Tue, 12 Dec 2023 17:43:37 GMT
      Server:
      - Caddy
      Strict-Transport-Security:
      - max-age=63072000; includeSubDomains
      X-Api-Schema:
      - json-error
      X-Ratelimit-Permitted:
      - "200"
      X-Ratelimit-Remaining:
      - "103"
      X-Request-Id:
      - 228960ae-fd92-4c87-9551-8dface2b17cf
    status: 404 Not Found
    code: 404
    duration: ""
- request:
    body: ""
    form: {}
    headers:
      Accept:
      - application/json
      User-Agent:
      - Terraform/ (+https://www.terraform.io) Terraform-Plugin-Framework terraform-provider-katapult
    url: https://api.katapult.io/core/v1/ip_addresses/_?ip_address%5Bid%5D=ip_nDsl5ZyqIDOiSZcI
    method: GET
  response:
    body: '{"error":{"code":"ip_address_not_found","description":"No IP addresses
      were found matching any of the criteria provided in the arguments","detail":{}}}'
    headers:
      Access-Control-Allow-Headers:
      - Authorization, Content-Type
      Access-Control-Allow-Methods:
      - GET, POST, PUT, PATCH, DELETE, OPTIONS
      Access-Control-Allow-Origin:
      - '*'
      Cache-Control:
      - no-cache
      Content-Length:
      - "151"
      Content-Type:
      - application/json
      Date:
      - Tue, 12 Dec 2023 17:43:37 GMT
      Server:
      - Caddy
      Strict-Transport-Security:
      - max-age=63072000; includeSubDomains
      X-Api-Schema:
      - json-error
      X-Ratelimit-Permitted:
      - "200"
      X-Ratelimit-Remaining:
      - "102"
      X-Request-Id:
      - 6df49e4d-bb1b-4942-b91c-af28041ce8d1
    status: 404 Not Found
    code: 404
    duration: ""
