---
version: 1
interactions:
- request:
    body: '{"data_center":{"permalink":"uk-lon-01"},"organization":{"sub_domain":"terraform-acc-test"},"properties":{"name":"tf-acc-test-data-source-by-id-BrRPyuRP7Xu1"}}'
    form: {}
    headers:
      Content-Type:
      - application/json
      User-Agent:
      - Terraform/ (+https://www.terraform.io) Terraform-Plugin-Framework terraform-provider-katapult
    url: https://api.katapult.io/core/v1/organizations/organization/virtual_networks
    method: POST
  response:
    body: '{"virtual_network":{"id":"vnet_hxOwuD6zfNLyi7yp","name":"tf-acc-test-data-source-by-id-BrRPyuRP7Xu1","data_center":{"id":"loc_UUhPmoCbpic6UX0Y","name":"London","permalink":"uk-lon-01","country":{"id":"ctry_6AO9tYYugvTGnd5b","name":"United
      Kingdom","iso_code2":"GB","iso_code3":"GBR","time_zone":"Europe/London","eu":false}}}}'
    headers:
      Access-Control-Allow-Headers:
      - Authorization, Content-Type
      Access-Control-Allow-Methods:
      - GET, POST, PUT, PATCH, DELETE, OPTIONS
      Access-Control-Allow-Origin:
      - '*'
      Cache-Control:
      - max-age=0, private, must-revalidate
      Content-Length:
      - "325"
      Content-Type:
      - application/json
      Date:
      - Thu, 12 Dec 2024 17:28:07 GMT
      Etag:
      - W/"1e17dd9018507a76257d32398374e7ac"
      Strict-Transport-Security:
      - max-age=63072000; includeSubDomains
      Vary:
      - Accept-Encoding
      X-Ratelimit-Permitted:
      - "1000"
      X-Ratelimit-Remaining:
      - "999"
      X-Request-Id:
      - bafbf888-6761-4d62-ad12-8db19cee5b56
    status: 200 OK
    code: 200
    duration: ""
- request:
    body: ""
    form: {}
    headers:
      User-Agent:
      - Terraform/ (+https://www.terraform.io) Terraform-Plugin-Framework terraform-provider-katapult
    url: https://api.katapult.io/core/v1/virtual_networks/virtual_network?virtual_network%5Bid%5D=vnet_hxOwuD6zfNLyi7yp
    method: GET
  response:
    body: '{"virtual_network":{"id":"vnet_hxOwuD6zfNLyi7yp","name":"tf-acc-test-data-source-by-id-BrRPyuRP7Xu1","data_center":{"id":"loc_UUhPmoCbpic6UX0Y","name":"London","permalink":"uk-lon-01","country":{"id":"ctry_6AO9tYYugvTGnd5b","name":"United
      Kingdom","iso_code2":"GB","iso_code3":"GBR","time_zone":"Europe/London","eu":false}}}}'
    headers:
      Access-Control-Allow-Headers:
      - Authorization, Content-Type
      Access-Control-Allow-Methods:
      - GET, POST, PUT, PATCH, DELETE, OPTIONS
      Access-Control-Allow-Origin:
      - '*'
      Cache-Control:
      - max-age=0, private, must-revalidate
      Content-Length:
      - "325"
      Content-Type:
      - application/json
      Date:
      - Thu, 12 Dec 2024 17:28:07 GMT
      Etag:
      - W/"1e17dd9018507a76257d32398374e7ac"
      Strict-Transport-Security:
      - max-age=63072000; includeSubDomains
      Vary:
      - Accept-Encoding
      X-Ratelimit-Permitted:
      - "1000"
      X-Ratelimit-Remaining:
      - "997"
      X-Request-Id:
      - ae0547e4-468a-4057-ada6-288ebbcf35df
    status: 200 OK
    code: 200
    duration: ""
- request:
    body: ""
    form: {}
    headers:
      User-Agent:
      - Terraform/ (+https://www.terraform.io) Terraform-Plugin-Framework terraform-provider-katapult
    url: https://api.katapult.io/core/v1/virtual_networks/virtual_network?virtual_network%5Bid%5D=vnet_hxOwuD6zfNLyi7yp
    method: GET
  response:
    body: '{"virtual_network":{"id":"vnet_hxOwuD6zfNLyi7yp","name":"tf-acc-test-data-source-by-id-BrRPyuRP7Xu1","data_center":{"id":"loc_UUhPmoCbpic6UX0Y","name":"London","permalink":"uk-lon-01","country":{"id":"ctry_6AO9tYYugvTGnd5b","name":"United
      Kingdom","iso_code2":"GB","iso_code3":"GBR","time_zone":"Europe/London","eu":false}}}}'
    headers:
      Access-Control-Allow-Headers:
      - Authorization, Content-Type
      Access-Control-Allow-Methods:
      - GET, POST, PUT, PATCH, DELETE, OPTIONS
      Access-Control-Allow-Origin:
      - '*'
      Cache-Control:
      - max-age=0, private, must-revalidate
      Content-Length:
      - "325"
      Content-Type:
      - application/json
      Date:
      - Thu, 12 Dec 2024 17:28:07 GMT
      Etag:
      - W/"1e17dd9018507a76257d32398374e7ac"
      Strict-Transport-Security:
      - max-age=63072000; includeSubDomains
      Vary:
      - Accept-Encoding
      X-Ratelimit-Permitted:
      - "1000"
      X-Ratelimit-Remaining:
      - "996"
      X-Request-Id:
      - 1a571d7b-07d9-4051-9f89-9124fa6f3598
    status: 200 OK
    code: 200
    duration: ""
- request:
    body: ""
    form: {}
    headers:
      User-Agent:
      - Terraform/ (+https://www.terraform.io) Terraform-Plugin-Framework terraform-provider-katapult
    url: https://api.katapult.io/core/v1/virtual_networks/virtual_network?virtual_network%5Bid%5D=vnet_hxOwuD6zfNLyi7yp
    method: GET
  response:
    body: '{"virtual_network":{"id":"vnet_hxOwuD6zfNLyi7yp","name":"tf-acc-test-data-source-by-id-BrRPyuRP7Xu1","data_center":{"id":"loc_UUhPmoCbpic6UX0Y","name":"London","permalink":"uk-lon-01","country":{"id":"ctry_6AO9tYYugvTGnd5b","name":"United
      Kingdom","iso_code2":"GB","iso_code3":"GBR","time_zone":"Europe/London","eu":false}}}}'
    headers:
      Access-Control-Allow-Headers:
      - Authorization, Content-Type
      Access-Control-Allow-Methods:
      - GET, POST, PUT, PATCH, DELETE, OPTIONS
      Access-Control-Allow-Origin:
      - '*'
      Cache-Control:
      - max-age=0, private, must-revalidate
      Content-Length:
      - "325"
      Content-Type:
      - application/json
      Date:
      - Thu, 12 Dec 2024 17:28:07 GMT
      Etag:
      - W/"1e17dd9018507a76257d32398374e7ac"
      Strict-Transport-Security:
      - max-age=63072000; includeSubDomains
      Vary:
      - Accept-Encoding
      X-Ratelimit-Permitted:
      - "1000"
      X-Ratelimit-Remaining:
      - "995"
      X-Request-Id:
      - 8cff770b-ed6e-444d-a832-fda83c99dc6b
    status: 200 OK
    code: 200
    duration: ""
- request:
    body: ""
    form: {}
    headers:
      User-Agent:
      - Terraform/ (+https://www.terraform.io) Terraform-Plugin-Framework terraform-provider-katapult
    url: https://api.katapult.io/core/v1/virtual_networks/virtual_network?virtual_network%5Bid%5D=vnet_hxOwuD6zfNLyi7yp
    method: GET
  response:
    body: '{"virtual_network":{"id":"vnet_hxOwuD6zfNLyi7yp","name":"tf-acc-test-data-source-by-id-BrRPyuRP7Xu1","data_center":{"id":"loc_UUhPmoCbpic6UX0Y","name":"London","permalink":"uk-lon-01","country":{"id":"ctry_6AO9tYYugvTGnd5b","name":"United
      Kingdom","iso_code2":"GB","iso_code3":"GBR","time_zone":"Europe/London","eu":false}}}}'
    headers:
      Access-Control-Allow-Headers:
      - Authorization, Content-Type
      Access-Control-Allow-Methods:
      - GET, POST, PUT, PATCH, DELETE, OPTIONS
      Access-Control-Allow-Origin:
      - '*'
      Cache-Control:
      - max-age=0, private, must-revalidate
      Content-Length:
      - "325"
      Content-Type:
      - application/json
      Date:
      - Thu, 12 Dec 2024 17:28:07 GMT
      Etag:
      - W/"1e17dd9018507a76257d32398374e7ac"
      Strict-Transport-Security:
      - max-age=63072000; includeSubDomains
      Vary:
      - Accept-Encoding
      X-Ratelimit-Permitted:
      - "1000"
      X-Ratelimit-Remaining:
      - "994"
      X-Request-Id:
      - 39e25e37-f925-4596-8984-7ce4f8031369
    status: 200 OK
    code: 200
    duration: ""
- request:
    body: ""
    form: {}
    headers:
      User-Agent:
      - Terraform/ (+https://www.terraform.io) Terraform-Plugin-Framework terraform-provider-katapult
    url: https://api.katapult.io/core/v1/virtual_networks/virtual_network?virtual_network%5Bid%5D=vnet_hxOwuD6zfNLyi7yp
    method: GET
  response:
    body: '{"virtual_network":{"id":"vnet_hxOwuD6zfNLyi7yp","name":"tf-acc-test-data-source-by-id-BrRPyuRP7Xu1","data_center":{"id":"loc_UUhPmoCbpic6UX0Y","name":"London","permalink":"uk-lon-01","country":{"id":"ctry_6AO9tYYugvTGnd5b","name":"United
      Kingdom","iso_code2":"GB","iso_code3":"GBR","time_zone":"Europe/London","eu":false}}}}'
    headers:
      Access-Control-Allow-Headers:
      - Authorization, Content-Type
      Access-Control-Allow-Methods:
      - GET, POST, PUT, PATCH, DELETE, OPTIONS
      Access-Control-Allow-Origin:
      - '*'
      Cache-Control:
      - max-age=0, private, must-revalidate
      Content-Length:
      - "325"
      Content-Type:
      - application/json
      Date:
      - Thu, 12 Dec 2024 17:28:07 GMT
      Etag:
      - W/"1e17dd9018507a76257d32398374e7ac"
      Strict-Transport-Security:
      - max-age=63072000; includeSubDomains
      Vary:
      - Accept-Encoding
      X-Ratelimit-Permitted:
      - "1000"
      X-Ratelimit-Remaining:
      - "993"
      X-Request-Id:
      - 0cb1f3ba-734a-4a41-b637-0743b8100e5c
    status: 200 OK
    code: 200
    duration: ""
- request:
    body: ""
    form: {}
    headers:
      User-Agent:
      - Terraform/ (+https://www.terraform.io) Terraform-Plugin-Framework terraform-provider-katapult
    url: https://api.katapult.io/core/v1/virtual_networks/virtual_network?virtual_network%5Bid%5D=vnet_hxOwuD6zfNLyi7yp
    method: GET
  response:
    body: '{"virtual_network":{"id":"vnet_hxOwuD6zfNLyi7yp","name":"tf-acc-test-data-source-by-id-BrRPyuRP7Xu1","data_center":{"id":"loc_UUhPmoCbpic6UX0Y","name":"London","permalink":"uk-lon-01","country":{"id":"ctry_6AO9tYYugvTGnd5b","name":"United
      Kingdom","iso_code2":"GB","iso_code3":"GBR","time_zone":"Europe/London","eu":false}}}}'
    headers:
      Access-Control-Allow-Headers:
      - Authorization, Content-Type
      Access-Control-Allow-Methods:
      - GET, POST, PUT, PATCH, DELETE, OPTIONS
      Access-Control-Allow-Origin:
      - '*'
      Cache-Control:
      - max-age=0, private, must-revalidate
      Content-Length:
      - "325"
      Content-Type:
      - application/json
      Date:
      - Thu, 12 Dec 2024 17:28:08 GMT
      Etag:
      - W/"1e17dd9018507a76257d32398374e7ac"
      Strict-Transport-Security:
      - max-age=63072000; includeSubDomains
      Vary:
      - Accept-Encoding
      X-Ratelimit-Permitted:
      - "1000"
      X-Ratelimit-Remaining:
      - "992"
      X-Request-Id:
      - 12f0b2fe-40c2-4993-bc5e-43359a6b2285
    status: 200 OK
    code: 200
    duration: ""
- request:
    body: '{"virtual_network":{"id":"vnet_hxOwuD6zfNLyi7yp"}}'
    form: {}
    headers:
      Content-Type:
      - application/json
      User-Agent:
      - Terraform/ (+https://www.terraform.io) Terraform-Plugin-Framework terraform-provider-katapult
    url: https://api.katapult.io/core/v1/virtual_networks/virtual_network
    method: DELETE
  response:
    body: '{"virtual_network":{"id":"vnet_hxOwuD6zfNLyi7yp","name":"tf-acc-test-data-source-by-id-BrRPyuRP7Xu1","data_center":{"id":"loc_UUhPmoCbpic6UX0Y","name":"London","permalink":"uk-lon-01","country":{"id":"ctry_6AO9tYYugvTGnd5b","name":"United
      Kingdom","iso_code2":"GB","iso_code3":"GBR","time_zone":"Europe/London","eu":false}}}}'
    headers:
      Access-Control-Allow-Headers:
      - Authorization, Content-Type
      Access-Control-Allow-Methods:
      - GET, POST, PUT, PATCH, DELETE, OPTIONS
      Access-Control-Allow-Origin:
      - '*'
      Cache-Control:
      - max-age=0, private, must-revalidate
      Content-Length:
      - "325"
      Content-Type:
      - application/json
      Date:
      - Thu, 12 Dec 2024 17:28:08 GMT
      Etag:
      - W/"1e17dd9018507a76257d32398374e7ac"
      Strict-Transport-Security:
      - max-age=63072000; includeSubDomains
      Vary:
      - Accept-Encoding
      X-Ratelimit-Permitted:
      - "1000"
      X-Ratelimit-Remaining:
      - "991"
      X-Request-Id:
      - 46101c42-efc3-41b9-8b39-f01c66724c07
    status: 200 OK
    code: 200
    duration: ""
- request:
    body: ""
    form: {}
    headers:
      User-Agent:
      - Terraform/ (+https://www.terraform.io) Terraform-Plugin-Framework terraform-provider-katapult
    url: https://api.katapult.io/core/v1/virtual_networks/virtual_network?virtual_network%5Bid%5D=vnet_hxOwuD6zfNLyi7yp
    method: GET
  response:
    body: '{"error":{"code":"virtual_network_not_found","description":"No virtual
      network was found matching any of the criteria provided in the arguments","detail":{}}}'
    headers:
      Access-Control-Allow-Headers:
      - Authorization, Content-Type
      Access-Control-Allow-Methods:
      - GET, POST, PUT, PATCH, DELETE, OPTIONS
      Access-Control-Allow-Origin:
      - '*'
      Cache-Control:
      - no-cache
      Content-Length:
      - "158"
      Content-Type:
      - application/json
      Date:
      - Thu, 12 Dec 2024 17:28:08 GMT
      Strict-Transport-Security:
      - max-age=63072000; includeSubDomains
      Vary:
      - Accept-Encoding
      X-Api-Schema:
      - json-error
      X-Ratelimit-Permitted:
      - "1000"
      X-Ratelimit-Remaining:
      - "990"
      X-Request-Id:
      - 376dba5c-f83e-403c-b0a3-82b44da26b66
    status: 404 Not Found
    code: 404
    duration: ""
- request:
    body: ""
    form: {}
    headers:
      User-Agent:
      - Terraform/ (+https://www.terraform.io) Terraform-Plugin-Framework terraform-provider-katapult
    url: https://api.katapult.io/core/v1/virtual_networks/virtual_network?virtual_network%5Bid%5D=vnet_hxOwuD6zfNLyi7yp
    method: GET
  response:
    body: '{"error":{"code":"virtual_network_not_found","description":"No virtual
      network was found matching any of the criteria provided in the arguments","detail":{}}}'
    headers:
      Access-Control-Allow-Headers:
      - Authorization, Content-Type
      Access-Control-Allow-Methods:
      - GET, POST, PUT, PATCH, DELETE, OPTIONS
      Access-Control-Allow-Origin:
      - '*'
      Cache-Control:
      - no-cache
      Content-Length:
      - "158"
      Content-Type:
      - application/json
      Date:
      - Thu, 12 Dec 2024 17:28:08 GMT
      Strict-Transport-Security:
      - max-age=63072000; includeSubDomains
      Vary:
      - Accept-Encoding
      X-Api-Schema:
      - json-error
      X-Ratelimit-Permitted:
      - "1000"
      X-Ratelimit-Remaining:
      - "989"
      X-Request-Id:
      - 78771a4b-8e6e-4163-b803-9daf3a92be99
    status: 404 Not Found
    code: 404
    duration: ""
