---
version: 1
interactions:
- request:
    body: ""
    form: {}
    headers:
      User-Agent:
      - go-katapult/0.2.0
    url: https://api.katapult.io/core/v1/data_centers/:data_center/default_network?data_center%5Bpermalink%5D=uk-lon-01
    method: GET
  response:
    body: '{"network":{"id":"netw_gVRkZdSKczfNg34P","name":"Public Network","permalink":"uk-lon-01-public","data_center":{"id":"loc_UUhPmoCbpic6UX0Y","name":"London","permalink":"uk-lon-01"}}}'
    headers:
      Access-Control-Allow-Headers:
      - Authorization, Content-Type
      Access-Control-Allow-Methods:
      - GET, POST, PUT, PATCH, DELETE, OPTIONS
      Access-Control-Allow-Origin:
      - '*'
      Cache-Control:
      - max-age=0, private, must-revalidate
      Content-Length:
      - "181"
      Content-Type:
      - application/json
      Date:
      - Wed, 05 Jun 2024 12:58:02 GMT
      Etag:
      - W/"d60d47b2ba0b179327bb89a97b1c0e77"
      Strict-Transport-Security:
      - max-age=63072000; includeSubDomains
      X-Ratelimit-Permitted:
      - "200"
      X-Ratelimit-Remaining:
      - "199"
      X-Request-Id:
      - 24142fb6-926a-4f0e-95cb-3b91e3f39f77
    status: 200 OK
    code: 200
    duration: ""
- request:
    body: '{"label":"tf-acc-test-vip-0p4QsFSAo2sv","network":{"id":"netw_gVRkZdSKczfNg34P"},"organization":{"sub_domain":"terraform-acc-test"},"version":"ipv4","vip":true}'
    form: {}
    headers:
      Content-Type:
      - application/json
      User-Agent:
      - go-katapult/0.2.0
    url: https://api.katapult.io/core/v1/organizations/:organization/ip_addresses
    method: POST
  response:
    body: '{"ip_address":{"id":"ip_fi0ZTsRBk0GxQNgE","address":"77.72.7.109","reverse_dns":"77-72-7-109.rdns.katapult.io","vip":true,"label":"tf-acc-test-vip-0p4QsFSAo2sv","address_with_mask":"77.72.7.109/24","network":{"id":"netw_gVRkZdSKczfNg34P","name":"Public
      Network","permalink":"uk-lon-01-public","data_center":{"id":"loc_UUhPmoCbpic6UX0Y","name":"London","permalink":"uk-lon-01","country":{"id":"ctry_6AO9tYYugvTGnd5b","name":"United
      Kingdom","iso_code2":"GB","iso_code3":"GBR","time_zone":"Europe/London","eu":false}}},"allocation_id":null,"allocation_type":null}}'
    headers:
      Access-Control-Allow-Headers:
      - Authorization, Content-Type
      Access-Control-Allow-Methods:
      - GET, POST, PUT, PATCH, DELETE, OPTIONS
      Access-Control-Allow-Origin:
      - '*'
      Cache-Control:
      - max-age=0, private, must-revalidate
      Content-Length:
      - "562"
      Content-Type:
      - application/json
      Date:
      - Wed, 05 Jun 2024 12:58:02 GMT
      Etag:
      - W/"71c3124a98f91aa80e2480aac4056803"
      Strict-Transport-Security:
      - max-age=63072000; includeSubDomains
      X-Ratelimit-Permitted:
      - "200"
      X-Ratelimit-Remaining:
      - "197"
      X-Request-Id:
      - 1a716a7d-dbc6-42ed-869c-b4c610365ce8
    status: 200 OK
    code: 200
    duration: ""
- request:
    body: ""
    form: {}
    headers:
      User-Agent:
      - go-katapult/0.2.0
    url: https://api.katapult.io/core/v1/ip_addresses/:ip_address?ip_address%5Bid%5D=ip_fi0ZTsRBk0GxQNgE
    method: GET
  response:
    body: '{"ip_address":{"id":"ip_fi0ZTsRBk0GxQNgE","address":"77.72.7.109","reverse_dns":"77-72-7-109.rdns.katapult.io","vip":true,"label":"tf-acc-test-vip-0p4QsFSAo2sv","address_with_mask":"77.72.7.109/24","network":{"id":"netw_gVRkZdSKczfNg34P","name":"Public
      Network","permalink":"uk-lon-01-public","data_center":{"id":"loc_UUhPmoCbpic6UX0Y","name":"London","permalink":"uk-lon-01","country":{"id":"ctry_6AO9tYYugvTGnd5b","name":"United
      Kingdom","iso_code2":"GB","iso_code3":"GBR","time_zone":"Europe/London","eu":false}}},"allocation_id":null,"allocation_type":null},"allocation":null}'
    headers:
      Access-Control-Allow-Headers:
      - Authorization, Content-Type
      Access-Control-Allow-Methods:
      - GET, POST, PUT, PATCH, DELETE, OPTIONS
      Access-Control-Allow-Origin:
      - '*'
      Cache-Control:
      - max-age=0, private, must-revalidate
      Content-Length:
      - "580"
      Content-Type:
      - application/json
      Date:
      - Wed, 05 Jun 2024 12:58:02 GMT
      Etag:
      - W/"29c351e54caccc75168fa37f3575bcc3"
      Strict-Transport-Security:
      - max-age=63072000; includeSubDomains
      X-Ratelimit-Permitted:
      - "200"
      X-Ratelimit-Remaining:
      - "194"
      X-Request-Id:
      - 83fc7e30-546f-4b9c-b04e-9b503914a1d3
    status: 200 OK
    code: 200
    duration: ""
- request:
    body: ""
    form: {}
    headers:
      User-Agent:
      - go-katapult/0.2.0
    url: https://api.katapult.io/core/v1/ip_addresses/:ip_address?ip_address%5Bid%5D=ip_fi0ZTsRBk0GxQNgE
    method: GET
  response:
    body: '{"ip_address":{"id":"ip_fi0ZTsRBk0GxQNgE","address":"77.72.7.109","reverse_dns":"77-72-7-109.rdns.katapult.io","vip":true,"label":"tf-acc-test-vip-0p4QsFSAo2sv","address_with_mask":"77.72.7.109/24","network":{"id":"netw_gVRkZdSKczfNg34P","name":"Public
      Network","permalink":"uk-lon-01-public","data_center":{"id":"loc_UUhPmoCbpic6UX0Y","name":"London","permalink":"uk-lon-01","country":{"id":"ctry_6AO9tYYugvTGnd5b","name":"United
      Kingdom","iso_code2":"GB","iso_code3":"GBR","time_zone":"Europe/London","eu":false}}},"allocation_id":null,"allocation_type":null},"allocation":null}'
    headers:
      Access-Control-Allow-Headers:
      - Authorization, Content-Type
      Access-Control-Allow-Methods:
      - GET, POST, PUT, PATCH, DELETE, OPTIONS
      Access-Control-Allow-Origin:
      - '*'
      Cache-Control:
      - max-age=0, private, must-revalidate
      Content-Length:
      - "580"
      Content-Type:
      - application/json
      Date:
      - Wed, 05 Jun 2024 12:58:03 GMT
      Etag:
      - W/"29c351e54caccc75168fa37f3575bcc3"
      Strict-Transport-Security:
      - max-age=63072000; includeSubDomains
      X-Ratelimit-Permitted:
      - "200"
      X-Ratelimit-Remaining:
      - "193"
      X-Request-Id:
      - cec03666-42f6-423d-b589-27c112b40707
    status: 200 OK
    code: 200
    duration: ""
- request:
    body: ""
    form: {}
    headers:
      User-Agent:
      - go-katapult/0.2.0
    url: https://api.katapult.io/core/v1/ip_addresses/:ip_address?ip_address%5Bid%5D=ip_fi0ZTsRBk0GxQNgE
    method: GET
  response:
    body: '{"ip_address":{"id":"ip_fi0ZTsRBk0GxQNgE","address":"77.72.7.109","reverse_dns":"77-72-7-109.rdns.katapult.io","vip":true,"label":"tf-acc-test-vip-0p4QsFSAo2sv","address_with_mask":"77.72.7.109/24","network":{"id":"netw_gVRkZdSKczfNg34P","name":"Public
      Network","permalink":"uk-lon-01-public","data_center":{"id":"loc_UUhPmoCbpic6UX0Y","name":"London","permalink":"uk-lon-01","country":{"id":"ctry_6AO9tYYugvTGnd5b","name":"United
      Kingdom","iso_code2":"GB","iso_code3":"GBR","time_zone":"Europe/London","eu":false}}},"allocation_id":null,"allocation_type":null},"allocation":null}'
    headers:
      Access-Control-Allow-Headers:
      - Authorization, Content-Type
      Access-Control-Allow-Methods:
      - GET, POST, PUT, PATCH, DELETE, OPTIONS
      Access-Control-Allow-Origin:
      - '*'
      Cache-Control:
      - max-age=0, private, must-revalidate
      Content-Length:
      - "580"
      Content-Type:
      - application/json
      Date:
      - Wed, 05 Jun 2024 12:58:03 GMT
      Etag:
      - W/"29c351e54caccc75168fa37f3575bcc3"
      Strict-Transport-Security:
      - max-age=63072000; includeSubDomains
      X-Ratelimit-Permitted:
      - "200"
      X-Ratelimit-Remaining:
      - "191"
      X-Request-Id:
      - d10d05dd-e195-4e1c-af77-3aaa5a07ffbd
    status: 200 OK
    code: 200
    duration: ""
- request:
    body: ""
    form: {}
    headers:
      User-Agent:
      - go-katapult/0.2.0
    url: https://api.katapult.io/core/v1/ip_addresses/:ip_address?ip_address%5Bid%5D=ip_fi0ZTsRBk0GxQNgE
    method: GET
  response:
    body: '{"ip_address":{"id":"ip_fi0ZTsRBk0GxQNgE","address":"77.72.7.109","reverse_dns":"77-72-7-109.rdns.katapult.io","vip":true,"label":"tf-acc-test-vip-0p4QsFSAo2sv","address_with_mask":"77.72.7.109/24","network":{"id":"netw_gVRkZdSKczfNg34P","name":"Public
      Network","permalink":"uk-lon-01-public","data_center":{"id":"loc_UUhPmoCbpic6UX0Y","name":"London","permalink":"uk-lon-01","country":{"id":"ctry_6AO9tYYugvTGnd5b","name":"United
      Kingdom","iso_code2":"GB","iso_code3":"GBR","time_zone":"Europe/London","eu":false}}},"allocation_id":null,"allocation_type":null},"allocation":null}'
    headers:
      Access-Control-Allow-Headers:
      - Authorization, Content-Type
      Access-Control-Allow-Methods:
      - GET, POST, PUT, PATCH, DELETE, OPTIONS
      Access-Control-Allow-Origin:
      - '*'
      Cache-Control:
      - max-age=0, private, must-revalidate
      Content-Length:
      - "580"
      Content-Type:
      - application/json
      Date:
      - Wed, 05 Jun 2024 12:58:03 GMT
      Etag:
      - W/"29c351e54caccc75168fa37f3575bcc3"
      Strict-Transport-Security:
      - max-age=63072000; includeSubDomains
      X-Ratelimit-Permitted:
      - "200"
      X-Ratelimit-Remaining:
      - "189"
      X-Request-Id:
      - 29ea57a0-8aaf-47d3-8398-c8630c956140
    status: 200 OK
    code: 200
    duration: ""
- request:
    body: '{"ip_address":{"id":"ip_fi0ZTsRBk0GxQNgE"}}'
    form: {}
    headers:
      Content-Type:
      - application/json
      User-Agent:
      - go-katapult/0.2.0
    url: https://api.katapult.io/core/v1/ip_addresses/:ip_address
    method: DELETE
  response:
    body: '{}'
    headers:
      Access-Control-Allow-Headers:
      - Authorization, Content-Type
      Access-Control-Allow-Methods:
      - GET, POST, PUT, PATCH, DELETE, OPTIONS
      Access-Control-Allow-Origin:
      - '*'
      Cache-Control:
      - max-age=0, private, must-revalidate
      Content-Length:
      - "2"
      Content-Type:
      - application/json
      Date:
      - Wed, 05 Jun 2024 12:58:03 GMT
      Etag:
      - W/"44136fa355b3678a1146ad16f7e8649e"
      Strict-Transport-Security:
      - max-age=63072000; includeSubDomains
      X-Ratelimit-Permitted:
      - "200"
      X-Ratelimit-Remaining:
      - "187"
      X-Request-Id:
      - d672fc1e-9b32-4a70-955c-1ffd6adb23a6
    status: 200 OK
    code: 200
    duration: ""
- request:
    body: ""
    form: {}
    headers:
      User-Agent:
      - go-katapult/0.2.0
    url: https://api.katapult.io/core/v1/ip_addresses/:ip_address?ip_address%5Bid%5D=ip_fi0ZTsRBk0GxQNgE
    method: GET
  response:
    body: '{"error":{"code":"ip_address_not_found","description":"No IP addresses
      were found matching any of the criteria provided in the arguments","detail":{}}}'
    headers:
      Access-Control-Allow-Headers:
      - Authorization, Content-Type
      Access-Control-Allow-Methods:
      - GET, POST, PUT, PATCH, DELETE, OPTIONS
      Access-Control-Allow-Origin:
      - '*'
      Cache-Control:
      - no-cache
      Content-Length:
      - "151"
      Content-Type:
      - application/json
      Date:
      - Wed, 05 Jun 2024 12:58:03 GMT
      Strict-Transport-Security:
      - max-age=63072000; includeSubDomains
      X-Api-Schema:
      - json-error
      X-Ratelimit-Permitted:
      - "200"
      X-Ratelimit-Remaining:
      - "185"
      X-Request-Id:
      - d9fdd511-1aa2-4428-b871-92689a43a341
    status: 404 Not Found
    code: 404
    duration: ""
