---
version: 1
interactions:
- request:
    body: ""
    form: {}
    headers:
      User-Agent:
      - go-katapult/0.2.0
    url: https://api.katapult.io/core/v1/data_centers/:data_center/default_network?data_center%5Bpermalink%5D=uk-lon-01
    method: GET
  response:
    body: '{"network":{"id":"netw_gVRkZdSKczfNg34P","name":"Public Network","permalink":"uk-lon-01-public","data_center":{"id":"loc_UUhPmoCbpic6UX0Y","name":"London","permalink":"uk-lon-01"}}}'
    headers:
      Access-Control-Allow-Headers:
      - Authorization, Content-Type
      Access-Control-Allow-Methods:
      - GET, POST, PUT, PATCH, DELETE, OPTIONS
      Access-Control-Allow-Origin:
      - '*'
      Cache-Control:
      - max-age=0, private, must-revalidate
      Content-Length:
      - "181"
      Content-Type:
      - application/json
      Date:
      - Wed, 05 Jun 2024 12:58:37 GMT
      Etag:
      - W/"d60d47b2ba0b179327bb89a97b1c0e77"
      Strict-Transport-Security:
      - max-age=63072000; includeSubDomains
      X-Ratelimit-Permitted:
      - "200"
      X-Ratelimit-Remaining:
      - "178"
      X-Request-Id:
      - c85062dc-1cc7-4588-b456-9b9943c1c1c6
    status: 200 OK
    code: 200
    duration: ""
- request:
    body: '{"network":{"id":"netw_gVRkZdSKczfNg34P"},"organization":{"sub_domain":"terraform-acc-test"},"version":"ipv4"}'
    form: {}
    headers:
      Content-Type:
      - application/json
      User-Agent:
      - go-katapult/0.2.0
    url: https://api.katapult.io/core/v1/organizations/:organization/ip_addresses
    method: POST
  response:
    body: '{"ip_address":{"id":"ip_fi0ZTsRBk0GxQNgE","address":"77.72.7.109","reverse_dns":"77-72-7-109.rdns.katapult.io","vip":false,"label":null,"address_with_mask":"77.72.7.109/24","network":{"id":"netw_gVRkZdSKczfNg34P","name":"Public
      Network","permalink":"uk-lon-01-public","data_center":{"id":"loc_UUhPmoCbpic6UX0Y","name":"London","permalink":"uk-lon-01","country":{"id":"ctry_6AO9tYYugvTGnd5b","name":"United
      Kingdom","iso_code2":"GB","iso_code3":"GBR","time_zone":"Europe/London","eu":false}}},"allocation_id":null,"allocation_type":null}}'
    headers:
      Access-Control-Allow-Headers:
      - Authorization, Content-Type
      Access-Control-Allow-Methods:
      - GET, POST, PUT, PATCH, DELETE, OPTIONS
      Access-Control-Allow-Origin:
      - '*'
      Cache-Control:
      - max-age=0, private, must-revalidate
      Content-Length:
      - "537"
      Content-Type:
      - application/json
      Date:
      - Wed, 05 Jun 2024 12:58:38 GMT
      Etag:
      - W/"cfedbd7988facb047b13bd6a2a5f7416"
      Strict-Transport-Security:
      - max-age=63072000; includeSubDomains
      X-Ratelimit-Permitted:
      - "200"
      X-Ratelimit-Remaining:
      - "176"
      X-Request-Id:
      - c424dead-9f63-4852-971e-61922b19a96e
    status: 200 OK
    code: 200
    duration: ""
- request:
    body: ""
    form: {}
    headers:
      User-Agent:
      - go-katapult/0.2.0
    url: https://api.katapult.io/core/v1/ip_addresses/:ip_address?ip_address%5Bid%5D=ip_fi0ZTsRBk0GxQNgE
    method: GET
  response:
    body: '{"ip_address":{"id":"ip_fi0ZTsRBk0GxQNgE","address":"77.72.7.109","reverse_dns":"77-72-7-109.rdns.katapult.io","vip":false,"label":null,"address_with_mask":"77.72.7.109/24","network":{"id":"netw_gVRkZdSKczfNg34P","name":"Public
      Network","permalink":"uk-lon-01-public","data_center":{"id":"loc_UUhPmoCbpic6UX0Y","name":"London","permalink":"uk-lon-01","country":{"id":"ctry_6AO9tYYugvTGnd5b","name":"United
      Kingdom","iso_code2":"GB","iso_code3":"GBR","time_zone":"Europe/London","eu":false}}},"allocation_id":null,"allocation_type":null},"allocation":null}'
    headers:
      Access-Control-Allow-Headers:
      - Authorization, Content-Type
      Access-Control-Allow-Methods:
      - GET, POST, PUT, PATCH, DELETE, OPTIONS
      Access-Control-Allow-Origin:
      - '*'
      Cache-Control:
      - max-age=0, private, must-revalidate
      Content-Length:
      - "555"
      Content-Type:
      - application/json
      Date:
      - Wed, 05 Jun 2024 12:58:38 GMT
      Etag:
      - W/"bcae199af840ee344794331cafc5b609"
      Strict-Transport-Security:
      - max-age=63072000; includeSubDomains
      X-Ratelimit-Permitted:
      - "200"
      X-Ratelimit-Remaining:
      - "194"
      X-Request-Id:
      - 3dcb24e7-8bee-47ab-9c04-384cc783699a
    status: 200 OK
    code: 200
    duration: ""
- request:
    body: ""
    form: {}
    headers:
      User-Agent:
      - go-katapult/0.2.0
    url: https://api.katapult.io/core/v1/ip_addresses/:ip_address?ip_address%5Bid%5D=ip_fi0ZTsRBk0GxQNgE
    method: GET
  response:
    body: '{"ip_address":{"id":"ip_fi0ZTsRBk0GxQNgE","address":"77.72.7.109","reverse_dns":"77-72-7-109.rdns.katapult.io","vip":false,"label":null,"address_with_mask":"77.72.7.109/24","network":{"id":"netw_gVRkZdSKczfNg34P","name":"Public
      Network","permalink":"uk-lon-01-public","data_center":{"id":"loc_UUhPmoCbpic6UX0Y","name":"London","permalink":"uk-lon-01","country":{"id":"ctry_6AO9tYYugvTGnd5b","name":"United
      Kingdom","iso_code2":"GB","iso_code3":"GBR","time_zone":"Europe/London","eu":false}}},"allocation_id":null,"allocation_type":null},"allocation":null}'
    headers:
      Access-Control-Allow-Headers:
      - Authorization, Content-Type
      Access-Control-Allow-Methods:
      - GET, POST, PUT, PATCH, DELETE, OPTIONS
      Access-Control-Allow-Origin:
      - '*'
      Cache-Control:
      - max-age=0, private, must-revalidate
      Content-Length:
      - "555"
      Content-Type:
      - application/json
      Date:
      - Wed, 05 Jun 2024 12:58:38 GMT
      Etag:
      - W/"bcae199af840ee344794331cafc5b609"
      Strict-Transport-Security:
      - max-age=63072000; includeSubDomains
      X-Ratelimit-Permitted:
      - "200"
      X-Ratelimit-Remaining:
      - "172"
      X-Request-Id:
      - 253fc4fe-4314-40fa-b1b6-641ebc51ca6f
    status: 200 OK
    code: 200
    duration: ""
- request:
    body: ""
    form: {}
    headers:
      User-Agent:
      - go-katapult/0.2.0
    url: https://api.katapult.io/core/v1/ip_addresses/:ip_address?ip_address%5Bid%5D=ip_fi0ZTsRBk0GxQNgE
    method: GET
  response:
    body: '{"ip_address":{"id":"ip_fi0ZTsRBk0GxQNgE","address":"77.72.7.109","reverse_dns":"77-72-7-109.rdns.katapult.io","vip":false,"label":null,"address_with_mask":"77.72.7.109/24","network":{"id":"netw_gVRkZdSKczfNg34P","name":"Public
      Network","permalink":"uk-lon-01-public","data_center":{"id":"loc_UUhPmoCbpic6UX0Y","name":"London","permalink":"uk-lon-01","country":{"id":"ctry_6AO9tYYugvTGnd5b","name":"United
      Kingdom","iso_code2":"GB","iso_code3":"GBR","time_zone":"Europe/London","eu":false}}},"allocation_id":null,"allocation_type":null},"allocation":null}'
    headers:
      Access-Control-Allow-Headers:
      - Authorization, Content-Type
      Access-Control-Allow-Methods:
      - GET, POST, PUT, PATCH, DELETE, OPTIONS
      Access-Control-Allow-Origin:
      - '*'
      Cache-Control:
      - max-age=0, private, must-revalidate
      Content-Length:
      - "555"
      Content-Type:
      - application/json
      Date:
      - Wed, 05 Jun 2024 12:58:38 GMT
      Etag:
      - W/"bcae199af840ee344794331cafc5b609"
      Strict-Transport-Security:
      - max-age=63072000; includeSubDomains
      X-Ratelimit-Permitted:
      - "200"
      X-Ratelimit-Remaining:
      - "170"
      X-Request-Id:
      - 706ad482-bde6-4f2c-94e4-56f4ea03ee2b
    status: 200 OK
    code: 200
    duration: ""
- request:
    body: ""
    form: {}
    headers:
      User-Agent:
      - go-katapult/0.2.0
    url: https://api.katapult.io/core/v1/ip_addresses/:ip_address?ip_address%5Bid%5D=ip_fi0ZTsRBk0GxQNgE
    method: GET
  response:
    body: '{"ip_address":{"id":"ip_fi0ZTsRBk0GxQNgE","address":"77.72.7.109","reverse_dns":"77-72-7-109.rdns.katapult.io","vip":false,"label":null,"address_with_mask":"77.72.7.109/24","network":{"id":"netw_gVRkZdSKczfNg34P","name":"Public
      Network","permalink":"uk-lon-01-public","data_center":{"id":"loc_UUhPmoCbpic6UX0Y","name":"London","permalink":"uk-lon-01","country":{"id":"ctry_6AO9tYYugvTGnd5b","name":"United
      Kingdom","iso_code2":"GB","iso_code3":"GBR","time_zone":"Europe/London","eu":false}}},"allocation_id":null,"allocation_type":null},"allocation":null}'
    headers:
      Access-Control-Allow-Headers:
      - Authorization, Content-Type
      Access-Control-Allow-Methods:
      - GET, POST, PUT, PATCH, DELETE, OPTIONS
      Access-Control-Allow-Origin:
      - '*'
      Cache-Control:
      - max-age=0, private, must-revalidate
      Content-Length:
      - "555"
      Content-Type:
      - application/json
      Date:
      - Wed, 05 Jun 2024 12:58:38 GMT
      Etag:
      - W/"bcae199af840ee344794331cafc5b609"
      Strict-Transport-Security:
      - max-age=63072000; includeSubDomains
      X-Ratelimit-Permitted:
      - "200"
      X-Ratelimit-Remaining:
      - "168"
      X-Request-Id:
      - add9ab1f-90fb-4599-bf3c-c4af9644d058
    status: 200 OK
    code: 200
    duration: ""
- request:
    body: '{"ip_address":{"id":"ip_fi0ZTsRBk0GxQNgE"}}'
    form: {}
    headers:
      Content-Type:
      - application/json
      User-Agent:
      - go-katapult/0.2.0
    url: https://api.katapult.io/core/v1/ip_addresses/:ip_address
    method: DELETE
  response:
    body: '{}'
    headers:
      Access-Control-Allow-Headers:
      - Authorization, Content-Type
      Access-Control-Allow-Methods:
      - GET, POST, PUT, PATCH, DELETE, OPTIONS
      Access-Control-Allow-Origin:
      - '*'
      Cache-Control:
      - max-age=0, private, must-revalidate
      Content-Length:
      - "2"
      Content-Type:
      - application/json
      Date:
      - Wed, 05 Jun 2024 12:58:39 GMT
      Etag:
      - W/"44136fa355b3678a1146ad16f7e8649e"
      Strict-Transport-Security:
      - max-age=63072000; includeSubDomains
      X-Ratelimit-Permitted:
      - "200"
      X-Ratelimit-Remaining:
      - "166"
      X-Request-Id:
      - 8a2de032-9c9d-4b86-8205-c8b92642a6ce
    status: 200 OK
    code: 200
    duration: ""
- request:
    body: ""
    form: {}
    headers:
      User-Agent:
      - go-katapult/0.2.0
    url: https://api.katapult.io/core/v1/ip_addresses/:ip_address?ip_address%5Bid%5D=ip_fi0ZTsRBk0GxQNgE
    method: GET
  response:
    body: '{"error":{"code":"ip_address_not_found","description":"No IP addresses
      were found matching any of the criteria provided in the arguments","detail":{}}}'
    headers:
      Access-Control-Allow-Headers:
      - Authorization, Content-Type
      Access-Control-Allow-Methods:
      - GET, POST, PUT, PATCH, DELETE, OPTIONS
      Access-Control-Allow-Origin:
      - '*'
      Cache-Control:
      - no-cache
      Content-Length:
      - "151"
      Content-Type:
      - application/json
      Date:
      - Wed, 05 Jun 2024 12:58:39 GMT
      Strict-Transport-Security:
      - max-age=63072000; includeSubDomains
      X-Api-Schema:
      - json-error
      X-Ratelimit-Permitted:
      - "200"
      X-Ratelimit-Remaining:
      - "165"
      X-Request-Id:
      - 3d1a18af-7315-480c-9842-f04397ca9d16
    status: 404 Not Found
    code: 404
    duration: ""
