---
version: 1
interactions:
- request:
    body: |
      {"organization":{"sub_domain":"terraform-acc-test"},"properties":{"name":"tf-acc-test-data-source-group-3zl9qmdxnp6y-1","segregate":true}}
    form: {}
    headers:
      Accept:
      - application/json
      Content-Type:
      - application/json
      User-Agent:
      - Terraform/0.14.7 (+https://www.terraform.io) Terraform-Plugin-SDK/2.4.3 terraform-provider-katapult/0.0.999
    url: https://api.katapult.io/core/v1/organizations/_/virtual_machine_groups
    method: POST
  response:
    body: '{"virtual_machine_group":{"id":"vmgrp_XkR7KdYn5vlz4Twg","name":"tf-acc-test-data-source-group-3zl9qmdxnp6y-1","segregate":true,"created_at":1615292191}}'
    headers:
      Access-Control-Allow-Methods:
      - '*'
      Access-Control-Allow-Origin:
      - '*'
      Cache-Control:
      - max-age=0, private, must-revalidate
      Connection:
      - keep-alive
      Content-Length:
      - "152"
      Content-Type:
      - application/json
      Date:
      - Tue, 09 Mar 2021 12:16:31 GMT
      Etag:
      - W/"49176f0c8e794f90187bcb8f0766836b"
      Server:
      - nginx/1.14.0 (Ubuntu)
      Strict-Transport-Security:
      - max-age=31536000; includeSubDomains
      X-Ratelimit-Permitted:
      - "200"
      X-Ratelimit-Remaining:
      - "198"
      X-Request-Id:
      - 573d9135-66d2-426b-93de-aa7bb5273e9d
    status: 200 OK
    code: 200
    duration: ""
- request:
    body: ""
    form: {}
    headers:
      Accept:
      - application/json
      User-Agent:
      - Terraform/0.14.7 (+https://www.terraform.io) Terraform-Plugin-SDK/2.4.3 terraform-provider-katapult/0.0.999
    url: https://api.katapult.io/core/v1/virtual_machine_groups/vmgrp_XkR7KdYn5vlz4Twg
    method: GET
  response:
    body: '{"virtual_machine_group":{"id":"vmgrp_XkR7KdYn5vlz4Twg","name":"tf-acc-test-data-source-group-3zl9qmdxnp6y-1","segregate":true,"created_at":1615292191}}'
    headers:
      Access-Control-Allow-Methods:
      - '*'
      Access-Control-Allow-Origin:
      - '*'
      Cache-Control:
      - max-age=0, private, must-revalidate
      Connection:
      - keep-alive
      Content-Length:
      - "152"
      Content-Type:
      - application/json
      Date:
      - Tue, 09 Mar 2021 12:16:31 GMT
      Etag:
      - W/"49176f0c8e794f90187bcb8f0766836b"
      Server:
      - nginx/1.14.0 (Ubuntu)
      Strict-Transport-Security:
      - max-age=31536000; includeSubDomains
      X-Ratelimit-Permitted:
      - "200"
      X-Ratelimit-Remaining:
      - "196"
      X-Request-Id:
      - db74cb77-9f40-4e46-8f4f-cd0321e23ed8
    status: 200 OK
    code: 200
    duration: ""
- request:
    body: |
      {"organization":{"sub_domain":"terraform-acc-test"},"properties":{"name":"tf-acc-test-data-source-group-3zl9qmdxnp6y-2","segregate":false}}
    form: {}
    headers:
      Accept:
      - application/json
      Content-Type:
      - application/json
      User-Agent:
      - Terraform/0.14.7 (+https://www.terraform.io) Terraform-Plugin-SDK/2.4.3 terraform-provider-katapult/0.0.999
    url: https://api.katapult.io/core/v1/organizations/_/virtual_machine_groups
    method: POST
  response:
    body: '{"virtual_machine_group":{"id":"vmgrp_0YDR3fifLejIAtcu","name":"tf-acc-test-data-source-group-3zl9qmdxnp6y-2","segregate":false,"created_at":1615292191}}'
    headers:
      Access-Control-Allow-Methods:
      - '*'
      Access-Control-Allow-Origin:
      - '*'
      Cache-Control:
      - max-age=0, private, must-revalidate
      Connection:
      - keep-alive
      Content-Length:
      - "153"
      Content-Type:
      - application/json
      Date:
      - Tue, 09 Mar 2021 12:16:31 GMT
      Etag:
      - W/"bb1571ce2e6b8b61a5b5d2e3635542a1"
      Server:
      - nginx/1.14.0 (Ubuntu)
      Strict-Transport-Security:
      - max-age=31536000; includeSubDomains
      X-Ratelimit-Permitted:
      - "200"
      X-Ratelimit-Remaining:
      - "193"
      X-Request-Id:
      - ee05b2b7-20ed-41de-a019-25dacb7507b7
    status: 200 OK
    code: 200
    duration: ""
- request:
    body: ""
    form: {}
    headers:
      Accept:
      - application/json
      User-Agent:
      - Terraform/0.14.7 (+https://www.terraform.io) Terraform-Plugin-SDK/2.4.3 terraform-provider-katapult/0.0.999
    url: https://api.katapult.io/core/v1/virtual_machine_groups/vmgrp_0YDR3fifLejIAtcu
    method: GET
  response:
    body: '{"virtual_machine_group":{"id":"vmgrp_0YDR3fifLejIAtcu","name":"tf-acc-test-data-source-group-3zl9qmdxnp6y-2","segregate":false,"created_at":1615292191}}'
    headers:
      Access-Control-Allow-Methods:
      - '*'
      Access-Control-Allow-Origin:
      - '*'
      Cache-Control:
      - max-age=0, private, must-revalidate
      Connection:
      - keep-alive
      Content-Length:
      - "153"
      Content-Type:
      - application/json
      Date:
      - Tue, 09 Mar 2021 12:16:31 GMT
      Etag:
      - W/"bb1571ce2e6b8b61a5b5d2e3635542a1"
      Server:
      - nginx/1.14.0 (Ubuntu)
      Strict-Transport-Security:
      - max-age=31536000; includeSubDomains
      X-Ratelimit-Permitted:
      - "200"
      X-Ratelimit-Remaining:
      - "190"
      X-Request-Id:
      - 88250811-c865-4e21-91c3-da1ee51bfd71
    status: 200 OK
    code: 200
    duration: ""
- request:
    body: ""
    form: {}
    headers:
      Accept:
      - application/json
      User-Agent:
      - Terraform/ (+https://www.terraform.io) Terraform-Plugin-SDK/2.4.3 terraform-provider-katapult/0.0.999
    url: https://api.katapult.io/core/v1/virtual_machine_groups/vmgrp_XkR7KdYn5vlz4Twg
    method: GET
  response:
    body: '{"virtual_machine_group":{"id":"vmgrp_XkR7KdYn5vlz4Twg","name":"tf-acc-test-data-source-group-3zl9qmdxnp6y-1","segregate":true,"created_at":1615292191}}'
    headers:
      Access-Control-Allow-Methods:
      - '*'
      Access-Control-Allow-Origin:
      - '*'
      Cache-Control:
      - max-age=0, private, must-revalidate
      Connection:
      - keep-alive
      Content-Length:
      - "152"
      Content-Type:
      - application/json
      Date:
      - Tue, 09 Mar 2021 12:16:31 GMT
      Etag:
      - W/"49176f0c8e794f90187bcb8f0766836b"
      Server:
      - nginx/1.14.0 (Ubuntu)
      Strict-Transport-Security:
      - max-age=31536000; includeSubDomains
      X-Ratelimit-Permitted:
      - "200"
      X-Ratelimit-Remaining:
      - "187"
      X-Request-Id:
      - d9aef631-3c5f-4a79-8aff-973ff267afc2
    status: 200 OK
    code: 200
    duration: ""
- request:
    body: ""
    form: {}
    headers:
      Accept:
      - application/json
      User-Agent:
      - Terraform/ (+https://www.terraform.io) Terraform-Plugin-SDK/2.4.3 terraform-provider-katapult/0.0.999
    url: https://api.katapult.io/core/v1/virtual_machine_groups/vmgrp_0YDR3fifLejIAtcu
    method: GET
  response:
    body: '{"virtual_machine_group":{"id":"vmgrp_0YDR3fifLejIAtcu","name":"tf-acc-test-data-source-group-3zl9qmdxnp6y-2","segregate":false,"created_at":1615292191}}'
    headers:
      Access-Control-Allow-Methods:
      - '*'
      Access-Control-Allow-Origin:
      - '*'
      Cache-Control:
      - max-age=0, private, must-revalidate
      Connection:
      - keep-alive
      Content-Length:
      - "153"
      Content-Type:
      - application/json
      Date:
      - Tue, 09 Mar 2021 12:16:31 GMT
      Etag:
      - W/"bb1571ce2e6b8b61a5b5d2e3635542a1"
      Server:
      - nginx/1.14.0 (Ubuntu)
      Strict-Transport-Security:
      - max-age=31536000; includeSubDomains
      X-Ratelimit-Permitted:
      - "200"
      X-Ratelimit-Remaining:
      - "186"
      X-Request-Id:
      - a6be22ec-e67a-42a9-a09b-b9bfbf709c68
    status: 200 OK
    code: 200
    duration: ""
- request:
    body: ""
    form: {}
    headers:
      Accept:
      - application/json
      User-Agent:
      - Terraform/0.14.7 (+https://www.terraform.io) Terraform-Plugin-SDK/2.4.3 terraform-provider-katapult/0.0.999
    url: https://api.katapult.io/core/v1/virtual_machine_groups/vmgrp_XkR7KdYn5vlz4Twg
    method: GET
  response:
    body: '{"virtual_machine_group":{"id":"vmgrp_XkR7KdYn5vlz4Twg","name":"tf-acc-test-data-source-group-3zl9qmdxnp6y-1","segregate":true,"created_at":1615292191}}'
    headers:
      Access-Control-Allow-Methods:
      - '*'
      Access-Control-Allow-Origin:
      - '*'
      Cache-Control:
      - max-age=0, private, must-revalidate
      Connection:
      - keep-alive
      Content-Length:
      - "152"
      Content-Type:
      - application/json
      Date:
      - Tue, 09 Mar 2021 12:16:32 GMT
      Etag:
      - W/"49176f0c8e794f90187bcb8f0766836b"
      Server:
      - nginx/1.14.0 (Ubuntu)
      Strict-Transport-Security:
      - max-age=31536000; includeSubDomains
      X-Ratelimit-Permitted:
      - "200"
      X-Ratelimit-Remaining:
      - "182"
      X-Request-Id:
      - 40da8878-591c-4541-8cd1-d7f18f93d85e
    status: 200 OK
    code: 200
    duration: ""
- request:
    body: ""
    form: {}
    headers:
      Accept:
      - application/json
      User-Agent:
      - Terraform/0.14.7 (+https://www.terraform.io) Terraform-Plugin-SDK/2.4.3 terraform-provider-katapult/0.0.999
    url: https://api.katapult.io/core/v1/virtual_machine_groups/vmgrp_0YDR3fifLejIAtcu
    method: GET
  response:
    body: '{"virtual_machine_group":{"id":"vmgrp_0YDR3fifLejIAtcu","name":"tf-acc-test-data-source-group-3zl9qmdxnp6y-2","segregate":false,"created_at":1615292191}}'
    headers:
      Access-Control-Allow-Methods:
      - '*'
      Access-Control-Allow-Origin:
      - '*'
      Cache-Control:
      - max-age=0, private, must-revalidate
      Connection:
      - keep-alive
      Content-Length:
      - "153"
      Content-Type:
      - application/json
      Date:
      - Tue, 09 Mar 2021 12:16:32 GMT
      Etag:
      - W/"bb1571ce2e6b8b61a5b5d2e3635542a1"
      Server:
      - nginx/1.14.0 (Ubuntu)
      Strict-Transport-Security:
      - max-age=31536000; includeSubDomains
      X-Ratelimit-Permitted:
      - "200"
      X-Ratelimit-Remaining:
      - "179"
      X-Request-Id:
      - e4fba537-e61b-4835-9ea2-2c9df97fa946
    status: 200 OK
    code: 200
    duration: ""
- request:
    body: ""
    form: {}
    headers:
      Accept:
      - application/json
      User-Agent:
      - Terraform/0.14.7 (+https://www.terraform.io) Terraform-Plugin-SDK/2.4.3 terraform-provider-katapult/0.0.999
    url: https://api.katapult.io/core/v1/virtual_machine_groups/vmgrp_XkR7KdYn5vlz4Twg
    method: GET
  response:
    body: '{"virtual_machine_group":{"id":"vmgrp_XkR7KdYn5vlz4Twg","name":"tf-acc-test-data-source-group-3zl9qmdxnp6y-1","segregate":true,"created_at":1615292191}}'
    headers:
      Access-Control-Allow-Methods:
      - '*'
      Access-Control-Allow-Origin:
      - '*'
      Cache-Control:
      - max-age=0, private, must-revalidate
      Connection:
      - keep-alive
      Content-Length:
      - "152"
      Content-Type:
      - application/json
      Date:
      - Tue, 09 Mar 2021 12:16:32 GMT
      Etag:
      - W/"49176f0c8e794f90187bcb8f0766836b"
      Server:
      - nginx/1.14.0 (Ubuntu)
      Strict-Transport-Security:
      - max-age=31536000; includeSubDomains
      X-Ratelimit-Permitted:
      - "200"
      X-Ratelimit-Remaining:
      - "175"
      X-Request-Id:
      - f5e431d8-fc33-4249-b551-a95105d5d40d
    status: 200 OK
    code: 200
    duration: ""
- request:
    body: ""
    form: {}
    headers:
      Accept:
      - application/json
      User-Agent:
      - Terraform/0.14.7 (+https://www.terraform.io) Terraform-Plugin-SDK/2.4.3 terraform-provider-katapult/0.0.999
    url: https://api.katapult.io/core/v1/virtual_machine_groups/vmgrp_0YDR3fifLejIAtcu
    method: GET
  response:
    body: '{"virtual_machine_group":{"id":"vmgrp_0YDR3fifLejIAtcu","name":"tf-acc-test-data-source-group-3zl9qmdxnp6y-2","segregate":false,"created_at":1615292191}}'
    headers:
      Access-Control-Allow-Methods:
      - '*'
      Access-Control-Allow-Origin:
      - '*'
      Cache-Control:
      - max-age=0, private, must-revalidate
      Connection:
      - keep-alive
      Content-Length:
      - "153"
      Content-Type:
      - application/json
      Date:
      - Tue, 09 Mar 2021 12:16:32 GMT
      Etag:
      - W/"bb1571ce2e6b8b61a5b5d2e3635542a1"
      Server:
      - nginx/1.14.0 (Ubuntu)
      Strict-Transport-Security:
      - max-age=31536000; includeSubDomains
      X-Ratelimit-Permitted:
      - "200"
      X-Ratelimit-Remaining:
      - "173"
      X-Request-Id:
      - 5506c5fe-6ef6-4f02-8c14-9cea6db524b9
    status: 200 OK
    code: 200
    duration: ""
- request:
    body: ""
    form: {}
    headers:
      Accept:
      - application/json
      User-Agent:
      - Terraform/0.14.7 (+https://www.terraform.io) Terraform-Plugin-SDK/2.4.3 terraform-provider-katapult/0.0.999
    url: https://api.katapult.io/core/v1/organizations/_/virtual_machine_groups?organization%5Bsub_domain%5D=terraform-acc-test
    method: GET
  response:
    body: '{"virtual_machine_groups":[{"id":"vmgrp_tueTgCNcAHIJWr5m","name":"tf-acc-test-data-source-basic-prkdf1caoinf","segregate":true,"created_at":1615292191},{"id":"vmgrp_XkR7KdYn5vlz4Twg","name":"tf-acc-test-data-source-group-3zl9qmdxnp6y-1","segregate":true,"created_at":1615292191},{"id":"vmgrp_FQCTWazWMcMfSpmE","name":"tf-acc-test-data-source-not-segregated-xcd8v1ktkzbn","segregate":false,"created_at":1615292191},{"id":"vmgrp_0YDR3fifLejIAtcu","name":"tf-acc-test-data-source-group-3zl9qmdxnp6y-2","segregate":false,"created_at":1615292191}]}'
    headers:
      Access-Control-Allow-Methods:
      - '*'
      Access-Control-Allow-Origin:
      - '*'
      Cache-Control:
      - max-age=0, private, must-revalidate
      Connection:
      - keep-alive
      Content-Length:
      - "543"
      Content-Type:
      - application/json
      Date:
      - Tue, 09 Mar 2021 12:16:32 GMT
      Etag:
      - W/"655cc0f4597c7acae0ea1049151f9c1e"
      Server:
      - nginx/1.14.0 (Ubuntu)
      Strict-Transport-Security:
      - max-age=31536000; includeSubDomains
      X-Ratelimit-Permitted:
      - "200"
      X-Ratelimit-Remaining:
      - "174"
      X-Request-Id:
      - 0dbaadd8-540d-433b-b0a7-272faed8cd3b
    status: 200 OK
    code: 200
    duration: ""
- request:
    body: ""
    form: {}
    headers:
      Accept:
      - application/json
      User-Agent:
      - Terraform/0.14.7 (+https://www.terraform.io) Terraform-Plugin-SDK/2.4.3 terraform-provider-katapult/0.0.999
    url: https://api.katapult.io/core/v1/organizations/_/virtual_machine_groups?organization%5Bsub_domain%5D=terraform-acc-test
    method: GET
  response:
    body: '{"virtual_machine_groups":[{"id":"vmgrp_XkR7KdYn5vlz4Twg","name":"tf-acc-test-data-source-group-3zl9qmdxnp6y-1","segregate":true,"created_at":1615292191},{"id":"vmgrp_0YDR3fifLejIAtcu","name":"tf-acc-test-data-source-group-3zl9qmdxnp6y-2","segregate":false,"created_at":1615292191}]}'
    headers:
      Access-Control-Allow-Methods:
      - '*'
      Access-Control-Allow-Origin:
      - '*'
      Cache-Control:
      - max-age=0, private, must-revalidate
      Connection:
      - keep-alive
      Content-Length:
      - "283"
      Content-Type:
      - application/json
      Date:
      - Tue, 09 Mar 2021 12:16:32 GMT
      Etag:
      - W/"f1fce068de98f85bc1da79df02afd1c6"
      Server:
      - nginx/1.14.0 (Ubuntu)
      Strict-Transport-Security:
      - max-age=31536000; includeSubDomains
      X-Ratelimit-Permitted:
      - "200"
      X-Ratelimit-Remaining:
      - "166"
      X-Request-Id:
      - dfea6ecd-4e1f-4a09-a75f-8aa7fdbbd993
    status: 200 OK
    code: 200
    duration: ""
- request:
    body: ""
    form: {}
    headers:
      Accept:
      - application/json
      User-Agent:
      - Terraform/0.14.7 (+https://www.terraform.io) Terraform-Plugin-SDK/2.4.3 terraform-provider-katapult/0.0.999
    url: https://api.katapult.io/core/v1/organizations/_/virtual_machine_groups?organization%5Bsub_domain%5D=terraform-acc-test
    method: GET
  response:
    body: '{"virtual_machine_groups":[{"id":"vmgrp_XkR7KdYn5vlz4Twg","name":"tf-acc-test-data-source-group-3zl9qmdxnp6y-1","segregate":true,"created_at":1615292191},{"id":"vmgrp_0YDR3fifLejIAtcu","name":"tf-acc-test-data-source-group-3zl9qmdxnp6y-2","segregate":false,"created_at":1615292191}]}'
    headers:
      Access-Control-Allow-Methods:
      - '*'
      Access-Control-Allow-Origin:
      - '*'
      Cache-Control:
      - max-age=0, private, must-revalidate
      Connection:
      - keep-alive
      Content-Length:
      - "283"
      Content-Type:
      - application/json
      Date:
      - Tue, 09 Mar 2021 12:16:33 GMT
      Etag:
      - W/"f1fce068de98f85bc1da79df02afd1c6"
      Server:
      - nginx/1.14.0 (Ubuntu)
      Strict-Transport-Security:
      - max-age=31536000; includeSubDomains
      X-Ratelimit-Permitted:
      - "200"
      X-Ratelimit-Remaining:
      - "165"
      X-Request-Id:
      - 1db5517b-5e7a-4363-a203-ffa0aaa3ae8a
    status: 200 OK
    code: 200
    duration: ""
- request:
    body: ""
    form: {}
    headers:
      Accept:
      - application/json
      User-Agent:
      - Terraform/0.14.7 (+https://www.terraform.io) Terraform-Plugin-SDK/2.4.3 terraform-provider-katapult/0.0.999
    url: https://api.katapult.io/core/v1/virtual_machine_groups/vmgrp_XkR7KdYn5vlz4Twg
    method: GET
  response:
    body: '{"virtual_machine_group":{"id":"vmgrp_XkR7KdYn5vlz4Twg","name":"tf-acc-test-data-source-group-3zl9qmdxnp6y-1","segregate":true,"created_at":1615292191}}'
    headers:
      Access-Control-Allow-Methods:
      - '*'
      Access-Control-Allow-Origin:
      - '*'
      Cache-Control:
      - max-age=0, private, must-revalidate
      Connection:
      - keep-alive
      Content-Length:
      - "152"
      Content-Type:
      - application/json
      Date:
      - Tue, 09 Mar 2021 12:16:33 GMT
      Etag:
      - W/"49176f0c8e794f90187bcb8f0766836b"
      Server:
      - nginx/1.14.0 (Ubuntu)
      Strict-Transport-Security:
      - max-age=31536000; includeSubDomains
      X-Ratelimit-Permitted:
      - "200"
      X-Ratelimit-Remaining:
      - "163"
      X-Request-Id:
      - 46a198e4-6583-4454-91d1-b5f0d00edfaf
    status: 200 OK
    code: 200
    duration: ""
- request:
    body: ""
    form: {}
    headers:
      Accept:
      - application/json
      User-Agent:
      - Terraform/0.14.7 (+https://www.terraform.io) Terraform-Plugin-SDK/2.4.3 terraform-provider-katapult/0.0.999
    url: https://api.katapult.io/core/v1/organizations/_/virtual_machine_groups?organization%5Bsub_domain%5D=terraform-acc-test
    method: GET
  response:
    body: '{"virtual_machine_groups":[{"id":"vmgrp_XkR7KdYn5vlz4Twg","name":"tf-acc-test-data-source-group-3zl9qmdxnp6y-1","segregate":true,"created_at":1615292191},{"id":"vmgrp_0YDR3fifLejIAtcu","name":"tf-acc-test-data-source-group-3zl9qmdxnp6y-2","segregate":false,"created_at":1615292191}]}'
    headers:
      Access-Control-Allow-Methods:
      - '*'
      Access-Control-Allow-Origin:
      - '*'
      Cache-Control:
      - max-age=0, private, must-revalidate
      Connection:
      - keep-alive
      Content-Length:
      - "283"
      Content-Type:
      - application/json
      Date:
      - Tue, 09 Mar 2021 12:16:33 GMT
      Etag:
      - W/"f1fce068de98f85bc1da79df02afd1c6"
      Server:
      - nginx/1.14.0 (Ubuntu)
      Strict-Transport-Security:
      - max-age=31536000; includeSubDomains
      X-Ratelimit-Permitted:
      - "200"
      X-Ratelimit-Remaining:
      - "164"
      X-Request-Id:
      - daa832b0-16ad-4ab2-831d-e0f243ceaea7
    status: 200 OK
    code: 200
    duration: ""
- request:
    body: ""
    form: {}
    headers:
      Accept:
      - application/json
      User-Agent:
      - Terraform/0.14.7 (+https://www.terraform.io) Terraform-Plugin-SDK/2.4.3 terraform-provider-katapult/0.0.999
    url: https://api.katapult.io/core/v1/virtual_machine_groups/vmgrp_0YDR3fifLejIAtcu
    method: GET
  response:
    body: '{"virtual_machine_group":{"id":"vmgrp_0YDR3fifLejIAtcu","name":"tf-acc-test-data-source-group-3zl9qmdxnp6y-2","segregate":false,"created_at":1615292191}}'
    headers:
      Access-Control-Allow-Methods:
      - '*'
      Access-Control-Allow-Origin:
      - '*'
      Cache-Control:
      - max-age=0, private, must-revalidate
      Connection:
      - keep-alive
      Content-Length:
      - "153"
      Content-Type:
      - application/json
      Date:
      - Tue, 09 Mar 2021 12:16:33 GMT
      Etag:
      - W/"bb1571ce2e6b8b61a5b5d2e3635542a1"
      Server:
      - nginx/1.14.0 (Ubuntu)
      Strict-Transport-Security:
      - max-age=31536000; includeSubDomains
      X-Ratelimit-Permitted:
      - "200"
      X-Ratelimit-Remaining:
      - "162"
      X-Request-Id:
      - cd0dff07-89ac-4fa9-9bdb-eaed63b94712
    status: 200 OK
    code: 200
    duration: ""
- request:
    body: ""
    form: {}
    headers:
      Accept:
      - application/json
      User-Agent:
      - Terraform/0.14.7 (+https://www.terraform.io) Terraform-Plugin-SDK/2.4.3 terraform-provider-katapult/0.0.999
    url: https://api.katapult.io/core/v1/organizations/_/virtual_machine_groups?organization%5Bsub_domain%5D=terraform-acc-test
    method: GET
  response:
    body: '{"virtual_machine_groups":[{"id":"vmgrp_XkR7KdYn5vlz4Twg","name":"tf-acc-test-data-source-group-3zl9qmdxnp6y-1","segregate":true,"created_at":1615292191},{"id":"vmgrp_0YDR3fifLejIAtcu","name":"tf-acc-test-data-source-group-3zl9qmdxnp6y-2","segregate":false,"created_at":1615292191}]}'
    headers:
      Access-Control-Allow-Methods:
      - '*'
      Access-Control-Allow-Origin:
      - '*'
      Cache-Control:
      - max-age=0, private, must-revalidate
      Connection:
      - keep-alive
      Content-Length:
      - "283"
      Content-Type:
      - application/json
      Date:
      - Tue, 09 Mar 2021 12:16:33 GMT
      Etag:
      - W/"f1fce068de98f85bc1da79df02afd1c6"
      Server:
      - nginx/1.14.0 (Ubuntu)
      Strict-Transport-Security:
      - max-age=31536000; includeSubDomains
      X-Ratelimit-Permitted:
      - "200"
      X-Ratelimit-Remaining:
      - "161"
      X-Request-Id:
      - fae23d50-0d23-43c0-8ed5-c3e12f6fbf06
    status: 200 OK
    code: 200
    duration: ""
- request:
    body: ""
    form: {}
    headers:
      Accept:
      - application/json
      User-Agent:
      - Terraform/0.14.7 (+https://www.terraform.io) Terraform-Plugin-SDK/2.4.3 terraform-provider-katapult/0.0.999
    url: https://api.katapult.io/core/v1/virtual_machine_groups/_?virtual_machine_group%5Bid%5D=vmgrp_0YDR3fifLejIAtcu
    method: DELETE
  response:
    body: '{"virtual_machine_group":{"id":"vmgrp_0YDR3fifLejIAtcu","name":"tf-acc-test-data-source-group-3zl9qmdxnp6y-2","segregate":false,"created_at":1615292191}}'
    headers:
      Access-Control-Allow-Methods:
      - '*'
      Access-Control-Allow-Origin:
      - '*'
      Cache-Control:
      - max-age=0, private, must-revalidate
      Connection:
      - keep-alive
      Content-Length:
      - "153"
      Content-Type:
      - application/json
      Date:
      - Tue, 09 Mar 2021 12:16:34 GMT
      Etag:
      - W/"bb1571ce2e6b8b61a5b5d2e3635542a1"
      Server:
      - nginx/1.14.0 (Ubuntu)
      Strict-Transport-Security:
      - max-age=31536000; includeSubDomains
      X-Ratelimit-Permitted:
      - "200"
      X-Ratelimit-Remaining:
      - "160"
      X-Request-Id:
      - 075674d9-62c6-4c13-a8e4-34948d596ec0
    status: 200 OK
    code: 200
    duration: ""
- request:
    body: ""
    form: {}
    headers:
      Accept:
      - application/json
      User-Agent:
      - Terraform/0.14.7 (+https://www.terraform.io) Terraform-Plugin-SDK/2.4.3 terraform-provider-katapult/0.0.999
    url: https://api.katapult.io/core/v1/virtual_machine_groups/_?virtual_machine_group%5Bid%5D=vmgrp_XkR7KdYn5vlz4Twg
    method: DELETE
  response:
    body: '{"virtual_machine_group":{"id":"vmgrp_XkR7KdYn5vlz4Twg","name":"tf-acc-test-data-source-group-3zl9qmdxnp6y-1","segregate":true,"created_at":1615292191}}'
    headers:
      Access-Control-Allow-Methods:
      - '*'
      Access-Control-Allow-Origin:
      - '*'
      Cache-Control:
      - max-age=0, private, must-revalidate
      Connection:
      - keep-alive
      Content-Length:
      - "152"
      Content-Type:
      - application/json
      Date:
      - Tue, 09 Mar 2021 12:16:34 GMT
      Etag:
      - W/"49176f0c8e794f90187bcb8f0766836b"
      Server:
      - nginx/1.14.0 (Ubuntu)
      Strict-Transport-Security:
      - max-age=31536000; includeSubDomains
      X-Ratelimit-Permitted:
      - "200"
      X-Ratelimit-Remaining:
      - "159"
      X-Request-Id:
      - 253716b5-d712-4f51-a7b8-a069c0d70af4
    status: 200 OK
    code: 200
    duration: ""
