---
version: 1
interactions:
- request:
    body: ""
    form: {}
    headers:
      Accept:
      - application/json
      User-Agent:
      - Terraform/ (+https://www.terraform.io) Terraform-Plugin-SDK/2.4.3 terraform-provider-katapult/0.0.999
    url: https://api.katapult.io/core/v1/organizations/_/disk_templates?include_universal=true&organization%5Bsub_domain%5D=terraform-acc-test&page=1
    method: GET
  response:
    body: '{"pagination":{"current_page":1,"total_pages":1,"total":8,"per_page":30,"large_set":false},"disk_templates":[{"id":"dtpl_zHhabpLGa0Bpjhsm","name":"CentOS
      7.7","description":"A clean installation of Centos 7.7","permalink":"templates/centos-7-7","universal":true,"latest_version":{"id":"dtv_kHAtizr7ca7UgNWY","number":3},"operating_system":{"id":"os_i8XPKQHdAQY98ljt","name":"CentOS"}},{"id":"dtpl_MIIP8b9OFiJWdEqP","name":"CentOS
      7.9","description":"A clean installation of Centos 7.9","permalink":"templates/centos-7","universal":true,"latest_version":{"id":"dtv_WlHueKRDxLH8KOKS","number":1},"operating_system":{"id":"os_i8XPKQHdAQY98ljt","name":"CentOS"}},{"id":"dtpl_IW7fNEmvhYJWvesy","name":"CentOS
      8.0","description":"A clean installation of CentOs 8.0","permalink":"templates/centos-8","universal":true,"latest_version":{"id":"dtv_wuv7GK0CLJ2rQYNw","number":1},"operating_system":{"id":"os_i8XPKQHdAQY98ljt","name":"CentOS"}},{"id":"dtpl_f7qNWTADx49mTYOC","name":"Debian
      10.2","description":"A clean installation of Debian 10.2","permalink":"templates/debian-10","universal":true,"latest_version":{"id":"dtv_P1Va2OWoalchXWkE","number":1},"operating_system":{"id":"os_AXz5v4EtnIyPSZqO","name":"Debian"}},{"id":"dtpl_caWRMZXYAvJMFEsL","name":"Debian
      9.11","description":"A clean installation of Debian 9.11","permalink":"templates/debian-9","universal":true,"latest_version":{"id":"dtv_FtRZTvVHIca8oe33","number":1},"operating_system":{"id":"os_AXz5v4EtnIyPSZqO","name":"Debian"}},{"id":"dtpl_zw6PNZVrZaVdqU5A","name":"Fedora
      32","description":"A clean installation of Fedora 32","permalink":"templates/fedora-32","universal":true,"latest_version":{"id":"dtv_z3MWXtWkwcTfvBGu","number":3},"operating_system":{"id":"os_5pR39NVxAJ6ccp1D","name":"Fedora"}},{"id":"dtpl_dHTYevsvwvsL0Hea","name":"Ubuntu
      18.04","description":"A clean installation of Ubuntu 18.04 server","permalink":"templates/ubuntu-18-04","universal":true,"latest_version":{"id":"dtv_MRXiRcTWrhXVqhBu","number":1},"operating_system":{"id":"os_DH6P34tVwUGYlcEN","name":"Ubuntu"}},{"id":"dtpl_GS03NCmS1Z17rXHq","name":"Ubuntu
      20.04","description":"A clean installation of Ubuntu 20.04 server","permalink":"templates/ubuntu-20-04","universal":true,"latest_version":{"id":"dtv_56DNYpPqwnG54112","number":5},"operating_system":{"id":"os_DH6P34tVwUGYlcEN","name":"Ubuntu"}}]}'
    headers:
      Access-Control-Allow-Methods:
      - '*'
      Access-Control-Allow-Origin:
      - '*'
      Cache-Control:
      - max-age=0, private, must-revalidate
      Connection:
      - keep-alive
      Content-Length:
      - "2338"
      Content-Type:
      - application/json
      Date:
      - Thu, 25 Feb 2021 19:15:16 GMT
      Etag:
      - W/"3d72999272c08e9e0234e81c6e81b2f6"
      Server:
      - nginx/1.14.0 (Ubuntu)
      Strict-Transport-Security:
      - max-age=31536000; includeSubDomains
      X-Ratelimit-Permitted:
      - "200"
      X-Ratelimit-Remaining:
      - "199"
      X-Request-Id:
      - 2cf57d02-3905-4c83-8d1c-0949754c0971
    status: 200 OK
    code: 200
    duration: ""
- request:
    body: ""
    form: {}
    headers:
      Accept:
      - application/json
      User-Agent:
      - Terraform/0.14.4 (+https://www.terraform.io) Terraform-Plugin-SDK/2.4.3 terraform-provider-katapult/0.0.999
    url: https://api.katapult.io/core/v1/organizations/_?organization%5Bsub_domain%5D=terraform-acc-test
    method: GET
  response:
    body: '{"organization":{"id":"org_eodfyqFF3YWb2OFC","name":"terraform-acc-test","sub_domain":"terraform-acc-test","infrastructure_domain":"terraform-acc-test.katapult.cloud","personal":false,"created_at":1605785692,"suspended":false,"managed":false,"billing_name":"terraform-acc-test","address1":"Kemp
      House","address2":"152 - 160 City Road","address3":"London","address4":null,"postcode":"EC1V
      2NX","vat_number":null,"currency":{"id":"cur_zShCGgjgBz4EbnX1","name":"British
      Pound","iso_code":"GBP","symbol":"£"},"country":{"id":"ctry_6AO9tYYugvTGnd5b","name":"United
      Kingdom","iso_code2":"GB","iso_code3":"GBR","time_zone":"Europe/London","eu":false},"country_state":null}}'
    headers:
      Access-Control-Allow-Methods:
      - '*'
      Access-Control-Allow-Origin:
      - '*'
      Cache-Control:
      - max-age=0, private, must-revalidate
      Connection:
      - keep-alive
      Content-Length:
      - "667"
      Content-Type:
      - application/json
      Date:
      - Thu, 25 Feb 2021 19:15:17 GMT
      Etag:
      - W/"cba052b28bfff0702a5a1343e065339a"
      Server:
      - nginx/1.14.0 (Ubuntu)
      Strict-Transport-Security:
      - max-age=31536000; includeSubDomains
      X-Ratelimit-Permitted:
      - "200"
      X-Ratelimit-Remaining:
      - "198"
      X-Request-Id:
      - 1965bedd-4b83-411a-8cab-825292ea655f
    status: 200 OK
    code: 200
    duration: ""
- request:
    body: ""
    form: {}
    headers:
      Accept:
      - application/json
      User-Agent:
      - Terraform/0.14.4 (+https://www.terraform.io) Terraform-Plugin-SDK/2.4.3 terraform-provider-katapult/0.0.999
    url: https://api.katapult.io/core/v1/organizations/_/disk_templates?organization%5Bsub_domain%5D=terraform-acc-test&page=1
    method: GET
  response:
    body: '{"pagination":{"current_page":1,"total_pages":0,"total":0,"per_page":30,"large_set":false},"disk_templates":[]}'
    headers:
      Access-Control-Allow-Methods:
      - '*'
      Access-Control-Allow-Origin:
      - '*'
      Cache-Control:
      - max-age=0, private, must-revalidate
      Connection:
      - keep-alive
      Content-Length:
      - "111"
      Content-Type:
      - application/json
      Date:
      - Thu, 25 Feb 2021 19:15:17 GMT
      Etag:
      - W/"a4a4a5d8f32a54cf38640ccde4ad9a9b"
      Server:
      - nginx/1.14.0 (Ubuntu)
      Strict-Transport-Security:
      - max-age=31536000; includeSubDomains
      X-Ratelimit-Permitted:
      - "200"
      X-Ratelimit-Remaining:
      - "197"
      X-Request-Id:
      - 85087099-ff2a-41e8-931a-c986b1b76f16
    status: 200 OK
    code: 200
    duration: ""
- request:
    body: ""
    form: {}
    headers:
      Accept:
      - application/json
      User-Agent:
      - Terraform/0.14.4 (+https://www.terraform.io) Terraform-Plugin-SDK/2.4.3 terraform-provider-katapult/0.0.999
    url: https://api.katapult.io/core/v1/organizations/_?organization%5Bsub_domain%5D=terraform-acc-test
    method: GET
  response:
    body: '{"organization":{"id":"org_eodfyqFF3YWb2OFC","name":"terraform-acc-test","sub_domain":"terraform-acc-test","infrastructure_domain":"terraform-acc-test.katapult.cloud","personal":false,"created_at":1605785692,"suspended":false,"managed":false,"billing_name":"terraform-acc-test","address1":"Kemp
      House","address2":"152 - 160 City Road","address3":"London","address4":null,"postcode":"EC1V
      2NX","vat_number":null,"currency":{"id":"cur_zShCGgjgBz4EbnX1","name":"British
      Pound","iso_code":"GBP","symbol":"£"},"country":{"id":"ctry_6AO9tYYugvTGnd5b","name":"United
      Kingdom","iso_code2":"GB","iso_code3":"GBR","time_zone":"Europe/London","eu":false},"country_state":null}}'
    headers:
      Access-Control-Allow-Methods:
      - '*'
      Access-Control-Allow-Origin:
      - '*'
      Cache-Control:
      - max-age=0, private, must-revalidate
      Connection:
      - keep-alive
      Content-Length:
      - "667"
      Content-Type:
      - application/json
      Date:
      - Thu, 25 Feb 2021 19:15:17 GMT
      Etag:
      - W/"cba052b28bfff0702a5a1343e065339a"
      Server:
      - nginx/1.14.0 (Ubuntu)
      Strict-Transport-Security:
      - max-age=31536000; includeSubDomains
      X-Ratelimit-Permitted:
      - "200"
      X-Ratelimit-Remaining:
      - "196"
      X-Request-Id:
      - f526ed02-5576-4540-b93e-e851115e7b4e
    status: 200 OK
    code: 200
    duration: ""
- request:
    body: ""
    form: {}
    headers:
      Accept:
      - application/json
      User-Agent:
      - Terraform/0.14.4 (+https://www.terraform.io) Terraform-Plugin-SDK/2.4.3 terraform-provider-katapult/0.0.999
    url: https://api.katapult.io/core/v1/organizations/_/disk_templates?organization%5Bsub_domain%5D=terraform-acc-test&page=1
    method: GET
  response:
    body: '{"pagination":{"current_page":1,"total_pages":0,"total":0,"per_page":30,"large_set":false},"disk_templates":[]}'
    headers:
      Access-Control-Allow-Methods:
      - '*'
      Access-Control-Allow-Origin:
      - '*'
      Cache-Control:
      - max-age=0, private, must-revalidate
      Connection:
      - keep-alive
      Content-Length:
      - "111"
      Content-Type:
      - application/json
      Date:
      - Thu, 25 Feb 2021 19:15:17 GMT
      Etag:
      - W/"a4a4a5d8f32a54cf38640ccde4ad9a9b"
      Server:
      - nginx/1.14.0 (Ubuntu)
      Strict-Transport-Security:
      - max-age=31536000; includeSubDomains
      X-Ratelimit-Permitted:
      - "200"
      X-Ratelimit-Remaining:
      - "195"
      X-Request-Id:
      - ba245439-9ba4-4603-808a-856fa96f37c7
    status: 200 OK
    code: 200
    duration: ""
- request:
    body: ""
    form: {}
    headers:
      Accept:
      - application/json
      User-Agent:
      - Terraform/0.14.4 (+https://www.terraform.io) Terraform-Plugin-SDK/2.4.3 terraform-provider-katapult/0.0.999
    url: https://api.katapult.io/core/v1/organizations/_?organization%5Bsub_domain%5D=terraform-acc-test
    method: GET
  response:
    body: '{"organization":{"id":"org_eodfyqFF3YWb2OFC","name":"terraform-acc-test","sub_domain":"terraform-acc-test","infrastructure_domain":"terraform-acc-test.katapult.cloud","personal":false,"created_at":1605785692,"suspended":false,"managed":false,"billing_name":"terraform-acc-test","address1":"Kemp
      House","address2":"152 - 160 City Road","address3":"London","address4":null,"postcode":"EC1V
      2NX","vat_number":null,"currency":{"id":"cur_zShCGgjgBz4EbnX1","name":"British
      Pound","iso_code":"GBP","symbol":"£"},"country":{"id":"ctry_6AO9tYYugvTGnd5b","name":"United
      Kingdom","iso_code2":"GB","iso_code3":"GBR","time_zone":"Europe/London","eu":false},"country_state":null}}'
    headers:
      Access-Control-Allow-Methods:
      - '*'
      Access-Control-Allow-Origin:
      - '*'
      Cache-Control:
      - max-age=0, private, must-revalidate
      Connection:
      - keep-alive
      Content-Length:
      - "667"
      Content-Type:
      - application/json
      Date:
      - Thu, 25 Feb 2021 19:15:18 GMT
      Etag:
      - W/"cba052b28bfff0702a5a1343e065339a"
      Server:
      - nginx/1.14.0 (Ubuntu)
      Strict-Transport-Security:
      - max-age=31536000; includeSubDomains
      X-Ratelimit-Permitted:
      - "200"
      X-Ratelimit-Remaining:
      - "194"
      X-Request-Id:
      - 17755428-3c1a-4809-8cce-f829d262ad90
    status: 200 OK
    code: 200
    duration: ""
- request:
    body: ""
    form: {}
    headers:
      Accept:
      - application/json
      User-Agent:
      - Terraform/0.14.4 (+https://www.terraform.io) Terraform-Plugin-SDK/2.4.3 terraform-provider-katapult/0.0.999
    url: https://api.katapult.io/core/v1/organizations/_/disk_templates?organization%5Bsub_domain%5D=terraform-acc-test&page=1
    method: GET
  response:
    body: '{"pagination":{"current_page":1,"total_pages":0,"total":0,"per_page":30,"large_set":false},"disk_templates":[]}'
    headers:
      Access-Control-Allow-Methods:
      - '*'
      Access-Control-Allow-Origin:
      - '*'
      Cache-Control:
      - max-age=0, private, must-revalidate
      Connection:
      - keep-alive
      Content-Length:
      - "111"
      Content-Type:
      - application/json
      Date:
      - Thu, 25 Feb 2021 19:15:18 GMT
      Etag:
      - W/"a4a4a5d8f32a54cf38640ccde4ad9a9b"
      Server:
      - nginx/1.14.0 (Ubuntu)
      Strict-Transport-Security:
      - max-age=31536000; includeSubDomains
      X-Ratelimit-Permitted:
      - "200"
      X-Ratelimit-Remaining:
      - "193"
      X-Request-Id:
      - 60a94c89-ddd1-4df4-84a3-9df188220e64
    status: 200 OK
    code: 200
    duration: ""
- request:
    body: ""
    form: {}
    headers:
      Accept:
      - application/json
      User-Agent:
      - Terraform/0.14.4 (+https://www.terraform.io) Terraform-Plugin-SDK/2.4.3 terraform-provider-katapult/0.0.999
    url: https://api.katapult.io/core/v1/organizations/_?organization%5Bsub_domain%5D=terraform-acc-test
    method: GET
  response:
    body: '{"organization":{"id":"org_eodfyqFF3YWb2OFC","name":"terraform-acc-test","sub_domain":"terraform-acc-test","infrastructure_domain":"terraform-acc-test.katapult.cloud","personal":false,"created_at":1605785692,"suspended":false,"managed":false,"billing_name":"terraform-acc-test","address1":"Kemp
      House","address2":"152 - 160 City Road","address3":"London","address4":null,"postcode":"EC1V
      2NX","vat_number":null,"currency":{"id":"cur_zShCGgjgBz4EbnX1","name":"British
      Pound","iso_code":"GBP","symbol":"£"},"country":{"id":"ctry_6AO9tYYugvTGnd5b","name":"United
      Kingdom","iso_code2":"GB","iso_code3":"GBR","time_zone":"Europe/London","eu":false},"country_state":null}}'
    headers:
      Access-Control-Allow-Methods:
      - '*'
      Access-Control-Allow-Origin:
      - '*'
      Cache-Control:
      - max-age=0, private, must-revalidate
      Connection:
      - keep-alive
      Content-Length:
      - "667"
      Content-Type:
      - application/json
      Date:
      - Thu, 25 Feb 2021 19:15:18 GMT
      Etag:
      - W/"cba052b28bfff0702a5a1343e065339a"
      Server:
      - nginx/1.14.0 (Ubuntu)
      Strict-Transport-Security:
      - max-age=31536000; includeSubDomains
      X-Ratelimit-Permitted:
      - "200"
      X-Ratelimit-Remaining:
      - "192"
      X-Request-Id:
      - a880bd8d-5d57-46bf-91e1-01d1155b16d3
    status: 200 OK
    code: 200
    duration: ""
- request:
    body: ""
    form: {}
    headers:
      Accept:
      - application/json
      User-Agent:
      - Terraform/0.14.4 (+https://www.terraform.io) Terraform-Plugin-SDK/2.4.3 terraform-provider-katapult/0.0.999
    url: https://api.katapult.io/core/v1/organizations/_/disk_templates?organization%5Bsub_domain%5D=terraform-acc-test&page=1
    method: GET
  response:
    body: '{"pagination":{"current_page":1,"total_pages":0,"total":0,"per_page":30,"large_set":false},"disk_templates":[]}'
    headers:
      Access-Control-Allow-Methods:
      - '*'
      Access-Control-Allow-Origin:
      - '*'
      Cache-Control:
      - max-age=0, private, must-revalidate
      Connection:
      - keep-alive
      Content-Length:
      - "111"
      Content-Type:
      - application/json
      Date:
      - Thu, 25 Feb 2021 19:15:18 GMT
      Etag:
      - W/"a4a4a5d8f32a54cf38640ccde4ad9a9b"
      Server:
      - nginx/1.14.0 (Ubuntu)
      Strict-Transport-Security:
      - max-age=31536000; includeSubDomains
      X-Ratelimit-Permitted:
      - "200"
      X-Ratelimit-Remaining:
      - "191"
      X-Request-Id:
      - 0afce327-00ba-47cf-91a9-964993a51f97
    status: 200 OK
    code: 200
    duration: ""
- request:
    body: ""
    form: {}
    headers:
      Accept:
      - application/json
      User-Agent:
      - Terraform/0.14.4 (+https://www.terraform.io) Terraform-Plugin-SDK/2.4.3 terraform-provider-katapult/0.0.999
    url: https://api.katapult.io/core/v1/organizations/_?organization%5Bsub_domain%5D=terraform-acc-test
    method: GET
  response:
    body: '{"organization":{"id":"org_eodfyqFF3YWb2OFC","name":"terraform-acc-test","sub_domain":"terraform-acc-test","infrastructure_domain":"terraform-acc-test.katapult.cloud","personal":false,"created_at":1605785692,"suspended":false,"managed":false,"billing_name":"terraform-acc-test","address1":"Kemp
      House","address2":"152 - 160 City Road","address3":"London","address4":null,"postcode":"EC1V
      2NX","vat_number":null,"currency":{"id":"cur_zShCGgjgBz4EbnX1","name":"British
      Pound","iso_code":"GBP","symbol":"£"},"country":{"id":"ctry_6AO9tYYugvTGnd5b","name":"United
      Kingdom","iso_code2":"GB","iso_code3":"GBR","time_zone":"Europe/London","eu":false},"country_state":null}}'
    headers:
      Access-Control-Allow-Methods:
      - '*'
      Access-Control-Allow-Origin:
      - '*'
      Cache-Control:
      - max-age=0, private, must-revalidate
      Connection:
      - keep-alive
      Content-Length:
      - "667"
      Content-Type:
      - application/json
      Date:
      - Thu, 25 Feb 2021 19:15:18 GMT
      Etag:
      - W/"cba052b28bfff0702a5a1343e065339a"
      Server:
      - nginx/1.14.0 (Ubuntu)
      Strict-Transport-Security:
      - max-age=31536000; includeSubDomains
      X-Ratelimit-Permitted:
      - "200"
      X-Ratelimit-Remaining:
      - "190"
      X-Request-Id:
      - 54b2aef3-e3b3-4990-931e-545ee633441a
    status: 200 OK
    code: 200
    duration: ""
- request:
    body: ""
    form: {}
    headers:
      Accept:
      - application/json
      User-Agent:
      - Terraform/0.14.4 (+https://www.terraform.io) Terraform-Plugin-SDK/2.4.3 terraform-provider-katapult/0.0.999
    url: https://api.katapult.io/core/v1/organizations/_/disk_templates?organization%5Bsub_domain%5D=terraform-acc-test&page=1
    method: GET
  response:
    body: '{"pagination":{"current_page":1,"total_pages":0,"total":0,"per_page":30,"large_set":false},"disk_templates":[]}'
    headers:
      Access-Control-Allow-Methods:
      - '*'
      Access-Control-Allow-Origin:
      - '*'
      Cache-Control:
      - max-age=0, private, must-revalidate
      Connection:
      - keep-alive
      Content-Length:
      - "111"
      Content-Type:
      - application/json
      Date:
      - Thu, 25 Feb 2021 19:15:18 GMT
      Etag:
      - W/"a4a4a5d8f32a54cf38640ccde4ad9a9b"
      Server:
      - nginx/1.14.0 (Ubuntu)
      Strict-Transport-Security:
      - max-age=31536000; includeSubDomains
      X-Ratelimit-Permitted:
      - "200"
      X-Ratelimit-Remaining:
      - "189"
      X-Request-Id:
      - e37d5e86-557f-41ba-b5bc-34f3de395217
    status: 200 OK
    code: 200
    duration: ""
