---
version: 1
interactions:
- request:
    body: ""
    form: {}
    headers:
      Accept:
      - application/json
      User-Agent:
      - Terraform/ (+https://www.terraform.io) Terraform-Plugin-SDK/2.4.3 terraform-provider-katapult/0.0.999
    url: https://api.katapult.io/core/v1/virtual_machine_packages/_?virtual_machine_package%5Bpermalink%5D=rock-6
    method: GET
  response:
    body: '{"virtual_machine_package":{"id":"vmpkg_dMeEyd1g8hwIlxR8","name":"ROCK-6","permalink":"rock-6","cpu_cores":2,"ipv4_addresses":1,"memory_in_gb":6,"storage_in_gb":50,"privacy":"public","icon":null}}'
    headers:
      Access-Control-Allow-Methods:
      - '*'
      Access-Control-Allow-Origin:
      - '*'
      Cache-Control:
      - max-age=0, private, must-revalidate
      Connection:
      - keep-alive
      Content-Length:
      - "196"
      Content-Type:
      - application/json
      Date:
      - Mon, 29 Mar 2021 17:49:21 GMT
      Etag:
      - W/"f55516151a40f23fb4bfa40a4cf0f035"
      Server:
      - nginx/1.14.0 (Ubuntu)
      Strict-Transport-Security:
      - max-age=31536000; includeSubDomains
      X-Ratelimit-Permitted:
      - "200"
      X-Ratelimit-Remaining:
      - "199"
      X-Request-Id:
      - 4f6ed6d7-24b1-451b-baf7-784cbe1773b2
    status: 200 OK
    code: 200
    duration: ""
- request:
    body: ""
    form: {}
    headers:
      Accept:
      - application/json
      User-Agent:
      - Terraform/0.14.4 (+https://www.terraform.io) Terraform-Plugin-SDK/2.4.3 terraform-provider-katapult/0.0.999
    url: https://api.katapult.io/core/v1/virtual_machine_packages/vmpkg_dMeEyd1g8hwIlxR8
    method: GET
  response:
    body: '{"virtual_machine_package":{"id":"vmpkg_dMeEyd1g8hwIlxR8","name":"ROCK-6","permalink":"rock-6","cpu_cores":2,"ipv4_addresses":1,"memory_in_gb":6,"storage_in_gb":50,"privacy":"public","icon":null}}'
    headers:
      Access-Control-Allow-Methods:
      - '*'
      Access-Control-Allow-Origin:
      - '*'
      Cache-Control:
      - max-age=0, private, must-revalidate
      Connection:
      - keep-alive
      Content-Length:
      - "196"
      Content-Type:
      - application/json
      Date:
      - Mon, 29 Mar 2021 17:49:22 GMT
      Etag:
      - W/"f55516151a40f23fb4bfa40a4cf0f035"
      Server:
      - nginx/1.14.0 (Ubuntu)
      Strict-Transport-Security:
      - max-age=31536000; includeSubDomains
      X-Ratelimit-Permitted:
      - "200"
      X-Ratelimit-Remaining:
      - "196"
      X-Request-Id:
      - 8f9faed2-2769-4ba1-a981-0b1d0f992059
    status: 200 OK
    code: 200
    duration: ""
- request:
    body: ""
    form: {}
    headers:
      Accept:
      - application/json
      User-Agent:
      - Terraform/0.14.4 (+https://www.terraform.io) Terraform-Plugin-SDK/2.4.3 terraform-provider-katapult/0.0.999
    url: https://api.katapult.io/core/v1/virtual_machine_packages/vmpkg_dMeEyd1g8hwIlxR8
    method: GET
  response:
    body: '{"virtual_machine_package":{"id":"vmpkg_dMeEyd1g8hwIlxR8","name":"ROCK-6","permalink":"rock-6","cpu_cores":2,"ipv4_addresses":1,"memory_in_gb":6,"storage_in_gb":50,"privacy":"public","icon":null}}'
    headers:
      Access-Control-Allow-Methods:
      - '*'
      Access-Control-Allow-Origin:
      - '*'
      Cache-Control:
      - max-age=0, private, must-revalidate
      Connection:
      - keep-alive
      Content-Length:
      - "196"
      Content-Type:
      - application/json
      Date:
      - Mon, 29 Mar 2021 17:49:23 GMT
      Etag:
      - W/"f55516151a40f23fb4bfa40a4cf0f035"
      Server:
      - nginx/1.14.0 (Ubuntu)
      Strict-Transport-Security:
      - max-age=31536000; includeSubDomains
      X-Ratelimit-Permitted:
      - "200"
      X-Ratelimit-Remaining:
      - "195"
      X-Request-Id:
      - 5f90636c-8408-4b3a-98a3-401212d91d82
    status: 200 OK
    code: 200
    duration: ""
- request:
    body: ""
    form: {}
    headers:
      Accept:
      - application/json
      User-Agent:
      - Terraform/ (+https://www.terraform.io) Terraform-Plugin-SDK/2.4.3 terraform-provider-katapult/0.0.999
    url: https://api.katapult.io/core/v1/virtual_machine_packages/vmpkg_dMeEyd1g8hwIlxR8
    method: GET
  response:
    body: '{"virtual_machine_package":{"id":"vmpkg_dMeEyd1g8hwIlxR8","name":"ROCK-6","permalink":"rock-6","cpu_cores":2,"ipv4_addresses":1,"memory_in_gb":6,"storage_in_gb":50,"privacy":"public","icon":null}}'
    headers:
      Access-Control-Allow-Methods:
      - '*'
      Access-Control-Allow-Origin:
      - '*'
      Cache-Control:
      - max-age=0, private, must-revalidate
      Connection:
      - keep-alive
      Content-Length:
      - "196"
      Content-Type:
      - application/json
      Date:
      - Mon, 29 Mar 2021 17:49:23 GMT
      Etag:
      - W/"f55516151a40f23fb4bfa40a4cf0f035"
      Server:
      - nginx/1.14.0 (Ubuntu)
      Strict-Transport-Security:
      - max-age=31536000; includeSubDomains
      X-Ratelimit-Permitted:
      - "200"
      X-Ratelimit-Remaining:
      - "184"
      X-Request-Id:
      - 9100f505-ea7f-4f7a-8540-348fc21784da
    status: 200 OK
    code: 200
    duration: ""
- request:
    body: ""
    form: {}
    headers:
      Accept:
      - application/json
      User-Agent:
      - Terraform/0.14.4 (+https://www.terraform.io) Terraform-Plugin-SDK/2.4.3 terraform-provider-katapult/0.0.999
    url: https://api.katapult.io/core/v1/virtual_machine_packages/vmpkg_dMeEyd1g8hwIlxR8
    method: GET
  response:
    body: '{"virtual_machine_package":{"id":"vmpkg_dMeEyd1g8hwIlxR8","name":"ROCK-6","permalink":"rock-6","cpu_cores":2,"ipv4_addresses":1,"memory_in_gb":6,"storage_in_gb":50,"privacy":"public","icon":null}}'
    headers:
      Access-Control-Allow-Methods:
      - '*'
      Access-Control-Allow-Origin:
      - '*'
      Cache-Control:
      - max-age=0, private, must-revalidate
      Connection:
      - keep-alive
      Content-Length:
      - "196"
      Content-Type:
      - application/json
      Date:
      - Mon, 29 Mar 2021 17:49:23 GMT
      Etag:
      - W/"f55516151a40f23fb4bfa40a4cf0f035"
      Server:
      - nginx/1.14.0 (Ubuntu)
      Strict-Transport-Security:
      - max-age=31536000; includeSubDomains
      X-Ratelimit-Permitted:
      - "200"
      X-Ratelimit-Remaining:
      - "183"
      X-Request-Id:
      - 03fd5660-b3ee-4fcd-982e-dc475897f46a
    status: 200 OK
    code: 200
    duration: ""
- request:
    body: ""
    form: {}
    headers:
      Accept:
      - application/json
      User-Agent:
      - Terraform/0.14.4 (+https://www.terraform.io) Terraform-Plugin-SDK/2.4.3 terraform-provider-katapult/0.0.999
    url: https://api.katapult.io/core/v1/virtual_machine_packages/vmpkg_dMeEyd1g8hwIlxR8
    method: GET
  response:
    body: '{"virtual_machine_package":{"id":"vmpkg_dMeEyd1g8hwIlxR8","name":"ROCK-6","permalink":"rock-6","cpu_cores":2,"ipv4_addresses":1,"memory_in_gb":6,"storage_in_gb":50,"privacy":"public","icon":null}}'
    headers:
      Access-Control-Allow-Methods:
      - '*'
      Access-Control-Allow-Origin:
      - '*'
      Cache-Control:
      - max-age=0, private, must-revalidate
      Connection:
      - keep-alive
      Content-Length:
      - "196"
      Content-Type:
      - application/json
      Date:
      - Mon, 29 Mar 2021 17:49:24 GMT
      Etag:
      - W/"f55516151a40f23fb4bfa40a4cf0f035"
      Server:
      - nginx/1.14.0 (Ubuntu)
      Strict-Transport-Security:
      - max-age=31536000; includeSubDomains
      X-Ratelimit-Permitted:
      - "200"
      X-Ratelimit-Remaining:
      - "179"
      X-Request-Id:
      - fd464874-d83e-43fc-b886-9f0d8ec40dcc
    status: 200 OK
    code: 200
    duration: ""
- request:
    body: ""
    form: {}
    headers:
      Accept:
      - application/json
      User-Agent:
      - Terraform/0.14.4 (+https://www.terraform.io) Terraform-Plugin-SDK/2.4.3 terraform-provider-katapult/0.0.999
    url: https://api.katapult.io/core/v1/virtual_machine_packages/vmpkg_dMeEyd1g8hwIlxR8
    method: GET
  response:
    body: '{"virtual_machine_package":{"id":"vmpkg_dMeEyd1g8hwIlxR8","name":"ROCK-6","permalink":"rock-6","cpu_cores":2,"ipv4_addresses":1,"memory_in_gb":6,"storage_in_gb":50,"privacy":"public","icon":null}}'
    headers:
      Access-Control-Allow-Methods:
      - '*'
      Access-Control-Allow-Origin:
      - '*'
      Cache-Control:
      - max-age=0, private, must-revalidate
      Connection:
      - keep-alive
      Content-Length:
      - "196"
      Content-Type:
      - application/json
      Date:
      - Mon, 29 Mar 2021 17:49:24 GMT
      Etag:
      - W/"f55516151a40f23fb4bfa40a4cf0f035"
      Server:
      - nginx/1.14.0 (Ubuntu)
      Strict-Transport-Security:
      - max-age=31536000; includeSubDomains
      X-Ratelimit-Permitted:
      - "200"
      X-Ratelimit-Remaining:
      - "178"
      X-Request-Id:
      - aeea6db1-c144-4867-b0b1-ef88f0833174
    status: 200 OK
    code: 200
    duration: ""
