---
version: 1
interactions:
- request:
    body: ""
    form: {}
    headers:
      Accept:
      - application/json
      User-Agent:
      - Terraform/0.14.4 (+https://www.terraform.io) Terraform-Plugin-SDK/2.4.0 terraform-provider-katapult/0.0.999
    url: https://api.katapult.io/core/v1/organizations/_/available_networks?organization%5Bid%5D=org_eodfyqFF3YWb2OFC
    method: GET
  response:
    body: '{"networks":[{"id":"netw_gVRkZdSKczfNg34P","name":"Public Network","permalink":"uk-lon-01-public","data_center":{"id":"loc_UUhPmoCbpic6UX0Y","name":"London","permalink":"uk-lon-01"}}],"virtual_networks":[]}'
    headers:
      Access-Control-Allow-Methods:
      - '*'
      Access-Control-Allow-Origin:
      - '*'
      Cache-Control:
      - max-age=0, private, must-revalidate
      Connection:
      - keep-alive
      Content-Length:
      - "206"
      Content-Type:
      - application/json
      Date:
      - Sat, 09 Jan 2021 03:43:12 GMT
      Etag:
      - W/"83acdeeac637486bc5f2f53681d19f3b"
      Server:
      - nginx/1.14.0 (Ubuntu)
      Strict-Transport-Security:
      - max-age=31536000; includeSubDomains
      X-Ratelimit-Permitted:
      - "200"
      X-Ratelimit-Remaining:
      - "199"
      X-Request-Id:
      - 25af1b07-36f8-47fa-a34f-61d8580efe89
    status: 200 OK
    code: 200
    duration: ""
- request:
    body: |
      {"organization":{"id":"org_eodfyqFF3YWb2OFC"},"network":{"id":"netw_gVRkZdSKczfNg34P"},"version":"ipv4"}
    form: {}
    headers:
      Accept:
      - application/json
      Content-Type:
      - application/json
      User-Agent:
      - Terraform/0.14.4 (+https://www.terraform.io) Terraform-Plugin-SDK/2.4.0 terraform-provider-katapult/0.0.999
    url: https://api.katapult.io/core/v1/organizations/_/ip_addresses
    method: POST
  response:
    body: '{"ip_address":{"id":"ip_4NpwdFwllgkslcvO","address":"185.199.221.145","reverse_dns":"185-199-221-145.rdns.katapult.cloud","vip":false,"label":null,"address_with_mask":"185.199.221.145/24","network":{"id":"netw_gVRkZdSKczfNg34P","name":"Public Network","permalink":"uk-lon-01-public","data_center":{"id":"loc_UUhPmoCbpic6UX0Y","name":"London","permalink":"uk-lon-01","country":{"id":"ctry_6AO9tYYugvTGnd5b","name":"United Kingdom","iso_code2":"GB","iso_code3":"GBR","time_zone":"Europe/London","eu":true}}},"allocation_id":null,"allocation_type":null}}'
    headers:
      Access-Control-Allow-Methods:
      - '*'
      Access-Control-Allow-Origin:
      - '*'
      Cache-Control:
      - max-age=0, private, must-revalidate
      Connection:
      - keep-alive
      Content-Length:
      - "551"
      Content-Type:
      - application/json
      Date:
      - Sat, 09 Jan 2021 03:43:12 GMT
      Etag:
      - W/"f1de0341cf8c42081e8475539c267e1a"
      Server:
      - nginx/1.14.0 (Ubuntu)
      Strict-Transport-Security:
      - max-age=31536000; includeSubDomains
      X-Ratelimit-Permitted:
      - "200"
      X-Ratelimit-Remaining:
      - "198"
      X-Request-Id:
      - 60b27c22-b59c-49c5-aa27-4c5b637e8712
    status: 200 OK
    code: 200
    duration: ""
- request:
    body: ""
    form: {}
    headers:
      Accept:
      - application/json
      User-Agent:
      - Terraform/0.14.4 (+https://www.terraform.io) Terraform-Plugin-SDK/2.4.0 terraform-provider-katapult/0.0.999
    url: https://api.katapult.io/core/v1/ip_addresses/_?ip_address%5Bid%5D=ip_4NpwdFwllgkslcvO
    method: GET
  response:
    body: '{"ip_address":{"id":"ip_4NpwdFwllgkslcvO","address":"185.199.221.145","reverse_dns":"185-199-221-145.rdns.katapult.cloud","vip":false,"label":null,"address_with_mask":"185.199.221.145/24","network":{"id":"netw_gVRkZdSKczfNg34P","name":"Public Network","permalink":"uk-lon-01-public","data_center":{"id":"loc_UUhPmoCbpic6UX0Y","name":"London","permalink":"uk-lon-01","country":{"id":"ctry_6AO9tYYugvTGnd5b","name":"United Kingdom","iso_code2":"GB","iso_code3":"GBR","time_zone":"Europe/London","eu":true}}},"allocation_id":null,"allocation_type":null},"allocation":null}'
    headers:
      Access-Control-Allow-Methods:
      - '*'
      Access-Control-Allow-Origin:
      - '*'
      Cache-Control:
      - max-age=0, private, must-revalidate
      Connection:
      - keep-alive
      Content-Length:
      - "569"
      Content-Type:
      - application/json
      Date:
      - Sat, 09 Jan 2021 03:43:12 GMT
      Etag:
      - W/"8e7da04b574d94da2f12fe67cd17756f"
      Server:
      - nginx/1.14.0 (Ubuntu)
      Strict-Transport-Security:
      - max-age=31536000; includeSubDomains
      X-Ratelimit-Permitted:
      - "200"
      X-Ratelimit-Remaining:
      - "197"
      X-Request-Id:
      - 735f48d0-ed5a-4375-a372-28ca1e4ce5a4
    status: 200 OK
    code: 200
    duration: ""
- request:
    body: ""
    form: {}
    headers:
      Accept:
      - application/json
      User-Agent:
      - Terraform/0.14.4 (+https://www.terraform.io) Terraform-Plugin-SDK/2.4.0 terraform-provider-katapult/0.0.999
    url: https://api.katapult.io/core/v1/ip_addresses/_?ip_address%5Bid%5D=ip_4NpwdFwllgkslcvO
    method: GET
  response:
    body: '{"ip_address":{"id":"ip_4NpwdFwllgkslcvO","address":"185.199.221.145","reverse_dns":"185-199-221-145.rdns.katapult.cloud","vip":false,"label":null,"address_with_mask":"185.199.221.145/24","network":{"id":"netw_gVRkZdSKczfNg34P","name":"Public Network","permalink":"uk-lon-01-public","data_center":{"id":"loc_UUhPmoCbpic6UX0Y","name":"London","permalink":"uk-lon-01","country":{"id":"ctry_6AO9tYYugvTGnd5b","name":"United Kingdom","iso_code2":"GB","iso_code3":"GBR","time_zone":"Europe/London","eu":true}}},"allocation_id":null,"allocation_type":null},"allocation":null}'
    headers:
      Access-Control-Allow-Methods:
      - '*'
      Access-Control-Allow-Origin:
      - '*'
      Cache-Control:
      - max-age=0, private, must-revalidate
      Connection:
      - keep-alive
      Content-Length:
      - "569"
      Content-Type:
      - application/json
      Date:
      - Sat, 09 Jan 2021 03:43:12 GMT
      Etag:
      - W/"8e7da04b574d94da2f12fe67cd17756f"
      Server:
      - nginx/1.14.0 (Ubuntu)
      Strict-Transport-Security:
      - max-age=31536000; includeSubDomains
      X-Ratelimit-Permitted:
      - "200"
      X-Ratelimit-Remaining:
      - "196"
      X-Request-Id:
      - cea1cfb4-aae7-450d-925c-d0644f6e774f
    status: 200 OK
    code: 200
    duration: ""
- request:
    body: |
      {"organization":{"id":"org_eodfyqFF3YWb2OFC"},"xml":"<?xml version=\"1.0\" encoding=\"UTF-8\"?>\n<VirtualMachineSpec><DataCenter>loc_UUhPmoCbpic6UX0Y</DataCenter><Resources><Package by=\"permalink\">rock-3</Package></Resources><DiskTemplate><DiskTemplate by=\"permalink\">templates/ubuntu-18-04</DiskTemplate><Option key=\"install_agent\">true</Option></DiskTemplate><NetworkInterfaces><NetworkInterface><Network>netw_gVRkZdSKczfNg34P</Network><IPAddressAllocation type=\"existing\"><IPAddress>ip_4NpwdFwllgkslcvO</IPAddress></IPAddressAllocation></NetworkInterface></NetworkInterfaces><Hostname><Hostname>tf-acc-test-data-source-by-ip-i4q3vh7b6j12-host</Hostname></Hostname><Name>tf-acc-test-data-source-by-ip-i4q3vh7b6j12</Name><Description>A web server.</Description><AuthorizedKeys><Users all=\"yes\"></Users><SSHKeys all=\"yes\"></SSHKeys></AuthorizedKeys><Tags><Tag>web</Tag><Tag>public</Tag></Tags></VirtualMachineSpec>"}
    form: {}
    headers:
      Accept:
      - application/json
      Content-Type:
      - application/json
      User-Agent:
      - Terraform/0.14.4 (+https://www.terraform.io) Terraform-Plugin-SDK/2.4.0 terraform-provider-katapult/0.0.999
    url: https://api.katapult.io/core/v1/organizations/_/virtual_machines/build_from_spec
    method: POST
  response:
    body: '{"task":{"id":"task_JFNlzvuQ3zmM7IgS","name":"Build virtual machine","status":"pending"},"build":{"id":"vmbuild_ReO0yi84HG1Y6p8W","state":"pending"},"virtual_machine_build":{"id":"vmbuild_ReO0yi84HG1Y6p8W","state":"pending"},"hostname":"tf-acc-test-data-source-by-ip-i4q3vh7b6j12-host"}'
    headers:
      Access-Control-Allow-Methods:
      - '*'
      Access-Control-Allow-Origin:
      - '*'
      Cache-Control:
      - max-age=0, private, must-revalidate
      Connection:
      - keep-alive
      Content-Length:
      - "286"
      Content-Type:
      - application/json
      Date:
      - Sat, 09 Jan 2021 03:43:12 GMT
      Etag:
      - W/"3d868e3b0deb3f69e0ea87281756ef3b"
      Server:
      - nginx/1.14.0 (Ubuntu)
      Strict-Transport-Security:
      - max-age=31536000; includeSubDomains
      X-Ratelimit-Permitted:
      - "200"
      X-Ratelimit-Remaining:
      - "195"
      X-Request-Id:
      - 5831d724-500f-41fc-a0a9-db9598c0fb0a
    status: 201 Created
    code: 201
    duration: ""
- request:
    body: ""
    form: {}
    headers:
      Accept:
      - application/json
      User-Agent:
      - Terraform/0.14.4 (+https://www.terraform.io) Terraform-Plugin-SDK/2.4.0 terraform-provider-katapult/0.0.999
    url: https://api.katapult.io/core/v1/virtual_machines/builds/vmbuild_ReO0yi84HG1Y6p8W
    method: GET
  response:
    body: '{"virtual_machine_build":{"id":"vmbuild_ReO0yi84HG1Y6p8W","spec_xml":"\u003c?xml version=\"1.0\"?\u003e\n\u003cVirtualMachineSpec\u003e\n  \u003cDataCenter\u003eloc_UUhPmoCbpic6UX0Y\u003c/DataCenter\u003e\n  \u003cResources\u003e\n    \u003cPackage by=\"permalink\"\u003erock-3\u003c/Package\u003e\n  \u003c/Resources\u003e\n  \u003cDiskTemplate\u003e\n    \u003cDiskTemplate by=\"permalink\"\u003etemplates/ubuntu-18-04\u003c/DiskTemplate\u003e\n    \u003cVersion by=\"number\"\u003e1\u003c/Version\u003e\n    \u003cOption key=\"install_agent\"\u003etrue\u003c/Option\u003e\n  \u003c/DiskTemplate\u003e\n  \u003cNetworkInterfaces\u003e\n    \u003cNetworkInterface\u003e\n      \u003cNetwork\u003enetw_gVRkZdSKczfNg34P\u003c/Network\u003e\n      \u003cIPAddressAllocation type=\"existing\"\u003e\n        \u003cIPAddress by=\"address\"\u003e185.199.221.145\u003c/IPAddress\u003e\n      \u003c/IPAddressAllocation\u003e\n    \u003c/NetworkInterface\u003e\n  \u003c/NetworkInterfaces\u003e\n  \u003cHostname\u003e\n    \u003cHostname\u003etf-acc-test-data-source-by-ip-i4q3vh7b6j12-host\u003c/Hostname\u003e\n  \u003c/Hostname\u003e\n  \u003cName\u003etf-acc-test-data-source-by-ip-i4q3vh7b6j12\u003c/Name\u003e\n  \u003cDescription\u003eA web server.\u003c/Description\u003e\n  \u003cAuthorizedKeys\u003e\n    \u003cUsers all=\"yes\"/\u003e\n    \u003cSSHKeys all=\"yes\"/\u003e\n  \u003c/AuthorizedKeys\u003e\n  \u003cTags\u003e\n    \u003cTag\u003eweb\u003c/Tag\u003e\n    \u003cTag\u003epublic\u003c/Tag\u003e\n  \u003c/Tags\u003e\n\u003c/VirtualMachineSpec\u003e\n","state":"building","virtual_machine":{"id":"vm_RjSBv0U9ow6I9bj7","name":"tf-acc-test-data-source-by-ip-i4q3vh7b6j12","hostname":"tf-acc-test-data-source-by-ip-i4q3vh7b6j12-host","fqdn":"tf-acc-test-data-source-by-ip-i4q3vh7b6j12-host.terraform-acc-test.katapult.cloud","state":"stopped"},"created_at":1610163792}}'
    headers:
      Access-Control-Allow-Methods:
      - '*'
      Access-Control-Allow-Origin:
      - '*'
      Cache-Control:
      - max-age=0, private, must-revalidate
      Connection:
      - keep-alive
      Content-Length:
      - "1882"
      Content-Type:
      - application/json
      Date:
      - Sat, 09 Jan 2021 03:43:14 GMT
      Etag:
      - W/"bab1e408f809e9defc9ae0b42e3f35d4"
      Server:
      - nginx/1.14.0 (Ubuntu)
      Strict-Transport-Security:
      - max-age=31536000; includeSubDomains
      X-Ratelimit-Permitted:
      - "200"
      X-Ratelimit-Remaining:
      - "194"
      X-Request-Id:
      - d720b87b-31ce-4940-a0c6-7e623494e537
    status: 200 OK
    code: 200
    duration: ""
- request:
    body: ""
    form: {}
    headers:
      Accept:
      - application/json
      User-Agent:
      - Terraform/0.14.4 (+https://www.terraform.io) Terraform-Plugin-SDK/2.4.0 terraform-provider-katapult/0.0.999
    url: https://api.katapult.io/core/v1/virtual_machines/builds/vmbuild_ReO0yi84HG1Y6p8W
    method: GET
  response:
    body: '{"virtual_machine_build":{"id":"vmbuild_ReO0yi84HG1Y6p8W","spec_xml":"\u003c?xml version=\"1.0\"?\u003e\n\u003cVirtualMachineSpec\u003e\n  \u003cDataCenter\u003eloc_UUhPmoCbpic6UX0Y\u003c/DataCenter\u003e\n  \u003cResources\u003e\n    \u003cPackage by=\"permalink\"\u003erock-3\u003c/Package\u003e\n  \u003c/Resources\u003e\n  \u003cDiskTemplate\u003e\n    \u003cDiskTemplate by=\"permalink\"\u003etemplates/ubuntu-18-04\u003c/DiskTemplate\u003e\n    \u003cVersion by=\"number\"\u003e1\u003c/Version\u003e\n    \u003cOption key=\"install_agent\"\u003etrue\u003c/Option\u003e\n  \u003c/DiskTemplate\u003e\n  \u003cNetworkInterfaces\u003e\n    \u003cNetworkInterface\u003e\n      \u003cNetwork\u003enetw_gVRkZdSKczfNg34P\u003c/Network\u003e\n      \u003cIPAddressAllocation type=\"existing\"\u003e\n        \u003cIPAddress by=\"address\"\u003e185.199.221.145\u003c/IPAddress\u003e\n      \u003c/IPAddressAllocation\u003e\n    \u003c/NetworkInterface\u003e\n  \u003c/NetworkInterfaces\u003e\n  \u003cHostname\u003e\n    \u003cHostname\u003etf-acc-test-data-source-by-ip-i4q3vh7b6j12-host\u003c/Hostname\u003e\n  \u003c/Hostname\u003e\n  \u003cName\u003etf-acc-test-data-source-by-ip-i4q3vh7b6j12\u003c/Name\u003e\n  \u003cDescription\u003eA web server.\u003c/Description\u003e\n  \u003cAuthorizedKeys\u003e\n    \u003cUsers all=\"yes\"/\u003e\n    \u003cSSHKeys all=\"yes\"/\u003e\n  \u003c/AuthorizedKeys\u003e\n  \u003cTags\u003e\n    \u003cTag\u003eweb\u003c/Tag\u003e\n    \u003cTag\u003epublic\u003c/Tag\u003e\n  \u003c/Tags\u003e\n\u003c/VirtualMachineSpec\u003e\n","state":"building","virtual_machine":{"id":"vm_RjSBv0U9ow6I9bj7","name":"tf-acc-test-data-source-by-ip-i4q3vh7b6j12","hostname":"tf-acc-test-data-source-by-ip-i4q3vh7b6j12-host","fqdn":"tf-acc-test-data-source-by-ip-i4q3vh7b6j12-host.terraform-acc-test.katapult.cloud","state":"stopped"},"created_at":1610163792}}'
    headers:
      Access-Control-Allow-Methods:
      - '*'
      Access-Control-Allow-Origin:
      - '*'
      Cache-Control:
      - max-age=0, private, must-revalidate
      Connection:
      - keep-alive
      Content-Length:
      - "1882"
      Content-Type:
      - application/json
      Date:
      - Sat, 09 Jan 2021 03:43:19 GMT
      Etag:
      - W/"bab1e408f809e9defc9ae0b42e3f35d4"
      Server:
      - nginx/1.14.0 (Ubuntu)
      Strict-Transport-Security:
      - max-age=31536000; includeSubDomains
      X-Ratelimit-Permitted:
      - "200"
      X-Ratelimit-Remaining:
      - "193"
      X-Request-Id:
      - c09ce5ba-7a98-4236-b0aa-c502f62cde34
    status: 200 OK
    code: 200
    duration: ""
- request:
    body: ""
    form: {}
    headers:
      Accept:
      - application/json
      User-Agent:
      - Terraform/0.14.4 (+https://www.terraform.io) Terraform-Plugin-SDK/2.4.0 terraform-provider-katapult/0.0.999
    url: https://api.katapult.io/core/v1/virtual_machines/builds/vmbuild_ReO0yi84HG1Y6p8W
    method: GET
  response:
    body: '{"virtual_machine_build":{"id":"vmbuild_ReO0yi84HG1Y6p8W","spec_xml":"\u003c?xml version=\"1.0\"?\u003e\n\u003cVirtualMachineSpec\u003e\n  \u003cDataCenter\u003eloc_UUhPmoCbpic6UX0Y\u003c/DataCenter\u003e\n  \u003cResources\u003e\n    \u003cPackage by=\"permalink\"\u003erock-3\u003c/Package\u003e\n  \u003c/Resources\u003e\n  \u003cDiskTemplate\u003e\n    \u003cDiskTemplate by=\"permalink\"\u003etemplates/ubuntu-18-04\u003c/DiskTemplate\u003e\n    \u003cVersion by=\"number\"\u003e1\u003c/Version\u003e\n    \u003cOption key=\"install_agent\"\u003etrue\u003c/Option\u003e\n  \u003c/DiskTemplate\u003e\n  \u003cNetworkInterfaces\u003e\n    \u003cNetworkInterface\u003e\n      \u003cNetwork\u003enetw_gVRkZdSKczfNg34P\u003c/Network\u003e\n      \u003cIPAddressAllocation type=\"existing\"\u003e\n        \u003cIPAddress by=\"address\"\u003e185.199.221.145\u003c/IPAddress\u003e\n      \u003c/IPAddressAllocation\u003e\n    \u003c/NetworkInterface\u003e\n  \u003c/NetworkInterfaces\u003e\n  \u003cHostname\u003e\n    \u003cHostname\u003etf-acc-test-data-source-by-ip-i4q3vh7b6j12-host\u003c/Hostname\u003e\n  \u003c/Hostname\u003e\n  \u003cName\u003etf-acc-test-data-source-by-ip-i4q3vh7b6j12\u003c/Name\u003e\n  \u003cDescription\u003eA web server.\u003c/Description\u003e\n  \u003cAuthorizedKeys\u003e\n    \u003cUsers all=\"yes\"/\u003e\n    \u003cSSHKeys all=\"yes\"/\u003e\n  \u003c/AuthorizedKeys\u003e\n  \u003cTags\u003e\n    \u003cTag\u003eweb\u003c/Tag\u003e\n    \u003cTag\u003epublic\u003c/Tag\u003e\n  \u003c/Tags\u003e\n\u003c/VirtualMachineSpec\u003e\n","state":"complete","virtual_machine":{"id":"vm_RjSBv0U9ow6I9bj7","name":"tf-acc-test-data-source-by-ip-i4q3vh7b6j12","hostname":"tf-acc-test-data-source-by-ip-i4q3vh7b6j12-host","fqdn":"tf-acc-test-data-source-by-ip-i4q3vh7b6j12-host.terraform-acc-test.katapult.cloud","state":"started"},"created_at":1610163792}}'
    headers:
      Access-Control-Allow-Methods:
      - '*'
      Access-Control-Allow-Origin:
      - '*'
      Cache-Control:
      - max-age=0, private, must-revalidate
      Connection:
      - keep-alive
      Content-Length:
      - "1882"
      Content-Type:
      - application/json
      Date:
      - Sat, 09 Jan 2021 03:43:29 GMT
      Etag:
      - W/"7a751c3221f4efb1673d36f2f53fb6fd"
      Server:
      - nginx/1.14.0 (Ubuntu)
      Strict-Transport-Security:
      - max-age=31536000; includeSubDomains
      X-Ratelimit-Permitted:
      - "200"
      X-Ratelimit-Remaining:
      - "192"
      X-Request-Id:
      - db657d94-4e3c-47f7-88f6-e9ce880771c6
    status: 200 OK
    code: 200
    duration: ""
- request:
    body: |
      {"virtual_machine":{"id":"vm_RjSBv0U9ow6I9bj7"},"properties":{"tag_names":["web","public"]}}
    form: {}
    headers:
      Accept:
      - application/json
      Content-Type:
      - application/json
      User-Agent:
      - Terraform/0.14.4 (+https://www.terraform.io) Terraform-Plugin-SDK/2.4.0 terraform-provider-katapult/0.0.999
    url: https://api.katapult.io/core/v1/virtual_machines/_
    method: PATCH
  response:
    body: '{"virtual_machine":{"id":"vm_RjSBv0U9ow6I9bj7","name":"tf-acc-test-data-source-by-ip-i4q3vh7b6j12","hostname":"tf-acc-test-data-source-by-ip-i4q3vh7b6j12-host","fqdn":"tf-acc-test-data-source-by-ip-i4q3vh7b6j12-host.terraform-acc-test.katapult.cloud","description":"A web server.","created_at":1610163793,"initial_root_password":"n8uqTNcMHId8imLr","state":"started","zone":{"id":"zone_7Uuz6wzE17ZShh8f","name":"LON1","permalink":"lon-zone-1","data_center":{"id":"loc_UUhPmoCbpic6UX0Y","name":"London","permalink":"uk-lon-01","country":{"id":"ctry_6AO9tYYugvTGnd5b","name":"United Kingdom","iso_code2":"GB","iso_code3":"GBR","time_zone":"Europe/London","eu":true}}},"organization":{"id":"org_eodfyqFF3YWb2OFC","name":"terraform-acc-test","sub_domain":"terraform-acc-test","infrastructure_domain":"terraform-acc-test.katapult.cloud","personal":false,"created_at":1605785692,"suspended":false,"managed":false,"billing_name":"terraform-acc-test","address1":"Kemp House","address2":"152 - 160 City Road","address3":"London","address4":null,"postcode":"EC1V 2NX","vat_number":null,"currency":{"id":"cur_zShCGgjgBz4EbnX1","name":"British Pound","iso_code":"GBP","symbol":"£"},"country":{"id":"ctry_6AO9tYYugvTGnd5b","name":"United Kingdom","iso_code2":"GB","iso_code3":"GBR","time_zone":"Europe/London","eu":true},"country_state":null},"group":null,"package":{"id":"vmpkg_Eh5LYVKScVHpj7sM","name":"ROCK-3","permalink":"rock-3","cpu_cores":1,"ipv4_addresses":1,"memory_in_gb":3,"storage_in_gb":25,"privacy":"public","icon":null},"attached_iso":null,"tags":[{"id":"tag_NqAjIfOyzSMyuFPS","name":"web","color":"pastel_orange","created_at":1610021329},{"id":"tag_YuRGuWJE432q8wxT","name":"public","color":"pink","created_at":1610021329}],"tag_names":["web","public"],"ip_addresses":[{"id":"ip_4NpwdFwllgkslcvO","address":"185.199.221.145","reverse_dns":"tf-acc-test-data-source-by-ip-i4q3vh7b6j12-host.terraform-acc-test.katapult.cloud","vip":false,"label":null,"address_with_mask":"185.199.221.145/24","network":{"id":"netw_gVRkZdSKczfNg34P","name":"Public Network","permalink":"uk-lon-01-public","data_center":{"id":"loc_UUhPmoCbpic6UX0Y","name":"London","permalink":"uk-lon-01","country":{"id":"ctry_6AO9tYYugvTGnd5b","name":"United Kingdom","iso_code2":"GB","iso_code3":"GBR","time_zone":"Europe/London","eu":true}}},"allocation_id":"vm_RjSBv0U9ow6I9bj7","allocation_type":"VirtualMachine"}]}}'
    headers:
      Access-Control-Allow-Methods:
      - '*'
      Access-Control-Allow-Origin:
      - '*'
      Cache-Control:
      - max-age=0, private, must-revalidate
      Connection:
      - keep-alive
      Content-Length:
      - "2386"
      Content-Type:
      - application/json
      Date:
      - Sat, 09 Jan 2021 03:43:29 GMT
      Etag:
      - W/"79607c8e8b64d0df5d753e14aa1de142"
      Server:
      - nginx/1.14.0 (Ubuntu)
      Strict-Transport-Security:
      - max-age=31536000; includeSubDomains
      X-Ratelimit-Permitted:
      - "200"
      X-Ratelimit-Remaining:
      - "191"
      X-Request-Id:
      - d49e5742-3b9a-4e04-b9c0-610293a5ce68
    status: 200 OK
    code: 200
    duration: ""
- request:
    body: ""
    form: {}
    headers:
      Accept:
      - application/json
      User-Agent:
      - Terraform/0.14.4 (+https://www.terraform.io) Terraform-Plugin-SDK/2.4.0 terraform-provider-katapult/0.0.999
    url: https://api.katapult.io/core/v1/virtual_machines/_?virtual_machine%5Bid%5D=vm_RjSBv0U9ow6I9bj7
    method: GET
  response:
    body: '{"virtual_machine":{"id":"vm_RjSBv0U9ow6I9bj7","name":"tf-acc-test-data-source-by-ip-i4q3vh7b6j12","hostname":"tf-acc-test-data-source-by-ip-i4q3vh7b6j12-host","fqdn":"tf-acc-test-data-source-by-ip-i4q3vh7b6j12-host.terraform-acc-test.katapult.cloud","description":"A web server.","created_at":1610163793,"initial_root_password":"n8uqTNcMHId8imLr","state":"started","zone":{"id":"zone_7Uuz6wzE17ZShh8f","name":"LON1","permalink":"lon-zone-1","data_center":{"id":"loc_UUhPmoCbpic6UX0Y","name":"London","permalink":"uk-lon-01","country":{"id":"ctry_6AO9tYYugvTGnd5b","name":"United Kingdom","iso_code2":"GB","iso_code3":"GBR","time_zone":"Europe/London","eu":true}}},"organization":{"id":"org_eodfyqFF3YWb2OFC","name":"terraform-acc-test","sub_domain":"terraform-acc-test","infrastructure_domain":"terraform-acc-test.katapult.cloud","personal":false,"created_at":1605785692,"suspended":false,"managed":false,"billing_name":"terraform-acc-test","address1":"Kemp House","address2":"152 - 160 City Road","address3":"London","address4":null,"postcode":"EC1V 2NX","vat_number":null,"currency":{"id":"cur_zShCGgjgBz4EbnX1","name":"British Pound","iso_code":"GBP","symbol":"£"},"country":{"id":"ctry_6AO9tYYugvTGnd5b","name":"United Kingdom","iso_code2":"GB","iso_code3":"GBR","time_zone":"Europe/London","eu":true},"country_state":null},"group":null,"package":{"id":"vmpkg_Eh5LYVKScVHpj7sM","name":"ROCK-3","permalink":"rock-3","cpu_cores":1,"ipv4_addresses":1,"memory_in_gb":3,"storage_in_gb":25,"privacy":"public","icon":null},"attached_iso":null,"tags":[{"id":"tag_NqAjIfOyzSMyuFPS","name":"web","color":"pastel_orange","created_at":1610021329},{"id":"tag_YuRGuWJE432q8wxT","name":"public","color":"pink","created_at":1610021329}],"tag_names":["web","public"],"ip_addresses":[{"id":"ip_4NpwdFwllgkslcvO","address":"185.199.221.145","reverse_dns":"tf-acc-test-data-source-by-ip-i4q3vh7b6j12-host.terraform-acc-test.katapult.cloud","vip":false,"label":null,"address_with_mask":"185.199.221.145/24","network":{"id":"netw_gVRkZdSKczfNg34P","name":"Public Network","permalink":"uk-lon-01-public","data_center":{"id":"loc_UUhPmoCbpic6UX0Y","name":"London","permalink":"uk-lon-01","country":{"id":"ctry_6AO9tYYugvTGnd5b","name":"United Kingdom","iso_code2":"GB","iso_code3":"GBR","time_zone":"Europe/London","eu":true}}},"allocation_id":"vm_RjSBv0U9ow6I9bj7","allocation_type":"VirtualMachine"}]}}'
    headers:
      Access-Control-Allow-Methods:
      - '*'
      Access-Control-Allow-Origin:
      - '*'
      Cache-Control:
      - max-age=0, private, must-revalidate
      Connection:
      - keep-alive
      Content-Length:
      - "2386"
      Content-Type:
      - application/json
      Date:
      - Sat, 09 Jan 2021 03:43:31 GMT
      Etag:
      - W/"79607c8e8b64d0df5d753e14aa1de142"
      Server:
      - nginx/1.14.0 (Ubuntu)
      Strict-Transport-Security:
      - max-age=31536000; includeSubDomains
      X-Ratelimit-Permitted:
      - "200"
      X-Ratelimit-Remaining:
      - "190"
      X-Request-Id:
      - cb428703-ddb7-4d21-a07b-66550c2ce04e
    status: 200 OK
    code: 200
    duration: ""
- request:
    body: ""
    form: {}
    headers:
      Accept:
      - application/json
      User-Agent:
      - Terraform/0.14.4 (+https://www.terraform.io) Terraform-Plugin-SDK/2.4.0 terraform-provider-katapult/0.0.999
    url: https://api.katapult.io/core/v1/virtual_machines/_?virtual_machine%5Bid%5D=vm_RjSBv0U9ow6I9bj7
    method: GET
  response:
    body: '{"virtual_machine":{"id":"vm_RjSBv0U9ow6I9bj7","name":"tf-acc-test-data-source-by-ip-i4q3vh7b6j12","hostname":"tf-acc-test-data-source-by-ip-i4q3vh7b6j12-host","fqdn":"tf-acc-test-data-source-by-ip-i4q3vh7b6j12-host.terraform-acc-test.katapult.cloud","description":"A web server.","created_at":1610163793,"initial_root_password":"n8uqTNcMHId8imLr","state":"started","zone":{"id":"zone_7Uuz6wzE17ZShh8f","name":"LON1","permalink":"lon-zone-1","data_center":{"id":"loc_UUhPmoCbpic6UX0Y","name":"London","permalink":"uk-lon-01","country":{"id":"ctry_6AO9tYYugvTGnd5b","name":"United Kingdom","iso_code2":"GB","iso_code3":"GBR","time_zone":"Europe/London","eu":true}}},"organization":{"id":"org_eodfyqFF3YWb2OFC","name":"terraform-acc-test","sub_domain":"terraform-acc-test","infrastructure_domain":"terraform-acc-test.katapult.cloud","personal":false,"created_at":1605785692,"suspended":false,"managed":false,"billing_name":"terraform-acc-test","address1":"Kemp House","address2":"152 - 160 City Road","address3":"London","address4":null,"postcode":"EC1V 2NX","vat_number":null,"currency":{"id":"cur_zShCGgjgBz4EbnX1","name":"British Pound","iso_code":"GBP","symbol":"£"},"country":{"id":"ctry_6AO9tYYugvTGnd5b","name":"United Kingdom","iso_code2":"GB","iso_code3":"GBR","time_zone":"Europe/London","eu":true},"country_state":null},"group":null,"package":{"id":"vmpkg_Eh5LYVKScVHpj7sM","name":"ROCK-3","permalink":"rock-3","cpu_cores":1,"ipv4_addresses":1,"memory_in_gb":3,"storage_in_gb":25,"privacy":"public","icon":null},"attached_iso":null,"tags":[{"id":"tag_NqAjIfOyzSMyuFPS","name":"web","color":"pastel_orange","created_at":1610021329},{"id":"tag_YuRGuWJE432q8wxT","name":"public","color":"pink","created_at":1610021329}],"tag_names":["web","public"],"ip_addresses":[{"id":"ip_4NpwdFwllgkslcvO","address":"185.199.221.145","reverse_dns":"tf-acc-test-data-source-by-ip-i4q3vh7b6j12-host.terraform-acc-test.katapult.cloud","vip":false,"label":null,"address_with_mask":"185.199.221.145/24","network":{"id":"netw_gVRkZdSKczfNg34P","name":"Public Network","permalink":"uk-lon-01-public","data_center":{"id":"loc_UUhPmoCbpic6UX0Y","name":"London","permalink":"uk-lon-01","country":{"id":"ctry_6AO9tYYugvTGnd5b","name":"United Kingdom","iso_code2":"GB","iso_code3":"GBR","time_zone":"Europe/London","eu":true}}},"allocation_id":"vm_RjSBv0U9ow6I9bj7","allocation_type":"VirtualMachine"}]}}'
    headers:
      Access-Control-Allow-Methods:
      - '*'
      Access-Control-Allow-Origin:
      - '*'
      Cache-Control:
      - max-age=0, private, must-revalidate
      Connection:
      - keep-alive
      Content-Length:
      - "2386"
      Content-Type:
      - application/json
      Date:
      - Sat, 09 Jan 2021 03:43:31 GMT
      Etag:
      - W/"79607c8e8b64d0df5d753e14aa1de142"
      Server:
      - nginx/1.14.0 (Ubuntu)
      Strict-Transport-Security:
      - max-age=31536000; includeSubDomains
      X-Ratelimit-Permitted:
      - "200"
      X-Ratelimit-Remaining:
      - "189"
      X-Request-Id:
      - e1ec1a29-87f1-42f2-853a-e90815300773
    status: 200 OK
    code: 200
    duration: ""
- request:
    body: ""
    form: {}
    headers:
      Accept:
      - application/json
      User-Agent:
      - Terraform/0.14.4 (+https://www.terraform.io) Terraform-Plugin-SDK/2.4.0 terraform-provider-katapult/0.0.999
    url: https://api.katapult.io/core/v1/virtual_machines/_?virtual_machine%5Bid%5D=vm_RjSBv0U9ow6I9bj7
    method: GET
  response:
    body: '{"virtual_machine":{"id":"vm_RjSBv0U9ow6I9bj7","name":"tf-acc-test-data-source-by-ip-i4q3vh7b6j12","hostname":"tf-acc-test-data-source-by-ip-i4q3vh7b6j12-host","fqdn":"tf-acc-test-data-source-by-ip-i4q3vh7b6j12-host.terraform-acc-test.katapult.cloud","description":"A web server.","created_at":1610163793,"initial_root_password":"n8uqTNcMHId8imLr","state":"started","zone":{"id":"zone_7Uuz6wzE17ZShh8f","name":"LON1","permalink":"lon-zone-1","data_center":{"id":"loc_UUhPmoCbpic6UX0Y","name":"London","permalink":"uk-lon-01","country":{"id":"ctry_6AO9tYYugvTGnd5b","name":"United Kingdom","iso_code2":"GB","iso_code3":"GBR","time_zone":"Europe/London","eu":true}}},"organization":{"id":"org_eodfyqFF3YWb2OFC","name":"terraform-acc-test","sub_domain":"terraform-acc-test","infrastructure_domain":"terraform-acc-test.katapult.cloud","personal":false,"created_at":1605785692,"suspended":false,"managed":false,"billing_name":"terraform-acc-test","address1":"Kemp House","address2":"152 - 160 City Road","address3":"London","address4":null,"postcode":"EC1V 2NX","vat_number":null,"currency":{"id":"cur_zShCGgjgBz4EbnX1","name":"British Pound","iso_code":"GBP","symbol":"£"},"country":{"id":"ctry_6AO9tYYugvTGnd5b","name":"United Kingdom","iso_code2":"GB","iso_code3":"GBR","time_zone":"Europe/London","eu":true},"country_state":null},"group":null,"package":{"id":"vmpkg_Eh5LYVKScVHpj7sM","name":"ROCK-3","permalink":"rock-3","cpu_cores":1,"ipv4_addresses":1,"memory_in_gb":3,"storage_in_gb":25,"privacy":"public","icon":null},"attached_iso":null,"tags":[{"id":"tag_NqAjIfOyzSMyuFPS","name":"web","color":"pastel_orange","created_at":1610021329},{"id":"tag_YuRGuWJE432q8wxT","name":"public","color":"pink","created_at":1610021329}],"tag_names":["web","public"],"ip_addresses":[{"id":"ip_4NpwdFwllgkslcvO","address":"185.199.221.145","reverse_dns":"tf-acc-test-data-source-by-ip-i4q3vh7b6j12-host.terraform-acc-test.katapult.cloud","vip":false,"label":null,"address_with_mask":"185.199.221.145/24","network":{"id":"netw_gVRkZdSKczfNg34P","name":"Public Network","permalink":"uk-lon-01-public","data_center":{"id":"loc_UUhPmoCbpic6UX0Y","name":"London","permalink":"uk-lon-01","country":{"id":"ctry_6AO9tYYugvTGnd5b","name":"United Kingdom","iso_code2":"GB","iso_code3":"GBR","time_zone":"Europe/London","eu":true}}},"allocation_id":"vm_RjSBv0U9ow6I9bj7","allocation_type":"VirtualMachine"}]}}'
    headers:
      Access-Control-Allow-Methods:
      - '*'
      Access-Control-Allow-Origin:
      - '*'
      Cache-Control:
      - max-age=0, private, must-revalidate
      Connection:
      - keep-alive
      Content-Length:
      - "2386"
      Content-Type:
      - application/json
      Date:
      - Sat, 09 Jan 2021 03:43:32 GMT
      Etag:
      - W/"79607c8e8b64d0df5d753e14aa1de142"
      Server:
      - nginx/1.14.0 (Ubuntu)
      Strict-Transport-Security:
      - max-age=31536000; includeSubDomains
      X-Ratelimit-Permitted:
      - "200"
      X-Ratelimit-Remaining:
      - "188"
      X-Request-Id:
      - 767a8864-fe97-4cb9-abda-16329a42d71e
    status: 200 OK
    code: 200
    duration: ""
- request:
    body: ""
    form: {}
    headers:
      Accept:
      - application/json
      User-Agent:
      - Terraform/ (+https://www.terraform.io) Terraform-Plugin-SDK/2.4.0 terraform-provider-katapult/0.0.999
    url: https://api.katapult.io/core/v1/virtual_machines/_?virtual_machine%5Bid%5D=vm_RjSBv0U9ow6I9bj7
    method: GET
  response:
    body: '{"virtual_machine":{"id":"vm_RjSBv0U9ow6I9bj7","name":"tf-acc-test-data-source-by-ip-i4q3vh7b6j12","hostname":"tf-acc-test-data-source-by-ip-i4q3vh7b6j12-host","fqdn":"tf-acc-test-data-source-by-ip-i4q3vh7b6j12-host.terraform-acc-test.katapult.cloud","description":"A web server.","created_at":1610163793,"initial_root_password":"n8uqTNcMHId8imLr","state":"started","zone":{"id":"zone_7Uuz6wzE17ZShh8f","name":"LON1","permalink":"lon-zone-1","data_center":{"id":"loc_UUhPmoCbpic6UX0Y","name":"London","permalink":"uk-lon-01","country":{"id":"ctry_6AO9tYYugvTGnd5b","name":"United Kingdom","iso_code2":"GB","iso_code3":"GBR","time_zone":"Europe/London","eu":true}}},"organization":{"id":"org_eodfyqFF3YWb2OFC","name":"terraform-acc-test","sub_domain":"terraform-acc-test","infrastructure_domain":"terraform-acc-test.katapult.cloud","personal":false,"created_at":1605785692,"suspended":false,"managed":false,"billing_name":"terraform-acc-test","address1":"Kemp House","address2":"152 - 160 City Road","address3":"London","address4":null,"postcode":"EC1V 2NX","vat_number":null,"currency":{"id":"cur_zShCGgjgBz4EbnX1","name":"British Pound","iso_code":"GBP","symbol":"£"},"country":{"id":"ctry_6AO9tYYugvTGnd5b","name":"United Kingdom","iso_code2":"GB","iso_code3":"GBR","time_zone":"Europe/London","eu":true},"country_state":null},"group":null,"package":{"id":"vmpkg_Eh5LYVKScVHpj7sM","name":"ROCK-3","permalink":"rock-3","cpu_cores":1,"ipv4_addresses":1,"memory_in_gb":3,"storage_in_gb":25,"privacy":"public","icon":null},"attached_iso":null,"tags":[{"id":"tag_NqAjIfOyzSMyuFPS","name":"web","color":"pastel_orange","created_at":1610021329},{"id":"tag_YuRGuWJE432q8wxT","name":"public","color":"pink","created_at":1610021329}],"tag_names":["web","public"],"ip_addresses":[{"id":"ip_4NpwdFwllgkslcvO","address":"185.199.221.145","reverse_dns":"tf-acc-test-data-source-by-ip-i4q3vh7b6j12-host.terraform-acc-test.katapult.cloud","vip":false,"label":null,"address_with_mask":"185.199.221.145/24","network":{"id":"netw_gVRkZdSKczfNg34P","name":"Public Network","permalink":"uk-lon-01-public","data_center":{"id":"loc_UUhPmoCbpic6UX0Y","name":"London","permalink":"uk-lon-01","country":{"id":"ctry_6AO9tYYugvTGnd5b","name":"United Kingdom","iso_code2":"GB","iso_code3":"GBR","time_zone":"Europe/London","eu":true}}},"allocation_id":"vm_RjSBv0U9ow6I9bj7","allocation_type":"VirtualMachine"}]}}'
    headers:
      Access-Control-Allow-Methods:
      - '*'
      Access-Control-Allow-Origin:
      - '*'
      Cache-Control:
      - max-age=0, private, must-revalidate
      Connection:
      - keep-alive
      Content-Length:
      - "2386"
      Content-Type:
      - application/json
      Date:
      - Sat, 09 Jan 2021 03:43:32 GMT
      Etag:
      - W/"79607c8e8b64d0df5d753e14aa1de142"
      Server:
      - nginx/1.14.0 (Ubuntu)
      Strict-Transport-Security:
      - max-age=31536000; includeSubDomains
      X-Ratelimit-Permitted:
      - "200"
      X-Ratelimit-Remaining:
      - "187"
      X-Request-Id:
      - 3efa6a88-2bb4-4b9c-9e1a-314d2483f9db
    status: 200 OK
    code: 200
    duration: ""
- request:
    body: ""
    form: {}
    headers:
      Accept:
      - application/json
      User-Agent:
      - Terraform/0.14.4 (+https://www.terraform.io) Terraform-Plugin-SDK/2.4.0 terraform-provider-katapult/0.0.999
    url: https://api.katapult.io/core/v1/virtual_machines/_?virtual_machine%5Bid%5D=vm_RjSBv0U9ow6I9bj7
    method: GET
  response:
    body: '{"virtual_machine":{"id":"vm_RjSBv0U9ow6I9bj7","name":"tf-acc-test-data-source-by-ip-i4q3vh7b6j12","hostname":"tf-acc-test-data-source-by-ip-i4q3vh7b6j12-host","fqdn":"tf-acc-test-data-source-by-ip-i4q3vh7b6j12-host.terraform-acc-test.katapult.cloud","description":"A web server.","created_at":1610163793,"initial_root_password":"n8uqTNcMHId8imLr","state":"started","zone":{"id":"zone_7Uuz6wzE17ZShh8f","name":"LON1","permalink":"lon-zone-1","data_center":{"id":"loc_UUhPmoCbpic6UX0Y","name":"London","permalink":"uk-lon-01","country":{"id":"ctry_6AO9tYYugvTGnd5b","name":"United Kingdom","iso_code2":"GB","iso_code3":"GBR","time_zone":"Europe/London","eu":true}}},"organization":{"id":"org_eodfyqFF3YWb2OFC","name":"terraform-acc-test","sub_domain":"terraform-acc-test","infrastructure_domain":"terraform-acc-test.katapult.cloud","personal":false,"created_at":1605785692,"suspended":false,"managed":false,"billing_name":"terraform-acc-test","address1":"Kemp House","address2":"152 - 160 City Road","address3":"London","address4":null,"postcode":"EC1V 2NX","vat_number":null,"currency":{"id":"cur_zShCGgjgBz4EbnX1","name":"British Pound","iso_code":"GBP","symbol":"£"},"country":{"id":"ctry_6AO9tYYugvTGnd5b","name":"United Kingdom","iso_code2":"GB","iso_code3":"GBR","time_zone":"Europe/London","eu":true},"country_state":null},"group":null,"package":{"id":"vmpkg_Eh5LYVKScVHpj7sM","name":"ROCK-3","permalink":"rock-3","cpu_cores":1,"ipv4_addresses":1,"memory_in_gb":3,"storage_in_gb":25,"privacy":"public","icon":null},"attached_iso":null,"tags":[{"id":"tag_NqAjIfOyzSMyuFPS","name":"web","color":"pastel_orange","created_at":1610021329},{"id":"tag_YuRGuWJE432q8wxT","name":"public","color":"pink","created_at":1610021329}],"tag_names":["web","public"],"ip_addresses":[{"id":"ip_4NpwdFwllgkslcvO","address":"185.199.221.145","reverse_dns":"tf-acc-test-data-source-by-ip-i4q3vh7b6j12-host.terraform-acc-test.katapult.cloud","vip":false,"label":null,"address_with_mask":"185.199.221.145/24","network":{"id":"netw_gVRkZdSKczfNg34P","name":"Public Network","permalink":"uk-lon-01-public","data_center":{"id":"loc_UUhPmoCbpic6UX0Y","name":"London","permalink":"uk-lon-01","country":{"id":"ctry_6AO9tYYugvTGnd5b","name":"United Kingdom","iso_code2":"GB","iso_code3":"GBR","time_zone":"Europe/London","eu":true}}},"allocation_id":"vm_RjSBv0U9ow6I9bj7","allocation_type":"VirtualMachine"}]}}'
    headers:
      Access-Control-Allow-Methods:
      - '*'
      Access-Control-Allow-Origin:
      - '*'
      Cache-Control:
      - max-age=0, private, must-revalidate
      Connection:
      - keep-alive
      Content-Length:
      - "2386"
      Content-Type:
      - application/json
      Date:
      - Sat, 09 Jan 2021 03:43:32 GMT
      Etag:
      - W/"79607c8e8b64d0df5d753e14aa1de142"
      Server:
      - nginx/1.14.0 (Ubuntu)
      Strict-Transport-Security:
      - max-age=31536000; includeSubDomains
      X-Ratelimit-Permitted:
      - "200"
      X-Ratelimit-Remaining:
      - "186"
      X-Request-Id:
      - 9f2512e6-7013-421b-b4ba-0f8a24b38f86
    status: 200 OK
    code: 200
    duration: ""
- request:
    body: ""
    form: {}
    headers:
      Accept:
      - application/json
      User-Agent:
      - Terraform/0.14.4 (+https://www.terraform.io) Terraform-Plugin-SDK/2.4.0 terraform-provider-katapult/0.0.999
    url: https://api.katapult.io/core/v1/ip_addresses/_?ip_address%5Bid%5D=ip_4NpwdFwllgkslcvO
    method: GET
  response:
    body: '{"ip_address":{"id":"ip_4NpwdFwllgkslcvO","address":"185.199.221.145","reverse_dns":"tf-acc-test-data-source-by-ip-i4q3vh7b6j12-host.terraform-acc-test.katapult.cloud","vip":false,"label":null,"address_with_mask":"185.199.221.145/24","network":{"id":"netw_gVRkZdSKczfNg34P","name":"Public Network","permalink":"uk-lon-01-public","data_center":{"id":"loc_UUhPmoCbpic6UX0Y","name":"London","permalink":"uk-lon-01","country":{"id":"ctry_6AO9tYYugvTGnd5b","name":"United Kingdom","iso_code2":"GB","iso_code3":"GBR","time_zone":"Europe/London","eu":true}}},"allocation_id":"vm_RjSBv0U9ow6I9bj7","allocation_type":"VirtualMachine"},"allocation":{"type":"VirtualMachine","value":{"id":"vm_RjSBv0U9ow6I9bj7","name":"tf-acc-test-data-source-by-ip-i4q3vh7b6j12"}}}'
    headers:
      Access-Control-Allow-Methods:
      - '*'
      Access-Control-Allow-Origin:
      - '*'
      Cache-Control:
      - max-age=0, private, must-revalidate
      Connection:
      - keep-alive
      Content-Length:
      - "754"
      Content-Type:
      - application/json
      Date:
      - Sat, 09 Jan 2021 03:43:33 GMT
      Etag:
      - W/"d8fd5ad8b9d52e8f8112358f3161c788"
      Server:
      - nginx/1.14.0 (Ubuntu)
      Strict-Transport-Security:
      - max-age=31536000; includeSubDomains
      X-Ratelimit-Permitted:
      - "200"
      X-Ratelimit-Remaining:
      - "185"
      X-Request-Id:
      - 5c3a7c99-2137-41c8-8c26-baaa4e42dc0a
    status: 200 OK
    code: 200
    duration: ""
- request:
    body: ""
    form: {}
    headers:
      Accept:
      - application/json
      User-Agent:
      - Terraform/0.14.4 (+https://www.terraform.io) Terraform-Plugin-SDK/2.4.0 terraform-provider-katapult/0.0.999
    url: https://api.katapult.io/core/v1/virtual_machines/_?virtual_machine%5Bid%5D=vm_RjSBv0U9ow6I9bj7
    method: GET
  response:
    body: '{"virtual_machine":{"id":"vm_RjSBv0U9ow6I9bj7","name":"tf-acc-test-data-source-by-ip-i4q3vh7b6j12","hostname":"tf-acc-test-data-source-by-ip-i4q3vh7b6j12-host","fqdn":"tf-acc-test-data-source-by-ip-i4q3vh7b6j12-host.terraform-acc-test.katapult.cloud","description":"A web server.","created_at":1610163793,"initial_root_password":"n8uqTNcMHId8imLr","state":"started","zone":{"id":"zone_7Uuz6wzE17ZShh8f","name":"LON1","permalink":"lon-zone-1","data_center":{"id":"loc_UUhPmoCbpic6UX0Y","name":"London","permalink":"uk-lon-01","country":{"id":"ctry_6AO9tYYugvTGnd5b","name":"United Kingdom","iso_code2":"GB","iso_code3":"GBR","time_zone":"Europe/London","eu":true}}},"organization":{"id":"org_eodfyqFF3YWb2OFC","name":"terraform-acc-test","sub_domain":"terraform-acc-test","infrastructure_domain":"terraform-acc-test.katapult.cloud","personal":false,"created_at":1605785692,"suspended":false,"managed":false,"billing_name":"terraform-acc-test","address1":"Kemp House","address2":"152 - 160 City Road","address3":"London","address4":null,"postcode":"EC1V 2NX","vat_number":null,"currency":{"id":"cur_zShCGgjgBz4EbnX1","name":"British Pound","iso_code":"GBP","symbol":"£"},"country":{"id":"ctry_6AO9tYYugvTGnd5b","name":"United Kingdom","iso_code2":"GB","iso_code3":"GBR","time_zone":"Europe/London","eu":true},"country_state":null},"group":null,"package":{"id":"vmpkg_Eh5LYVKScVHpj7sM","name":"ROCK-3","permalink":"rock-3","cpu_cores":1,"ipv4_addresses":1,"memory_in_gb":3,"storage_in_gb":25,"privacy":"public","icon":null},"attached_iso":null,"tags":[{"id":"tag_NqAjIfOyzSMyuFPS","name":"web","color":"pastel_orange","created_at":1610021329},{"id":"tag_YuRGuWJE432q8wxT","name":"public","color":"pink","created_at":1610021329}],"tag_names":["web","public"],"ip_addresses":[{"id":"ip_4NpwdFwllgkslcvO","address":"185.199.221.145","reverse_dns":"tf-acc-test-data-source-by-ip-i4q3vh7b6j12-host.terraform-acc-test.katapult.cloud","vip":false,"label":null,"address_with_mask":"185.199.221.145/24","network":{"id":"netw_gVRkZdSKczfNg34P","name":"Public Network","permalink":"uk-lon-01-public","data_center":{"id":"loc_UUhPmoCbpic6UX0Y","name":"London","permalink":"uk-lon-01","country":{"id":"ctry_6AO9tYYugvTGnd5b","name":"United Kingdom","iso_code2":"GB","iso_code3":"GBR","time_zone":"Europe/London","eu":true}}},"allocation_id":"vm_RjSBv0U9ow6I9bj7","allocation_type":"VirtualMachine"}]}}'
    headers:
      Access-Control-Allow-Methods:
      - '*'
      Access-Control-Allow-Origin:
      - '*'
      Cache-Control:
      - max-age=0, private, must-revalidate
      Connection:
      - keep-alive
      Content-Length:
      - "2386"
      Content-Type:
      - application/json
      Date:
      - Sat, 09 Jan 2021 03:43:33 GMT
      Etag:
      - W/"79607c8e8b64d0df5d753e14aa1de142"
      Server:
      - nginx/1.14.0 (Ubuntu)
      Strict-Transport-Security:
      - max-age=31536000; includeSubDomains
      X-Ratelimit-Permitted:
      - "200"
      X-Ratelimit-Remaining:
      - "184"
      X-Request-Id:
      - ae8cf6c0-b094-4749-bf53-e756073f45eb
    status: 200 OK
    code: 200
    duration: ""
- request:
    body: ""
    form: {}
    headers:
      Accept:
      - application/json
      User-Agent:
      - Terraform/0.14.4 (+https://www.terraform.io) Terraform-Plugin-SDK/2.4.0 terraform-provider-katapult/0.0.999
    url: https://api.katapult.io/core/v1/virtual_machines/_?virtual_machine%5Bid%5D=vm_RjSBv0U9ow6I9bj7
    method: GET
  response:
    body: '{"virtual_machine":{"id":"vm_RjSBv0U9ow6I9bj7","name":"tf-acc-test-data-source-by-ip-i4q3vh7b6j12","hostname":"tf-acc-test-data-source-by-ip-i4q3vh7b6j12-host","fqdn":"tf-acc-test-data-source-by-ip-i4q3vh7b6j12-host.terraform-acc-test.katapult.cloud","description":"A web server.","created_at":1610163793,"initial_root_password":"n8uqTNcMHId8imLr","state":"started","zone":{"id":"zone_7Uuz6wzE17ZShh8f","name":"LON1","permalink":"lon-zone-1","data_center":{"id":"loc_UUhPmoCbpic6UX0Y","name":"London","permalink":"uk-lon-01","country":{"id":"ctry_6AO9tYYugvTGnd5b","name":"United Kingdom","iso_code2":"GB","iso_code3":"GBR","time_zone":"Europe/London","eu":true}}},"organization":{"id":"org_eodfyqFF3YWb2OFC","name":"terraform-acc-test","sub_domain":"terraform-acc-test","infrastructure_domain":"terraform-acc-test.katapult.cloud","personal":false,"created_at":1605785692,"suspended":false,"managed":false,"billing_name":"terraform-acc-test","address1":"Kemp House","address2":"152 - 160 City Road","address3":"London","address4":null,"postcode":"EC1V 2NX","vat_number":null,"currency":{"id":"cur_zShCGgjgBz4EbnX1","name":"British Pound","iso_code":"GBP","symbol":"£"},"country":{"id":"ctry_6AO9tYYugvTGnd5b","name":"United Kingdom","iso_code2":"GB","iso_code3":"GBR","time_zone":"Europe/London","eu":true},"country_state":null},"group":null,"package":{"id":"vmpkg_Eh5LYVKScVHpj7sM","name":"ROCK-3","permalink":"rock-3","cpu_cores":1,"ipv4_addresses":1,"memory_in_gb":3,"storage_in_gb":25,"privacy":"public","icon":null},"attached_iso":null,"tags":[{"id":"tag_NqAjIfOyzSMyuFPS","name":"web","color":"pastel_orange","created_at":1610021329},{"id":"tag_YuRGuWJE432q8wxT","name":"public","color":"pink","created_at":1610021329}],"tag_names":["web","public"],"ip_addresses":[{"id":"ip_4NpwdFwllgkslcvO","address":"185.199.221.145","reverse_dns":"tf-acc-test-data-source-by-ip-i4q3vh7b6j12-host.terraform-acc-test.katapult.cloud","vip":false,"label":null,"address_with_mask":"185.199.221.145/24","network":{"id":"netw_gVRkZdSKczfNg34P","name":"Public Network","permalink":"uk-lon-01-public","data_center":{"id":"loc_UUhPmoCbpic6UX0Y","name":"London","permalink":"uk-lon-01","country":{"id":"ctry_6AO9tYYugvTGnd5b","name":"United Kingdom","iso_code2":"GB","iso_code3":"GBR","time_zone":"Europe/London","eu":true}}},"allocation_id":"vm_RjSBv0U9ow6I9bj7","allocation_type":"VirtualMachine"}]}}'
    headers:
      Access-Control-Allow-Methods:
      - '*'
      Access-Control-Allow-Origin:
      - '*'
      Cache-Control:
      - max-age=0, private, must-revalidate
      Connection:
      - keep-alive
      Content-Length:
      - "2386"
      Content-Type:
      - application/json
      Date:
      - Sat, 09 Jan 2021 03:43:33 GMT
      Etag:
      - W/"79607c8e8b64d0df5d753e14aa1de142"
      Server:
      - nginx/1.14.0 (Ubuntu)
      Strict-Transport-Security:
      - max-age=31536000; includeSubDomains
      X-Ratelimit-Permitted:
      - "200"
      X-Ratelimit-Remaining:
      - "183"
      X-Request-Id:
      - de47863a-e8f6-4b6c-865a-0defa51e4116
    status: 200 OK
    code: 200
    duration: ""
- request:
    body: ""
    form: {}
    headers:
      Accept:
      - application/json
      User-Agent:
      - Terraform/0.14.4 (+https://www.terraform.io) Terraform-Plugin-SDK/2.4.0 terraform-provider-katapult/0.0.999
    url: https://api.katapult.io/core/v1/virtual_machines/_?virtual_machine%5Bid%5D=vm_RjSBv0U9ow6I9bj7
    method: GET
  response:
    body: '{"virtual_machine":{"id":"vm_RjSBv0U9ow6I9bj7","name":"tf-acc-test-data-source-by-ip-i4q3vh7b6j12","hostname":"tf-acc-test-data-source-by-ip-i4q3vh7b6j12-host","fqdn":"tf-acc-test-data-source-by-ip-i4q3vh7b6j12-host.terraform-acc-test.katapult.cloud","description":"A web server.","created_at":1610163793,"initial_root_password":"n8uqTNcMHId8imLr","state":"started","zone":{"id":"zone_7Uuz6wzE17ZShh8f","name":"LON1","permalink":"lon-zone-1","data_center":{"id":"loc_UUhPmoCbpic6UX0Y","name":"London","permalink":"uk-lon-01","country":{"id":"ctry_6AO9tYYugvTGnd5b","name":"United Kingdom","iso_code2":"GB","iso_code3":"GBR","time_zone":"Europe/London","eu":true}}},"organization":{"id":"org_eodfyqFF3YWb2OFC","name":"terraform-acc-test","sub_domain":"terraform-acc-test","infrastructure_domain":"terraform-acc-test.katapult.cloud","personal":false,"created_at":1605785692,"suspended":false,"managed":false,"billing_name":"terraform-acc-test","address1":"Kemp House","address2":"152 - 160 City Road","address3":"London","address4":null,"postcode":"EC1V 2NX","vat_number":null,"currency":{"id":"cur_zShCGgjgBz4EbnX1","name":"British Pound","iso_code":"GBP","symbol":"£"},"country":{"id":"ctry_6AO9tYYugvTGnd5b","name":"United Kingdom","iso_code2":"GB","iso_code3":"GBR","time_zone":"Europe/London","eu":true},"country_state":null},"group":null,"package":{"id":"vmpkg_Eh5LYVKScVHpj7sM","name":"ROCK-3","permalink":"rock-3","cpu_cores":1,"ipv4_addresses":1,"memory_in_gb":3,"storage_in_gb":25,"privacy":"public","icon":null},"attached_iso":null,"tags":[{"id":"tag_NqAjIfOyzSMyuFPS","name":"web","color":"pastel_orange","created_at":1610021329},{"id":"tag_YuRGuWJE432q8wxT","name":"public","color":"pink","created_at":1610021329}],"tag_names":["web","public"],"ip_addresses":[{"id":"ip_4NpwdFwllgkslcvO","address":"185.199.221.145","reverse_dns":"tf-acc-test-data-source-by-ip-i4q3vh7b6j12-host.terraform-acc-test.katapult.cloud","vip":false,"label":null,"address_with_mask":"185.199.221.145/24","network":{"id":"netw_gVRkZdSKczfNg34P","name":"Public Network","permalink":"uk-lon-01-public","data_center":{"id":"loc_UUhPmoCbpic6UX0Y","name":"London","permalink":"uk-lon-01","country":{"id":"ctry_6AO9tYYugvTGnd5b","name":"United Kingdom","iso_code2":"GB","iso_code3":"GBR","time_zone":"Europe/London","eu":true}}},"allocation_id":"vm_RjSBv0U9ow6I9bj7","allocation_type":"VirtualMachine"}]}}'
    headers:
      Access-Control-Allow-Methods:
      - '*'
      Access-Control-Allow-Origin:
      - '*'
      Cache-Control:
      - max-age=0, private, must-revalidate
      Connection:
      - keep-alive
      Content-Length:
      - "2386"
      Content-Type:
      - application/json
      Date:
      - Sat, 09 Jan 2021 03:43:34 GMT
      Etag:
      - W/"79607c8e8b64d0df5d753e14aa1de142"
      Server:
      - nginx/1.14.0 (Ubuntu)
      Strict-Transport-Security:
      - max-age=31536000; includeSubDomains
      X-Ratelimit-Permitted:
      - "200"
      X-Ratelimit-Remaining:
      - "182"
      X-Request-Id:
      - 5bb55372-689b-4c38-b4f7-da57fe6bd891
    status: 200 OK
    code: 200
    duration: ""
- request:
    body: ""
    form: {}
    headers:
      Accept:
      - application/json
      User-Agent:
      - Terraform/0.14.4 (+https://www.terraform.io) Terraform-Plugin-SDK/2.4.0 terraform-provider-katapult/0.0.999
    url: https://api.katapult.io/core/v1/virtual_machines/_?virtual_machine%5Bid%5D=vm_RjSBv0U9ow6I9bj7
    method: GET
  response:
    body: '{"virtual_machine":{"id":"vm_RjSBv0U9ow6I9bj7","name":"tf-acc-test-data-source-by-ip-i4q3vh7b6j12","hostname":"tf-acc-test-data-source-by-ip-i4q3vh7b6j12-host","fqdn":"tf-acc-test-data-source-by-ip-i4q3vh7b6j12-host.terraform-acc-test.katapult.cloud","description":"A web server.","created_at":1610163793,"initial_root_password":"n8uqTNcMHId8imLr","state":"started","zone":{"id":"zone_7Uuz6wzE17ZShh8f","name":"LON1","permalink":"lon-zone-1","data_center":{"id":"loc_UUhPmoCbpic6UX0Y","name":"London","permalink":"uk-lon-01","country":{"id":"ctry_6AO9tYYugvTGnd5b","name":"United Kingdom","iso_code2":"GB","iso_code3":"GBR","time_zone":"Europe/London","eu":true}}},"organization":{"id":"org_eodfyqFF3YWb2OFC","name":"terraform-acc-test","sub_domain":"terraform-acc-test","infrastructure_domain":"terraform-acc-test.katapult.cloud","personal":false,"created_at":1605785692,"suspended":false,"managed":false,"billing_name":"terraform-acc-test","address1":"Kemp House","address2":"152 - 160 City Road","address3":"London","address4":null,"postcode":"EC1V 2NX","vat_number":null,"currency":{"id":"cur_zShCGgjgBz4EbnX1","name":"British Pound","iso_code":"GBP","symbol":"£"},"country":{"id":"ctry_6AO9tYYugvTGnd5b","name":"United Kingdom","iso_code2":"GB","iso_code3":"GBR","time_zone":"Europe/London","eu":true},"country_state":null},"group":null,"package":{"id":"vmpkg_Eh5LYVKScVHpj7sM","name":"ROCK-3","permalink":"rock-3","cpu_cores":1,"ipv4_addresses":1,"memory_in_gb":3,"storage_in_gb":25,"privacy":"public","icon":null},"attached_iso":null,"tags":[{"id":"tag_NqAjIfOyzSMyuFPS","name":"web","color":"pastel_orange","created_at":1610021329},{"id":"tag_YuRGuWJE432q8wxT","name":"public","color":"pink","created_at":1610021329}],"tag_names":["web","public"],"ip_addresses":[{"id":"ip_4NpwdFwllgkslcvO","address":"185.199.221.145","reverse_dns":"tf-acc-test-data-source-by-ip-i4q3vh7b6j12-host.terraform-acc-test.katapult.cloud","vip":false,"label":null,"address_with_mask":"185.199.221.145/24","network":{"id":"netw_gVRkZdSKczfNg34P","name":"Public Network","permalink":"uk-lon-01-public","data_center":{"id":"loc_UUhPmoCbpic6UX0Y","name":"London","permalink":"uk-lon-01","country":{"id":"ctry_6AO9tYYugvTGnd5b","name":"United Kingdom","iso_code2":"GB","iso_code3":"GBR","time_zone":"Europe/London","eu":true}}},"allocation_id":"vm_RjSBv0U9ow6I9bj7","allocation_type":"VirtualMachine"}]}}'
    headers:
      Access-Control-Allow-Methods:
      - '*'
      Access-Control-Allow-Origin:
      - '*'
      Cache-Control:
      - max-age=0, private, must-revalidate
      Connection:
      - keep-alive
      Content-Length:
      - "2386"
      Content-Type:
      - application/json
      Date:
      - Sat, 09 Jan 2021 03:43:34 GMT
      Etag:
      - W/"79607c8e8b64d0df5d753e14aa1de142"
      Server:
      - nginx/1.14.0 (Ubuntu)
      Strict-Transport-Security:
      - max-age=31536000; includeSubDomains
      X-Ratelimit-Permitted:
      - "200"
      X-Ratelimit-Remaining:
      - "181"
      X-Request-Id:
      - 873d1354-ac5e-42f0-8eff-361300f2bd4c
    status: 200 OK
    code: 200
    duration: ""
- request:
    body: ""
    form: {}
    headers:
      Accept:
      - application/json
      User-Agent:
      - Terraform/0.14.4 (+https://www.terraform.io) Terraform-Plugin-SDK/2.4.0 terraform-provider-katapult/0.0.999
    url: https://api.katapult.io/core/v1/virtual_machines/_/stop?virtual_machine%5Bid%5D=vm_RjSBv0U9ow6I9bj7
    method: POST
  response:
    body: '{"task":{"id":"task_zbyP1i8wpERfK96x","name":"Stop virtual machine","status":"pending"}}'
    headers:
      Access-Control-Allow-Methods:
      - '*'
      Access-Control-Allow-Origin:
      - '*'
      Cache-Control:
      - max-age=0, private, must-revalidate
      Connection:
      - keep-alive
      Content-Length:
      - "88"
      Content-Type:
      - application/json
      Date:
      - Sat, 09 Jan 2021 03:43:34 GMT
      Etag:
      - W/"8b4d27413bc321d3c860a776a914b57a"
      Server:
      - nginx/1.14.0 (Ubuntu)
      Strict-Transport-Security:
      - max-age=31536000; includeSubDomains
      X-Ratelimit-Permitted:
      - "200"
      X-Ratelimit-Remaining:
      - "180"
      X-Request-Id:
      - 8ed3759d-356c-4f8e-b85f-be83152ccdf6
    status: 200 OK
    code: 200
    duration: ""
- request:
    body: ""
    form: {}
    headers:
      Accept:
      - application/json
      User-Agent:
      - Terraform/0.14.4 (+https://www.terraform.io) Terraform-Plugin-SDK/2.4.0 terraform-provider-katapult/0.0.999
    url: https://api.katapult.io/core/v1/virtual_machines/_?virtual_machine%5Bid%5D=vm_RjSBv0U9ow6I9bj7
    method: GET
  response:
    body: '{"virtual_machine":{"id":"vm_RjSBv0U9ow6I9bj7","name":"tf-acc-test-data-source-by-ip-i4q3vh7b6j12","hostname":"tf-acc-test-data-source-by-ip-i4q3vh7b6j12-host","fqdn":"tf-acc-test-data-source-by-ip-i4q3vh7b6j12-host.terraform-acc-test.katapult.cloud","description":"A web server.","created_at":1610163793,"initial_root_password":"n8uqTNcMHId8imLr","state":"started","zone":{"id":"zone_7Uuz6wzE17ZShh8f","name":"LON1","permalink":"lon-zone-1","data_center":{"id":"loc_UUhPmoCbpic6UX0Y","name":"London","permalink":"uk-lon-01","country":{"id":"ctry_6AO9tYYugvTGnd5b","name":"United Kingdom","iso_code2":"GB","iso_code3":"GBR","time_zone":"Europe/London","eu":true}}},"organization":{"id":"org_eodfyqFF3YWb2OFC","name":"terraform-acc-test","sub_domain":"terraform-acc-test","infrastructure_domain":"terraform-acc-test.katapult.cloud","personal":false,"created_at":1605785692,"suspended":false,"managed":false,"billing_name":"terraform-acc-test","address1":"Kemp House","address2":"152 - 160 City Road","address3":"London","address4":null,"postcode":"EC1V 2NX","vat_number":null,"currency":{"id":"cur_zShCGgjgBz4EbnX1","name":"British Pound","iso_code":"GBP","symbol":"£"},"country":{"id":"ctry_6AO9tYYugvTGnd5b","name":"United Kingdom","iso_code2":"GB","iso_code3":"GBR","time_zone":"Europe/London","eu":true},"country_state":null},"group":null,"package":{"id":"vmpkg_Eh5LYVKScVHpj7sM","name":"ROCK-3","permalink":"rock-3","cpu_cores":1,"ipv4_addresses":1,"memory_in_gb":3,"storage_in_gb":25,"privacy":"public","icon":null},"attached_iso":null,"tags":[{"id":"tag_NqAjIfOyzSMyuFPS","name":"web","color":"pastel_orange","created_at":1610021329},{"id":"tag_YuRGuWJE432q8wxT","name":"public","color":"pink","created_at":1610021329}],"tag_names":["web","public"],"ip_addresses":[{"id":"ip_4NpwdFwllgkslcvO","address":"185.199.221.145","reverse_dns":"tf-acc-test-data-source-by-ip-i4q3vh7b6j12-host.terraform-acc-test.katapult.cloud","vip":false,"label":null,"address_with_mask":"185.199.221.145/24","network":{"id":"netw_gVRkZdSKczfNg34P","name":"Public Network","permalink":"uk-lon-01-public","data_center":{"id":"loc_UUhPmoCbpic6UX0Y","name":"London","permalink":"uk-lon-01","country":{"id":"ctry_6AO9tYYugvTGnd5b","name":"United Kingdom","iso_code2":"GB","iso_code3":"GBR","time_zone":"Europe/London","eu":true}}},"allocation_id":"vm_RjSBv0U9ow6I9bj7","allocation_type":"VirtualMachine"}]}}'
    headers:
      Access-Control-Allow-Methods:
      - '*'
      Access-Control-Allow-Origin:
      - '*'
      Cache-Control:
      - max-age=0, private, must-revalidate
      Connection:
      - keep-alive
      Content-Length:
      - "2386"
      Content-Type:
      - application/json
      Date:
      - Sat, 09 Jan 2021 03:43:36 GMT
      Etag:
      - W/"79607c8e8b64d0df5d753e14aa1de142"
      Server:
      - nginx/1.14.0 (Ubuntu)
      Strict-Transport-Security:
      - max-age=31536000; includeSubDomains
      X-Ratelimit-Permitted:
      - "200"
      X-Ratelimit-Remaining:
      - "179"
      X-Request-Id:
      - 97901541-1ab9-4347-9c58-134945777936
    status: 200 OK
    code: 200
    duration: ""
- request:
    body: ""
    form: {}
    headers:
      Accept:
      - application/json
      User-Agent:
      - Terraform/0.14.4 (+https://www.terraform.io) Terraform-Plugin-SDK/2.4.0 terraform-provider-katapult/0.0.999
    url: https://api.katapult.io/core/v1/virtual_machines/_?virtual_machine%5Bid%5D=vm_RjSBv0U9ow6I9bj7
    method: GET
  response:
    body: '{"virtual_machine":{"id":"vm_RjSBv0U9ow6I9bj7","name":"tf-acc-test-data-source-by-ip-i4q3vh7b6j12","hostname":"tf-acc-test-data-source-by-ip-i4q3vh7b6j12-host","fqdn":"tf-acc-test-data-source-by-ip-i4q3vh7b6j12-host.terraform-acc-test.katapult.cloud","description":"A web server.","created_at":1610163793,"initial_root_password":"n8uqTNcMHId8imLr","state":"started","zone":{"id":"zone_7Uuz6wzE17ZShh8f","name":"LON1","permalink":"lon-zone-1","data_center":{"id":"loc_UUhPmoCbpic6UX0Y","name":"London","permalink":"uk-lon-01","country":{"id":"ctry_6AO9tYYugvTGnd5b","name":"United Kingdom","iso_code2":"GB","iso_code3":"GBR","time_zone":"Europe/London","eu":true}}},"organization":{"id":"org_eodfyqFF3YWb2OFC","name":"terraform-acc-test","sub_domain":"terraform-acc-test","infrastructure_domain":"terraform-acc-test.katapult.cloud","personal":false,"created_at":1605785692,"suspended":false,"managed":false,"billing_name":"terraform-acc-test","address1":"Kemp House","address2":"152 - 160 City Road","address3":"London","address4":null,"postcode":"EC1V 2NX","vat_number":null,"currency":{"id":"cur_zShCGgjgBz4EbnX1","name":"British Pound","iso_code":"GBP","symbol":"£"},"country":{"id":"ctry_6AO9tYYugvTGnd5b","name":"United Kingdom","iso_code2":"GB","iso_code3":"GBR","time_zone":"Europe/London","eu":true},"country_state":null},"group":null,"package":{"id":"vmpkg_Eh5LYVKScVHpj7sM","name":"ROCK-3","permalink":"rock-3","cpu_cores":1,"ipv4_addresses":1,"memory_in_gb":3,"storage_in_gb":25,"privacy":"public","icon":null},"attached_iso":null,"tags":[{"id":"tag_NqAjIfOyzSMyuFPS","name":"web","color":"pastel_orange","created_at":1610021329},{"id":"tag_YuRGuWJE432q8wxT","name":"public","color":"pink","created_at":1610021329}],"tag_names":["web","public"],"ip_addresses":[{"id":"ip_4NpwdFwllgkslcvO","address":"185.199.221.145","reverse_dns":"tf-acc-test-data-source-by-ip-i4q3vh7b6j12-host.terraform-acc-test.katapult.cloud","vip":false,"label":null,"address_with_mask":"185.199.221.145/24","network":{"id":"netw_gVRkZdSKczfNg34P","name":"Public Network","permalink":"uk-lon-01-public","data_center":{"id":"loc_UUhPmoCbpic6UX0Y","name":"London","permalink":"uk-lon-01","country":{"id":"ctry_6AO9tYYugvTGnd5b","name":"United Kingdom","iso_code2":"GB","iso_code3":"GBR","time_zone":"Europe/London","eu":true}}},"allocation_id":"vm_RjSBv0U9ow6I9bj7","allocation_type":"VirtualMachine"}]}}'
    headers:
      Access-Control-Allow-Methods:
      - '*'
      Access-Control-Allow-Origin:
      - '*'
      Cache-Control:
      - max-age=0, private, must-revalidate
      Connection:
      - keep-alive
      Content-Length:
      - "2386"
      Content-Type:
      - application/json
      Date:
      - Sat, 09 Jan 2021 03:43:41 GMT
      Etag:
      - W/"79607c8e8b64d0df5d753e14aa1de142"
      Server:
      - nginx/1.14.0 (Ubuntu)
      Strict-Transport-Security:
      - max-age=31536000; includeSubDomains
      X-Ratelimit-Permitted:
      - "200"
      X-Ratelimit-Remaining:
      - "178"
      X-Request-Id:
      - 2a6f1bdb-d001-4735-994d-a3a9bb3f0b6d
    status: 200 OK
    code: 200
    duration: ""
- request:
    body: ""
    form: {}
    headers:
      Accept:
      - application/json
      User-Agent:
      - Terraform/0.14.4 (+https://www.terraform.io) Terraform-Plugin-SDK/2.4.0 terraform-provider-katapult/0.0.999
    url: https://api.katapult.io/core/v1/virtual_machines/_?virtual_machine%5Bid%5D=vm_RjSBv0U9ow6I9bj7
    method: GET
  response:
    body: '{"virtual_machine":{"id":"vm_RjSBv0U9ow6I9bj7","name":"tf-acc-test-data-source-by-ip-i4q3vh7b6j12","hostname":"tf-acc-test-data-source-by-ip-i4q3vh7b6j12-host","fqdn":"tf-acc-test-data-source-by-ip-i4q3vh7b6j12-host.terraform-acc-test.katapult.cloud","description":"A web server.","created_at":1610163793,"initial_root_password":"n8uqTNcMHId8imLr","state":"stopped","zone":{"id":"zone_7Uuz6wzE17ZShh8f","name":"LON1","permalink":"lon-zone-1","data_center":{"id":"loc_UUhPmoCbpic6UX0Y","name":"London","permalink":"uk-lon-01","country":{"id":"ctry_6AO9tYYugvTGnd5b","name":"United Kingdom","iso_code2":"GB","iso_code3":"GBR","time_zone":"Europe/London","eu":true}}},"organization":{"id":"org_eodfyqFF3YWb2OFC","name":"terraform-acc-test","sub_domain":"terraform-acc-test","infrastructure_domain":"terraform-acc-test.katapult.cloud","personal":false,"created_at":1605785692,"suspended":false,"managed":false,"billing_name":"terraform-acc-test","address1":"Kemp House","address2":"152 - 160 City Road","address3":"London","address4":null,"postcode":"EC1V 2NX","vat_number":null,"currency":{"id":"cur_zShCGgjgBz4EbnX1","name":"British Pound","iso_code":"GBP","symbol":"£"},"country":{"id":"ctry_6AO9tYYugvTGnd5b","name":"United Kingdom","iso_code2":"GB","iso_code3":"GBR","time_zone":"Europe/London","eu":true},"country_state":null},"group":null,"package":{"id":"vmpkg_Eh5LYVKScVHpj7sM","name":"ROCK-3","permalink":"rock-3","cpu_cores":1,"ipv4_addresses":1,"memory_in_gb":3,"storage_in_gb":25,"privacy":"public","icon":null},"attached_iso":null,"tags":[{"id":"tag_NqAjIfOyzSMyuFPS","name":"web","color":"pastel_orange","created_at":1610021329},{"id":"tag_YuRGuWJE432q8wxT","name":"public","color":"pink","created_at":1610021329}],"tag_names":["web","public"],"ip_addresses":[{"id":"ip_4NpwdFwllgkslcvO","address":"185.199.221.145","reverse_dns":"tf-acc-test-data-source-by-ip-i4q3vh7b6j12-host.terraform-acc-test.katapult.cloud","vip":false,"label":null,"address_with_mask":"185.199.221.145/24","network":{"id":"netw_gVRkZdSKczfNg34P","name":"Public Network","permalink":"uk-lon-01-public","data_center":{"id":"loc_UUhPmoCbpic6UX0Y","name":"London","permalink":"uk-lon-01","country":{"id":"ctry_6AO9tYYugvTGnd5b","name":"United Kingdom","iso_code2":"GB","iso_code3":"GBR","time_zone":"Europe/London","eu":true}}},"allocation_id":"vm_RjSBv0U9ow6I9bj7","allocation_type":"VirtualMachine"}]}}'
    headers:
      Access-Control-Allow-Methods:
      - '*'
      Access-Control-Allow-Origin:
      - '*'
      Cache-Control:
      - max-age=0, private, must-revalidate
      Connection:
      - keep-alive
      Content-Length:
      - "2386"
      Content-Type:
      - application/json
      Date:
      - Sat, 09 Jan 2021 03:43:51 GMT
      Etag:
      - W/"88d18d17fb668758170d3446733b0f56"
      Server:
      - nginx/1.14.0 (Ubuntu)
      Strict-Transport-Security:
      - max-age=31536000; includeSubDomains
      X-Ratelimit-Permitted:
      - "200"
      X-Ratelimit-Remaining:
      - "177"
      X-Request-Id:
      - c7b877c2-f954-40d4-bc14-60be9f685094
    status: 200 OK
    code: 200
    duration: ""
- request:
    body: ""
    form: {}
    headers:
      Accept:
      - application/json
      User-Agent:
      - Terraform/0.14.4 (+https://www.terraform.io) Terraform-Plugin-SDK/2.4.0 terraform-provider-katapult/0.0.999
    url: https://api.katapult.io/core/v1/virtual_machines/_?virtual_machine%5Bid%5D=vm_RjSBv0U9ow6I9bj7
    method: DELETE
  response:
    body: '{"trash_object":{"id":"trsh_Jxl8LlPHleSeS8U6","keep_until":1610336631,"object_id":"vm_RjSBv0U9ow6I9bj7","object_type":"VirtualMachine"}}'
    headers:
      Access-Control-Allow-Methods:
      - '*'
      Access-Control-Allow-Origin:
      - '*'
      Cache-Control:
      - max-age=0, private, must-revalidate
      Connection:
      - keep-alive
      Content-Length:
      - "136"
      Content-Type:
      - application/json
      Date:
      - Sat, 09 Jan 2021 03:43:52 GMT
      Etag:
      - W/"8678a98ac2d000a887f50c481be12f84"
      Server:
      - nginx/1.14.0 (Ubuntu)
      Strict-Transport-Security:
      - max-age=31536000; includeSubDomains
      X-Ratelimit-Permitted:
      - "200"
      X-Ratelimit-Remaining:
      - "176"
      X-Request-Id:
      - 298cc030-08b7-4c27-9858-62fa12ac4ffd
    status: 200 OK
    code: 200
    duration: ""
- request:
    body: ""
    form: {}
    headers:
      Accept:
      - application/json
      User-Agent:
      - Terraform/0.14.4 (+https://www.terraform.io) Terraform-Plugin-SDK/2.4.0 terraform-provider-katapult/0.0.999
    url: https://api.katapult.io/core/v1/ip_addresses/_/unallocate?ip_address%5Bid%5D=ip_4NpwdFwllgkslcvO
    method: POST
  response:
    body: '{}'
    headers:
      Access-Control-Allow-Methods:
      - '*'
      Access-Control-Allow-Origin:
      - '*'
      Cache-Control:
      - max-age=0, private, must-revalidate
      Connection:
      - keep-alive
      Content-Length:
      - "2"
      Content-Type:
      - application/json
      Date:
      - Sat, 09 Jan 2021 03:43:52 GMT
      Etag:
      - W/"44136fa355b3678a1146ad16f7e8649e"
      Server:
      - nginx/1.14.0 (Ubuntu)
      Strict-Transport-Security:
      - max-age=31536000; includeSubDomains
      X-Ratelimit-Permitted:
      - "200"
      X-Ratelimit-Remaining:
      - "175"
      X-Request-Id:
      - a24019ed-fc72-44db-874f-b0dd338f2f9d
    status: 200 OK
    code: 200
    duration: ""
- request:
    body: ""
    form: {}
    headers:
      Accept:
      - application/json
      User-Agent:
      - Terraform/0.14.4 (+https://www.terraform.io) Terraform-Plugin-SDK/2.4.0 terraform-provider-katapult/0.0.999
    url: https://api.katapult.io/core/v1/trash_objects/_?trash_object%5Bid%5D=trsh_Jxl8LlPHleSeS8U6
    method: DELETE
  response:
    body: '{"task":{"id":"task_YRwru7SxoLyaE5a5","name":"Purge items from trash","status":"pending","created_at":1610163832,"started_at":null,"finished_at":null,"progress":0}}'
    headers:
      Access-Control-Allow-Methods:
      - '*'
      Access-Control-Allow-Origin:
      - '*'
      Cache-Control:
      - max-age=0, private, must-revalidate
      Connection:
      - keep-alive
      Content-Length:
      - "164"
      Content-Type:
      - application/json
      Date:
      - Sat, 09 Jan 2021 03:43:52 GMT
      Etag:
      - W/"83162c1c1008759d3ff56c406c95c284"
      Server:
      - nginx/1.14.0 (Ubuntu)
      Strict-Transport-Security:
      - max-age=31536000; includeSubDomains
      X-Ratelimit-Permitted:
      - "200"
      X-Ratelimit-Remaining:
      - "174"
      X-Request-Id:
      - 0e9b2008-1282-41a5-9395-18088e1fb796
    status: 200 OK
    code: 200
    duration: ""
- request:
    body: ""
    form: {}
    headers:
      Accept:
      - application/json
      User-Agent:
      - Terraform/0.14.4 (+https://www.terraform.io) Terraform-Plugin-SDK/2.4.0 terraform-provider-katapult/0.0.999
    url: https://api.katapult.io/core/v1/tasks/task_YRwru7SxoLyaE5a5
    method: GET
  response:
    body: '{"task":{"id":"task_YRwru7SxoLyaE5a5","name":"Purge items from trash","status":"running","created_at":1610163832,"started_at":1610163832,"finished_at":null,"progress":5}}'
    headers:
      Access-Control-Allow-Methods:
      - '*'
      Access-Control-Allow-Origin:
      - '*'
      Cache-Control:
      - max-age=0, private, must-revalidate
      Connection:
      - keep-alive
      Content-Length:
      - "170"
      Content-Type:
      - application/json
      Date:
      - Sat, 09 Jan 2021 03:43:53 GMT
      Etag:
      - W/"230b9b5073dd69f059f3aafffad2c5b0"
      Server:
      - nginx/1.14.0 (Ubuntu)
      Strict-Transport-Security:
      - max-age=31536000; includeSubDomains
      X-Ratelimit-Permitted:
      - "200"
      X-Ratelimit-Remaining:
      - "173"
      X-Request-Id:
      - f8560802-629d-48a6-b6a0-cc2db7c72c07
    status: 200 OK
    code: 200
    duration: ""
- request:
    body: ""
    form: {}
    headers:
      Accept:
      - application/json
      User-Agent:
      - Terraform/0.14.4 (+https://www.terraform.io) Terraform-Plugin-SDK/2.4.0 terraform-provider-katapult/0.0.999
    url: https://api.katapult.io/core/v1/tasks/task_YRwru7SxoLyaE5a5
    method: GET
  response:
    body: '{"task":{"id":"task_YRwru7SxoLyaE5a5","name":"Purge items from trash","status":"completed","created_at":1610163832,"started_at":1610163832,"finished_at":1610163834,"progress":100}}'
    headers:
      Access-Control-Allow-Methods:
      - '*'
      Access-Control-Allow-Origin:
      - '*'
      Cache-Control:
      - max-age=0, private, must-revalidate
      Connection:
      - keep-alive
      Content-Length:
      - "180"
      Content-Type:
      - application/json
      Date:
      - Sat, 09 Jan 2021 03:43:58 GMT
      Etag:
      - W/"87d660a3a3eed343395da29d8ba63581"
      Server:
      - nginx/1.14.0 (Ubuntu)
      Strict-Transport-Security:
      - max-age=31536000; includeSubDomains
      X-Ratelimit-Permitted:
      - "200"
      X-Ratelimit-Remaining:
      - "172"
      X-Request-Id:
      - 9fa9d9ab-03eb-4819-b268-bab269e8e967
    status: 200 OK
    code: 200
    duration: ""
- request:
    body: ""
    form: {}
    headers:
      Accept:
      - application/json
      User-Agent:
      - Terraform/0.14.4 (+https://www.terraform.io) Terraform-Plugin-SDK/2.4.0 terraform-provider-katapult/0.0.999
    url: https://api.katapult.io/core/v1/ip_addresses/_?ip_address%5Bid%5D=ip_4NpwdFwllgkslcvO
    method: DELETE
  response:
    body: '{}'
    headers:
      Access-Control-Allow-Methods:
      - '*'
      Access-Control-Allow-Origin:
      - '*'
      Cache-Control:
      - max-age=0, private, must-revalidate
      Connection:
      - keep-alive
      Content-Length:
      - "2"
      Content-Type:
      - application/json
      Date:
      - Sat, 09 Jan 2021 03:43:58 GMT
      Etag:
      - W/"44136fa355b3678a1146ad16f7e8649e"
      Server:
      - nginx/1.14.0 (Ubuntu)
      Strict-Transport-Security:
      - max-age=31536000; includeSubDomains
      X-Ratelimit-Permitted:
      - "200"
      X-Ratelimit-Remaining:
      - "171"
      X-Request-Id:
      - 8e0ef7f2-e595-4f29-915b-2b9a991b43b3
    status: 200 OK
    code: 200
    duration: ""
