---
version: 1
interactions:
- request:
    body: ""
    form: {}
    headers:
      Accept:
      - application/json
      User-Agent:
      - Terraform/ (+https://www.terraform.io) Terraform-Plugin-SDK/2.3.0 terraform-provider-katapult/0.0.999
    url: https://api.katapult.io/core/v1/data_centers/loc_UUhPmoCbpic6UX0Y
    method: GET
  response:
    body: '{"data_center":{"id":"loc_UUhPmoCbpic6UX0Y","name":"London","permalink":"uk-lon-01","country":{"id":"ctry_6AO9tYYugvTGnd5b","name":"United Kingdom"}}}'
    headers:
      Access-Control-Allow-Methods:
      - '*'
      Access-Control-Allow-Origin:
      - '*'
      Cache-Control:
      - max-age=0, private, must-revalidate
      Connection:
      - keep-alive
      Content-Length:
      - "150"
      Content-Type:
      - application/json
      Date:
      - Wed, 16 Dec 2020 15:31:36 GMT
      Etag:
      - W/"472ac8fb76e85c650214cebfe1011d9e"
      Server:
      - nginx/1.14.0 (Ubuntu)
      Strict-Transport-Security:
      - max-age=31536000; includeSubDomains
      X-Ratelimit-Permitted:
      - "200"
      X-Ratelimit-Remaining:
      - "199"
      X-Request-Id:
      - 53b4087e-8560-4d47-a10b-bea981188237
    status: 200 OK
    code: 200
    duration: ""
- request:
    body: ""
    form: {}
    headers:
      Accept:
      - application/json
      User-Agent:
      - Terraform/0.14.2 (+https://www.terraform.io) Terraform-Plugin-SDK/2.3.0 terraform-provider-katapult/0.0.999
    url: https://api.katapult.io/core/v1/data_centers/_?data_center%5Bpermalink%5D=uk-lon-01
    method: GET
  response:
    body: '{"data_center":{"id":"loc_UUhPmoCbpic6UX0Y","name":"London","permalink":"uk-lon-01","country":{"id":"ctry_6AO9tYYugvTGnd5b","name":"United Kingdom"}}}'
    headers:
      Access-Control-Allow-Methods:
      - '*'
      Access-Control-Allow-Origin:
      - '*'
      Cache-Control:
      - max-age=0, private, must-revalidate
      Connection:
      - keep-alive
      Content-Length:
      - "150"
      Content-Type:
      - application/json
      Date:
      - Wed, 16 Dec 2020 15:31:50 GMT
      Etag:
      - W/"472ac8fb76e85c650214cebfe1011d9e"
      Server:
      - nginx/1.14.0 (Ubuntu)
      Strict-Transport-Security:
      - max-age=31536000; includeSubDomains
      X-Ratelimit-Permitted:
      - "200"
      X-Ratelimit-Remaining:
      - "189"
      X-Request-Id:
      - a1c7cce6-a27f-4c9c-bdaf-13346426c61f
    status: 200 OK
    code: 200
    duration: ""
- request:
    body: ""
    form: {}
    headers:
      Accept:
      - application/json
      User-Agent:
      - Terraform/0.14.2 (+https://www.terraform.io) Terraform-Plugin-SDK/2.3.0 terraform-provider-katapult/0.0.999
    url: https://api.katapult.io/core/v1/data_centers/_?data_center%5Bpermalink%5D=uk-lon-01
    method: GET
  response:
    body: '{"data_center":{"id":"loc_UUhPmoCbpic6UX0Y","name":"London","permalink":"uk-lon-01","country":{"id":"ctry_6AO9tYYugvTGnd5b","name":"United Kingdom"}}}'
    headers:
      Access-Control-Allow-Methods:
      - '*'
      Access-Control-Allow-Origin:
      - '*'
      Cache-Control:
      - max-age=0, private, must-revalidate
      Connection:
      - keep-alive
      Content-Length:
      - "150"
      Content-Type:
      - application/json
      Date:
      - Wed, 16 Dec 2020 15:31:52 GMT
      Etag:
      - W/"472ac8fb76e85c650214cebfe1011d9e"
      Server:
      - nginx/1.14.0 (Ubuntu)
      Strict-Transport-Security:
      - max-age=31536000; includeSubDomains
      X-Ratelimit-Permitted:
      - "200"
      X-Ratelimit-Remaining:
      - "184"
      X-Request-Id:
      - 525740a4-11ff-4df1-a846-68eaea488bc5
    status: 200 OK
    code: 200
    duration: ""
- request:
    body: ""
    form: {}
    headers:
      Accept:
      - application/json
      User-Agent:
      - Terraform/ (+https://www.terraform.io) Terraform-Plugin-SDK/2.3.0 terraform-provider-katapult/0.0.999
    url: https://api.katapult.io/core/v1/data_centers/loc_UUhPmoCbpic6UX0Y
    method: GET
  response:
    body: '{"data_center":{"id":"loc_UUhPmoCbpic6UX0Y","name":"London","permalink":"uk-lon-01","country":{"id":"ctry_6AO9tYYugvTGnd5b","name":"United Kingdom"}}}'
    headers:
      Access-Control-Allow-Methods:
      - '*'
      Access-Control-Allow-Origin:
      - '*'
      Cache-Control:
      - max-age=0, private, must-revalidate
      Connection:
      - keep-alive
      Content-Length:
      - "150"
      Content-Type:
      - application/json
      Date:
      - Wed, 16 Dec 2020 15:31:59 GMT
      Etag:
      - W/"472ac8fb76e85c650214cebfe1011d9e"
      Server:
      - nginx/1.14.0 (Ubuntu)
      Strict-Transport-Security:
      - max-age=31536000; includeSubDomains
      X-Ratelimit-Permitted:
      - "200"
      X-Ratelimit-Remaining:
      - "180"
      X-Request-Id:
      - 515e7ae4-fbb5-4c74-84b1-25b710cc0677
    status: 200 OK
    code: 200
    duration: ""
- request:
    body: ""
    form: {}
    headers:
      Accept:
      - application/json
      User-Agent:
      - Terraform/0.14.2 (+https://www.terraform.io) Terraform-Plugin-SDK/2.3.0 terraform-provider-katapult/0.0.999
    url: https://api.katapult.io/core/v1/data_centers/_?data_center%5Bpermalink%5D=uk-lon-01
    method: GET
  response:
    body: '{"data_center":{"id":"loc_UUhPmoCbpic6UX0Y","name":"London","permalink":"uk-lon-01","country":{"id":"ctry_6AO9tYYugvTGnd5b","name":"United Kingdom"}}}'
    headers:
      Access-Control-Allow-Methods:
      - '*'
      Access-Control-Allow-Origin:
      - '*'
      Cache-Control:
      - max-age=0, private, must-revalidate
      Connection:
      - keep-alive
      Content-Length:
      - "150"
      Content-Type:
      - application/json
      Date:
      - Wed, 16 Dec 2020 15:32:01 GMT
      Etag:
      - W/"472ac8fb76e85c650214cebfe1011d9e"
      Server:
      - nginx/1.14.0 (Ubuntu)
      Strict-Transport-Security:
      - max-age=31536000; includeSubDomains
      X-Ratelimit-Permitted:
      - "200"
      X-Ratelimit-Remaining:
      - "194"
      X-Request-Id:
      - bffc67a5-b7c2-4b83-a6f6-21aa07a19323
    status: 200 OK
    code: 200
    duration: ""
- request:
    body: ""
    form: {}
    headers:
      Accept:
      - application/json
      User-Agent:
      - Terraform/0.14.2 (+https://www.terraform.io) Terraform-Plugin-SDK/2.3.0 terraform-provider-katapult/0.0.999
    url: https://api.katapult.io/core/v1/data_centers/_?data_center%5Bpermalink%5D=uk-lon-01
    method: GET
  response:
    body: '{"data_center":{"id":"loc_UUhPmoCbpic6UX0Y","name":"London","permalink":"uk-lon-01","country":{"id":"ctry_6AO9tYYugvTGnd5b","name":"United Kingdom"}}}'
    headers:
      Access-Control-Allow-Methods:
      - '*'
      Access-Control-Allow-Origin:
      - '*'
      Cache-Control:
      - max-age=0, private, must-revalidate
      Connection:
      - keep-alive
      Content-Length:
      - "150"
      Content-Type:
      - application/json
      Date:
      - Wed, 16 Dec 2020 15:32:06 GMT
      Etag:
      - W/"472ac8fb76e85c650214cebfe1011d9e"
      Server:
      - nginx/1.14.0 (Ubuntu)
      Strict-Transport-Security:
      - max-age=31536000; includeSubDomains
      X-Ratelimit-Permitted:
      - "200"
      X-Ratelimit-Remaining:
      - "189"
      X-Request-Id:
      - 721f1350-9817-4881-be8a-55264af69065
    status: 200 OK
    code: 200
    duration: ""
- request:
    body: ""
    form: {}
    headers:
      Accept:
      - application/json
      User-Agent:
      - Terraform/0.14.2 (+https://www.terraform.io) Terraform-Plugin-SDK/2.3.0 terraform-provider-katapult/0.0.999
    url: https://api.katapult.io/core/v1/data_centers/_?data_center%5Bpermalink%5D=uk-lon-01
    method: GET
  response:
    body: '{"data_center":{"id":"loc_UUhPmoCbpic6UX0Y","name":"London","permalink":"uk-lon-01","country":{"id":"ctry_6AO9tYYugvTGnd5b","name":"United Kingdom"}}}'
    headers:
      Access-Control-Allow-Methods:
      - '*'
      Access-Control-Allow-Origin:
      - '*'
      Cache-Control:
      - max-age=0, private, must-revalidate
      Connection:
      - keep-alive
      Content-Length:
      - "150"
      Content-Type:
      - application/json
      Date:
      - Wed, 16 Dec 2020 15:32:09 GMT
      Etag:
      - W/"472ac8fb76e85c650214cebfe1011d9e"
      Server:
      - nginx/1.14.0 (Ubuntu)
      Strict-Transport-Security:
      - max-age=31536000; includeSubDomains
      X-Ratelimit-Permitted:
      - "200"
      X-Ratelimit-Remaining:
      - "183"
      X-Request-Id:
      - 77d205ab-d51d-40db-8dd9-63d660dd2fa3
    status: 200 OK
    code: 200
    duration: ""
