---
version: 1
interactions:
- request:
    body: |
      {"organization":{"sub_domain":"terraform-acc-test"},"properties":{"name":"tf-acc-test-data-source-include-rules-9tntzzonjz49","segregate":true}}
    form: {}
    headers:
      Accept:
      - application/json
      Content-Type:
      - application/json
      User-Agent:
      - Terraform/1.3.4 (+https://www.terraform.io) Terraform-Plugin-SDK/2.10.1 terraform-provider-katapult/0.0.999
    url: https://api.katapult.io/core/v1/organizations/_/virtual_machine_groups
    method: POST
  response:
    body: '{"virtual_machine_group":{"id":"vmgrp_5XTehc90oqGY346L","name":"tf-acc-test-data-source-include-rules-9tntzzonjz49","segregate":true,"created_at":1679595242}}'
    headers:
      Access-Control-Allow-Methods:
      - '*'
      Access-Control-Allow-Origin:
      - '*'
      Cache-Control:
      - max-age=0, private, must-revalidate
      Content-Length:
      - "158"
      Content-Type:
      - application/json
      Date:
      - Thu, 23 Mar 2023 18:14:02 GMT
      Etag:
      - W/"217a9766588669ae359d8e4347f0ef73"
      Server:
      - Caddy
      Strict-Transport-Security:
      - max-age=63072000; includeSubDomains
      X-Ratelimit-Permitted:
      - "1000"
      X-Ratelimit-Remaining:
      - "960"
      X-Request-Id:
      - bc6b2d5d-fa16-45f9-879b-f3ba9132adf5
    status: 200 OK
    code: 200
    duration: ""
- request:
    body: ""
    form: {}
    headers:
      Accept:
      - application/json
      User-Agent:
      - Terraform/1.3.4 (+https://www.terraform.io) Terraform-Plugin-SDK/2.10.1 terraform-provider-katapult/0.0.999
    url: https://api.katapult.io/core/v1/virtual_machine_groups/vmgrp_5XTehc90oqGY346L
    method: GET
  response:
    body: '{"virtual_machine_group":{"id":"vmgrp_5XTehc90oqGY346L","name":"tf-acc-test-data-source-include-rules-9tntzzonjz49","segregate":true,"created_at":1679595242}}'
    headers:
      Access-Control-Allow-Methods:
      - '*'
      Access-Control-Allow-Origin:
      - '*'
      Cache-Control:
      - max-age=0, private, must-revalidate
      Content-Length:
      - "158"
      Content-Type:
      - application/json
      Date:
      - Thu, 23 Mar 2023 18:14:02 GMT
      Etag:
      - W/"217a9766588669ae359d8e4347f0ef73"
      Server:
      - Caddy
      Strict-Transport-Security:
      - max-age=63072000; includeSubDomains
      X-Ratelimit-Permitted:
      - "1000"
      X-Ratelimit-Remaining:
      - "959"
      X-Request-Id:
      - 45fab4f8-2104-45d5-8eda-07a32678ea42
    status: 200 OK
    code: 200
    duration: ""
- request:
    body: |
      {"organization":{"sub_domain":"terraform-acc-test"},"properties":{"name":"tf-acc-test-data-source-include-rules-9tntzzonjz49","associations":["vmgrp_5XTehc90oqGY346L"],"allow_all_inbound":false,"allow_all_outbound":true}}
    form: {}
    headers:
      Accept:
      - application/json
      Content-Type:
      - application/json
      User-Agent:
      - Terraform/1.3.4 (+https://www.terraform.io) Terraform-Plugin-SDK/2.10.1 terraform-provider-katapult/0.0.999
    url: https://api.katapult.io/core/v1/organizations/_/security_groups
    method: POST
  response:
    body: '{"security_group":{"id":"sg_e6Wf8uI5MfxdRTCH","name":"tf-acc-test-data-source-include-rules-9tntzzonjz49","allow_all_inbound":false,"allow_all_outbound":true,"associations":["vmgrp_5XTehc90oqGY346L"]}}'
    headers:
      Access-Control-Allow-Methods:
      - '*'
      Access-Control-Allow-Origin:
      - '*'
      Cache-Control:
      - max-age=0, private, must-revalidate
      Content-Length:
      - "201"
      Content-Type:
      - application/json
      Date:
      - Thu, 23 Mar 2023 18:14:02 GMT
      Etag:
      - W/"643a191606b05416a1947ef3b729d744"
      Server:
      - Caddy
      Strict-Transport-Security:
      - max-age=63072000; includeSubDomains
      X-Ratelimit-Permitted:
      - "1000"
      X-Ratelimit-Remaining:
      - "958"
      X-Request-Id:
      - 17a2c6ec-b7dd-40b4-b474-704713799c05
    status: 200 OK
    code: 200
    duration: ""
- request:
    body: |
      {"properties":{"direction":"inbound","protocol":"TCP","ports":"22","targets":["10.0.0.0/8"],"notes":"SSH"}}
    form: {}
    headers:
      Accept:
      - application/json
      Content-Type:
      - application/json
      User-Agent:
      - Terraform/1.3.4 (+https://www.terraform.io) Terraform-Plugin-SDK/2.10.1 terraform-provider-katapult/0.0.999
    url: https://api.katapult.io/core/v1/security_groups/sg_e6Wf8uI5MfxdRTCH/rules
    method: POST
  response:
    body: '{"security_group_rule":{"id":"sgr_cRRt3xnROUe0qJjR","security_group":{"id":"sg_e6Wf8uI5MfxdRTCH","name":"tf-acc-test-data-source-include-rules-9tntzzonjz49"},"direction":"inbound","protocol":"TCP","ports":"22","targets":["10.0.0.0/8"],"notes":"SSH"}}'
    headers:
      Access-Control-Allow-Methods:
      - '*'
      Access-Control-Allow-Origin:
      - '*'
      Cache-Control:
      - max-age=0, private, must-revalidate
      Content-Length:
      - "250"
      Content-Type:
      - application/json
      Date:
      - Thu, 23 Mar 2023 18:14:02 GMT
      Etag:
      - W/"48d6fa179961d1cbad1100de6ea322cc"
      Server:
      - Caddy
      Strict-Transport-Security:
      - max-age=63072000; includeSubDomains
      X-Ratelimit-Permitted:
      - "1000"
      X-Ratelimit-Remaining:
      - "957"
      X-Request-Id:
      - 530c346d-14c1-4ea0-9ccd-37e1b629cb67
    status: 200 OK
    code: 200
    duration: ""
- request:
    body: |
      {"properties":{"direction":"inbound","protocol":"TCP","ports":"80","targets":["all:ipv6","all:ipv4"],"notes":"HTTP"}}
    form: {}
    headers:
      Accept:
      - application/json
      Content-Type:
      - application/json
      User-Agent:
      - Terraform/1.3.4 (+https://www.terraform.io) Terraform-Plugin-SDK/2.10.1 terraform-provider-katapult/0.0.999
    url: https://api.katapult.io/core/v1/security_groups/sg_e6Wf8uI5MfxdRTCH/rules
    method: POST
  response:
    body: '{"security_group_rule":{"id":"sgr_BhGbNmXKOI4zFsKu","security_group":{"id":"sg_e6Wf8uI5MfxdRTCH","name":"tf-acc-test-data-source-include-rules-9tntzzonjz49"},"direction":"inbound","protocol":"TCP","ports":"80","targets":["all:ipv6","all:ipv4"],"notes":"HTTP"}}'
    headers:
      Access-Control-Allow-Methods:
      - '*'
      Access-Control-Allow-Origin:
      - '*'
      Cache-Control:
      - max-age=0, private, must-revalidate
      Content-Length:
      - "260"
      Content-Type:
      - application/json
      Date:
      - Thu, 23 Mar 2023 18:14:02 GMT
      Etag:
      - W/"1ee228da49020ab3a1e00e2ef9f7a52e"
      Server:
      - Caddy
      Strict-Transport-Security:
      - max-age=63072000; includeSubDomains
      X-Ratelimit-Permitted:
      - "1000"
      X-Ratelimit-Remaining:
      - "955"
      X-Request-Id:
      - af5ae531-d4b9-4b64-a1d5-43b08a83ae7b
    status: 200 OK
    code: 200
    duration: ""
- request:
    body: ""
    form: {}
    headers:
      Accept:
      - application/json
      User-Agent:
      - Terraform/1.3.4 (+https://www.terraform.io) Terraform-Plugin-SDK/2.10.1 terraform-provider-katapult/0.0.999
    url: https://api.katapult.io/core/v1/security_groups/_?security_group%5Bid%5D=sg_e6Wf8uI5MfxdRTCH
    method: GET
  response:
    body: '{"security_group":{"id":"sg_e6Wf8uI5MfxdRTCH","name":"tf-acc-test-data-source-include-rules-9tntzzonjz49","allow_all_inbound":false,"allow_all_outbound":true,"associations":["vmgrp_5XTehc90oqGY346L"]}}'
    headers:
      Access-Control-Allow-Methods:
      - '*'
      Access-Control-Allow-Origin:
      - '*'
      Cache-Control:
      - max-age=0, private, must-revalidate
      Content-Length:
      - "201"
      Content-Type:
      - application/json
      Date:
      - Thu, 23 Mar 2023 18:14:02 GMT
      Etag:
      - W/"643a191606b05416a1947ef3b729d744"
      Server:
      - Caddy
      Strict-Transport-Security:
      - max-age=63072000; includeSubDomains
      X-Ratelimit-Permitted:
      - "1000"
      X-Ratelimit-Remaining:
      - "952"
      X-Request-Id:
      - 95eacad2-3f20-46d2-bf6f-43ba7de6018c
    status: 200 OK
    code: 200
    duration: ""
- request:
    body: ""
    form: {}
    headers:
      Accept:
      - application/json
      User-Agent:
      - Terraform/1.3.4 (+https://www.terraform.io) Terraform-Plugin-SDK/2.10.1 terraform-provider-katapult/0.0.999
    url: https://api.katapult.io/core/v1/security_groups/_/rules?page=1&security_group%5Bid%5D=sg_e6Wf8uI5MfxdRTCH
    method: GET
  response:
    body: '{"pagination":{"current_page":1,"total_pages":1,"total":2,"per_page":30,"large_set":false},"security_group_rules":[{"id":"sgr_cRRt3xnROUe0qJjR","direction":"inbound","protocol":"TCP","ports":"22","targets":["10.0.0.0/8"],"notes":"SSH"},{"id":"sgr_BhGbNmXKOI4zFsKu","direction":"inbound","protocol":"TCP","ports":"80","targets":["all:ipv6","all:ipv4"],"notes":"HTTP"}]}'
    headers:
      Access-Control-Allow-Methods:
      - '*'
      Access-Control-Allow-Origin:
      - '*'
      Cache-Control:
      - max-age=0, private, must-revalidate
      Content-Length:
      - "368"
      Content-Type:
      - application/json
      Date:
      - Thu, 23 Mar 2023 18:14:02 GMT
      Etag:
      - W/"7434b2f1a7e8e5bf971bca7bce7450c0"
      Server:
      - Caddy
      Strict-Transport-Security:
      - max-age=63072000; includeSubDomains
      X-Ratelimit-Permitted:
      - "1000"
      X-Ratelimit-Remaining:
      - "950"
      X-Request-Id:
      - dc62a09c-4754-4f98-890d-95ee98b5fd8c
    status: 200 OK
    code: 200
    duration: ""
- request:
    body: ""
    form: {}
    headers:
      Accept:
      - application/json
      User-Agent:
      - Terraform/1.3.4 (+https://www.terraform.io) Terraform-Plugin-SDK/2.10.1 terraform-provider-katapult/0.0.999
    url: https://api.katapult.io/core/v1/security_groups/_?security_group%5Bid%5D=sg_e6Wf8uI5MfxdRTCH
    method: GET
  response:
    body: '{"security_group":{"id":"sg_e6Wf8uI5MfxdRTCH","name":"tf-acc-test-data-source-include-rules-9tntzzonjz49","allow_all_inbound":false,"allow_all_outbound":true,"associations":["vmgrp_5XTehc90oqGY346L"]}}'
    headers:
      Access-Control-Allow-Methods:
      - '*'
      Access-Control-Allow-Origin:
      - '*'
      Cache-Control:
      - max-age=0, private, must-revalidate
      Content-Length:
      - "201"
      Content-Type:
      - application/json
      Date:
      - Thu, 23 Mar 2023 18:14:02 GMT
      Etag:
      - W/"643a191606b05416a1947ef3b729d744"
      Server:
      - Caddy
      Strict-Transport-Security:
      - max-age=63072000; includeSubDomains
      X-Ratelimit-Permitted:
      - "1000"
      X-Ratelimit-Remaining:
      - "948"
      X-Request-Id:
      - 2ee87f8f-ef39-498a-a486-1e9875fae9f2
    status: 200 OK
    code: 200
    duration: ""
- request:
    body: ""
    form: {}
    headers:
      Accept:
      - application/json
      User-Agent:
      - Terraform/1.3.4 (+https://www.terraform.io) Terraform-Plugin-SDK/2.10.1 terraform-provider-katapult/0.0.999
    url: https://api.katapult.io/core/v1/security_groups/_/rules?page=1&security_group%5Bid%5D=sg_e6Wf8uI5MfxdRTCH
    method: GET
  response:
    body: '{"pagination":{"current_page":1,"total_pages":1,"total":2,"per_page":30,"large_set":false},"security_group_rules":[{"id":"sgr_cRRt3xnROUe0qJjR","direction":"inbound","protocol":"TCP","ports":"22","targets":["10.0.0.0/8"],"notes":"SSH"},{"id":"sgr_BhGbNmXKOI4zFsKu","direction":"inbound","protocol":"TCP","ports":"80","targets":["all:ipv6","all:ipv4"],"notes":"HTTP"}]}'
    headers:
      Access-Control-Allow-Methods:
      - '*'
      Access-Control-Allow-Origin:
      - '*'
      Cache-Control:
      - max-age=0, private, must-revalidate
      Content-Length:
      - "368"
      Content-Type:
      - application/json
      Date:
      - Thu, 23 Mar 2023 18:14:02 GMT
      Etag:
      - W/"7434b2f1a7e8e5bf971bca7bce7450c0"
      Server:
      - Caddy
      Strict-Transport-Security:
      - max-age=63072000; includeSubDomains
      X-Ratelimit-Permitted:
      - "1000"
      X-Ratelimit-Remaining:
      - "947"
      X-Request-Id:
      - d9965649-3bda-4e1b-8572-c88e70154247
    status: 200 OK
    code: 200
    duration: ""
- request:
    body: ""
    form: {}
    headers:
      Accept:
      - application/json
      User-Agent:
      - Terraform/ (+https://www.terraform.io) Terraform-Plugin-SDK/2.10.1 terraform-provider-katapult/0.0.999
    url: https://api.katapult.io/core/v1/security_groups/_?security_group%5Bid%5D=sg_e6Wf8uI5MfxdRTCH
    method: GET
  response:
    body: '{"security_group":{"id":"sg_e6Wf8uI5MfxdRTCH","name":"tf-acc-test-data-source-include-rules-9tntzzonjz49","allow_all_inbound":false,"allow_all_outbound":true,"associations":["vmgrp_5XTehc90oqGY346L"]}}'
    headers:
      Access-Control-Allow-Methods:
      - '*'
      Access-Control-Allow-Origin:
      - '*'
      Cache-Control:
      - max-age=0, private, must-revalidate
      Content-Length:
      - "201"
      Content-Type:
      - application/json
      Date:
      - Thu, 23 Mar 2023 18:14:02 GMT
      Etag:
      - W/"643a191606b05416a1947ef3b729d744"
      Server:
      - Caddy
      Strict-Transport-Security:
      - max-age=63072000; includeSubDomains
      X-Ratelimit-Permitted:
      - "1000"
      X-Ratelimit-Remaining:
      - "945"
      X-Request-Id:
      - 4de2d2a9-4f3a-4c2d-adcb-768f028d71c5
    status: 200 OK
    code: 200
    duration: ""
- request:
    body: ""
    form: {}
    headers:
      Accept:
      - application/json
      User-Agent:
      - Terraform/1.3.4 (+https://www.terraform.io) Terraform-Plugin-SDK/2.10.1 terraform-provider-katapult/0.0.999
    url: https://api.katapult.io/core/v1/security_groups/_?security_group%5Bid%5D=sg_e6Wf8uI5MfxdRTCH
    method: GET
  response:
    body: '{"security_group":{"id":"sg_e6Wf8uI5MfxdRTCH","name":"tf-acc-test-data-source-include-rules-9tntzzonjz49","allow_all_inbound":false,"allow_all_outbound":true,"associations":["vmgrp_5XTehc90oqGY346L"]}}'
    headers:
      Access-Control-Allow-Methods:
      - '*'
      Access-Control-Allow-Origin:
      - '*'
      Cache-Control:
      - max-age=0, private, must-revalidate
      Content-Length:
      - "201"
      Content-Type:
      - application/json
      Date:
      - Thu, 23 Mar 2023 18:14:03 GMT
      Etag:
      - W/"643a191606b05416a1947ef3b729d744"
      Server:
      - Caddy
      Strict-Transport-Security:
      - max-age=63072000; includeSubDomains
      X-Ratelimit-Permitted:
      - "1000"
      X-Ratelimit-Remaining:
      - "942"
      X-Request-Id:
      - fc4791fb-f085-4ba3-8c4d-1ec4ce37c858
    status: 200 OK
    code: 200
    duration: ""
- request:
    body: ""
    form: {}
    headers:
      Accept:
      - application/json
      User-Agent:
      - Terraform/1.3.4 (+https://www.terraform.io) Terraform-Plugin-SDK/2.10.1 terraform-provider-katapult/0.0.999
    url: https://api.katapult.io/core/v1/security_groups/_/rules?page=1&security_group%5Bid%5D=sg_e6Wf8uI5MfxdRTCH
    method: GET
  response:
    body: '{"pagination":{"current_page":1,"total_pages":1,"total":2,"per_page":30,"large_set":false},"security_group_rules":[{"id":"sgr_cRRt3xnROUe0qJjR","direction":"inbound","protocol":"TCP","ports":"22","targets":["10.0.0.0/8"],"notes":"SSH"},{"id":"sgr_BhGbNmXKOI4zFsKu","direction":"inbound","protocol":"TCP","ports":"80","targets":["all:ipv6","all:ipv4"],"notes":"HTTP"}]}'
    headers:
      Access-Control-Allow-Methods:
      - '*'
      Access-Control-Allow-Origin:
      - '*'
      Cache-Control:
      - max-age=0, private, must-revalidate
      Content-Length:
      - "368"
      Content-Type:
      - application/json
      Date:
      - Thu, 23 Mar 2023 18:14:03 GMT
      Etag:
      - W/"7434b2f1a7e8e5bf971bca7bce7450c0"
      Server:
      - Caddy
      Strict-Transport-Security:
      - max-age=63072000; includeSubDomains
      X-Ratelimit-Permitted:
      - "1000"
      X-Ratelimit-Remaining:
      - "941"
      X-Request-Id:
      - edd90bbd-f276-4c6f-b2dd-1dc3202d2a70
    status: 200 OK
    code: 200
    duration: ""
- request:
    body: ""
    form: {}
    headers:
      Accept:
      - application/json
      User-Agent:
      - Terraform/1.3.4 (+https://www.terraform.io) Terraform-Plugin-SDK/2.10.1 terraform-provider-katapult/0.0.999
    url: https://api.katapult.io/core/v1/virtual_machine_groups/vmgrp_5XTehc90oqGY346L
    method: GET
  response:
    body: '{"virtual_machine_group":{"id":"vmgrp_5XTehc90oqGY346L","name":"tf-acc-test-data-source-include-rules-9tntzzonjz49","segregate":true,"created_at":1679595242}}'
    headers:
      Access-Control-Allow-Methods:
      - '*'
      Access-Control-Allow-Origin:
      - '*'
      Cache-Control:
      - max-age=0, private, must-revalidate
      Content-Length:
      - "158"
      Content-Type:
      - application/json
      Date:
      - Thu, 23 Mar 2023 18:14:03 GMT
      Etag:
      - W/"217a9766588669ae359d8e4347f0ef73"
      Server:
      - Caddy
      Strict-Transport-Security:
      - max-age=63072000; includeSubDomains
      X-Ratelimit-Permitted:
      - "1000"
      X-Ratelimit-Remaining:
      - "936"
      X-Request-Id:
      - ea08b529-52bb-4db9-95bf-5ba7ca62d069
    status: 200 OK
    code: 200
    duration: ""
- request:
    body: ""
    form: {}
    headers:
      Accept:
      - application/json
      User-Agent:
      - Terraform/1.3.4 (+https://www.terraform.io) Terraform-Plugin-SDK/2.10.1 terraform-provider-katapult/0.0.999
    url: https://api.katapult.io/core/v1/security_groups/_?security_group%5Bid%5D=sg_e6Wf8uI5MfxdRTCH
    method: GET
  response:
    body: '{"security_group":{"id":"sg_e6Wf8uI5MfxdRTCH","name":"tf-acc-test-data-source-include-rules-9tntzzonjz49","allow_all_inbound":false,"allow_all_outbound":true,"associations":["vmgrp_5XTehc90oqGY346L"]}}'
    headers:
      Access-Control-Allow-Methods:
      - '*'
      Access-Control-Allow-Origin:
      - '*'
      Cache-Control:
      - max-age=0, private, must-revalidate
      Content-Length:
      - "201"
      Content-Type:
      - application/json
      Date:
      - Thu, 23 Mar 2023 18:14:03 GMT
      Etag:
      - W/"643a191606b05416a1947ef3b729d744"
      Server:
      - Caddy
      Strict-Transport-Security:
      - max-age=63072000; includeSubDomains
      X-Ratelimit-Permitted:
      - "1000"
      X-Ratelimit-Remaining:
      - "935"
      X-Request-Id:
      - 2a728c9e-2a8a-446f-89ce-97c73a82fb4e
    status: 200 OK
    code: 200
    duration: ""
- request:
    body: ""
    form: {}
    headers:
      Accept:
      - application/json
      User-Agent:
      - Terraform/1.3.4 (+https://www.terraform.io) Terraform-Plugin-SDK/2.10.1 terraform-provider-katapult/0.0.999
    url: https://api.katapult.io/core/v1/security_groups/_/rules?page=1&security_group%5Bid%5D=sg_e6Wf8uI5MfxdRTCH
    method: GET
  response:
    body: '{"pagination":{"current_page":1,"total_pages":1,"total":2,"per_page":30,"large_set":false},"security_group_rules":[{"id":"sgr_cRRt3xnROUe0qJjR","direction":"inbound","protocol":"TCP","ports":"22","targets":["10.0.0.0/8"],"notes":"SSH"},{"id":"sgr_BhGbNmXKOI4zFsKu","direction":"inbound","protocol":"TCP","ports":"80","targets":["all:ipv6","all:ipv4"],"notes":"HTTP"}]}'
    headers:
      Access-Control-Allow-Methods:
      - '*'
      Access-Control-Allow-Origin:
      - '*'
      Cache-Control:
      - max-age=0, private, must-revalidate
      Content-Length:
      - "368"
      Content-Type:
      - application/json
      Date:
      - Thu, 23 Mar 2023 18:14:03 GMT
      Etag:
      - W/"7434b2f1a7e8e5bf971bca7bce7450c0"
      Server:
      - Caddy
      Strict-Transport-Security:
      - max-age=63072000; includeSubDomains
      X-Ratelimit-Permitted:
      - "1000"
      X-Ratelimit-Remaining:
      - "934"
      X-Request-Id:
      - 09952d7b-2af1-4126-ac1d-7f5aa1c8a276
    status: 200 OK
    code: 200
    duration: ""
- request:
    body: ""
    form: {}
    headers:
      Accept:
      - application/json
      User-Agent:
      - Terraform/1.3.4 (+https://www.terraform.io) Terraform-Plugin-SDK/2.10.1 terraform-provider-katapult/0.0.999
    url: https://api.katapult.io/core/v1/security_groups/_?security_group%5Bid%5D=sg_e6Wf8uI5MfxdRTCH
    method: GET
  response:
    body: '{"security_group":{"id":"sg_e6Wf8uI5MfxdRTCH","name":"tf-acc-test-data-source-include-rules-9tntzzonjz49","allow_all_inbound":false,"allow_all_outbound":true,"associations":["vmgrp_5XTehc90oqGY346L"]}}'
    headers:
      Access-Control-Allow-Methods:
      - '*'
      Access-Control-Allow-Origin:
      - '*'
      Cache-Control:
      - max-age=0, private, must-revalidate
      Content-Length:
      - "201"
      Content-Type:
      - application/json
      Date:
      - Thu, 23 Mar 2023 18:14:03 GMT
      Etag:
      - W/"643a191606b05416a1947ef3b729d744"
      Server:
      - Caddy
      Strict-Transport-Security:
      - max-age=63072000; includeSubDomains
      X-Ratelimit-Permitted:
      - "1000"
      X-Ratelimit-Remaining:
      - "933"
      X-Request-Id:
      - 7d33851b-28a7-4db3-bb4c-aa56a37a22d8
    status: 200 OK
    code: 200
    duration: ""
- request:
    body: ""
    form: {}
    headers:
      Accept:
      - application/json
      User-Agent:
      - Terraform/1.3.4 (+https://www.terraform.io) Terraform-Plugin-SDK/2.10.1 terraform-provider-katapult/0.0.999
    url: https://api.katapult.io/core/v1/security_groups/_/rules?page=1&security_group%5Bid%5D=sg_e6Wf8uI5MfxdRTCH
    method: GET
  response:
    body: '{"pagination":{"current_page":1,"total_pages":1,"total":2,"per_page":30,"large_set":false},"security_group_rules":[{"id":"sgr_cRRt3xnROUe0qJjR","direction":"inbound","protocol":"TCP","ports":"22","targets":["10.0.0.0/8"],"notes":"SSH"},{"id":"sgr_BhGbNmXKOI4zFsKu","direction":"inbound","protocol":"TCP","ports":"80","targets":["all:ipv6","all:ipv4"],"notes":"HTTP"}]}'
    headers:
      Access-Control-Allow-Methods:
      - '*'
      Access-Control-Allow-Origin:
      - '*'
      Cache-Control:
      - max-age=0, private, must-revalidate
      Content-Length:
      - "368"
      Content-Type:
      - application/json
      Date:
      - Thu, 23 Mar 2023 18:14:03 GMT
      Etag:
      - W/"7434b2f1a7e8e5bf971bca7bce7450c0"
      Server:
      - Caddy
      Strict-Transport-Security:
      - max-age=63072000; includeSubDomains
      X-Ratelimit-Permitted:
      - "1000"
      X-Ratelimit-Remaining:
      - "931"
      X-Request-Id:
      - 125155ea-91c9-49c6-a7f5-de3b705ce07d
    status: 200 OK
    code: 200
    duration: ""
- request:
    body: ""
    form: {}
    headers:
      Accept:
      - application/json
      User-Agent:
      - Terraform/1.3.4 (+https://www.terraform.io) Terraform-Plugin-SDK/2.10.1 terraform-provider-katapult/0.0.999
    url: https://api.katapult.io/core/v1/security_groups/_?security_group%5Bid%5D=sg_e6Wf8uI5MfxdRTCH
    method: GET
  response:
    body: '{"security_group":{"id":"sg_e6Wf8uI5MfxdRTCH","name":"tf-acc-test-data-source-include-rules-9tntzzonjz49","allow_all_inbound":false,"allow_all_outbound":true,"associations":["vmgrp_5XTehc90oqGY346L"]}}'
    headers:
      Access-Control-Allow-Methods:
      - '*'
      Access-Control-Allow-Origin:
      - '*'
      Cache-Control:
      - max-age=0, private, must-revalidate
      Content-Length:
      - "201"
      Content-Type:
      - application/json
      Date:
      - Thu, 23 Mar 2023 18:14:03 GMT
      Etag:
      - W/"643a191606b05416a1947ef3b729d744"
      Server:
      - Caddy
      Strict-Transport-Security:
      - max-age=63072000; includeSubDomains
      X-Ratelimit-Permitted:
      - "1000"
      X-Ratelimit-Remaining:
      - "929"
      X-Request-Id:
      - 9c477d23-c9d1-46b2-b512-3dd1088a80d3
    status: 200 OK
    code: 200
    duration: ""
- request:
    body: ""
    form: {}
    headers:
      Accept:
      - application/json
      User-Agent:
      - Terraform/1.3.4 (+https://www.terraform.io) Terraform-Plugin-SDK/2.10.1 terraform-provider-katapult/0.0.999
    url: https://api.katapult.io/core/v1/security_groups/_/rules?page=1&security_group%5Bid%5D=sg_e6Wf8uI5MfxdRTCH
    method: GET
  response:
    body: '{"pagination":{"current_page":1,"total_pages":1,"total":2,"per_page":30,"large_set":false},"security_group_rules":[{"id":"sgr_cRRt3xnROUe0qJjR","direction":"inbound","protocol":"TCP","ports":"22","targets":["10.0.0.0/8"],"notes":"SSH"},{"id":"sgr_BhGbNmXKOI4zFsKu","direction":"inbound","protocol":"TCP","ports":"80","targets":["all:ipv6","all:ipv4"],"notes":"HTTP"}]}'
    headers:
      Access-Control-Allow-Methods:
      - '*'
      Access-Control-Allow-Origin:
      - '*'
      Cache-Control:
      - max-age=0, private, must-revalidate
      Content-Length:
      - "368"
      Content-Type:
      - application/json
      Date:
      - Thu, 23 Mar 2023 18:14:03 GMT
      Etag:
      - W/"7434b2f1a7e8e5bf971bca7bce7450c0"
      Server:
      - Caddy
      Strict-Transport-Security:
      - max-age=63072000; includeSubDomains
      X-Ratelimit-Permitted:
      - "1000"
      X-Ratelimit-Remaining:
      - "928"
      X-Request-Id:
      - e465ab92-0bea-47c4-9b01-3a5a96caa6b1
    status: 200 OK
    code: 200
    duration: ""
- request:
    body: ""
    form: {}
    headers:
      Accept:
      - application/json
      User-Agent:
      - Terraform/1.3.4 (+https://www.terraform.io) Terraform-Plugin-SDK/2.10.1 terraform-provider-katapult/0.0.999
    url: https://api.katapult.io/core/v1/virtual_machine_groups/vmgrp_5XTehc90oqGY346L
    method: GET
  response:
    body: '{"virtual_machine_group":{"id":"vmgrp_5XTehc90oqGY346L","name":"tf-acc-test-data-source-include-rules-9tntzzonjz49","segregate":true,"created_at":1679595242}}'
    headers:
      Access-Control-Allow-Methods:
      - '*'
      Access-Control-Allow-Origin:
      - '*'
      Cache-Control:
      - max-age=0, private, must-revalidate
      Content-Length:
      - "158"
      Content-Type:
      - application/json
      Date:
      - Thu, 23 Mar 2023 18:14:03 GMT
      Etag:
      - W/"217a9766588669ae359d8e4347f0ef73"
      Server:
      - Caddy
      Strict-Transport-Security:
      - max-age=63072000; includeSubDomains
      X-Ratelimit-Permitted:
      - "1000"
      X-Ratelimit-Remaining:
      - "924"
      X-Request-Id:
      - dbac6e6a-c98a-42bc-af9c-b8e4fc9c94d2
    status: 200 OK
    code: 200
    duration: ""
- request:
    body: ""
    form: {}
    headers:
      Accept:
      - application/json
      User-Agent:
      - Terraform/1.3.4 (+https://www.terraform.io) Terraform-Plugin-SDK/2.10.1 terraform-provider-katapult/0.0.999
    url: https://api.katapult.io/core/v1/security_groups/_?security_group%5Bid%5D=sg_e6Wf8uI5MfxdRTCH
    method: GET
  response:
    body: '{"security_group":{"id":"sg_e6Wf8uI5MfxdRTCH","name":"tf-acc-test-data-source-include-rules-9tntzzonjz49","allow_all_inbound":false,"allow_all_outbound":true,"associations":["vmgrp_5XTehc90oqGY346L"]}}'
    headers:
      Access-Control-Allow-Methods:
      - '*'
      Access-Control-Allow-Origin:
      - '*'
      Cache-Control:
      - max-age=0, private, must-revalidate
      Content-Length:
      - "201"
      Content-Type:
      - application/json
      Date:
      - Thu, 23 Mar 2023 18:14:03 GMT
      Etag:
      - W/"643a191606b05416a1947ef3b729d744"
      Server:
      - Caddy
      Strict-Transport-Security:
      - max-age=63072000; includeSubDomains
      X-Ratelimit-Permitted:
      - "1000"
      X-Ratelimit-Remaining:
      - "923"
      X-Request-Id:
      - 04908caa-7d74-4e28-8983-ac3fb36e2c32
    status: 200 OK
    code: 200
    duration: ""
- request:
    body: ""
    form: {}
    headers:
      Accept:
      - application/json
      User-Agent:
      - Terraform/1.3.4 (+https://www.terraform.io) Terraform-Plugin-SDK/2.10.1 terraform-provider-katapult/0.0.999
    url: https://api.katapult.io/core/v1/security_groups/_/rules?page=1&security_group%5Bid%5D=sg_e6Wf8uI5MfxdRTCH
    method: GET
  response:
    body: '{"pagination":{"current_page":1,"total_pages":1,"total":2,"per_page":30,"large_set":false},"security_group_rules":[{"id":"sgr_cRRt3xnROUe0qJjR","direction":"inbound","protocol":"TCP","ports":"22","targets":["10.0.0.0/8"],"notes":"SSH"},{"id":"sgr_BhGbNmXKOI4zFsKu","direction":"inbound","protocol":"TCP","ports":"80","targets":["all:ipv6","all:ipv4"],"notes":"HTTP"}]}'
    headers:
      Access-Control-Allow-Methods:
      - '*'
      Access-Control-Allow-Origin:
      - '*'
      Cache-Control:
      - max-age=0, private, must-revalidate
      Content-Length:
      - "368"
      Content-Type:
      - application/json
      Date:
      - Thu, 23 Mar 2023 18:14:03 GMT
      Etag:
      - W/"7434b2f1a7e8e5bf971bca7bce7450c0"
      Server:
      - Caddy
      Strict-Transport-Security:
      - max-age=63072000; includeSubDomains
      X-Ratelimit-Permitted:
      - "1000"
      X-Ratelimit-Remaining:
      - "922"
      X-Request-Id:
      - dd6ab014-36df-4ed6-abb7-5627a80226b3
    status: 200 OK
    code: 200
    duration: ""
- request:
    body: |
      {"organization":{"sub_domain":"terraform-acc-test"},"properties":{"name":"tf-acc-test-data-source-include-rules-9tntzzonjz49","segregate":true}}
    form: {}
    headers:
      Accept:
      - application/json
      Content-Type:
      - application/json
      User-Agent:
      - Terraform/1.3.4 (+https://www.terraform.io) Terraform-Plugin-SDK/2.10.1 terraform-provider-katapult/0.0.999
    url: https://api.katapult.io/core/v1/organizations/_/virtual_machine_groups
    method: POST
  response:
    body: '{"virtual_machine_group":{"id":"vmgrp_uPUoncCIDVa96dLe","name":"tf-acc-test-data-source-include-rules-9tntzzonjz49","segregate":true,"created_at":1679595243}}'
    headers:
      Access-Control-Allow-Methods:
      - '*'
      Access-Control-Allow-Origin:
      - '*'
      Cache-Control:
      - max-age=0, private, must-revalidate
      Content-Length:
      - "158"
      Content-Type:
      - application/json
      Date:
      - Thu, 23 Mar 2023 18:14:03 GMT
      Etag:
      - W/"d5ef291004264810ee9f08749db85ca8"
      Server:
      - Caddy
      Strict-Transport-Security:
      - max-age=63072000; includeSubDomains
      X-Ratelimit-Permitted:
      - "1000"
      X-Ratelimit-Remaining:
      - "921"
      X-Request-Id:
      - 31703e27-4398-455f-a4f8-7b1a981989ae
    status: 200 OK
    code: 200
    duration: ""
- request:
    body: ""
    form: {}
    headers:
      Accept:
      - application/json
      User-Agent:
      - Terraform/1.3.4 (+https://www.terraform.io) Terraform-Plugin-SDK/2.10.1 terraform-provider-katapult/0.0.999
    url: https://api.katapult.io/core/v1/virtual_machine_groups/vmgrp_uPUoncCIDVa96dLe
    method: GET
  response:
    body: '{"virtual_machine_group":{"id":"vmgrp_uPUoncCIDVa96dLe","name":"tf-acc-test-data-source-include-rules-9tntzzonjz49","segregate":true,"created_at":1679595243}}'
    headers:
      Access-Control-Allow-Methods:
      - '*'
      Access-Control-Allow-Origin:
      - '*'
      Cache-Control:
      - max-age=0, private, must-revalidate
      Content-Length:
      - "158"
      Content-Type:
      - application/json
      Date:
      - Thu, 23 Mar 2023 18:14:04 GMT
      Etag:
      - W/"d5ef291004264810ee9f08749db85ca8"
      Server:
      - Caddy
      Strict-Transport-Security:
      - max-age=63072000; includeSubDomains
      X-Ratelimit-Permitted:
      - "1000"
      X-Ratelimit-Remaining:
      - "919"
      X-Request-Id:
      - 837b9928-7393-4ea8-943c-f37a6fca42af
    status: 200 OK
    code: 200
    duration: ""
- request:
    body: |
      {"security_group":{"id":"sg_e6Wf8uI5MfxdRTCH"},"properties":{"allow_all_outbound":false}}
    form: {}
    headers:
      Accept:
      - application/json
      Content-Type:
      - application/json
      User-Agent:
      - Terraform/1.3.4 (+https://www.terraform.io) Terraform-Plugin-SDK/2.10.1 terraform-provider-katapult/0.0.999
    url: https://api.katapult.io/core/v1/security_groups/_
    method: PATCH
  response:
    body: '{"security_group":{"id":"sg_e6Wf8uI5MfxdRTCH","name":"tf-acc-test-data-source-include-rules-9tntzzonjz49","allow_all_inbound":false,"allow_all_outbound":false,"associations":["vmgrp_5XTehc90oqGY346L"]}}'
    headers:
      Access-Control-Allow-Methods:
      - '*'
      Access-Control-Allow-Origin:
      - '*'
      Cache-Control:
      - max-age=0, private, must-revalidate
      Content-Length:
      - "202"
      Content-Type:
      - application/json
      Date:
      - Thu, 23 Mar 2023 18:14:04 GMT
      Etag:
      - W/"00eb6213e518ae8e0bae00655dde2753"
      Server:
      - Caddy
      Strict-Transport-Security:
      - max-age=63072000; includeSubDomains
      X-Ratelimit-Permitted:
      - "1000"
      X-Ratelimit-Remaining:
      - "918"
      X-Request-Id:
      - 4050646e-1e86-47fb-accb-a9926200fa14
    status: 200 OK
    code: 200
    duration: ""
- request:
    body: |
      {"properties":{"direction":"outbound","protocol":"TCP","ports":"3306","targets":["vmgrp_uPUoncCIDVa96dLe"],"notes":"MySQL"}}
    form: {}
    headers:
      Accept:
      - application/json
      Content-Type:
      - application/json
      User-Agent:
      - Terraform/1.3.4 (+https://www.terraform.io) Terraform-Plugin-SDK/2.10.1 terraform-provider-katapult/0.0.999
    url: https://api.katapult.io/core/v1/security_groups/sg_e6Wf8uI5MfxdRTCH/rules
    method: POST
  response:
    body: '{"security_group_rule":{"id":"sgr_8Xpt9jPoLqkvNu18","security_group":{"id":"sg_e6Wf8uI5MfxdRTCH","name":"tf-acc-test-data-source-include-rules-9tntzzonjz49"},"direction":"outbound","protocol":"TCP","ports":"3306","targets":["vmgrp_uPUoncCIDVa96dLe"],"notes":"MySQL"}}'
    headers:
      Access-Control-Allow-Methods:
      - '*'
      Access-Control-Allow-Origin:
      - '*'
      Cache-Control:
      - max-age=0, private, must-revalidate
      Content-Length:
      - "267"
      Content-Type:
      - application/json
      Date:
      - Thu, 23 Mar 2023 18:14:04 GMT
      Etag:
      - W/"539cba1d3fde28bb0ce58d2ac6fe7124"
      Server:
      - Caddy
      Strict-Transport-Security:
      - max-age=63072000; includeSubDomains
      X-Ratelimit-Permitted:
      - "1000"
      X-Ratelimit-Remaining:
      - "917"
      X-Request-Id:
      - 7438242b-ce8a-4ac7-88b1-29046fbdb660
    status: 200 OK
    code: 200
    duration: ""
- request:
    body: |
      {"properties":{"direction":"outbound","protocol":"TCP","ports":"80,443","targets":["all:ipv6","all:ipv4"],"notes":"HTTP & HTTPS"}}
    form: {}
    headers:
      Accept:
      - application/json
      Content-Type:
      - application/json
      User-Agent:
      - Terraform/1.3.4 (+https://www.terraform.io) Terraform-Plugin-SDK/2.10.1 terraform-provider-katapult/0.0.999
    url: https://api.katapult.io/core/v1/security_groups/sg_e6Wf8uI5MfxdRTCH/rules
    method: POST
  response:
    body: '{"security_group_rule":{"id":"sgr_Zd4FiUjquETp3mtI","security_group":{"id":"sg_e6Wf8uI5MfxdRTCH","name":"tf-acc-test-data-source-include-rules-9tntzzonjz49"},"direction":"outbound","protocol":"TCP","ports":"80,443","targets":["all:ipv6","all:ipv4"],"notes":"HTTP
      \u0026 HTTPS"}}'
    headers:
      Access-Control-Allow-Methods:
      - '*'
      Access-Control-Allow-Origin:
      - '*'
      Cache-Control:
      - max-age=0, private, must-revalidate
      Content-Length:
      - "278"
      Content-Type:
      - application/json
      Date:
      - Thu, 23 Mar 2023 18:14:04 GMT
      Etag:
      - W/"0ac8c10b0bade712470552809fe4b841"
      Server:
      - Caddy
      Strict-Transport-Security:
      - max-age=63072000; includeSubDomains
      X-Ratelimit-Permitted:
      - "1000"
      X-Ratelimit-Remaining:
      - "916"
      X-Request-Id:
      - 51575805-682e-4f60-bb09-7fc7194d5340
    status: 200 OK
    code: 200
    duration: ""
- request:
    body: ""
    form: {}
    headers:
      Accept:
      - application/json
      User-Agent:
      - Terraform/1.3.4 (+https://www.terraform.io) Terraform-Plugin-SDK/2.10.1 terraform-provider-katapult/0.0.999
    url: https://api.katapult.io/core/v1/security_groups/_?security_group%5Bid%5D=sg_e6Wf8uI5MfxdRTCH
    method: GET
  response:
    body: '{"security_group":{"id":"sg_e6Wf8uI5MfxdRTCH","name":"tf-acc-test-data-source-include-rules-9tntzzonjz49","allow_all_inbound":false,"allow_all_outbound":false,"associations":["vmgrp_5XTehc90oqGY346L"]}}'
    headers:
      Access-Control-Allow-Methods:
      - '*'
      Access-Control-Allow-Origin:
      - '*'
      Cache-Control:
      - max-age=0, private, must-revalidate
      Content-Length:
      - "202"
      Content-Type:
      - application/json
      Date:
      - Thu, 23 Mar 2023 18:14:04 GMT
      Etag:
      - W/"00eb6213e518ae8e0bae00655dde2753"
      Server:
      - Caddy
      Strict-Transport-Security:
      - max-age=63072000; includeSubDomains
      X-Ratelimit-Permitted:
      - "1000"
      X-Ratelimit-Remaining:
      - "915"
      X-Request-Id:
      - e95e553f-3b19-463e-be03-cb9080984212
    status: 200 OK
    code: 200
    duration: ""
- request:
    body: ""
    form: {}
    headers:
      Accept:
      - application/json
      User-Agent:
      - Terraform/1.3.4 (+https://www.terraform.io) Terraform-Plugin-SDK/2.10.1 terraform-provider-katapult/0.0.999
    url: https://api.katapult.io/core/v1/security_groups/_/rules?page=1&security_group%5Bid%5D=sg_e6Wf8uI5MfxdRTCH
    method: GET
  response:
    body: '{"pagination":{"current_page":1,"total_pages":1,"total":4,"per_page":30,"large_set":false},"security_group_rules":[{"id":"sgr_cRRt3xnROUe0qJjR","direction":"inbound","protocol":"TCP","ports":"22","targets":["10.0.0.0/8"],"notes":"SSH"},{"id":"sgr_BhGbNmXKOI4zFsKu","direction":"inbound","protocol":"TCP","ports":"80","targets":["all:ipv6","all:ipv4"],"notes":"HTTP"},{"id":"sgr_8Xpt9jPoLqkvNu18","direction":"outbound","protocol":"TCP","ports":"3306","targets":["vmgrp_uPUoncCIDVa96dLe"],"notes":"MySQL"},{"id":"sgr_Zd4FiUjquETp3mtI","direction":"outbound","protocol":"TCP","ports":"80,443","targets":["all:ipv6","all:ipv4"],"notes":"HTTP
      \u0026 HTTPS"}]}'
    headers:
      Access-Control-Allow-Methods:
      - '*'
      Access-Control-Allow-Origin:
      - '*'
      Cache-Control:
      - max-age=0, private, must-revalidate
      Content-Length:
      - "655"
      Content-Type:
      - application/json
      Date:
      - Thu, 23 Mar 2023 18:14:04 GMT
      Etag:
      - W/"691e8c9ad92de928ef7b0d1a83a6d9f9"
      Server:
      - Caddy
      Strict-Transport-Security:
      - max-age=63072000; includeSubDomains
      X-Ratelimit-Permitted:
      - "1000"
      X-Ratelimit-Remaining:
      - "914"
      X-Request-Id:
      - 2e172972-ae54-4230-896e-afa78ee48ffe
    status: 200 OK
    code: 200
    duration: ""
- request:
    body: ""
    form: {}
    headers:
      Accept:
      - application/json
      User-Agent:
      - Terraform/1.3.4 (+https://www.terraform.io) Terraform-Plugin-SDK/2.10.1 terraform-provider-katapult/0.0.999
    url: https://api.katapult.io/core/v1/security_groups/_?security_group%5Bid%5D=sg_e6Wf8uI5MfxdRTCH
    method: GET
  response:
    body: '{"security_group":{"id":"sg_e6Wf8uI5MfxdRTCH","name":"tf-acc-test-data-source-include-rules-9tntzzonjz49","allow_all_inbound":false,"allow_all_outbound":false,"associations":["vmgrp_5XTehc90oqGY346L"]}}'
    headers:
      Access-Control-Allow-Methods:
      - '*'
      Access-Control-Allow-Origin:
      - '*'
      Cache-Control:
      - max-age=0, private, must-revalidate
      Content-Length:
      - "202"
      Content-Type:
      - application/json
      Date:
      - Thu, 23 Mar 2023 18:14:04 GMT
      Etag:
      - W/"00eb6213e518ae8e0bae00655dde2753"
      Server:
      - Caddy
      Strict-Transport-Security:
      - max-age=63072000; includeSubDomains
      X-Ratelimit-Permitted:
      - "1000"
      X-Ratelimit-Remaining:
      - "913"
      X-Request-Id:
      - 2a6dfbf2-f326-4867-ab4d-ac39fba744a3
    status: 200 OK
    code: 200
    duration: ""
- request:
    body: ""
    form: {}
    headers:
      Accept:
      - application/json
      User-Agent:
      - Terraform/1.3.4 (+https://www.terraform.io) Terraform-Plugin-SDK/2.10.1 terraform-provider-katapult/0.0.999
    url: https://api.katapult.io/core/v1/security_groups/_/rules?page=1&security_group%5Bid%5D=sg_e6Wf8uI5MfxdRTCH
    method: GET
  response:
    body: '{"pagination":{"current_page":1,"total_pages":1,"total":4,"per_page":30,"large_set":false},"security_group_rules":[{"id":"sgr_cRRt3xnROUe0qJjR","direction":"inbound","protocol":"TCP","ports":"22","targets":["10.0.0.0/8"],"notes":"SSH"},{"id":"sgr_BhGbNmXKOI4zFsKu","direction":"inbound","protocol":"TCP","ports":"80","targets":["all:ipv6","all:ipv4"],"notes":"HTTP"},{"id":"sgr_8Xpt9jPoLqkvNu18","direction":"outbound","protocol":"TCP","ports":"3306","targets":["vmgrp_uPUoncCIDVa96dLe"],"notes":"MySQL"},{"id":"sgr_Zd4FiUjquETp3mtI","direction":"outbound","protocol":"TCP","ports":"80,443","targets":["all:ipv6","all:ipv4"],"notes":"HTTP
      \u0026 HTTPS"}]}'
    headers:
      Access-Control-Allow-Methods:
      - '*'
      Access-Control-Allow-Origin:
      - '*'
      Cache-Control:
      - max-age=0, private, must-revalidate
      Content-Length:
      - "655"
      Content-Type:
      - application/json
      Date:
      - Thu, 23 Mar 2023 18:14:04 GMT
      Etag:
      - W/"691e8c9ad92de928ef7b0d1a83a6d9f9"
      Server:
      - Caddy
      Strict-Transport-Security:
      - max-age=63072000; includeSubDomains
      X-Ratelimit-Permitted:
      - "1000"
      X-Ratelimit-Remaining:
      - "912"
      X-Request-Id:
      - 1153aa45-cec7-4728-ba21-60ba33ca98f5
    status: 200 OK
    code: 200
    duration: ""
- request:
    body: ""
    form: {}
    headers:
      Accept:
      - application/json
      User-Agent:
      - Terraform/ (+https://www.terraform.io) Terraform-Plugin-SDK/2.10.1 terraform-provider-katapult/0.0.999
    url: https://api.katapult.io/core/v1/security_groups/_?security_group%5Bid%5D=sg_e6Wf8uI5MfxdRTCH
    method: GET
  response:
    body: '{"security_group":{"id":"sg_e6Wf8uI5MfxdRTCH","name":"tf-acc-test-data-source-include-rules-9tntzzonjz49","allow_all_inbound":false,"allow_all_outbound":false,"associations":["vmgrp_5XTehc90oqGY346L"]}}'
    headers:
      Access-Control-Allow-Methods:
      - '*'
      Access-Control-Allow-Origin:
      - '*'
      Cache-Control:
      - max-age=0, private, must-revalidate
      Content-Length:
      - "202"
      Content-Type:
      - application/json
      Date:
      - Thu, 23 Mar 2023 18:14:04 GMT
      Etag:
      - W/"00eb6213e518ae8e0bae00655dde2753"
      Server:
      - Caddy
      Strict-Transport-Security:
      - max-age=63072000; includeSubDomains
      X-Ratelimit-Permitted:
      - "1000"
      X-Ratelimit-Remaining:
      - "911"
      X-Request-Id:
      - 36679061-0c9b-4c26-ad41-186f7416d0eb
    status: 200 OK
    code: 200
    duration: ""
- request:
    body: ""
    form: {}
    headers:
      Accept:
      - application/json
      User-Agent:
      - Terraform/1.3.4 (+https://www.terraform.io) Terraform-Plugin-SDK/2.10.1 terraform-provider-katapult/0.0.999
    url: https://api.katapult.io/core/v1/security_groups/_?security_group%5Bid%5D=sg_e6Wf8uI5MfxdRTCH
    method: GET
  response:
    body: '{"security_group":{"id":"sg_e6Wf8uI5MfxdRTCH","name":"tf-acc-test-data-source-include-rules-9tntzzonjz49","allow_all_inbound":false,"allow_all_outbound":false,"associations":["vmgrp_5XTehc90oqGY346L"]}}'
    headers:
      Access-Control-Allow-Methods:
      - '*'
      Access-Control-Allow-Origin:
      - '*'
      Cache-Control:
      - max-age=0, private, must-revalidate
      Content-Length:
      - "202"
      Content-Type:
      - application/json
      Date:
      - Thu, 23 Mar 2023 18:14:04 GMT
      Etag:
      - W/"00eb6213e518ae8e0bae00655dde2753"
      Server:
      - Caddy
      Strict-Transport-Security:
      - max-age=63072000; includeSubDomains
      X-Ratelimit-Permitted:
      - "1000"
      X-Ratelimit-Remaining:
      - "909"
      X-Request-Id:
      - 4a4ab1b3-05c6-4755-90b7-3915170ea929
    status: 200 OK
    code: 200
    duration: ""
- request:
    body: ""
    form: {}
    headers:
      Accept:
      - application/json
      User-Agent:
      - Terraform/1.3.4 (+https://www.terraform.io) Terraform-Plugin-SDK/2.10.1 terraform-provider-katapult/0.0.999
    url: https://api.katapult.io/core/v1/security_groups/_/rules?page=1&security_group%5Bid%5D=sg_e6Wf8uI5MfxdRTCH
    method: GET
  response:
    body: '{"pagination":{"current_page":1,"total_pages":1,"total":4,"per_page":30,"large_set":false},"security_group_rules":[{"id":"sgr_cRRt3xnROUe0qJjR","direction":"inbound","protocol":"TCP","ports":"22","targets":["10.0.0.0/8"],"notes":"SSH"},{"id":"sgr_BhGbNmXKOI4zFsKu","direction":"inbound","protocol":"TCP","ports":"80","targets":["all:ipv6","all:ipv4"],"notes":"HTTP"},{"id":"sgr_8Xpt9jPoLqkvNu18","direction":"outbound","protocol":"TCP","ports":"3306","targets":["vmgrp_uPUoncCIDVa96dLe"],"notes":"MySQL"},{"id":"sgr_Zd4FiUjquETp3mtI","direction":"outbound","protocol":"TCP","ports":"80,443","targets":["all:ipv6","all:ipv4"],"notes":"HTTP
      \u0026 HTTPS"}]}'
    headers:
      Access-Control-Allow-Methods:
      - '*'
      Access-Control-Allow-Origin:
      - '*'
      Cache-Control:
      - max-age=0, private, must-revalidate
      Content-Length:
      - "655"
      Content-Type:
      - application/json
      Date:
      - Thu, 23 Mar 2023 18:14:04 GMT
      Etag:
      - W/"691e8c9ad92de928ef7b0d1a83a6d9f9"
      Server:
      - Caddy
      Strict-Transport-Security:
      - max-age=63072000; includeSubDomains
      X-Ratelimit-Permitted:
      - "1000"
      X-Ratelimit-Remaining:
      - "907"
      X-Request-Id:
      - b71fa493-fbcb-4293-be31-f880d68388d4
    status: 200 OK
    code: 200
    duration: ""
- request:
    body: ""
    form: {}
    headers:
      Accept:
      - application/json
      User-Agent:
      - Terraform/1.3.4 (+https://www.terraform.io) Terraform-Plugin-SDK/2.10.1 terraform-provider-katapult/0.0.999
    url: https://api.katapult.io/core/v1/virtual_machine_groups/vmgrp_5XTehc90oqGY346L
    method: GET
  response:
    body: '{"virtual_machine_group":{"id":"vmgrp_5XTehc90oqGY346L","name":"tf-acc-test-data-source-include-rules-9tntzzonjz49","segregate":true,"created_at":1679595242}}'
    headers:
      Access-Control-Allow-Methods:
      - '*'
      Access-Control-Allow-Origin:
      - '*'
      Cache-Control:
      - max-age=0, private, must-revalidate
      Content-Length:
      - "158"
      Content-Type:
      - application/json
      Date:
      - Thu, 23 Mar 2023 18:14:04 GMT
      Etag:
      - W/"217a9766588669ae359d8e4347f0ef73"
      Server:
      - Caddy
      Strict-Transport-Security:
      - max-age=63072000; includeSubDomains
      X-Ratelimit-Permitted:
      - "1000"
      X-Ratelimit-Remaining:
      - "903"
      X-Request-Id:
      - 24cd4e75-4d10-4d45-8061-71393aa9020a
    status: 200 OK
    code: 200
    duration: ""
- request:
    body: ""
    form: {}
    headers:
      Accept:
      - application/json
      User-Agent:
      - Terraform/1.3.4 (+https://www.terraform.io) Terraform-Plugin-SDK/2.10.1 terraform-provider-katapult/0.0.999
    url: https://api.katapult.io/core/v1/virtual_machine_groups/vmgrp_uPUoncCIDVa96dLe
    method: GET
  response:
    body: '{"virtual_machine_group":{"id":"vmgrp_uPUoncCIDVa96dLe","name":"tf-acc-test-data-source-include-rules-9tntzzonjz49","segregate":true,"created_at":1679595243}}'
    headers:
      Access-Control-Allow-Methods:
      - '*'
      Access-Control-Allow-Origin:
      - '*'
      Cache-Control:
      - max-age=0, private, must-revalidate
      Content-Length:
      - "158"
      Content-Type:
      - application/json
      Date:
      - Thu, 23 Mar 2023 18:14:04 GMT
      Etag:
      - W/"d5ef291004264810ee9f08749db85ca8"
      Server:
      - Caddy
      Strict-Transport-Security:
      - max-age=63072000; includeSubDomains
      X-Ratelimit-Permitted:
      - "1000"
      X-Ratelimit-Remaining:
      - "902"
      X-Request-Id:
      - a2cf7212-0488-4578-b497-5b4b7f8b576a
    status: 200 OK
    code: 200
    duration: ""
- request:
    body: ""
    form: {}
    headers:
      Accept:
      - application/json
      User-Agent:
      - Terraform/1.3.4 (+https://www.terraform.io) Terraform-Plugin-SDK/2.10.1 terraform-provider-katapult/0.0.999
    url: https://api.katapult.io/core/v1/security_groups/_?security_group%5Bid%5D=sg_e6Wf8uI5MfxdRTCH
    method: GET
  response:
    body: '{"security_group":{"id":"sg_e6Wf8uI5MfxdRTCH","name":"tf-acc-test-data-source-include-rules-9tntzzonjz49","allow_all_inbound":false,"allow_all_outbound":false,"associations":["vmgrp_5XTehc90oqGY346L"]}}'
    headers:
      Access-Control-Allow-Methods:
      - '*'
      Access-Control-Allow-Origin:
      - '*'
      Cache-Control:
      - max-age=0, private, must-revalidate
      Content-Length:
      - "202"
      Content-Type:
      - application/json
      Date:
      - Thu, 23 Mar 2023 18:14:04 GMT
      Etag:
      - W/"00eb6213e518ae8e0bae00655dde2753"
      Server:
      - Caddy
      Strict-Transport-Security:
      - max-age=63072000; includeSubDomains
      X-Ratelimit-Permitted:
      - "1000"
      X-Ratelimit-Remaining:
      - "900"
      X-Request-Id:
      - 410ec390-515a-4f88-a16c-b924e1e95f4a
    status: 200 OK
    code: 200
    duration: ""
- request:
    body: ""
    form: {}
    headers:
      Accept:
      - application/json
      User-Agent:
      - Terraform/1.3.4 (+https://www.terraform.io) Terraform-Plugin-SDK/2.10.1 terraform-provider-katapult/0.0.999
    url: https://api.katapult.io/core/v1/security_groups/_/rules?page=1&security_group%5Bid%5D=sg_e6Wf8uI5MfxdRTCH
    method: GET
  response:
    body: '{"pagination":{"current_page":1,"total_pages":1,"total":4,"per_page":30,"large_set":false},"security_group_rules":[{"id":"sgr_cRRt3xnROUe0qJjR","direction":"inbound","protocol":"TCP","ports":"22","targets":["10.0.0.0/8"],"notes":"SSH"},{"id":"sgr_BhGbNmXKOI4zFsKu","direction":"inbound","protocol":"TCP","ports":"80","targets":["all:ipv6","all:ipv4"],"notes":"HTTP"},{"id":"sgr_8Xpt9jPoLqkvNu18","direction":"outbound","protocol":"TCP","ports":"3306","targets":["vmgrp_uPUoncCIDVa96dLe"],"notes":"MySQL"},{"id":"sgr_Zd4FiUjquETp3mtI","direction":"outbound","protocol":"TCP","ports":"80,443","targets":["all:ipv6","all:ipv4"],"notes":"HTTP
      \u0026 HTTPS"}]}'
    headers:
      Access-Control-Allow-Methods:
      - '*'
      Access-Control-Allow-Origin:
      - '*'
      Cache-Control:
      - max-age=0, private, must-revalidate
      Content-Length:
      - "655"
      Content-Type:
      - application/json
      Date:
      - Thu, 23 Mar 2023 18:14:04 GMT
      Etag:
      - W/"691e8c9ad92de928ef7b0d1a83a6d9f9"
      Server:
      - Caddy
      Strict-Transport-Security:
      - max-age=63072000; includeSubDomains
      X-Ratelimit-Permitted:
      - "1000"
      X-Ratelimit-Remaining:
      - "898"
      X-Request-Id:
      - 553f3fe9-d082-4546-a955-8e326342b7cb
    status: 200 OK
    code: 200
    duration: ""
- request:
    body: ""
    form: {}
    headers:
      Accept:
      - application/json
      User-Agent:
      - Terraform/1.3.4 (+https://www.terraform.io) Terraform-Plugin-SDK/2.10.1 terraform-provider-katapult/0.0.999
    url: https://api.katapult.io/core/v1/security_groups/_?security_group%5Bid%5D=sg_e6Wf8uI5MfxdRTCH
    method: GET
  response:
    body: '{"security_group":{"id":"sg_e6Wf8uI5MfxdRTCH","name":"tf-acc-test-data-source-include-rules-9tntzzonjz49","allow_all_inbound":false,"allow_all_outbound":false,"associations":["vmgrp_5XTehc90oqGY346L"]}}'
    headers:
      Access-Control-Allow-Methods:
      - '*'
      Access-Control-Allow-Origin:
      - '*'
      Cache-Control:
      - max-age=0, private, must-revalidate
      Content-Length:
      - "202"
      Content-Type:
      - application/json
      Date:
      - Thu, 23 Mar 2023 18:14:04 GMT
      Etag:
      - W/"00eb6213e518ae8e0bae00655dde2753"
      Server:
      - Caddy
      Strict-Transport-Security:
      - max-age=63072000; includeSubDomains
      X-Ratelimit-Permitted:
      - "1000"
      X-Ratelimit-Remaining:
      - "896"
      X-Request-Id:
      - f920091d-126e-4740-b846-300c23784f51
    status: 200 OK
    code: 200
    duration: ""
- request:
    body: ""
    form: {}
    headers:
      Accept:
      - application/json
      User-Agent:
      - Terraform/1.3.4 (+https://www.terraform.io) Terraform-Plugin-SDK/2.10.1 terraform-provider-katapult/0.0.999
    url: https://api.katapult.io/core/v1/security_groups/_/rules?page=1&security_group%5Bid%5D=sg_e6Wf8uI5MfxdRTCH
    method: GET
  response:
    body: '{"pagination":{"current_page":1,"total_pages":1,"total":4,"per_page":30,"large_set":false},"security_group_rules":[{"id":"sgr_cRRt3xnROUe0qJjR","direction":"inbound","protocol":"TCP","ports":"22","targets":["10.0.0.0/8"],"notes":"SSH"},{"id":"sgr_BhGbNmXKOI4zFsKu","direction":"inbound","protocol":"TCP","ports":"80","targets":["all:ipv6","all:ipv4"],"notes":"HTTP"},{"id":"sgr_8Xpt9jPoLqkvNu18","direction":"outbound","protocol":"TCP","ports":"3306","targets":["vmgrp_uPUoncCIDVa96dLe"],"notes":"MySQL"},{"id":"sgr_Zd4FiUjquETp3mtI","direction":"outbound","protocol":"TCP","ports":"80,443","targets":["all:ipv6","all:ipv4"],"notes":"HTTP
      \u0026 HTTPS"}]}'
    headers:
      Access-Control-Allow-Methods:
      - '*'
      Access-Control-Allow-Origin:
      - '*'
      Cache-Control:
      - max-age=0, private, must-revalidate
      Content-Length:
      - "655"
      Content-Type:
      - application/json
      Date:
      - Thu, 23 Mar 2023 18:14:04 GMT
      Etag:
      - W/"691e8c9ad92de928ef7b0d1a83a6d9f9"
      Server:
      - Caddy
      Strict-Transport-Security:
      - max-age=63072000; includeSubDomains
      X-Ratelimit-Permitted:
      - "1000"
      X-Ratelimit-Remaining:
      - "895"
      X-Request-Id:
      - 48f9f96d-4977-4f13-af27-15243494a1e0
    status: 200 OK
    code: 200
    duration: ""
- request:
    body: ""
    form: {}
    headers:
      Accept:
      - application/json
      User-Agent:
      - Terraform/1.3.4 (+https://www.terraform.io) Terraform-Plugin-SDK/2.10.1 terraform-provider-katapult/0.0.999
    url: https://api.katapult.io/core/v1/security_groups/_?security_group%5Bid%5D=sg_e6Wf8uI5MfxdRTCH
    method: GET
  response:
    body: '{"security_group":{"id":"sg_e6Wf8uI5MfxdRTCH","name":"tf-acc-test-data-source-include-rules-9tntzzonjz49","allow_all_inbound":false,"allow_all_outbound":false,"associations":["vmgrp_5XTehc90oqGY346L"]}}'
    headers:
      Access-Control-Allow-Methods:
      - '*'
      Access-Control-Allow-Origin:
      - '*'
      Cache-Control:
      - max-age=0, private, must-revalidate
      Content-Length:
      - "202"
      Content-Type:
      - application/json
      Date:
      - Thu, 23 Mar 2023 18:14:04 GMT
      Etag:
      - W/"00eb6213e518ae8e0bae00655dde2753"
      Server:
      - Caddy
      Strict-Transport-Security:
      - max-age=63072000; includeSubDomains
      X-Ratelimit-Permitted:
      - "1000"
      X-Ratelimit-Remaining:
      - "893"
      X-Request-Id:
      - b6219a5d-d876-4483-ab3d-b751e241147c
    status: 200 OK
    code: 200
    duration: ""
- request:
    body: ""
    form: {}
    headers:
      Accept:
      - application/json
      User-Agent:
      - Terraform/1.3.4 (+https://www.terraform.io) Terraform-Plugin-SDK/2.10.1 terraform-provider-katapult/0.0.999
    url: https://api.katapult.io/core/v1/security_groups/_/rules?page=1&security_group%5Bid%5D=sg_e6Wf8uI5MfxdRTCH
    method: GET
  response:
    body: '{"pagination":{"current_page":1,"total_pages":1,"total":4,"per_page":30,"large_set":false},"security_group_rules":[{"id":"sgr_cRRt3xnROUe0qJjR","direction":"inbound","protocol":"TCP","ports":"22","targets":["10.0.0.0/8"],"notes":"SSH"},{"id":"sgr_BhGbNmXKOI4zFsKu","direction":"inbound","protocol":"TCP","ports":"80","targets":["all:ipv6","all:ipv4"],"notes":"HTTP"},{"id":"sgr_8Xpt9jPoLqkvNu18","direction":"outbound","protocol":"TCP","ports":"3306","targets":["vmgrp_uPUoncCIDVa96dLe"],"notes":"MySQL"},{"id":"sgr_Zd4FiUjquETp3mtI","direction":"outbound","protocol":"TCP","ports":"80,443","targets":["all:ipv6","all:ipv4"],"notes":"HTTP
      \u0026 HTTPS"}]}'
    headers:
      Access-Control-Allow-Methods:
      - '*'
      Access-Control-Allow-Origin:
      - '*'
      Cache-Control:
      - max-age=0, private, must-revalidate
      Content-Length:
      - "655"
      Content-Type:
      - application/json
      Date:
      - Thu, 23 Mar 2023 18:14:04 GMT
      Etag:
      - W/"691e8c9ad92de928ef7b0d1a83a6d9f9"
      Server:
      - Caddy
      Strict-Transport-Security:
      - max-age=63072000; includeSubDomains
      X-Ratelimit-Permitted:
      - "1000"
      X-Ratelimit-Remaining:
      - "892"
      X-Request-Id:
      - f4337639-2dd6-4aa2-a696-e0a2ed71f525
    status: 200 OK
    code: 200
    duration: ""
- request:
    body: ""
    form: {}
    headers:
      Accept:
      - application/json
      User-Agent:
      - Terraform/1.3.4 (+https://www.terraform.io) Terraform-Plugin-SDK/2.10.1 terraform-provider-katapult/0.0.999
    url: https://api.katapult.io/core/v1/virtual_machine_groups/vmgrp_5XTehc90oqGY346L
    method: GET
  response:
    body: '{"virtual_machine_group":{"id":"vmgrp_5XTehc90oqGY346L","name":"tf-acc-test-data-source-include-rules-9tntzzonjz49","segregate":true,"created_at":1679595242}}'
    headers:
      Access-Control-Allow-Methods:
      - '*'
      Access-Control-Allow-Origin:
      - '*'
      Cache-Control:
      - max-age=0, private, must-revalidate
      Content-Length:
      - "158"
      Content-Type:
      - application/json
      Date:
      - Thu, 23 Mar 2023 18:14:05 GMT
      Etag:
      - W/"217a9766588669ae359d8e4347f0ef73"
      Server:
      - Caddy
      Strict-Transport-Security:
      - max-age=63072000; includeSubDomains
      X-Ratelimit-Permitted:
      - "1000"
      X-Ratelimit-Remaining:
      - "888"
      X-Request-Id:
      - d42e04ec-452d-4afd-af55-ec024a8920d0
    status: 200 OK
    code: 200
    duration: ""
- request:
    body: ""
    form: {}
    headers:
      Accept:
      - application/json
      User-Agent:
      - Terraform/1.3.4 (+https://www.terraform.io) Terraform-Plugin-SDK/2.10.1 terraform-provider-katapult/0.0.999
    url: https://api.katapult.io/core/v1/virtual_machine_groups/vmgrp_uPUoncCIDVa96dLe
    method: GET
  response:
    body: '{"virtual_machine_group":{"id":"vmgrp_uPUoncCIDVa96dLe","name":"tf-acc-test-data-source-include-rules-9tntzzonjz49","segregate":true,"created_at":1679595243}}'
    headers:
      Access-Control-Allow-Methods:
      - '*'
      Access-Control-Allow-Origin:
      - '*'
      Cache-Control:
      - max-age=0, private, must-revalidate
      Content-Length:
      - "158"
      Content-Type:
      - application/json
      Date:
      - Thu, 23 Mar 2023 18:14:05 GMT
      Etag:
      - W/"d5ef291004264810ee9f08749db85ca8"
      Server:
      - Caddy
      Strict-Transport-Security:
      - max-age=63072000; includeSubDomains
      X-Ratelimit-Permitted:
      - "1000"
      X-Ratelimit-Remaining:
      - "887"
      X-Request-Id:
      - 6eee9c92-eb86-4261-b4ba-5091667682b2
    status: 200 OK
    code: 200
    duration: ""
- request:
    body: ""
    form: {}
    headers:
      Accept:
      - application/json
      User-Agent:
      - Terraform/1.3.4 (+https://www.terraform.io) Terraform-Plugin-SDK/2.10.1 terraform-provider-katapult/0.0.999
    url: https://api.katapult.io/core/v1/security_groups/_?security_group%5Bid%5D=sg_e6Wf8uI5MfxdRTCH
    method: GET
  response:
    body: '{"security_group":{"id":"sg_e6Wf8uI5MfxdRTCH","name":"tf-acc-test-data-source-include-rules-9tntzzonjz49","allow_all_inbound":false,"allow_all_outbound":false,"associations":["vmgrp_5XTehc90oqGY346L"]}}'
    headers:
      Access-Control-Allow-Methods:
      - '*'
      Access-Control-Allow-Origin:
      - '*'
      Cache-Control:
      - max-age=0, private, must-revalidate
      Content-Length:
      - "202"
      Content-Type:
      - application/json
      Date:
      - Thu, 23 Mar 2023 18:14:05 GMT
      Etag:
      - W/"00eb6213e518ae8e0bae00655dde2753"
      Server:
      - Caddy
      Strict-Transport-Security:
      - max-age=63072000; includeSubDomains
      X-Ratelimit-Permitted:
      - "1000"
      X-Ratelimit-Remaining:
      - "885"
      X-Request-Id:
      - aacaa303-ba84-4476-91f8-d214cf2ff239
    status: 200 OK
    code: 200
    duration: ""
- request:
    body: ""
    form: {}
    headers:
      Accept:
      - application/json
      User-Agent:
      - Terraform/1.3.4 (+https://www.terraform.io) Terraform-Plugin-SDK/2.10.1 terraform-provider-katapult/0.0.999
    url: https://api.katapult.io/core/v1/security_groups/_/rules?page=1&security_group%5Bid%5D=sg_e6Wf8uI5MfxdRTCH
    method: GET
  response:
    body: '{"pagination":{"current_page":1,"total_pages":1,"total":4,"per_page":30,"large_set":false},"security_group_rules":[{"id":"sgr_cRRt3xnROUe0qJjR","direction":"inbound","protocol":"TCP","ports":"22","targets":["10.0.0.0/8"],"notes":"SSH"},{"id":"sgr_BhGbNmXKOI4zFsKu","direction":"inbound","protocol":"TCP","ports":"80","targets":["all:ipv6","all:ipv4"],"notes":"HTTP"},{"id":"sgr_8Xpt9jPoLqkvNu18","direction":"outbound","protocol":"TCP","ports":"3306","targets":["vmgrp_uPUoncCIDVa96dLe"],"notes":"MySQL"},{"id":"sgr_Zd4FiUjquETp3mtI","direction":"outbound","protocol":"TCP","ports":"80,443","targets":["all:ipv6","all:ipv4"],"notes":"HTTP
      \u0026 HTTPS"}]}'
    headers:
      Access-Control-Allow-Methods:
      - '*'
      Access-Control-Allow-Origin:
      - '*'
      Cache-Control:
      - max-age=0, private, must-revalidate
      Content-Length:
      - "655"
      Content-Type:
      - application/json
      Date:
      - Thu, 23 Mar 2023 18:14:05 GMT
      Etag:
      - W/"691e8c9ad92de928ef7b0d1a83a6d9f9"
      Server:
      - Caddy
      Strict-Transport-Security:
      - max-age=63072000; includeSubDomains
      X-Ratelimit-Permitted:
      - "1000"
      X-Ratelimit-Remaining:
      - "884"
      X-Request-Id:
      - b48b008e-901a-45b9-b97b-015ab26a7d18
    status: 200 OK
    code: 200
    duration: ""
- request:
    body: |
      {"security_group":{"id":"sg_e6Wf8uI5MfxdRTCH"},"properties":{"allow_all_inbound":true}}
    form: {}
    headers:
      Accept:
      - application/json
      Content-Type:
      - application/json
      User-Agent:
      - Terraform/1.3.4 (+https://www.terraform.io) Terraform-Plugin-SDK/2.10.1 terraform-provider-katapult/0.0.999
    url: https://api.katapult.io/core/v1/security_groups/_
    method: PATCH
  response:
    body: '{"security_group":{"id":"sg_e6Wf8uI5MfxdRTCH","name":"tf-acc-test-data-source-include-rules-9tntzzonjz49","allow_all_inbound":true,"allow_all_outbound":false,"associations":["vmgrp_5XTehc90oqGY346L"]}}'
    headers:
      Access-Control-Allow-Methods:
      - '*'
      Access-Control-Allow-Origin:
      - '*'
      Cache-Control:
      - max-age=0, private, must-revalidate
      Content-Length:
      - "201"
      Content-Type:
      - application/json
      Date:
      - Thu, 23 Mar 2023 18:14:05 GMT
      Etag:
      - W/"7f88f752c833068e4152c11d5c3bb5ff"
      Server:
      - Caddy
      Strict-Transport-Security:
      - max-age=63072000; includeSubDomains
      X-Ratelimit-Permitted:
      - "1000"
      X-Ratelimit-Remaining:
      - "880"
      X-Request-Id:
      - 439c9f92-dd27-44df-b3f5-a1105faa444b
    status: 200 OK
    code: 200
    duration: ""
- request:
    body: ""
    form: {}
    headers:
      Accept:
      - application/json
      User-Agent:
      - Terraform/1.3.4 (+https://www.terraform.io) Terraform-Plugin-SDK/2.10.1 terraform-provider-katapult/0.0.999
    url: https://api.katapult.io/core/v1/security_groups/rules/_?security_group_rule%5Bid%5D=sgr_cRRt3xnROUe0qJjR
    method: DELETE
  response:
    body: '{"error":{"code":"security_group_rule_not_found","description":"No security
      group rule was found matching any of the criteria provided in the arguments","detail":{}}}'
    headers:
      Access-Control-Allow-Methods:
      - '*'
      Access-Control-Allow-Origin:
      - '*'
      Cache-Control:
      - no-cache
      Content-Length:
      - "166"
      Content-Type:
      - application/json
      Date:
      - Thu, 23 Mar 2023 18:14:05 GMT
      Server:
      - Caddy
      Strict-Transport-Security:
      - max-age=63072000; includeSubDomains
      X-Api-Schema:
      - json-error
      X-Ratelimit-Permitted:
      - "1000"
      X-Ratelimit-Remaining:
      - "879"
      X-Request-Id:
      - b4ee6c2f-bf50-4e2c-b64e-1baada38a722
    status: 404 Not Found
    code: 404
    duration: ""
- request:
    body: ""
    form: {}
    headers:
      Accept:
      - application/json
      User-Agent:
      - Terraform/1.3.4 (+https://www.terraform.io) Terraform-Plugin-SDK/2.10.1 terraform-provider-katapult/0.0.999
    url: https://api.katapult.io/core/v1/security_groups/rules/_?security_group_rule%5Bid%5D=sgr_BhGbNmXKOI4zFsKu
    method: DELETE
  response:
    body: '{"error":{"code":"security_group_rule_not_found","description":"No security
      group rule was found matching any of the criteria provided in the arguments","detail":{}}}'
    headers:
      Access-Control-Allow-Methods:
      - '*'
      Access-Control-Allow-Origin:
      - '*'
      Cache-Control:
      - no-cache
      Content-Length:
      - "166"
      Content-Type:
      - application/json
      Date:
      - Thu, 23 Mar 2023 18:14:05 GMT
      Server:
      - Caddy
      Strict-Transport-Security:
      - max-age=63072000; includeSubDomains
      X-Api-Schema:
      - json-error
      X-Ratelimit-Permitted:
      - "1000"
      X-Ratelimit-Remaining:
      - "878"
      X-Request-Id:
      - 9d452445-1963-43ff-bdc6-9539fc015eb7
    status: 404 Not Found
    code: 404
    duration: ""
- request:
    body: ""
    form: {}
    headers:
      Accept:
      - application/json
      User-Agent:
      - Terraform/1.3.4 (+https://www.terraform.io) Terraform-Plugin-SDK/2.10.1 terraform-provider-katapult/0.0.999
    url: https://api.katapult.io/core/v1/security_groups/_?security_group%5Bid%5D=sg_e6Wf8uI5MfxdRTCH
    method: GET
  response:
    body: '{"security_group":{"id":"sg_e6Wf8uI5MfxdRTCH","name":"tf-acc-test-data-source-include-rules-9tntzzonjz49","allow_all_inbound":true,"allow_all_outbound":false,"associations":["vmgrp_5XTehc90oqGY346L"]}}'
    headers:
      Access-Control-Allow-Methods:
      - '*'
      Access-Control-Allow-Origin:
      - '*'
      Cache-Control:
      - max-age=0, private, must-revalidate
      Content-Length:
      - "201"
      Content-Type:
      - application/json
      Date:
      - Thu, 23 Mar 2023 18:14:05 GMT
      Etag:
      - W/"7f88f752c833068e4152c11d5c3bb5ff"
      Server:
      - Caddy
      Strict-Transport-Security:
      - max-age=63072000; includeSubDomains
      X-Ratelimit-Permitted:
      - "1000"
      X-Ratelimit-Remaining:
      - "877"
      X-Request-Id:
      - 836ab29c-f3ae-4df9-bbf0-889b2d0c5aba
    status: 200 OK
    code: 200
    duration: ""
- request:
    body: ""
    form: {}
    headers:
      Accept:
      - application/json
      User-Agent:
      - Terraform/1.3.4 (+https://www.terraform.io) Terraform-Plugin-SDK/2.10.1 terraform-provider-katapult/0.0.999
    url: https://api.katapult.io/core/v1/security_groups/_/rules?page=1&security_group%5Bid%5D=sg_e6Wf8uI5MfxdRTCH
    method: GET
  response:
    body: '{"pagination":{"current_page":1,"total_pages":1,"total":2,"per_page":30,"large_set":false},"security_group_rules":[{"id":"sgr_8Xpt9jPoLqkvNu18","direction":"outbound","protocol":"TCP","ports":"3306","targets":["vmgrp_uPUoncCIDVa96dLe"],"notes":"MySQL"},{"id":"sgr_Zd4FiUjquETp3mtI","direction":"outbound","protocol":"TCP","ports":"80,443","targets":["all:ipv6","all:ipv4"],"notes":"HTTP
      \u0026 HTTPS"}]}'
    headers:
      Access-Control-Allow-Methods:
      - '*'
      Access-Control-Allow-Origin:
      - '*'
      Cache-Control:
      - max-age=0, private, must-revalidate
      Content-Length:
      - "403"
      Content-Type:
      - application/json
      Date:
      - Thu, 23 Mar 2023 18:14:05 GMT
      Etag:
      - W/"6f26d722af45d24a9dd499201b3f8009"
      Server:
      - Caddy
      Strict-Transport-Security:
      - max-age=63072000; includeSubDomains
      X-Ratelimit-Permitted:
      - "1000"
      X-Ratelimit-Remaining:
      - "876"
      X-Request-Id:
      - ea98c6fa-5a08-4c91-b344-c8bc812234f8
    status: 200 OK
    code: 200
    duration: ""
- request:
    body: ""
    form: {}
    headers:
      Accept:
      - application/json
      User-Agent:
      - Terraform/1.3.4 (+https://www.terraform.io) Terraform-Plugin-SDK/2.10.1 terraform-provider-katapult/0.0.999
    url: https://api.katapult.io/core/v1/security_groups/_?security_group%5Bid%5D=sg_e6Wf8uI5MfxdRTCH
    method: GET
  response:
    body: '{"security_group":{"id":"sg_e6Wf8uI5MfxdRTCH","name":"tf-acc-test-data-source-include-rules-9tntzzonjz49","allow_all_inbound":true,"allow_all_outbound":false,"associations":["vmgrp_5XTehc90oqGY346L"]}}'
    headers:
      Access-Control-Allow-Methods:
      - '*'
      Access-Control-Allow-Origin:
      - '*'
      Cache-Control:
      - max-age=0, private, must-revalidate
      Content-Length:
      - "201"
      Content-Type:
      - application/json
      Date:
      - Thu, 23 Mar 2023 18:14:05 GMT
      Etag:
      - W/"7f88f752c833068e4152c11d5c3bb5ff"
      Server:
      - Caddy
      Strict-Transport-Security:
      - max-age=63072000; includeSubDomains
      X-Ratelimit-Permitted:
      - "1000"
      X-Ratelimit-Remaining:
      - "875"
      X-Request-Id:
      - da27dad6-64b6-4b5c-a050-3fbd21c9055c
    status: 200 OK
    code: 200
    duration: ""
- request:
    body: ""
    form: {}
    headers:
      Accept:
      - application/json
      User-Agent:
      - Terraform/1.3.4 (+https://www.terraform.io) Terraform-Plugin-SDK/2.10.1 terraform-provider-katapult/0.0.999
    url: https://api.katapult.io/core/v1/security_groups/_/rules?page=1&security_group%5Bid%5D=sg_e6Wf8uI5MfxdRTCH
    method: GET
  response:
    body: '{"pagination":{"current_page":1,"total_pages":1,"total":2,"per_page":30,"large_set":false},"security_group_rules":[{"id":"sgr_8Xpt9jPoLqkvNu18","direction":"outbound","protocol":"TCP","ports":"3306","targets":["vmgrp_uPUoncCIDVa96dLe"],"notes":"MySQL"},{"id":"sgr_Zd4FiUjquETp3mtI","direction":"outbound","protocol":"TCP","ports":"80,443","targets":["all:ipv6","all:ipv4"],"notes":"HTTP
      \u0026 HTTPS"}]}'
    headers:
      Access-Control-Allow-Methods:
      - '*'
      Access-Control-Allow-Origin:
      - '*'
      Cache-Control:
      - max-age=0, private, must-revalidate
      Content-Length:
      - "403"
      Content-Type:
      - application/json
      Date:
      - Thu, 23 Mar 2023 18:14:05 GMT
      Etag:
      - W/"6f26d722af45d24a9dd499201b3f8009"
      Server:
      - Caddy
      Strict-Transport-Security:
      - max-age=63072000; includeSubDomains
      X-Ratelimit-Permitted:
      - "1000"
      X-Ratelimit-Remaining:
      - "874"
      X-Request-Id:
      - 6fcc86a1-9af4-4108-a7bc-e0ec6412320b
    status: 200 OK
    code: 200
    duration: ""
- request:
    body: ""
    form: {}
    headers:
      Accept:
      - application/json
      User-Agent:
      - Terraform/ (+https://www.terraform.io) Terraform-Plugin-SDK/2.10.1 terraform-provider-katapult/0.0.999
    url: https://api.katapult.io/core/v1/security_groups/_?security_group%5Bid%5D=sg_e6Wf8uI5MfxdRTCH
    method: GET
  response:
    body: '{"security_group":{"id":"sg_e6Wf8uI5MfxdRTCH","name":"tf-acc-test-data-source-include-rules-9tntzzonjz49","allow_all_inbound":true,"allow_all_outbound":false,"associations":["vmgrp_5XTehc90oqGY346L"]}}'
    headers:
      Access-Control-Allow-Methods:
      - '*'
      Access-Control-Allow-Origin:
      - '*'
      Cache-Control:
      - max-age=0, private, must-revalidate
      Content-Length:
      - "201"
      Content-Type:
      - application/json
      Date:
      - Thu, 23 Mar 2023 18:14:05 GMT
      Etag:
      - W/"7f88f752c833068e4152c11d5c3bb5ff"
      Server:
      - Caddy
      Strict-Transport-Security:
      - max-age=63072000; includeSubDomains
      X-Ratelimit-Permitted:
      - "1000"
      X-Ratelimit-Remaining:
      - "873"
      X-Request-Id:
      - ddc0c8e5-bfa2-4805-8833-1a52fbfbc71d
    status: 200 OK
    code: 200
    duration: ""
- request:
    body: ""
    form: {}
    headers:
      Accept:
      - application/json
      User-Agent:
      - Terraform/1.3.4 (+https://www.terraform.io) Terraform-Plugin-SDK/2.10.1 terraform-provider-katapult/0.0.999
    url: https://api.katapult.io/core/v1/security_groups/_?security_group%5Bid%5D=sg_e6Wf8uI5MfxdRTCH
    method: GET
  response:
    body: '{"security_group":{"id":"sg_e6Wf8uI5MfxdRTCH","name":"tf-acc-test-data-source-include-rules-9tntzzonjz49","allow_all_inbound":true,"allow_all_outbound":false,"associations":["vmgrp_5XTehc90oqGY346L"]}}'
    headers:
      Access-Control-Allow-Methods:
      - '*'
      Access-Control-Allow-Origin:
      - '*'
      Cache-Control:
      - max-age=0, private, must-revalidate
      Content-Length:
      - "201"
      Content-Type:
      - application/json
      Date:
      - Thu, 23 Mar 2023 18:14:05 GMT
      Etag:
      - W/"7f88f752c833068e4152c11d5c3bb5ff"
      Server:
      - Caddy
      Strict-Transport-Security:
      - max-age=63072000; includeSubDomains
      X-Ratelimit-Permitted:
      - "1000"
      X-Ratelimit-Remaining:
      - "869"
      X-Request-Id:
      - 6d652d3b-3333-4e9d-913e-68b69bca0206
    status: 200 OK
    code: 200
    duration: ""
- request:
    body: ""
    form: {}
    headers:
      Accept:
      - application/json
      User-Agent:
      - Terraform/1.3.4 (+https://www.terraform.io) Terraform-Plugin-SDK/2.10.1 terraform-provider-katapult/0.0.999
    url: https://api.katapult.io/core/v1/security_groups/_/rules?page=1&security_group%5Bid%5D=sg_e6Wf8uI5MfxdRTCH
    method: GET
  response:
    body: '{"pagination":{"current_page":1,"total_pages":1,"total":2,"per_page":30,"large_set":false},"security_group_rules":[{"id":"sgr_8Xpt9jPoLqkvNu18","direction":"outbound","protocol":"TCP","ports":"3306","targets":["vmgrp_uPUoncCIDVa96dLe"],"notes":"MySQL"},{"id":"sgr_Zd4FiUjquETp3mtI","direction":"outbound","protocol":"TCP","ports":"80,443","targets":["all:ipv6","all:ipv4"],"notes":"HTTP
      \u0026 HTTPS"}]}'
    headers:
      Access-Control-Allow-Methods:
      - '*'
      Access-Control-Allow-Origin:
      - '*'
      Cache-Control:
      - max-age=0, private, must-revalidate
      Content-Length:
      - "403"
      Content-Type:
      - application/json
      Date:
      - Thu, 23 Mar 2023 18:14:05 GMT
      Etag:
      - W/"6f26d722af45d24a9dd499201b3f8009"
      Server:
      - Caddy
      Strict-Transport-Security:
      - max-age=63072000; includeSubDomains
      X-Ratelimit-Permitted:
      - "1000"
      X-Ratelimit-Remaining:
      - "868"
      X-Request-Id:
      - 37c9af19-b0e2-452b-9c50-d20063e57140
    status: 200 OK
    code: 200
    duration: ""
- request:
    body: ""
    form: {}
    headers:
      Accept:
      - application/json
      User-Agent:
      - Terraform/1.3.4 (+https://www.terraform.io) Terraform-Plugin-SDK/2.10.1 terraform-provider-katapult/0.0.999
    url: https://api.katapult.io/core/v1/virtual_machine_groups/vmgrp_5XTehc90oqGY346L
    method: GET
  response:
    body: '{"virtual_machine_group":{"id":"vmgrp_5XTehc90oqGY346L","name":"tf-acc-test-data-source-include-rules-9tntzzonjz49","segregate":true,"created_at":1679595242}}'
    headers:
      Access-Control-Allow-Methods:
      - '*'
      Access-Control-Allow-Origin:
      - '*'
      Cache-Control:
      - max-age=0, private, must-revalidate
      Content-Length:
      - "158"
      Content-Type:
      - application/json
      Date:
      - Thu, 23 Mar 2023 18:14:05 GMT
      Etag:
      - W/"217a9766588669ae359d8e4347f0ef73"
      Server:
      - Caddy
      Strict-Transport-Security:
      - max-age=63072000; includeSubDomains
      X-Ratelimit-Permitted:
      - "1000"
      X-Ratelimit-Remaining:
      - "865"
      X-Request-Id:
      - 8b864de9-3d10-4079-b2f3-efc46143266c
    status: 200 OK
    code: 200
    duration: ""
- request:
    body: ""
    form: {}
    headers:
      Accept:
      - application/json
      User-Agent:
      - Terraform/1.3.4 (+https://www.terraform.io) Terraform-Plugin-SDK/2.10.1 terraform-provider-katapult/0.0.999
    url: https://api.katapult.io/core/v1/virtual_machine_groups/vmgrp_uPUoncCIDVa96dLe
    method: GET
  response:
    body: '{"virtual_machine_group":{"id":"vmgrp_uPUoncCIDVa96dLe","name":"tf-acc-test-data-source-include-rules-9tntzzonjz49","segregate":true,"created_at":1679595243}}'
    headers:
      Access-Control-Allow-Methods:
      - '*'
      Access-Control-Allow-Origin:
      - '*'
      Cache-Control:
      - max-age=0, private, must-revalidate
      Content-Length:
      - "158"
      Content-Type:
      - application/json
      Date:
      - Thu, 23 Mar 2023 18:14:05 GMT
      Etag:
      - W/"d5ef291004264810ee9f08749db85ca8"
      Server:
      - Caddy
      Strict-Transport-Security:
      - max-age=63072000; includeSubDomains
      X-Ratelimit-Permitted:
      - "1000"
      X-Ratelimit-Remaining:
      - "865"
      X-Request-Id:
      - ccf2b7b9-6afe-4c16-a55d-ea1f1ccb273b
    status: 200 OK
    code: 200
    duration: ""
- request:
    body: ""
    form: {}
    headers:
      Accept:
      - application/json
      User-Agent:
      - Terraform/1.3.4 (+https://www.terraform.io) Terraform-Plugin-SDK/2.10.1 terraform-provider-katapult/0.0.999
    url: https://api.katapult.io/core/v1/security_groups/_?security_group%5Bid%5D=sg_e6Wf8uI5MfxdRTCH
    method: GET
  response:
    body: '{"security_group":{"id":"sg_e6Wf8uI5MfxdRTCH","name":"tf-acc-test-data-source-include-rules-9tntzzonjz49","allow_all_inbound":true,"allow_all_outbound":false,"associations":["vmgrp_5XTehc90oqGY346L"]}}'
    headers:
      Access-Control-Allow-Methods:
      - '*'
      Access-Control-Allow-Origin:
      - '*'
      Cache-Control:
      - max-age=0, private, must-revalidate
      Content-Length:
      - "201"
      Content-Type:
      - application/json
      Date:
      - Thu, 23 Mar 2023 18:14:05 GMT
      Etag:
      - W/"7f88f752c833068e4152c11d5c3bb5ff"
      Server:
      - Caddy
      Strict-Transport-Security:
      - max-age=63072000; includeSubDomains
      X-Ratelimit-Permitted:
      - "1000"
      X-Ratelimit-Remaining:
      - "863"
      X-Request-Id:
      - bae25ff2-9650-4616-a128-4501e2081f9e
    status: 200 OK
    code: 200
    duration: ""
- request:
    body: ""
    form: {}
    headers:
      Accept:
      - application/json
      User-Agent:
      - Terraform/1.3.4 (+https://www.terraform.io) Terraform-Plugin-SDK/2.10.1 terraform-provider-katapult/0.0.999
    url: https://api.katapult.io/core/v1/security_groups/_/rules?page=1&security_group%5Bid%5D=sg_e6Wf8uI5MfxdRTCH
    method: GET
  response:
    body: '{"pagination":{"current_page":1,"total_pages":1,"total":2,"per_page":30,"large_set":false},"security_group_rules":[{"id":"sgr_8Xpt9jPoLqkvNu18","direction":"outbound","protocol":"TCP","ports":"3306","targets":["vmgrp_uPUoncCIDVa96dLe"],"notes":"MySQL"},{"id":"sgr_Zd4FiUjquETp3mtI","direction":"outbound","protocol":"TCP","ports":"80,443","targets":["all:ipv6","all:ipv4"],"notes":"HTTP
      \u0026 HTTPS"}]}'
    headers:
      Access-Control-Allow-Methods:
      - '*'
      Access-Control-Allow-Origin:
      - '*'
      Cache-Control:
      - max-age=0, private, must-revalidate
      Content-Length:
      - "403"
      Content-Type:
      - application/json
      Date:
      - Thu, 23 Mar 2023 18:14:05 GMT
      Etag:
      - W/"6f26d722af45d24a9dd499201b3f8009"
      Server:
      - Caddy
      Strict-Transport-Security:
      - max-age=63072000; includeSubDomains
      X-Ratelimit-Permitted:
      - "1000"
      X-Ratelimit-Remaining:
      - "862"
      X-Request-Id:
      - 4d8811b2-6561-4cb8-946c-241b948b40cf
    status: 200 OK
    code: 200
    duration: ""
- request:
    body: ""
    form: {}
    headers:
      Accept:
      - application/json
      User-Agent:
      - Terraform/1.3.4 (+https://www.terraform.io) Terraform-Plugin-SDK/2.10.1 terraform-provider-katapult/0.0.999
    url: https://api.katapult.io/core/v1/security_groups/_?security_group%5Bid%5D=sg_e6Wf8uI5MfxdRTCH
    method: GET
  response:
    body: '{"security_group":{"id":"sg_e6Wf8uI5MfxdRTCH","name":"tf-acc-test-data-source-include-rules-9tntzzonjz49","allow_all_inbound":true,"allow_all_outbound":false,"associations":["vmgrp_5XTehc90oqGY346L"]}}'
    headers:
      Access-Control-Allow-Methods:
      - '*'
      Access-Control-Allow-Origin:
      - '*'
      Cache-Control:
      - max-age=0, private, must-revalidate
      Content-Length:
      - "201"
      Content-Type:
      - application/json
      Date:
      - Thu, 23 Mar 2023 18:14:06 GMT
      Etag:
      - W/"7f88f752c833068e4152c11d5c3bb5ff"
      Server:
      - Caddy
      Strict-Transport-Security:
      - max-age=63072000; includeSubDomains
      X-Ratelimit-Permitted:
      - "1000"
      X-Ratelimit-Remaining:
      - "861"
      X-Request-Id:
      - eb9b0152-88b8-46d9-b851-31372b22883a
    status: 200 OK
    code: 200
    duration: ""
- request:
    body: ""
    form: {}
    headers:
      Accept:
      - application/json
      User-Agent:
      - Terraform/1.3.4 (+https://www.terraform.io) Terraform-Plugin-SDK/2.10.1 terraform-provider-katapult/0.0.999
    url: https://api.katapult.io/core/v1/security_groups/_/rules?page=1&security_group%5Bid%5D=sg_e6Wf8uI5MfxdRTCH
    method: GET
  response:
    body: '{"pagination":{"current_page":1,"total_pages":1,"total":2,"per_page":30,"large_set":false},"security_group_rules":[{"id":"sgr_8Xpt9jPoLqkvNu18","direction":"outbound","protocol":"TCP","ports":"3306","targets":["vmgrp_uPUoncCIDVa96dLe"],"notes":"MySQL"},{"id":"sgr_Zd4FiUjquETp3mtI","direction":"outbound","protocol":"TCP","ports":"80,443","targets":["all:ipv6","all:ipv4"],"notes":"HTTP
      \u0026 HTTPS"}]}'
    headers:
      Access-Control-Allow-Methods:
      - '*'
      Access-Control-Allow-Origin:
      - '*'
      Cache-Control:
      - max-age=0, private, must-revalidate
      Content-Length:
      - "403"
      Content-Type:
      - application/json
      Date:
      - Thu, 23 Mar 2023 18:14:06 GMT
      Etag:
      - W/"6f26d722af45d24a9dd499201b3f8009"
      Server:
      - Caddy
      Strict-Transport-Security:
      - max-age=63072000; includeSubDomains
      X-Ratelimit-Permitted:
      - "1000"
      X-Ratelimit-Remaining:
      - "860"
      X-Request-Id:
      - 6c37d097-6754-40f0-973e-79f895486e52
    status: 200 OK
    code: 200
    duration: ""
- request:
    body: ""
    form: {}
    headers:
      Accept:
      - application/json
      User-Agent:
      - Terraform/1.3.4 (+https://www.terraform.io) Terraform-Plugin-SDK/2.10.1 terraform-provider-katapult/0.0.999
    url: https://api.katapult.io/core/v1/security_groups/_?security_group%5Bid%5D=sg_e6Wf8uI5MfxdRTCH
    method: GET
  response:
    body: '{"security_group":{"id":"sg_e6Wf8uI5MfxdRTCH","name":"tf-acc-test-data-source-include-rules-9tntzzonjz49","allow_all_inbound":true,"allow_all_outbound":false,"associations":["vmgrp_5XTehc90oqGY346L"]}}'
    headers:
      Access-Control-Allow-Methods:
      - '*'
      Access-Control-Allow-Origin:
      - '*'
      Cache-Control:
      - max-age=0, private, must-revalidate
      Content-Length:
      - "201"
      Content-Type:
      - application/json
      Date:
      - Thu, 23 Mar 2023 18:14:06 GMT
      Etag:
      - W/"7f88f752c833068e4152c11d5c3bb5ff"
      Server:
      - Caddy
      Strict-Transport-Security:
      - max-age=63072000; includeSubDomains
      X-Ratelimit-Permitted:
      - "1000"
      X-Ratelimit-Remaining:
      - "859"
      X-Request-Id:
      - 4c55feaa-2032-4f5a-91fb-c2fb0861638b
    status: 200 OK
    code: 200
    duration: ""
- request:
    body: ""
    form: {}
    headers:
      Accept:
      - application/json
      User-Agent:
      - Terraform/1.3.4 (+https://www.terraform.io) Terraform-Plugin-SDK/2.10.1 terraform-provider-katapult/0.0.999
    url: https://api.katapult.io/core/v1/security_groups/_/rules?page=1&security_group%5Bid%5D=sg_e6Wf8uI5MfxdRTCH
    method: GET
  response:
    body: '{"pagination":{"current_page":1,"total_pages":1,"total":2,"per_page":30,"large_set":false},"security_group_rules":[{"id":"sgr_8Xpt9jPoLqkvNu18","direction":"outbound","protocol":"TCP","ports":"3306","targets":["vmgrp_uPUoncCIDVa96dLe"],"notes":"MySQL"},{"id":"sgr_Zd4FiUjquETp3mtI","direction":"outbound","protocol":"TCP","ports":"80,443","targets":["all:ipv6","all:ipv4"],"notes":"HTTP
      \u0026 HTTPS"}]}'
    headers:
      Access-Control-Allow-Methods:
      - '*'
      Access-Control-Allow-Origin:
      - '*'
      Cache-Control:
      - max-age=0, private, must-revalidate
      Content-Length:
      - "403"
      Content-Type:
      - application/json
      Date:
      - Thu, 23 Mar 2023 18:14:06 GMT
      Etag:
      - W/"6f26d722af45d24a9dd499201b3f8009"
      Server:
      - Caddy
      Strict-Transport-Security:
      - max-age=63072000; includeSubDomains
      X-Ratelimit-Permitted:
      - "1000"
      X-Ratelimit-Remaining:
      - "858"
      X-Request-Id:
      - 12e645f5-b5ba-4dc3-bb50-c133c5d8c1a2
    status: 200 OK
    code: 200
    duration: ""
- request:
    body: ""
    form: {}
    headers:
      Accept:
      - application/json
      User-Agent:
      - Terraform/1.3.4 (+https://www.terraform.io) Terraform-Plugin-SDK/2.10.1 terraform-provider-katapult/0.0.999
    url: https://api.katapult.io/core/v1/security_groups/_?security_group%5Bid%5D=sg_e6Wf8uI5MfxdRTCH
    method: DELETE
  response:
    body: '{"security_group":{"id":"sg_e6Wf8uI5MfxdRTCH","name":"tf-acc-test-data-source-include-rules-9tntzzonjz49"}}'
    headers:
      Access-Control-Allow-Methods:
      - '*'
      Access-Control-Allow-Origin:
      - '*'
      Cache-Control:
      - max-age=0, private, must-revalidate
      Content-Length:
      - "107"
      Content-Type:
      - application/json
      Date:
      - Thu, 23 Mar 2023 18:14:06 GMT
      Etag:
      - W/"16a20bd219c4161574e72d58fb64a368"
      Server:
      - Caddy
      Strict-Transport-Security:
      - max-age=63072000; includeSubDomains
      X-Ratelimit-Permitted:
      - "1000"
      X-Ratelimit-Remaining:
      - "857"
      X-Request-Id:
      - c8eb8d76-8410-416d-bc23-7689f8d597ec
    status: 200 OK
    code: 200
    duration: ""
- request:
    body: ""
    form: {}
    headers:
      Accept:
      - application/json
      User-Agent:
      - Terraform/1.3.4 (+https://www.terraform.io) Terraform-Plugin-SDK/2.10.1 terraform-provider-katapult/0.0.999
    url: https://api.katapult.io/core/v1/virtual_machine_groups/_?virtual_machine_group%5Bid%5D=vmgrp_uPUoncCIDVa96dLe
    method: DELETE
  response:
    body: '{"virtual_machine_group":{"id":"vmgrp_uPUoncCIDVa96dLe","name":"tf-acc-test-data-source-include-rules-9tntzzonjz49","segregate":true,"created_at":1679595243}}'
    headers:
      Access-Control-Allow-Methods:
      - '*'
      Access-Control-Allow-Origin:
      - '*'
      Cache-Control:
      - max-age=0, private, must-revalidate
      Content-Length:
      - "158"
      Content-Type:
      - application/json
      Date:
      - Thu, 23 Mar 2023 18:14:06 GMT
      Etag:
      - W/"d5ef291004264810ee9f08749db85ca8"
      Server:
      - Caddy
      Strict-Transport-Security:
      - max-age=63072000; includeSubDomains
      X-Ratelimit-Permitted:
      - "1000"
      X-Ratelimit-Remaining:
      - "847"
      X-Request-Id:
      - f87a42cb-12c4-4ebc-8851-0a6d4e95e7c1
    status: 200 OK
    code: 200
    duration: ""
- request:
    body: ""
    form: {}
    headers:
      Accept:
      - application/json
      User-Agent:
      - Terraform/1.3.4 (+https://www.terraform.io) Terraform-Plugin-SDK/2.10.1 terraform-provider-katapult/0.0.999
    url: https://api.katapult.io/core/v1/virtual_machine_groups/_?virtual_machine_group%5Bid%5D=vmgrp_5XTehc90oqGY346L
    method: DELETE
  response:
    body: '{"virtual_machine_group":{"id":"vmgrp_5XTehc90oqGY346L","name":"tf-acc-test-data-source-include-rules-9tntzzonjz49","segregate":true,"created_at":1679595242}}'
    headers:
      Access-Control-Allow-Methods:
      - '*'
      Access-Control-Allow-Origin:
      - '*'
      Cache-Control:
      - max-age=0, private, must-revalidate
      Content-Length:
      - "158"
      Content-Type:
      - application/json
      Date:
      - Thu, 23 Mar 2023 18:14:06 GMT
      Etag:
      - W/"217a9766588669ae359d8e4347f0ef73"
      Server:
      - Caddy
      Strict-Transport-Security:
      - max-age=63072000; includeSubDomains
      X-Ratelimit-Permitted:
      - "1000"
      X-Ratelimit-Remaining:
      - "847"
      X-Request-Id:
      - 44ff954c-5817-4352-aad9-a5545cc4b18b
    status: 200 OK
    code: 200
    duration: ""
- request:
    body: ""
    form: {}
    headers:
      Accept:
      - application/json
      User-Agent:
      - Terraform/ (+https://www.terraform.io) Terraform-Plugin-SDK/2.10.1 terraform-provider-katapult/0.0.999
    url: https://api.katapult.io/core/v1/security_groups/_?security_group%5Bid%5D=sg_e6Wf8uI5MfxdRTCH
    method: GET
  response:
    body: '{"error":{"code":"security_group_not_found","description":"No security
      group was found matching any of the criteria provided in the arguments","detail":{}}}'
    headers:
      Access-Control-Allow-Methods:
      - '*'
      Access-Control-Allow-Origin:
      - '*'
      Cache-Control:
      - no-cache
      Content-Length:
      - "156"
      Content-Type:
      - application/json
      Date:
      - Thu, 23 Mar 2023 18:14:06 GMT
      Server:
      - Caddy
      Strict-Transport-Security:
      - max-age=63072000; includeSubDomains
      X-Api-Schema:
      - json-error
      X-Ratelimit-Permitted:
      - "1000"
      X-Ratelimit-Remaining:
      - "843"
      X-Request-Id:
      - be6d77e9-72c5-42e7-9799-43826177a8de
    status: 404 Not Found
    code: 404
    duration: ""
- request:
    body: ""
    form: {}
    headers:
      Accept:
      - application/json
      User-Agent:
      - Terraform/ (+https://www.terraform.io) Terraform-Plugin-SDK/2.10.1 terraform-provider-katapult/0.0.999
    url: https://api.katapult.io/core/v1/security_groups/_?security_group%5Bid%5D=sg_e6Wf8uI5MfxdRTCH
    method: GET
  response:
    body: '{"error":{"code":"security_group_not_found","description":"No security
      group was found matching any of the criteria provided in the arguments","detail":{}}}'
    headers:
      Access-Control-Allow-Methods:
      - '*'
      Access-Control-Allow-Origin:
      - '*'
      Cache-Control:
      - no-cache
      Content-Length:
      - "156"
      Content-Type:
      - application/json
      Date:
      - Thu, 23 Mar 2023 18:14:06 GMT
      Server:
      - Caddy
      Strict-Transport-Security:
      - max-age=63072000; includeSubDomains
      X-Api-Schema:
      - json-error
      X-Ratelimit-Permitted:
      - "1000"
      X-Ratelimit-Remaining:
      - "840"
      X-Request-Id:
      - b4736e15-1658-4121-a352-1750f5ad1207
    status: 404 Not Found
    code: 404
    duration: ""
