---
version: 1
interactions:
- request:
    body: ""
    form: {}
    headers:
      Accept:
      - application/json
      User-Agent:
      - Terraform/1.3.4 (+https://www.terraform.io) Terraform-Plugin-SDK/2.10.1 terraform-provider-katapult/0.0.999
    url: https://api.katapult.io/core/v1/data_centers/_/default_network?data_center%5Bpermalink%5D=uk-lon-01
    method: GET
  response:
    body: '{"network":{"id":"netw_gVRkZdSKczfNg34P","name":"Public Network","permalink":"uk-lon-01-public","data_center":{"id":"loc_UUhPmoCbpic6UX0Y","name":"London","permalink":"uk-lon-01"}}}'
    headers:
      Access-Control-Allow-Methods:
      - '*'
      Access-Control-Allow-Origin:
      - '*'
      Cache-Control:
      - max-age=0, private, must-revalidate
      Content-Length:
      - "181"
      Content-Type:
      - application/json
      Date:
      - Thu, 23 Mar 2023 10:55:37 GMT
      Etag:
      - W/"d60d47b2ba0b179327bb89a97b1c0e77"
      Server:
      - Caddy
      Strict-Transport-Security:
      - max-age=63072000; includeSubDomains
      X-Ratelimit-Permitted:
      - "1000"
      X-Ratelimit-Remaining:
      - "893"
      X-Request-Id:
      - 7dc64d08-5d20-4f72-9f85-78d01e8fcac4
    status: 200 OK
    code: 200
    duration: ""
- request:
    body: ""
    form: {}
    headers:
      Accept:
      - application/json
      User-Agent:
      - Terraform/1.3.4 (+https://www.terraform.io) Terraform-Plugin-SDK/2.10.1 terraform-provider-katapult/0.0.999
    url: https://api.katapult.io/core/v1/data_centers/_/default_network?data_center%5Bpermalink%5D=uk-lon-01
    method: GET
  response:
    body: '{"network":{"id":"netw_gVRkZdSKczfNg34P","name":"Public Network","permalink":"uk-lon-01-public","data_center":{"id":"loc_UUhPmoCbpic6UX0Y","name":"London","permalink":"uk-lon-01"}}}'
    headers:
      Access-Control-Allow-Methods:
      - '*'
      Access-Control-Allow-Origin:
      - '*'
      Cache-Control:
      - max-age=0, private, must-revalidate
      Content-Length:
      - "181"
      Content-Type:
      - application/json
      Date:
      - Thu, 23 Mar 2023 10:55:37 GMT
      Etag:
      - W/"d60d47b2ba0b179327bb89a97b1c0e77"
      Server:
      - Caddy
      Strict-Transport-Security:
      - max-age=63072000; includeSubDomains
      X-Ratelimit-Permitted:
      - "1000"
      X-Ratelimit-Remaining:
      - "892"
      X-Request-Id:
      - fb9356ea-0159-44df-a724-184ed135f6b9
    status: 200 OK
    code: 200
    duration: ""
- request:
    body: |
      {"organization":{"sub_domain":"terraform-acc-test"},"properties":{"name":"tf-acc-test-custom-disks-ft3k6tpxc7yi-group","segregate":true}}
    form: {}
    headers:
      Accept:
      - application/json
      Content-Type:
      - application/json
      User-Agent:
      - Terraform/1.3.4 (+https://www.terraform.io) Terraform-Plugin-SDK/2.10.1 terraform-provider-katapult/0.0.999
    url: https://api.katapult.io/core/v1/organizations/_/virtual_machine_groups
    method: POST
  response:
    body: '{"virtual_machine_group":{"id":"vmgrp_T2XflYxrpxLLtTCl","name":"tf-acc-test-custom-disks-ft3k6tpxc7yi-group","segregate":true,"created_at":1679568937}}'
    headers:
      Access-Control-Allow-Methods:
      - '*'
      Access-Control-Allow-Origin:
      - '*'
      Cache-Control:
      - max-age=0, private, must-revalidate
      Content-Length:
      - "151"
      Content-Type:
      - application/json
      Date:
      - Thu, 23 Mar 2023 10:55:37 GMT
      Etag:
      - W/"ec3fe221b455c36c89ae23c039be8957"
      Server:
      - Caddy
      Strict-Transport-Security:
      - max-age=63072000; includeSubDomains
      X-Ratelimit-Permitted:
      - "1000"
      X-Ratelimit-Remaining:
      - "892"
      X-Request-Id:
      - ef21c04f-5d6f-426a-b64e-2a428d160a11
    status: 200 OK
    code: 200
    duration: ""
- request:
    body: ""
    form: {}
    headers:
      Accept:
      - application/json
      User-Agent:
      - Terraform/1.3.4 (+https://www.terraform.io) Terraform-Plugin-SDK/2.10.1 terraform-provider-katapult/0.0.999
    url: https://api.katapult.io/core/v1/virtual_machine_groups/vmgrp_T2XflYxrpxLLtTCl
    method: GET
  response:
    body: '{"virtual_machine_group":{"id":"vmgrp_T2XflYxrpxLLtTCl","name":"tf-acc-test-custom-disks-ft3k6tpxc7yi-group","segregate":true,"created_at":1679568937}}'
    headers:
      Access-Control-Allow-Methods:
      - '*'
      Access-Control-Allow-Origin:
      - '*'
      Cache-Control:
      - max-age=0, private, must-revalidate
      Content-Length:
      - "151"
      Content-Type:
      - application/json
      Date:
      - Thu, 23 Mar 2023 10:55:37 GMT
      Etag:
      - W/"ec3fe221b455c36c89ae23c039be8957"
      Server:
      - Caddy
      Strict-Transport-Security:
      - max-age=63072000; includeSubDomains
      X-Ratelimit-Permitted:
      - "1000"
      X-Ratelimit-Remaining:
      - "888"
      X-Request-Id:
      - c4427c8a-0598-40d4-9113-2ad3c1a253ee
    status: 200 OK
    code: 200
    duration: ""
- request:
    body: |
      {"organization":{"sub_domain":"terraform-acc-test"},"network":{"id":"netw_gVRkZdSKczfNg34P"},"version":"ipv4"}
    form: {}
    headers:
      Accept:
      - application/json
      Content-Type:
      - application/json
      User-Agent:
      - Terraform/1.3.4 (+https://www.terraform.io) Terraform-Plugin-SDK/2.10.1 terraform-provider-katapult/0.0.999
    url: https://api.katapult.io/core/v1/organizations/_/ip_addresses
    method: POST
  response:
    body: '{"ip_address":{"id":"ip_Ntu5DTZickqN6c9T","address":"185.199.222.16","reverse_dns":"185-199-222-16.rdns.katapult.cloud","vip":false,"label":null,"address_with_mask":"185.199.222.16/24","network":{"id":"netw_gVRkZdSKczfNg34P","name":"Public
      Network","permalink":"uk-lon-01-public","data_center":{"id":"loc_UUhPmoCbpic6UX0Y","name":"London","permalink":"uk-lon-01","country":{"id":"ctry_6AO9tYYugvTGnd5b","name":"United
      Kingdom","iso_code2":"GB","iso_code3":"GBR","time_zone":"Europe/London","eu":false}}},"allocation_id":null,"allocation_type":null}}'
    headers:
      Access-Control-Allow-Methods:
      - '*'
      Access-Control-Allow-Origin:
      - '*'
      Cache-Control:
      - max-age=0, private, must-revalidate
      Content-Length:
      - "549"
      Content-Type:
      - application/json
      Date:
      - Thu, 23 Mar 2023 10:55:41 GMT
      Etag:
      - W/"bca869113d81fc0901f92a0d7516e299"
      Server:
      - Caddy
      Strict-Transport-Security:
      - max-age=63072000; includeSubDomains
      X-Ratelimit-Permitted:
      - "1000"
      X-Ratelimit-Remaining:
      - "890"
      X-Request-Id:
      - 8b634414-3b46-4bc9-bff7-6f2459696648
    status: 200 OK
    code: 200
    duration: ""
- request:
    body: ""
    form: {}
    headers:
      Accept:
      - application/json
      User-Agent:
      - Terraform/1.3.4 (+https://www.terraform.io) Terraform-Plugin-SDK/2.10.1 terraform-provider-katapult/0.0.999
    url: https://api.katapult.io/core/v1/ip_addresses/_?ip_address%5Bid%5D=ip_Ntu5DTZickqN6c9T
    method: GET
  response:
    body: '{"ip_address":{"id":"ip_Ntu5DTZickqN6c9T","address":"185.199.222.16","reverse_dns":"185-199-222-16.rdns.katapult.cloud","vip":false,"label":null,"address_with_mask":"185.199.222.16/24","network":{"id":"netw_gVRkZdSKczfNg34P","name":"Public
      Network","permalink":"uk-lon-01-public","data_center":{"id":"loc_UUhPmoCbpic6UX0Y","name":"London","permalink":"uk-lon-01","country":{"id":"ctry_6AO9tYYugvTGnd5b","name":"United
      Kingdom","iso_code2":"GB","iso_code3":"GBR","time_zone":"Europe/London","eu":false}}},"allocation_id":null,"allocation_type":null},"allocation":null}'
    headers:
      Access-Control-Allow-Methods:
      - '*'
      Access-Control-Allow-Origin:
      - '*'
      Cache-Control:
      - max-age=0, private, must-revalidate
      Content-Length:
      - "567"
      Content-Type:
      - application/json
      Date:
      - Thu, 23 Mar 2023 10:55:41 GMT
      Etag:
      - W/"e885820193fa788a5a81f9194c9217d1"
      Server:
      - Caddy
      Strict-Transport-Security:
      - max-age=63072000; includeSubDomains
      X-Ratelimit-Permitted:
      - "1000"
      X-Ratelimit-Remaining:
      - "881"
      X-Request-Id:
      - 2298524d-ed80-4233-b29a-f5046aa92e5e
    status: 200 OK
    code: 200
    duration: ""
- request:
    body: |
      {"organization":{"sub_domain":"terraform-acc-test"},"network":{"id":"netw_gVRkZdSKczfNg34P"},"version":"ipv4"}
    form: {}
    headers:
      Accept:
      - application/json
      Content-Type:
      - application/json
      User-Agent:
      - Terraform/1.3.4 (+https://www.terraform.io) Terraform-Plugin-SDK/2.10.1 terraform-provider-katapult/0.0.999
    url: https://api.katapult.io/core/v1/organizations/_/ip_addresses
    method: POST
  response:
    body: '{"ip_address":{"id":"ip_Gl63yHUEkeELpdGm","address":"185.199.222.110","reverse_dns":"185-199-222-110.rdns.katapult.cloud","vip":false,"label":null,"address_with_mask":"185.199.222.110/24","network":{"id":"netw_gVRkZdSKczfNg34P","name":"Public
      Network","permalink":"uk-lon-01-public","data_center":{"id":"loc_UUhPmoCbpic6UX0Y","name":"London","permalink":"uk-lon-01","country":{"id":"ctry_6AO9tYYugvTGnd5b","name":"United
      Kingdom","iso_code2":"GB","iso_code3":"GBR","time_zone":"Europe/London","eu":false}}},"allocation_id":null,"allocation_type":null}}'
    headers:
      Access-Control-Allow-Methods:
      - '*'
      Access-Control-Allow-Origin:
      - '*'
      Cache-Control:
      - max-age=0, private, must-revalidate
      Content-Length:
      - "552"
      Content-Type:
      - application/json
      Date:
      - Thu, 23 Mar 2023 10:55:45 GMT
      Etag:
      - W/"cd27f55240c181e782511ea3cbbac6e5"
      Server:
      - Caddy
      Strict-Transport-Security:
      - max-age=63072000; includeSubDomains
      X-Ratelimit-Permitted:
      - "1000"
      X-Ratelimit-Remaining:
      - "889"
      X-Request-Id:
      - 71efce09-f467-4e37-9447-7eb2bd3f4e89
    status: 200 OK
    code: 200
    duration: ""
- request:
    body: ""
    form: {}
    headers:
      Accept:
      - application/json
      User-Agent:
      - Terraform/1.3.4 (+https://www.terraform.io) Terraform-Plugin-SDK/2.10.1 terraform-provider-katapult/0.0.999
    url: https://api.katapult.io/core/v1/ip_addresses/_?ip_address%5Bid%5D=ip_Gl63yHUEkeELpdGm
    method: GET
  response:
    body: '{"ip_address":{"id":"ip_Gl63yHUEkeELpdGm","address":"185.199.222.110","reverse_dns":"185-199-222-110.rdns.katapult.cloud","vip":false,"label":null,"address_with_mask":"185.199.222.110/24","network":{"id":"netw_gVRkZdSKczfNg34P","name":"Public
      Network","permalink":"uk-lon-01-public","data_center":{"id":"loc_UUhPmoCbpic6UX0Y","name":"London","permalink":"uk-lon-01","country":{"id":"ctry_6AO9tYYugvTGnd5b","name":"United
      Kingdom","iso_code2":"GB","iso_code3":"GBR","time_zone":"Europe/London","eu":false}}},"allocation_id":null,"allocation_type":null},"allocation":null}'
    headers:
      Access-Control-Allow-Methods:
      - '*'
      Access-Control-Allow-Origin:
      - '*'
      Cache-Control:
      - max-age=0, private, must-revalidate
      Content-Length:
      - "570"
      Content-Type:
      - application/json
      Date:
      - Thu, 23 Mar 2023 10:55:45 GMT
      Etag:
      - W/"988b8e487f5a90073bdfc45e4a28611c"
      Server:
      - Caddy
      Strict-Transport-Security:
      - max-age=63072000; includeSubDomains
      X-Ratelimit-Permitted:
      - "1000"
      X-Ratelimit-Remaining:
      - "859"
      X-Request-Id:
      - 971c292e-7875-4ed7-9bce-aa5d20bba272
    status: 200 OK
    code: 200
    duration: ""
- request:
    body: ""
    form: {}
    headers:
      Accept:
      - application/json
      User-Agent:
      - Terraform/1.3.4 (+https://www.terraform.io) Terraform-Plugin-SDK/2.10.1 terraform-provider-katapult/0.0.999
    url: https://api.katapult.io/core/v1/ip_addresses/_?ip_address%5Bid%5D=ip_Gl63yHUEkeELpdGm
    method: GET
  response:
    body: '{"ip_address":{"id":"ip_Gl63yHUEkeELpdGm","address":"185.199.222.110","reverse_dns":"185-199-222-110.rdns.katapult.cloud","vip":false,"label":null,"address_with_mask":"185.199.222.110/24","network":{"id":"netw_gVRkZdSKczfNg34P","name":"Public
      Network","permalink":"uk-lon-01-public","data_center":{"id":"loc_UUhPmoCbpic6UX0Y","name":"London","permalink":"uk-lon-01","country":{"id":"ctry_6AO9tYYugvTGnd5b","name":"United
      Kingdom","iso_code2":"GB","iso_code3":"GBR","time_zone":"Europe/London","eu":false}}},"allocation_id":null,"allocation_type":null},"allocation":null}'
    headers:
      Access-Control-Allow-Methods:
      - '*'
      Access-Control-Allow-Origin:
      - '*'
      Cache-Control:
      - max-age=0, private, must-revalidate
      Content-Length:
      - "570"
      Content-Type:
      - application/json
      Date:
      - Thu, 23 Mar 2023 10:55:45 GMT
      Etag:
      - W/"988b8e487f5a90073bdfc45e4a28611c"
      Server:
      - Caddy
      Strict-Transport-Security:
      - max-age=63072000; includeSubDomains
      X-Ratelimit-Permitted:
      - "1000"
      X-Ratelimit-Remaining:
      - "858"
      X-Request-Id:
      - e12b2737-eaf7-49ab-a765-c3f74ad128a7
    status: 200 OK
    code: 200
    duration: ""
- request:
    body: ""
    form: {}
    headers:
      Accept:
      - application/json
      User-Agent:
      - Terraform/1.3.4 (+https://www.terraform.io) Terraform-Plugin-SDK/2.10.1 terraform-provider-katapult/0.0.999
    url: https://api.katapult.io/core/v1/ip_addresses/_?ip_address%5Bid%5D=ip_Ntu5DTZickqN6c9T
    method: GET
  response:
    body: '{"ip_address":{"id":"ip_Ntu5DTZickqN6c9T","address":"185.199.222.16","reverse_dns":"185-199-222-16.rdns.katapult.cloud","vip":false,"label":null,"address_with_mask":"185.199.222.16/24","network":{"id":"netw_gVRkZdSKczfNg34P","name":"Public
      Network","permalink":"uk-lon-01-public","data_center":{"id":"loc_UUhPmoCbpic6UX0Y","name":"London","permalink":"uk-lon-01","country":{"id":"ctry_6AO9tYYugvTGnd5b","name":"United
      Kingdom","iso_code2":"GB","iso_code3":"GBR","time_zone":"Europe/London","eu":false}}},"allocation_id":null,"allocation_type":null},"allocation":null}'
    headers:
      Access-Control-Allow-Methods:
      - '*'
      Access-Control-Allow-Origin:
      - '*'
      Cache-Control:
      - max-age=0, private, must-revalidate
      Content-Length:
      - "567"
      Content-Type:
      - application/json
      Date:
      - Thu, 23 Mar 2023 10:55:45 GMT
      Etag:
      - W/"e885820193fa788a5a81f9194c9217d1"
      Server:
      - Caddy
      Strict-Transport-Security:
      - max-age=63072000; includeSubDomains
      X-Ratelimit-Permitted:
      - "1000"
      X-Ratelimit-Remaining:
      - "857"
      X-Request-Id:
      - 7e53553a-ded7-47ac-be10-88ac05d8214f
    status: 200 OK
    code: 200
    duration: ""
- request:
    body: |
      {"organization":{"sub_domain":"terraform-acc-test"},"xml":"<?xml version=\"1.0\" encoding=\"UTF-8\"?>\n<VirtualMachineSpec><DataCenter by=\"permalink\">uk-lon-01</DataCenter><Resources><Package by=\"permalink\">rock-3</Package></Resources><DiskTemplate><DiskTemplate by=\"permalink\">templates/ubuntu-18-04</DiskTemplate><Option key=\"install_agent\">true</Option></DiskTemplate><SystemDisks><Disk><Name>System</Name><Size>20</Size></Disk><Disk><Name>Data</Name><Size>10</Size></Disk><Disk><Name>Disk #3</Name><Size>10</Size></Disk></SystemDisks><NetworkInterfaces><NetworkInterface><Network>netw_gVRkZdSKczfNg34P</Network><SpeedProfile by=\"permalink\">1gbps</SpeedProfile><IPAddressAllocation type=\"existing\"><IPAddress>ip_Gl63yHUEkeELpdGm</IPAddress></IPAddressAllocation><IPAddressAllocation type=\"existing\"><IPAddress>ip_Ntu5DTZickqN6c9T</IPAddress></IPAddressAllocation></NetworkInterface></NetworkInterfaces><Hostname><Hostname>tf-acc-test-custom-disks-ft3k6tpxc7yi-host</Hostname></Hostname><Name>tf-acc-test-custom-disks-ft3k6tpxc7yi</Name><Description>A web server.</Description><Group>vmgrp_T2XflYxrpxLLtTCl</Group><AuthorizedKeys><Users all=\"yes\"></Users><SSHKeys all=\"yes\"></SSHKeys></AuthorizedKeys><Tags><Tag>web</Tag><Tag>public</Tag></Tags></VirtualMachineSpec>"}
    form: {}
    headers:
      Accept:
      - application/json
      Content-Type:
      - application/json
      User-Agent:
      - Terraform/1.3.4 (+https://www.terraform.io) Terraform-Plugin-SDK/2.10.1 terraform-provider-katapult/0.0.999
    url: https://api.katapult.io/core/v1/organizations/_/virtual_machines/build_from_spec
    method: POST
  response:
    body: '{"task":{"id":"task_TlMJOd8kO9D7T5R7","name":"Build virtual machine","status":"pending"},"build":{"id":"vmbuild_OdF7pOcyqAxes1ig","state":"pending"},"virtual_machine_build":{"id":"vmbuild_OdF7pOcyqAxes1ig","state":"pending"},"hostname":"tf-acc-test-custom-disks-ft3k6tpxc7yi-host"}'
    headers:
      Access-Control-Allow-Methods:
      - '*'
      Access-Control-Allow-Origin:
      - '*'
      Cache-Control:
      - max-age=0, private, must-revalidate
      Content-Length:
      - "281"
      Content-Type:
      - application/json
      Date:
      - Thu, 23 Mar 2023 10:55:45 GMT
      Etag:
      - W/"c9199cb92f0762bfb34939ed1638594e"
      Server:
      - Caddy
      Strict-Transport-Security:
      - max-age=63072000; includeSubDomains
      X-Ratelimit-Permitted:
      - "1000"
      X-Ratelimit-Remaining:
      - "856"
      X-Request-Id:
      - 2ac2b0b3-b242-459c-a573-774fb9e99133
    status: 201 Created
    code: 201
    duration: ""
- request:
    body: ""
    form: {}
    headers:
      Accept:
      - application/json
      User-Agent:
      - Terraform/1.3.4 (+https://www.terraform.io) Terraform-Plugin-SDK/2.10.1 terraform-provider-katapult/0.0.999
    url: https://api.katapult.io/core/v1/virtual_machines/builds/_?virtual_machine_build%5Bid%5D=vmbuild_OdF7pOcyqAxes1ig
    method: GET
  response:
    body: '{"virtual_machine_build":{"id":"vmbuild_OdF7pOcyqAxes1ig","spec_xml":"\u003c?xml
      version=\"1.0\"?\u003e\n\u003cVirtualMachineSpec\u003e\n  \u003cDataCenter\u003eloc_UUhPmoCbpic6UX0Y\u003c/DataCenter\u003e\n  \u003cResources\u003e\n    \u003cPackage
      by=\"permalink\"\u003erock-3\u003c/Package\u003e\n  \u003c/Resources\u003e\n  \u003cDiskTemplate\u003e\n    \u003cDiskTemplate
      by=\"permalink\"\u003etemplates/ubuntu-18-04\u003c/DiskTemplate\u003e\n    \u003cVersion
      by=\"number\"\u003e1\u003c/Version\u003e\n    \u003cOption key=\"install_agent\"\u003etrue\u003c/Option\u003e\n  \u003c/DiskTemplate\u003e\n  \u003cSystemDisks\u003e\n    \u003cDisk\u003e\n      \u003cName\u003eSystem\u003c/Name\u003e\n      \u003cSize\u003e20\u003c/Size\u003e\n    \u003c/Disk\u003e\n    \u003cDisk\u003e\n      \u003cName\u003eData\u003c/Name\u003e\n      \u003cSize\u003e10\u003c/Size\u003e\n    \u003c/Disk\u003e\n    \u003cDisk\u003e\n      \u003cName\u003eDisk
      #3\u003c/Name\u003e\n      \u003cSize\u003e10\u003c/Size\u003e\n    \u003c/Disk\u003e\n  \u003c/SystemDisks\u003e\n  \u003cNetworkInterfaces\u003e\n    \u003cNetworkInterface\u003e\n      \u003cNetwork\u003enetw_gVRkZdSKczfNg34P\u003c/Network\u003e\n      \u003cSpeedProfile\u003ensp_Y8YS65yTivlCAjIY\u003c/SpeedProfile\u003e\n      \u003cIPAddressAllocation
      type=\"existing\"\u003e\n        \u003cIPAddress by=\"address\"\u003e185.199.222.110\u003c/IPAddress\u003e\n      \u003c/IPAddressAllocation\u003e\n      \u003cIPAddressAllocation
      type=\"existing\"\u003e\n        \u003cIPAddress by=\"address\"\u003e185.199.222.16\u003c/IPAddress\u003e\n      \u003c/IPAddressAllocation\u003e\n    \u003c/NetworkInterface\u003e\n  \u003c/NetworkInterfaces\u003e\n  \u003cHostname\u003e\n    \u003cHostname\u003etf-acc-test-custom-disks-ft3k6tpxc7yi-host\u003c/Hostname\u003e\n  \u003c/Hostname\u003e\n  \u003cName\u003etf-acc-test-custom-disks-ft3k6tpxc7yi\u003c/Name\u003e\n  \u003cDescription\u003eA
      web server.\u003c/Description\u003e\n  \u003cGroup\u003evmgrp_T2XflYxrpxLLtTCl\u003c/Group\u003e\n  \u003cAuthorizedKeys
      continuous_management=\"no\"\u003e\n    \u003cUsers all=\"yes\"/\u003e\n    \u003cSSHKeys
      all=\"yes\"/\u003e\n  \u003c/AuthorizedKeys\u003e\n  \u003cTags\u003e\n    \u003cTag\u003eweb\u003c/Tag\u003e\n    \u003cTag\u003epublic\u003c/Tag\u003e\n  \u003c/Tags\u003e\n\u003c/VirtualMachineSpec\u003e\n","state":"building","virtual_machine":null,"created_at":1679568945}}'
    headers:
      Access-Control-Allow-Methods:
      - '*'
      Access-Control-Allow-Origin:
      - '*'
      Cache-Control:
      - max-age=0, private, must-revalidate
      Content-Length:
      - "2431"
      Content-Type:
      - application/json
      Date:
      - Thu, 23 Mar 2023 10:55:47 GMT
      Etag:
      - W/"1f131a7e19d2a034256119f66a92bf01"
      Server:
      - Caddy
      Strict-Transport-Security:
      - max-age=63072000; includeSubDomains
      X-Ratelimit-Permitted:
      - "1000"
      X-Ratelimit-Remaining:
      - "852"
      X-Request-Id:
      - a4b5fb95-9dd5-44bd-b513-d3202331e7fb
    status: 200 OK
    code: 200
    duration: ""
- request:
    body: ""
    form: {}
    headers:
      Accept:
      - application/json
      User-Agent:
      - Terraform/1.3.4 (+https://www.terraform.io) Terraform-Plugin-SDK/2.10.1 terraform-provider-katapult/0.0.999
    url: https://api.katapult.io/core/v1/virtual_machines/builds/_?virtual_machine_build%5Bid%5D=vmbuild_OdF7pOcyqAxes1ig
    method: GET
  response:
    body: '{"virtual_machine_build":{"id":"vmbuild_OdF7pOcyqAxes1ig","spec_xml":"\u003c?xml
      version=\"1.0\"?\u003e\n\u003cVirtualMachineSpec\u003e\n  \u003cDataCenter\u003eloc_UUhPmoCbpic6UX0Y\u003c/DataCenter\u003e\n  \u003cResources\u003e\n    \u003cPackage
      by=\"permalink\"\u003erock-3\u003c/Package\u003e\n  \u003c/Resources\u003e\n  \u003cDiskTemplate\u003e\n    \u003cDiskTemplate
      by=\"permalink\"\u003etemplates/ubuntu-18-04\u003c/DiskTemplate\u003e\n    \u003cVersion
      by=\"number\"\u003e1\u003c/Version\u003e\n    \u003cOption key=\"install_agent\"\u003etrue\u003c/Option\u003e\n  \u003c/DiskTemplate\u003e\n  \u003cSystemDisks\u003e\n    \u003cDisk\u003e\n      \u003cName\u003eSystem\u003c/Name\u003e\n      \u003cSize\u003e20\u003c/Size\u003e\n    \u003c/Disk\u003e\n    \u003cDisk\u003e\n      \u003cName\u003eData\u003c/Name\u003e\n      \u003cSize\u003e10\u003c/Size\u003e\n    \u003c/Disk\u003e\n    \u003cDisk\u003e\n      \u003cName\u003eDisk
      #3\u003c/Name\u003e\n      \u003cSize\u003e10\u003c/Size\u003e\n    \u003c/Disk\u003e\n  \u003c/SystemDisks\u003e\n  \u003cNetworkInterfaces\u003e\n    \u003cNetworkInterface\u003e\n      \u003cNetwork\u003enetw_gVRkZdSKczfNg34P\u003c/Network\u003e\n      \u003cSpeedProfile\u003ensp_Y8YS65yTivlCAjIY\u003c/SpeedProfile\u003e\n      \u003cIPAddressAllocation
      type=\"existing\"\u003e\n        \u003cIPAddress by=\"address\"\u003e185.199.222.110\u003c/IPAddress\u003e\n      \u003c/IPAddressAllocation\u003e\n      \u003cIPAddressAllocation
      type=\"existing\"\u003e\n        \u003cIPAddress by=\"address\"\u003e185.199.222.16\u003c/IPAddress\u003e\n      \u003c/IPAddressAllocation\u003e\n    \u003c/NetworkInterface\u003e\n  \u003c/NetworkInterfaces\u003e\n  \u003cHostname\u003e\n    \u003cHostname\u003etf-acc-test-custom-disks-ft3k6tpxc7yi-host\u003c/Hostname\u003e\n  \u003c/Hostname\u003e\n  \u003cName\u003etf-acc-test-custom-disks-ft3k6tpxc7yi\u003c/Name\u003e\n  \u003cDescription\u003eA
      web server.\u003c/Description\u003e\n  \u003cGroup\u003evmgrp_T2XflYxrpxLLtTCl\u003c/Group\u003e\n  \u003cAuthorizedKeys
      continuous_management=\"no\"\u003e\n    \u003cUsers all=\"yes\"/\u003e\n    \u003cSSHKeys
      all=\"yes\"/\u003e\n  \u003c/AuthorizedKeys\u003e\n  \u003cTags\u003e\n    \u003cTag\u003eweb\u003c/Tag\u003e\n    \u003cTag\u003epublic\u003c/Tag\u003e\n  \u003c/Tags\u003e\n\u003c/VirtualMachineSpec\u003e\n","state":"building","virtual_machine":{"id":"vm_pK9qsZGVIpeAZxVT","name":"tf-acc-test-custom-disks-ft3k6tpxc7yi","hostname":"tf-acc-test-custom-disks-ft3k6tpxc7yi-host","fqdn":"tf-acc-test-custom-disks-ft3k6tpxc7yi-host.terraform-acc-test.katapult.cloud","state":"stopped"},"created_at":1679568945}}'
    headers:
      Access-Control-Allow-Methods:
      - '*'
      Access-Control-Allow-Origin:
      - '*'
      Cache-Control:
      - max-age=0, private, must-revalidate
      Content-Length:
      - "2662"
      Content-Type:
      - application/json
      Date:
      - Thu, 23 Mar 2023 10:55:52 GMT
      Etag:
      - W/"05e4013b8bd5ea3d15b5e51c8b0e6b0d"
      Server:
      - Caddy
      Strict-Transport-Security:
      - max-age=63072000; includeSubDomains
      X-Ratelimit-Permitted:
      - "1000"
      X-Ratelimit-Remaining:
      - "841"
      X-Request-Id:
      - 3fb8cb96-9f04-47e6-9cf3-b5bbd551b9ec
    status: 200 OK
    code: 200
    duration: ""
- request:
    body: ""
    form: {}
    headers:
      Accept:
      - application/json
      User-Agent:
      - Terraform/1.3.4 (+https://www.terraform.io) Terraform-Plugin-SDK/2.10.1 terraform-provider-katapult/0.0.999
    url: https://api.katapult.io/core/v1/virtual_machines/builds/_?virtual_machine_build%5Bid%5D=vmbuild_OdF7pOcyqAxes1ig
    method: GET
  response:
    body: '{"virtual_machine_build":{"id":"vmbuild_OdF7pOcyqAxes1ig","spec_xml":"\u003c?xml
      version=\"1.0\"?\u003e\n\u003cVirtualMachineSpec\u003e\n  \u003cDataCenter\u003eloc_UUhPmoCbpic6UX0Y\u003c/DataCenter\u003e\n  \u003cResources\u003e\n    \u003cPackage
      by=\"permalink\"\u003erock-3\u003c/Package\u003e\n  \u003c/Resources\u003e\n  \u003cDiskTemplate\u003e\n    \u003cDiskTemplate
      by=\"permalink\"\u003etemplates/ubuntu-18-04\u003c/DiskTemplate\u003e\n    \u003cVersion
      by=\"number\"\u003e1\u003c/Version\u003e\n    \u003cOption key=\"install_agent\"\u003etrue\u003c/Option\u003e\n  \u003c/DiskTemplate\u003e\n  \u003cSystemDisks\u003e\n    \u003cDisk\u003e\n      \u003cName\u003eSystem\u003c/Name\u003e\n      \u003cSize\u003e20\u003c/Size\u003e\n    \u003c/Disk\u003e\n    \u003cDisk\u003e\n      \u003cName\u003eData\u003c/Name\u003e\n      \u003cSize\u003e10\u003c/Size\u003e\n    \u003c/Disk\u003e\n    \u003cDisk\u003e\n      \u003cName\u003eDisk
      #3\u003c/Name\u003e\n      \u003cSize\u003e10\u003c/Size\u003e\n    \u003c/Disk\u003e\n  \u003c/SystemDisks\u003e\n  \u003cNetworkInterfaces\u003e\n    \u003cNetworkInterface\u003e\n      \u003cNetwork\u003enetw_gVRkZdSKczfNg34P\u003c/Network\u003e\n      \u003cSpeedProfile\u003ensp_Y8YS65yTivlCAjIY\u003c/SpeedProfile\u003e\n      \u003cIPAddressAllocation
      type=\"existing\"\u003e\n        \u003cIPAddress by=\"address\"\u003e185.199.222.110\u003c/IPAddress\u003e\n      \u003c/IPAddressAllocation\u003e\n      \u003cIPAddressAllocation
      type=\"existing\"\u003e\n        \u003cIPAddress by=\"address\"\u003e185.199.222.16\u003c/IPAddress\u003e\n      \u003c/IPAddressAllocation\u003e\n    \u003c/NetworkInterface\u003e\n  \u003c/NetworkInterfaces\u003e\n  \u003cHostname\u003e\n    \u003cHostname\u003etf-acc-test-custom-disks-ft3k6tpxc7yi-host\u003c/Hostname\u003e\n  \u003c/Hostname\u003e\n  \u003cName\u003etf-acc-test-custom-disks-ft3k6tpxc7yi\u003c/Name\u003e\n  \u003cDescription\u003eA
      web server.\u003c/Description\u003e\n  \u003cGroup\u003evmgrp_T2XflYxrpxLLtTCl\u003c/Group\u003e\n  \u003cAuthorizedKeys
      continuous_management=\"no\"\u003e\n    \u003cUsers all=\"yes\"/\u003e\n    \u003cSSHKeys
      all=\"yes\"/\u003e\n  \u003c/AuthorizedKeys\u003e\n  \u003cTags\u003e\n    \u003cTag\u003eweb\u003c/Tag\u003e\n    \u003cTag\u003epublic\u003c/Tag\u003e\n  \u003c/Tags\u003e\n\u003c/VirtualMachineSpec\u003e\n","state":"building","virtual_machine":{"id":"vm_pK9qsZGVIpeAZxVT","name":"tf-acc-test-custom-disks-ft3k6tpxc7yi","hostname":"tf-acc-test-custom-disks-ft3k6tpxc7yi-host","fqdn":"tf-acc-test-custom-disks-ft3k6tpxc7yi-host.terraform-acc-test.katapult.cloud","state":"stopped"},"created_at":1679568945}}'
    headers:
      Access-Control-Allow-Methods:
      - '*'
      Access-Control-Allow-Origin:
      - '*'
      Cache-Control:
      - max-age=0, private, must-revalidate
      Content-Length:
      - "2662"
      Content-Type:
      - application/json
      Date:
      - Thu, 23 Mar 2023 10:56:02 GMT
      Etag:
      - W/"05e4013b8bd5ea3d15b5e51c8b0e6b0d"
      Server:
      - Caddy
      Strict-Transport-Security:
      - max-age=63072000; includeSubDomains
      X-Ratelimit-Permitted:
      - "1000"
      X-Ratelimit-Remaining:
      - "998"
      X-Request-Id:
      - 4b2ed05e-61ea-45bd-9b4a-5e1d2b8da262
    status: 200 OK
    code: 200
    duration: ""
- request:
    body: ""
    form: {}
    headers:
      Accept:
      - application/json
      User-Agent:
      - Terraform/1.3.4 (+https://www.terraform.io) Terraform-Plugin-SDK/2.10.1 terraform-provider-katapult/0.0.999
    url: https://api.katapult.io/core/v1/virtual_machines/builds/_?virtual_machine_build%5Bid%5D=vmbuild_OdF7pOcyqAxes1ig
    method: GET
  response:
    body: '{"virtual_machine_build":{"id":"vmbuild_OdF7pOcyqAxes1ig","spec_xml":"\u003c?xml
      version=\"1.0\"?\u003e\n\u003cVirtualMachineSpec\u003e\n  \u003cDataCenter\u003eloc_UUhPmoCbpic6UX0Y\u003c/DataCenter\u003e\n  \u003cResources\u003e\n    \u003cPackage
      by=\"permalink\"\u003erock-3\u003c/Package\u003e\n  \u003c/Resources\u003e\n  \u003cDiskTemplate\u003e\n    \u003cDiskTemplate
      by=\"permalink\"\u003etemplates/ubuntu-18-04\u003c/DiskTemplate\u003e\n    \u003cVersion
      by=\"number\"\u003e1\u003c/Version\u003e\n    \u003cOption key=\"install_agent\"\u003etrue\u003c/Option\u003e\n  \u003c/DiskTemplate\u003e\n  \u003cSystemDisks\u003e\n    \u003cDisk\u003e\n      \u003cName\u003eSystem\u003c/Name\u003e\n      \u003cSize\u003e20\u003c/Size\u003e\n    \u003c/Disk\u003e\n    \u003cDisk\u003e\n      \u003cName\u003eData\u003c/Name\u003e\n      \u003cSize\u003e10\u003c/Size\u003e\n    \u003c/Disk\u003e\n    \u003cDisk\u003e\n      \u003cName\u003eDisk
      #3\u003c/Name\u003e\n      \u003cSize\u003e10\u003c/Size\u003e\n    \u003c/Disk\u003e\n  \u003c/SystemDisks\u003e\n  \u003cNetworkInterfaces\u003e\n    \u003cNetworkInterface\u003e\n      \u003cNetwork\u003enetw_gVRkZdSKczfNg34P\u003c/Network\u003e\n      \u003cSpeedProfile\u003ensp_Y8YS65yTivlCAjIY\u003c/SpeedProfile\u003e\n      \u003cIPAddressAllocation
      type=\"existing\"\u003e\n        \u003cIPAddress by=\"address\"\u003e185.199.222.110\u003c/IPAddress\u003e\n      \u003c/IPAddressAllocation\u003e\n      \u003cIPAddressAllocation
      type=\"existing\"\u003e\n        \u003cIPAddress by=\"address\"\u003e185.199.222.16\u003c/IPAddress\u003e\n      \u003c/IPAddressAllocation\u003e\n    \u003c/NetworkInterface\u003e\n  \u003c/NetworkInterfaces\u003e\n  \u003cHostname\u003e\n    \u003cHostname\u003etf-acc-test-custom-disks-ft3k6tpxc7yi-host\u003c/Hostname\u003e\n  \u003c/Hostname\u003e\n  \u003cName\u003etf-acc-test-custom-disks-ft3k6tpxc7yi\u003c/Name\u003e\n  \u003cDescription\u003eA
      web server.\u003c/Description\u003e\n  \u003cGroup\u003evmgrp_T2XflYxrpxLLtTCl\u003c/Group\u003e\n  \u003cAuthorizedKeys
      continuous_management=\"no\"\u003e\n    \u003cUsers all=\"yes\"/\u003e\n    \u003cSSHKeys
      all=\"yes\"/\u003e\n  \u003c/AuthorizedKeys\u003e\n  \u003cTags\u003e\n    \u003cTag\u003eweb\u003c/Tag\u003e\n    \u003cTag\u003epublic\u003c/Tag\u003e\n  \u003c/Tags\u003e\n\u003c/VirtualMachineSpec\u003e\n","state":"complete","virtual_machine":{"id":"vm_pK9qsZGVIpeAZxVT","name":"tf-acc-test-custom-disks-ft3k6tpxc7yi","hostname":"tf-acc-test-custom-disks-ft3k6tpxc7yi-host","fqdn":"tf-acc-test-custom-disks-ft3k6tpxc7yi-host.terraform-acc-test.katapult.cloud","state":"started"},"created_at":1679568945}}'
    headers:
      Access-Control-Allow-Methods:
      - '*'
      Access-Control-Allow-Origin:
      - '*'
      Cache-Control:
      - max-age=0, private, must-revalidate
      Content-Length:
      - "2662"
      Content-Type:
      - application/json
      Date:
      - Thu, 23 Mar 2023 10:56:12 GMT
      Etag:
      - W/"55df3c4e3b5e3d0f434333f0a6c59e6c"
      Server:
      - Caddy
      Strict-Transport-Security:
      - max-age=63072000; includeSubDomains
      X-Ratelimit-Permitted:
      - "1000"
      X-Ratelimit-Remaining:
      - "979"
      X-Request-Id:
      - f8e01af3-6f84-455a-b76d-06ba7758b425
    status: 200 OK
    code: 200
    duration: ""
- request:
    body: |
      {"virtual_machine":{"id":"vm_pK9qsZGVIpeAZxVT"},"properties":{"tag_names":["web","public"]}}
    form: {}
    headers:
      Accept:
      - application/json
      Content-Type:
      - application/json
      User-Agent:
      - Terraform/1.3.4 (+https://www.terraform.io) Terraform-Plugin-SDK/2.10.1 terraform-provider-katapult/0.0.999
    url: https://api.katapult.io/core/v1/virtual_machines/_
    method: PATCH
  response:
    body: '{"virtual_machine":{"id":"vm_pK9qsZGVIpeAZxVT","name":"tf-acc-test-custom-disks-ft3k6tpxc7yi","hostname":"tf-acc-test-custom-disks-ft3k6tpxc7yi-host","fqdn":"tf-acc-test-custom-disks-ft3k6tpxc7yi-host.terraform-acc-test.katapult.cloud","description":"A
      web server.","created_at":1679568946,"initial_root_password":"3FAaRl9n20YzGduS","state":"started","zone":{"id":"zone_7Uuz6wzE17ZShh8f","name":"LON-1","permalink":"lon-zone-1","data_center":{"id":"loc_UUhPmoCbpic6UX0Y","name":"London","permalink":"uk-lon-01","country":{"id":"ctry_6AO9tYYugvTGnd5b","name":"United
      Kingdom","iso_code2":"GB","iso_code3":"GBR","time_zone":"Europe/London","eu":false}}},"organization":{"id":"org_eodfyqFF3YWb2OFC","name":"terraform-acc-test","sub_domain":"terraform-acc-test","infrastructure_domain":"terraform-acc-test.katapult.cloud","created_at":1605785692,"suspended":false,"managed":false,"billing_name":"terraform-acc-test","address1":"42
      Barren Fields","address2":"Oxygen Farm","address3":"Seed Colony 1","address4":"Landing
      Site","postcode":"ZZ9 1LS","vat_number":null,"currency":{"id":"cur_zShCGgjgBz4EbnX1","name":"British
      Pound","iso_code":"GBP","symbol":"£"},"country":{"id":"ctry_6AO9tYYugvTGnd5b","name":"United
      Kingdom","iso_code2":"GB","iso_code3":"GBR","time_zone":"Europe/London","eu":false},"country_state":null},"group":{"id":"vmgrp_T2XflYxrpxLLtTCl","name":"tf-acc-test-custom-disks-ft3k6tpxc7yi-group","segregate":true,"created_at":1679568937},"package":{"id":"vmpkg_Eh5LYVKScVHpj7sM","name":"ROCK-3","permalink":"rock-3","cpu_cores":1,"ipv4_addresses":1,"memory_in_gb":3,"storage_in_gb":25,"monthly_bandwidth_allowance_in_gb":2048,"privacy":"public","icon":null},"attached_iso":null,"memory_in_gb":3,"cpu_cores":1,"tags":[{"id":"tag_NqAjIfOyzSMyuFPS","name":"web","color":"pastel_orange","created_at":1610021329},{"id":"tag_YuRGuWJE432q8wxT","name":"public","color":"pink","created_at":1610021329}],"tag_names":["web","public"],"ip_addresses":[{"id":"ip_Ntu5DTZickqN6c9T","address":"185.199.222.16","reverse_dns":"tf-acc-test-custom-disks-ft3k6tpxc7yi-host.terraform-acc-test.katapult.cloud","vip":false,"label":null,"address_with_mask":"185.199.222.16/24","network":{"id":"netw_gVRkZdSKczfNg34P","name":"Public
      Network","permalink":"uk-lon-01-public","data_center":{"id":"loc_UUhPmoCbpic6UX0Y","name":"London","permalink":"uk-lon-01","country":{"id":"ctry_6AO9tYYugvTGnd5b","name":"United
      Kingdom","iso_code2":"GB","iso_code3":"GBR","time_zone":"Europe/London","eu":false}}},"allocation_id":"vm_pK9qsZGVIpeAZxVT","allocation_type":"VirtualMachine"},{"id":"ip_Gl63yHUEkeELpdGm","address":"185.199.222.110","reverse_dns":"tf-acc-test-custom-disks-ft3k6tpxc7yi-host.terraform-acc-test.katapult.cloud","vip":false,"label":null,"address_with_mask":"185.199.222.110/24","network":{"id":"netw_gVRkZdSKczfNg34P","name":"Public
      Network","permalink":"uk-lon-01-public","data_center":{"id":"loc_UUhPmoCbpic6UX0Y","name":"London","permalink":"uk-lon-01","country":{"id":"ctry_6AO9tYYugvTGnd5b","name":"United
      Kingdom","iso_code2":"GB","iso_code3":"GBR","time_zone":"Europe/London","eu":false}}},"allocation_id":"vm_pK9qsZGVIpeAZxVT","allocation_type":"VirtualMachine"}]}}'
    headers:
      Access-Control-Allow-Methods:
      - '*'
      Access-Control-Allow-Origin:
      - '*'
      Cache-Control:
      - max-age=0, private, must-revalidate
      Content-Length:
      - "3166"
      Content-Type:
      - application/json
      Date:
      - Thu, 23 Mar 2023 10:56:12 GMT
      Etag:
      - W/"e8cbc17b34201f719c0e7ccd64352869"
      Server:
      - Caddy
      Strict-Transport-Security:
      - max-age=63072000; includeSubDomains
      X-Ratelimit-Permitted:
      - "1000"
      X-Ratelimit-Remaining:
      - "977"
      X-Request-Id:
      - 7089d487-2fe5-41b8-85ca-76f1e447fcbd
    status: 200 OK
    code: 200
    duration: ""
- request:
    body: ""
    form: {}
    headers:
      Accept:
      - application/json
      User-Agent:
      - Terraform/1.3.4 (+https://www.terraform.io) Terraform-Plugin-SDK/2.10.1 terraform-provider-katapult/0.0.999
    url: https://api.katapult.io/core/v1/virtual_machines/_?virtual_machine%5Bid%5D=vm_pK9qsZGVIpeAZxVT
    method: GET
  response:
    body: '{"virtual_machine":{"id":"vm_pK9qsZGVIpeAZxVT","name":"tf-acc-test-custom-disks-ft3k6tpxc7yi","hostname":"tf-acc-test-custom-disks-ft3k6tpxc7yi-host","fqdn":"tf-acc-test-custom-disks-ft3k6tpxc7yi-host.terraform-acc-test.katapult.cloud","description":"A
      web server.","created_at":1679568946,"initial_root_password":"3FAaRl9n20YzGduS","state":"started","zone":{"id":"zone_7Uuz6wzE17ZShh8f","name":"LON-1","permalink":"lon-zone-1","data_center":{"id":"loc_UUhPmoCbpic6UX0Y","name":"London","permalink":"uk-lon-01","country":{"id":"ctry_6AO9tYYugvTGnd5b","name":"United
      Kingdom","iso_code2":"GB","iso_code3":"GBR","time_zone":"Europe/London","eu":false}}},"organization":{"id":"org_eodfyqFF3YWb2OFC","name":"terraform-acc-test","sub_domain":"terraform-acc-test","infrastructure_domain":"terraform-acc-test.katapult.cloud","created_at":1605785692,"suspended":false,"managed":false,"billing_name":"terraform-acc-test","address1":"42
      Barren Fields","address2":"Oxygen Farm","address3":"Seed Colony 1","address4":"Landing
      Site","postcode":"ZZ9 1LS","vat_number":null,"currency":{"id":"cur_zShCGgjgBz4EbnX1","name":"British
      Pound","iso_code":"GBP","symbol":"£"},"country":{"id":"ctry_6AO9tYYugvTGnd5b","name":"United
      Kingdom","iso_code2":"GB","iso_code3":"GBR","time_zone":"Europe/London","eu":false},"country_state":null},"group":{"id":"vmgrp_T2XflYxrpxLLtTCl","name":"tf-acc-test-custom-disks-ft3k6tpxc7yi-group","segregate":true,"created_at":1679568937},"package":{"id":"vmpkg_Eh5LYVKScVHpj7sM","name":"ROCK-3","permalink":"rock-3","cpu_cores":1,"ipv4_addresses":1,"memory_in_gb":3,"storage_in_gb":25,"monthly_bandwidth_allowance_in_gb":2048,"privacy":"public","icon":null},"attached_iso":null,"memory_in_gb":3,"cpu_cores":1,"tags":[{"id":"tag_NqAjIfOyzSMyuFPS","name":"web","color":"pastel_orange","created_at":1610021329},{"id":"tag_YuRGuWJE432q8wxT","name":"public","color":"pink","created_at":1610021329}],"tag_names":["web","public"],"ip_addresses":[{"id":"ip_Ntu5DTZickqN6c9T","address":"185.199.222.16","reverse_dns":"tf-acc-test-custom-disks-ft3k6tpxc7yi-host.terraform-acc-test.katapult.cloud","vip":false,"label":null,"address_with_mask":"185.199.222.16/24","network":{"id":"netw_gVRkZdSKczfNg34P","name":"Public
      Network","permalink":"uk-lon-01-public","data_center":{"id":"loc_UUhPmoCbpic6UX0Y","name":"London","permalink":"uk-lon-01","country":{"id":"ctry_6AO9tYYugvTGnd5b","name":"United
      Kingdom","iso_code2":"GB","iso_code3":"GBR","time_zone":"Europe/London","eu":false}}},"allocation_id":"vm_pK9qsZGVIpeAZxVT","allocation_type":"VirtualMachine"},{"id":"ip_Gl63yHUEkeELpdGm","address":"185.199.222.110","reverse_dns":"tf-acc-test-custom-disks-ft3k6tpxc7yi-host.terraform-acc-test.katapult.cloud","vip":false,"label":null,"address_with_mask":"185.199.222.110/24","network":{"id":"netw_gVRkZdSKczfNg34P","name":"Public
      Network","permalink":"uk-lon-01-public","data_center":{"id":"loc_UUhPmoCbpic6UX0Y","name":"London","permalink":"uk-lon-01","country":{"id":"ctry_6AO9tYYugvTGnd5b","name":"United
      Kingdom","iso_code2":"GB","iso_code3":"GBR","time_zone":"Europe/London","eu":false}}},"allocation_id":"vm_pK9qsZGVIpeAZxVT","allocation_type":"VirtualMachine"}]}}'
    headers:
      Access-Control-Allow-Methods:
      - '*'
      Access-Control-Allow-Origin:
      - '*'
      Cache-Control:
      - max-age=0, private, must-revalidate
      Content-Length:
      - "3166"
      Content-Type:
      - application/json
      Date:
      - Thu, 23 Mar 2023 10:56:14 GMT
      Etag:
      - W/"e8cbc17b34201f719c0e7ccd64352869"
      Server:
      - Caddy
      Strict-Transport-Security:
      - max-age=63072000; includeSubDomains
      X-Ratelimit-Permitted:
      - "1000"
      X-Ratelimit-Remaining:
      - "974"
      X-Request-Id:
      - ecad70e7-8cf2-4c49-88a3-631e7679c59f
    status: 200 OK
    code: 200
    duration: ""
- request:
    body: ""
    form: {}
    headers:
      Accept:
      - application/json
      User-Agent:
      - Terraform/1.3.4 (+https://www.terraform.io) Terraform-Plugin-SDK/2.10.1 terraform-provider-katapult/0.0.999
    url: https://api.katapult.io/core/v1/virtual_machines/_?virtual_machine%5Bid%5D=vm_pK9qsZGVIpeAZxVT
    method: GET
  response:
    body: '{"virtual_machine":{"id":"vm_pK9qsZGVIpeAZxVT","name":"tf-acc-test-custom-disks-ft3k6tpxc7yi","hostname":"tf-acc-test-custom-disks-ft3k6tpxc7yi-host","fqdn":"tf-acc-test-custom-disks-ft3k6tpxc7yi-host.terraform-acc-test.katapult.cloud","description":"A
      web server.","created_at":1679568946,"initial_root_password":"3FAaRl9n20YzGduS","state":"started","zone":{"id":"zone_7Uuz6wzE17ZShh8f","name":"LON-1","permalink":"lon-zone-1","data_center":{"id":"loc_UUhPmoCbpic6UX0Y","name":"London","permalink":"uk-lon-01","country":{"id":"ctry_6AO9tYYugvTGnd5b","name":"United
      Kingdom","iso_code2":"GB","iso_code3":"GBR","time_zone":"Europe/London","eu":false}}},"organization":{"id":"org_eodfyqFF3YWb2OFC","name":"terraform-acc-test","sub_domain":"terraform-acc-test","infrastructure_domain":"terraform-acc-test.katapult.cloud","created_at":1605785692,"suspended":false,"managed":false,"billing_name":"terraform-acc-test","address1":"42
      Barren Fields","address2":"Oxygen Farm","address3":"Seed Colony 1","address4":"Landing
      Site","postcode":"ZZ9 1LS","vat_number":null,"currency":{"id":"cur_zShCGgjgBz4EbnX1","name":"British
      Pound","iso_code":"GBP","symbol":"£"},"country":{"id":"ctry_6AO9tYYugvTGnd5b","name":"United
      Kingdom","iso_code2":"GB","iso_code3":"GBR","time_zone":"Europe/London","eu":false},"country_state":null},"group":{"id":"vmgrp_T2XflYxrpxLLtTCl","name":"tf-acc-test-custom-disks-ft3k6tpxc7yi-group","segregate":true,"created_at":1679568937},"package":{"id":"vmpkg_Eh5LYVKScVHpj7sM","name":"ROCK-3","permalink":"rock-3","cpu_cores":1,"ipv4_addresses":1,"memory_in_gb":3,"storage_in_gb":25,"monthly_bandwidth_allowance_in_gb":2048,"privacy":"public","icon":null},"attached_iso":null,"memory_in_gb":3,"cpu_cores":1,"tags":[{"id":"tag_NqAjIfOyzSMyuFPS","name":"web","color":"pastel_orange","created_at":1610021329},{"id":"tag_YuRGuWJE432q8wxT","name":"public","color":"pink","created_at":1610021329}],"tag_names":["web","public"],"ip_addresses":[{"id":"ip_Ntu5DTZickqN6c9T","address":"185.199.222.16","reverse_dns":"tf-acc-test-custom-disks-ft3k6tpxc7yi-host.terraform-acc-test.katapult.cloud","vip":false,"label":null,"address_with_mask":"185.199.222.16/24","network":{"id":"netw_gVRkZdSKczfNg34P","name":"Public
      Network","permalink":"uk-lon-01-public","data_center":{"id":"loc_UUhPmoCbpic6UX0Y","name":"London","permalink":"uk-lon-01","country":{"id":"ctry_6AO9tYYugvTGnd5b","name":"United
      Kingdom","iso_code2":"GB","iso_code3":"GBR","time_zone":"Europe/London","eu":false}}},"allocation_id":"vm_pK9qsZGVIpeAZxVT","allocation_type":"VirtualMachine"},{"id":"ip_Gl63yHUEkeELpdGm","address":"185.199.222.110","reverse_dns":"tf-acc-test-custom-disks-ft3k6tpxc7yi-host.terraform-acc-test.katapult.cloud","vip":false,"label":null,"address_with_mask":"185.199.222.110/24","network":{"id":"netw_gVRkZdSKczfNg34P","name":"Public
      Network","permalink":"uk-lon-01-public","data_center":{"id":"loc_UUhPmoCbpic6UX0Y","name":"London","permalink":"uk-lon-01","country":{"id":"ctry_6AO9tYYugvTGnd5b","name":"United
      Kingdom","iso_code2":"GB","iso_code3":"GBR","time_zone":"Europe/London","eu":false}}},"allocation_id":"vm_pK9qsZGVIpeAZxVT","allocation_type":"VirtualMachine"}]}}'
    headers:
      Access-Control-Allow-Methods:
      - '*'
      Access-Control-Allow-Origin:
      - '*'
      Cache-Control:
      - max-age=0, private, must-revalidate
      Content-Length:
      - "3166"
      Content-Type:
      - application/json
      Date:
      - Thu, 23 Mar 2023 10:56:14 GMT
      Etag:
      - W/"e8cbc17b34201f719c0e7ccd64352869"
      Server:
      - Caddy
      Strict-Transport-Security:
      - max-age=63072000; includeSubDomains
      X-Ratelimit-Permitted:
      - "1000"
      X-Ratelimit-Remaining:
      - "973"
      X-Request-Id:
      - 4f48a1ef-fb7f-4970-b5bc-0b5cc06d7f92
    status: 200 OK
    code: 200
    duration: ""
- request:
    body: ""
    form: {}
    headers:
      Accept:
      - application/json
      User-Agent:
      - Terraform/1.3.4 (+https://www.terraform.io) Terraform-Plugin-SDK/2.10.1 terraform-provider-katapult/0.0.999
    url: https://api.katapult.io/core/v1/virtual_machines/_/network_interfaces?page=1&per_page=1&virtual_machine%5Bid%5D=vm_pK9qsZGVIpeAZxVT
    method: GET
  response:
    body: '{"pagination":{"current_page":1,"total_pages":1,"total":1,"per_page":1,"large_set":false},"virtual_machine_network_interfaces":[{"id":"vmnet_Tp32Ezz1qAMBOO6P","name":"Public
      Network on tf-acc-test-custom-disks-ft3k6tpxc7yi","network":{"id":"netw_gVRkZdSKczfNg34P","name":"Public
      Network"},"ip_addresses":[{"id":"ip_Ntu5DTZickqN6c9T","address":"185.199.222.16"},{"id":"ip_Gl63yHUEkeELpdGm","address":"185.199.222.110"}]}]}'
    headers:
      Access-Control-Allow-Methods:
      - '*'
      Access-Control-Allow-Origin:
      - '*'
      Cache-Control:
      - max-age=0, private, must-revalidate
      Content-Length:
      - "421"
      Content-Type:
      - application/json
      Date:
      - Thu, 23 Mar 2023 10:56:14 GMT
      Etag:
      - W/"c5e13592804f83d59b89f0e4d3ca175e"
      Server:
      - Caddy
      Strict-Transport-Security:
      - max-age=63072000; includeSubDomains
      X-Ratelimit-Permitted:
      - "1000"
      X-Ratelimit-Remaining:
      - "972"
      X-Request-Id:
      - 2ccdfebd-0a39-4e6c-b5d8-1bca2f90fb2c
    status: 200 OK
    code: 200
    duration: ""
- request:
    body: ""
    form: {}
    headers:
      Accept:
      - application/json
      User-Agent:
      - Terraform/1.3.4 (+https://www.terraform.io) Terraform-Plugin-SDK/2.10.1 terraform-provider-katapult/0.0.999
    url: https://api.katapult.io/core/v1/virtual_machine_network_interfaces/_?virtual_machine_network_interface%5Bid%5D=vmnet_Tp32Ezz1qAMBOO6P
    method: GET
  response:
    body: '{"virtual_machine_network_interface":{"id":"vmnet_Tp32Ezz1qAMBOO6P","virtual_machine":{"id":"vm_pK9qsZGVIpeAZxVT","name":"tf-acc-test-custom-disks-ft3k6tpxc7yi"},"name":"Public
      Network on tf-acc-test-custom-disks-ft3k6tpxc7yi","network":{"id":"netw_gVRkZdSKczfNg34P","name":"Public
      Network"},"mac_address":"3a:37:9d:e1:37:ec","state":"attached","ip_addresses":[{"id":"ip_Ntu5DTZickqN6c9T","address":"185.199.222.16"},{"id":"ip_Gl63yHUEkeELpdGm","address":"185.199.222.110"}],"speed_profile":{"id":"nsp_Y8YS65yTivlCAjIY","name":"1Gbps","permalink":"1gbps"}}}'
    headers:
      Access-Control-Allow-Methods:
      - '*'
      Access-Control-Allow-Origin:
      - '*'
      Cache-Control:
      - max-age=0, private, must-revalidate
      Content-Length:
      - "557"
      Content-Type:
      - application/json
      Date:
      - Thu, 23 Mar 2023 10:56:14 GMT
      Etag:
      - W/"1c3cf5730d436f89a2ac2718124e3361"
      Server:
      - Caddy
      Strict-Transport-Security:
      - max-age=63072000; includeSubDomains
      X-Ratelimit-Permitted:
      - "1000"
      X-Ratelimit-Remaining:
      - "971"
      X-Request-Id:
      - db9431df-8a10-43ec-b456-f8f456b59bcc
    status: 200 OK
    code: 200
    duration: ""
- request:
    body: ""
    form: {}
    headers:
      Accept:
      - application/json
      User-Agent:
      - Terraform/ (+https://www.terraform.io) Terraform-Plugin-SDK/2.10.1 terraform-provider-katapult/0.0.999
    url: https://api.katapult.io/core/v1/virtual_machines/_?virtual_machine%5Bid%5D=vm_pK9qsZGVIpeAZxVT
    method: GET
  response:
    body: '{"virtual_machine":{"id":"vm_pK9qsZGVIpeAZxVT","name":"tf-acc-test-custom-disks-ft3k6tpxc7yi","hostname":"tf-acc-test-custom-disks-ft3k6tpxc7yi-host","fqdn":"tf-acc-test-custom-disks-ft3k6tpxc7yi-host.terraform-acc-test.katapult.cloud","description":"A
      web server.","created_at":1679568946,"initial_root_password":"3FAaRl9n20YzGduS","state":"started","zone":{"id":"zone_7Uuz6wzE17ZShh8f","name":"LON-1","permalink":"lon-zone-1","data_center":{"id":"loc_UUhPmoCbpic6UX0Y","name":"London","permalink":"uk-lon-01","country":{"id":"ctry_6AO9tYYugvTGnd5b","name":"United
      Kingdom","iso_code2":"GB","iso_code3":"GBR","time_zone":"Europe/London","eu":false}}},"organization":{"id":"org_eodfyqFF3YWb2OFC","name":"terraform-acc-test","sub_domain":"terraform-acc-test","infrastructure_domain":"terraform-acc-test.katapult.cloud","created_at":1605785692,"suspended":false,"managed":false,"billing_name":"terraform-acc-test","address1":"42
      Barren Fields","address2":"Oxygen Farm","address3":"Seed Colony 1","address4":"Landing
      Site","postcode":"ZZ9 1LS","vat_number":null,"currency":{"id":"cur_zShCGgjgBz4EbnX1","name":"British
      Pound","iso_code":"GBP","symbol":"£"},"country":{"id":"ctry_6AO9tYYugvTGnd5b","name":"United
      Kingdom","iso_code2":"GB","iso_code3":"GBR","time_zone":"Europe/London","eu":false},"country_state":null},"group":{"id":"vmgrp_T2XflYxrpxLLtTCl","name":"tf-acc-test-custom-disks-ft3k6tpxc7yi-group","segregate":true,"created_at":1679568937},"package":{"id":"vmpkg_Eh5LYVKScVHpj7sM","name":"ROCK-3","permalink":"rock-3","cpu_cores":1,"ipv4_addresses":1,"memory_in_gb":3,"storage_in_gb":25,"monthly_bandwidth_allowance_in_gb":2048,"privacy":"public","icon":null},"attached_iso":null,"memory_in_gb":3,"cpu_cores":1,"tags":[{"id":"tag_NqAjIfOyzSMyuFPS","name":"web","color":"pastel_orange","created_at":1610021329},{"id":"tag_YuRGuWJE432q8wxT","name":"public","color":"pink","created_at":1610021329}],"tag_names":["web","public"],"ip_addresses":[{"id":"ip_Ntu5DTZickqN6c9T","address":"185.199.222.16","reverse_dns":"tf-acc-test-custom-disks-ft3k6tpxc7yi-host.terraform-acc-test.katapult.cloud","vip":false,"label":null,"address_with_mask":"185.199.222.16/24","network":{"id":"netw_gVRkZdSKczfNg34P","name":"Public
      Network","permalink":"uk-lon-01-public","data_center":{"id":"loc_UUhPmoCbpic6UX0Y","name":"London","permalink":"uk-lon-01","country":{"id":"ctry_6AO9tYYugvTGnd5b","name":"United
      Kingdom","iso_code2":"GB","iso_code3":"GBR","time_zone":"Europe/London","eu":false}}},"allocation_id":"vm_pK9qsZGVIpeAZxVT","allocation_type":"VirtualMachine"},{"id":"ip_Gl63yHUEkeELpdGm","address":"185.199.222.110","reverse_dns":"tf-acc-test-custom-disks-ft3k6tpxc7yi-host.terraform-acc-test.katapult.cloud","vip":false,"label":null,"address_with_mask":"185.199.222.110/24","network":{"id":"netw_gVRkZdSKczfNg34P","name":"Public
      Network","permalink":"uk-lon-01-public","data_center":{"id":"loc_UUhPmoCbpic6UX0Y","name":"London","permalink":"uk-lon-01","country":{"id":"ctry_6AO9tYYugvTGnd5b","name":"United
      Kingdom","iso_code2":"GB","iso_code3":"GBR","time_zone":"Europe/London","eu":false}}},"allocation_id":"vm_pK9qsZGVIpeAZxVT","allocation_type":"VirtualMachine"}]}}'
    headers:
      Access-Control-Allow-Methods:
      - '*'
      Access-Control-Allow-Origin:
      - '*'
      Cache-Control:
      - max-age=0, private, must-revalidate
      Content-Length:
      - "3166"
      Content-Type:
      - application/json
      Date:
      - Thu, 23 Mar 2023 10:56:14 GMT
      Etag:
      - W/"e8cbc17b34201f719c0e7ccd64352869"
      Server:
      - Caddy
      Strict-Transport-Security:
      - max-age=63072000; includeSubDomains
      X-Ratelimit-Permitted:
      - "1000"
      X-Ratelimit-Remaining:
      - "970"
      X-Request-Id:
      - 8dc0a1b2-2829-4bcc-b381-06c8ac78acbb
    status: 200 OK
    code: 200
    duration: ""
- request:
    body: ""
    form: {}
    headers:
      Accept:
      - application/json
      User-Agent:
      - Terraform/1.3.4 (+https://www.terraform.io) Terraform-Plugin-SDK/2.10.1 terraform-provider-katapult/0.0.999
    url: https://api.katapult.io/core/v1/virtual_machine_groups/vmgrp_T2XflYxrpxLLtTCl
    method: GET
  response:
    body: '{"virtual_machine_group":{"id":"vmgrp_T2XflYxrpxLLtTCl","name":"tf-acc-test-custom-disks-ft3k6tpxc7yi-group","segregate":true,"created_at":1679568937}}'
    headers:
      Access-Control-Allow-Methods:
      - '*'
      Access-Control-Allow-Origin:
      - '*'
      Cache-Control:
      - max-age=0, private, must-revalidate
      Content-Length:
      - "151"
      Content-Type:
      - application/json
      Date:
      - Thu, 23 Mar 2023 10:56:15 GMT
      Etag:
      - W/"ec3fe221b455c36c89ae23c039be8957"
      Server:
      - Caddy
      Strict-Transport-Security:
      - max-age=63072000; includeSubDomains
      X-Ratelimit-Permitted:
      - "1000"
      X-Ratelimit-Remaining:
      - "969"
      X-Request-Id:
      - e85f2d33-f638-406d-8375-9c35fdd7a554
    status: 200 OK
    code: 200
    duration: ""
- request:
    body: ""
    form: {}
    headers:
      Accept:
      - application/json
      User-Agent:
      - Terraform/1.3.4 (+https://www.terraform.io) Terraform-Plugin-SDK/2.10.1 terraform-provider-katapult/0.0.999
    url: https://api.katapult.io/core/v1/ip_addresses/_?ip_address%5Bid%5D=ip_Ntu5DTZickqN6c9T
    method: GET
  response:
    body: '{"ip_address":{"id":"ip_Ntu5DTZickqN6c9T","address":"185.199.222.16","reverse_dns":"tf-acc-test-custom-disks-ft3k6tpxc7yi-host.terraform-acc-test.katapult.cloud","vip":false,"label":null,"address_with_mask":"185.199.222.16/24","network":{"id":"netw_gVRkZdSKczfNg34P","name":"Public
      Network","permalink":"uk-lon-01-public","data_center":{"id":"loc_UUhPmoCbpic6UX0Y","name":"London","permalink":"uk-lon-01","country":{"id":"ctry_6AO9tYYugvTGnd5b","name":"United
      Kingdom","iso_code2":"GB","iso_code3":"GBR","time_zone":"Europe/London","eu":false}}},"allocation_id":"vm_pK9qsZGVIpeAZxVT","allocation_type":"VirtualMachine"},"allocation":{"type":"VirtualMachine","value":{"id":"vm_pK9qsZGVIpeAZxVT","name":"tf-acc-test-custom-disks-ft3k6tpxc7yi"}}}'
    headers:
      Access-Control-Allow-Methods:
      - '*'
      Access-Control-Allow-Origin:
      - '*'
      Cache-Control:
      - max-age=0, private, must-revalidate
      Content-Length:
      - "743"
      Content-Type:
      - application/json
      Date:
      - Thu, 23 Mar 2023 10:56:15 GMT
      Etag:
      - W/"4c3ddf8b387b00047122f7b7bfa45afd"
      Server:
      - Caddy
      Strict-Transport-Security:
      - max-age=63072000; includeSubDomains
      X-Ratelimit-Permitted:
      - "1000"
      X-Ratelimit-Remaining:
      - "968"
      X-Request-Id:
      - 5a394117-d154-4ead-85a1-3afe898de2ce
    status: 200 OK
    code: 200
    duration: ""
- request:
    body: ""
    form: {}
    headers:
      Accept:
      - application/json
      User-Agent:
      - Terraform/1.3.4 (+https://www.terraform.io) Terraform-Plugin-SDK/2.10.1 terraform-provider-katapult/0.0.999
    url: https://api.katapult.io/core/v1/ip_addresses/_?ip_address%5Bid%5D=ip_Gl63yHUEkeELpdGm
    method: GET
  response:
    body: '{"ip_address":{"id":"ip_Gl63yHUEkeELpdGm","address":"185.199.222.110","reverse_dns":"tf-acc-test-custom-disks-ft3k6tpxc7yi-host.terraform-acc-test.katapult.cloud","vip":false,"label":null,"address_with_mask":"185.199.222.110/24","network":{"id":"netw_gVRkZdSKczfNg34P","name":"Public
      Network","permalink":"uk-lon-01-public","data_center":{"id":"loc_UUhPmoCbpic6UX0Y","name":"London","permalink":"uk-lon-01","country":{"id":"ctry_6AO9tYYugvTGnd5b","name":"United
      Kingdom","iso_code2":"GB","iso_code3":"GBR","time_zone":"Europe/London","eu":false}}},"allocation_id":"vm_pK9qsZGVIpeAZxVT","allocation_type":"VirtualMachine"},"allocation":{"type":"VirtualMachine","value":{"id":"vm_pK9qsZGVIpeAZxVT","name":"tf-acc-test-custom-disks-ft3k6tpxc7yi"}}}'
    headers:
      Access-Control-Allow-Methods:
      - '*'
      Access-Control-Allow-Origin:
      - '*'
      Cache-Control:
      - max-age=0, private, must-revalidate
      Content-Length:
      - "745"
      Content-Type:
      - application/json
      Date:
      - Thu, 23 Mar 2023 10:56:15 GMT
      Etag:
      - W/"83f1d9d0e3c9b7381269b4e58819da68"
      Server:
      - Caddy
      Strict-Transport-Security:
      - max-age=63072000; includeSubDomains
      X-Ratelimit-Permitted:
      - "1000"
      X-Ratelimit-Remaining:
      - "967"
      X-Request-Id:
      - b54a8b3b-8d89-42c8-85f0-b5ff2f6f41d4
    status: 200 OK
    code: 200
    duration: ""
- request:
    body: ""
    form: {}
    headers:
      Accept:
      - application/json
      User-Agent:
      - Terraform/1.3.4 (+https://www.terraform.io) Terraform-Plugin-SDK/2.10.1 terraform-provider-katapult/0.0.999
    url: https://api.katapult.io/core/v1/virtual_machines/_?virtual_machine%5Bid%5D=vm_pK9qsZGVIpeAZxVT
    method: GET
  response:
    body: '{"virtual_machine":{"id":"vm_pK9qsZGVIpeAZxVT","name":"tf-acc-test-custom-disks-ft3k6tpxc7yi","hostname":"tf-acc-test-custom-disks-ft3k6tpxc7yi-host","fqdn":"tf-acc-test-custom-disks-ft3k6tpxc7yi-host.terraform-acc-test.katapult.cloud","description":"A
      web server.","created_at":1679568946,"initial_root_password":"3FAaRl9n20YzGduS","state":"started","zone":{"id":"zone_7Uuz6wzE17ZShh8f","name":"LON-1","permalink":"lon-zone-1","data_center":{"id":"loc_UUhPmoCbpic6UX0Y","name":"London","permalink":"uk-lon-01","country":{"id":"ctry_6AO9tYYugvTGnd5b","name":"United
      Kingdom","iso_code2":"GB","iso_code3":"GBR","time_zone":"Europe/London","eu":false}}},"organization":{"id":"org_eodfyqFF3YWb2OFC","name":"terraform-acc-test","sub_domain":"terraform-acc-test","infrastructure_domain":"terraform-acc-test.katapult.cloud","created_at":1605785692,"suspended":false,"managed":false,"billing_name":"terraform-acc-test","address1":"42
      Barren Fields","address2":"Oxygen Farm","address3":"Seed Colony 1","address4":"Landing
      Site","postcode":"ZZ9 1LS","vat_number":null,"currency":{"id":"cur_zShCGgjgBz4EbnX1","name":"British
      Pound","iso_code":"GBP","symbol":"£"},"country":{"id":"ctry_6AO9tYYugvTGnd5b","name":"United
      Kingdom","iso_code2":"GB","iso_code3":"GBR","time_zone":"Europe/London","eu":false},"country_state":null},"group":{"id":"vmgrp_T2XflYxrpxLLtTCl","name":"tf-acc-test-custom-disks-ft3k6tpxc7yi-group","segregate":true,"created_at":1679568937},"package":{"id":"vmpkg_Eh5LYVKScVHpj7sM","name":"ROCK-3","permalink":"rock-3","cpu_cores":1,"ipv4_addresses":1,"memory_in_gb":3,"storage_in_gb":25,"monthly_bandwidth_allowance_in_gb":2048,"privacy":"public","icon":null},"attached_iso":null,"memory_in_gb":3,"cpu_cores":1,"tags":[{"id":"tag_NqAjIfOyzSMyuFPS","name":"web","color":"pastel_orange","created_at":1610021329},{"id":"tag_YuRGuWJE432q8wxT","name":"public","color":"pink","created_at":1610021329}],"tag_names":["web","public"],"ip_addresses":[{"id":"ip_Ntu5DTZickqN6c9T","address":"185.199.222.16","reverse_dns":"tf-acc-test-custom-disks-ft3k6tpxc7yi-host.terraform-acc-test.katapult.cloud","vip":false,"label":null,"address_with_mask":"185.199.222.16/24","network":{"id":"netw_gVRkZdSKczfNg34P","name":"Public
      Network","permalink":"uk-lon-01-public","data_center":{"id":"loc_UUhPmoCbpic6UX0Y","name":"London","permalink":"uk-lon-01","country":{"id":"ctry_6AO9tYYugvTGnd5b","name":"United
      Kingdom","iso_code2":"GB","iso_code3":"GBR","time_zone":"Europe/London","eu":false}}},"allocation_id":"vm_pK9qsZGVIpeAZxVT","allocation_type":"VirtualMachine"},{"id":"ip_Gl63yHUEkeELpdGm","address":"185.199.222.110","reverse_dns":"tf-acc-test-custom-disks-ft3k6tpxc7yi-host.terraform-acc-test.katapult.cloud","vip":false,"label":null,"address_with_mask":"185.199.222.110/24","network":{"id":"netw_gVRkZdSKczfNg34P","name":"Public
      Network","permalink":"uk-lon-01-public","data_center":{"id":"loc_UUhPmoCbpic6UX0Y","name":"London","permalink":"uk-lon-01","country":{"id":"ctry_6AO9tYYugvTGnd5b","name":"United
      Kingdom","iso_code2":"GB","iso_code3":"GBR","time_zone":"Europe/London","eu":false}}},"allocation_id":"vm_pK9qsZGVIpeAZxVT","allocation_type":"VirtualMachine"}]}}'
    headers:
      Access-Control-Allow-Methods:
      - '*'
      Access-Control-Allow-Origin:
      - '*'
      Cache-Control:
      - max-age=0, private, must-revalidate
      Content-Length:
      - "3166"
      Content-Type:
      - application/json
      Date:
      - Thu, 23 Mar 2023 10:56:15 GMT
      Etag:
      - W/"e8cbc17b34201f719c0e7ccd64352869"
      Server:
      - Caddy
      Strict-Transport-Security:
      - max-age=63072000; includeSubDomains
      X-Ratelimit-Permitted:
      - "1000"
      X-Ratelimit-Remaining:
      - "966"
      X-Request-Id:
      - 744a08aa-5517-4095-997a-062b463ff095
    status: 200 OK
    code: 200
    duration: ""
- request:
    body: ""
    form: {}
    headers:
      Accept:
      - application/json
      User-Agent:
      - Terraform/1.3.4 (+https://www.terraform.io) Terraform-Plugin-SDK/2.10.1 terraform-provider-katapult/0.0.999
    url: https://api.katapult.io/core/v1/virtual_machines/_/network_interfaces?page=1&per_page=1&virtual_machine%5Bid%5D=vm_pK9qsZGVIpeAZxVT
    method: GET
  response:
    body: '{"pagination":{"current_page":1,"total_pages":1,"total":1,"per_page":1,"large_set":false},"virtual_machine_network_interfaces":[{"id":"vmnet_Tp32Ezz1qAMBOO6P","name":"Public
      Network on tf-acc-test-custom-disks-ft3k6tpxc7yi","network":{"id":"netw_gVRkZdSKczfNg34P","name":"Public
      Network"},"ip_addresses":[{"id":"ip_Ntu5DTZickqN6c9T","address":"185.199.222.16"},{"id":"ip_Gl63yHUEkeELpdGm","address":"185.199.222.110"}]}]}'
    headers:
      Access-Control-Allow-Methods:
      - '*'
      Access-Control-Allow-Origin:
      - '*'
      Cache-Control:
      - max-age=0, private, must-revalidate
      Content-Length:
      - "421"
      Content-Type:
      - application/json
      Date:
      - Thu, 23 Mar 2023 10:56:15 GMT
      Etag:
      - W/"c5e13592804f83d59b89f0e4d3ca175e"
      Server:
      - Caddy
      Strict-Transport-Security:
      - max-age=63072000; includeSubDomains
      X-Ratelimit-Permitted:
      - "1000"
      X-Ratelimit-Remaining:
      - "965"
      X-Request-Id:
      - deee60be-43e0-4da8-8e8e-926c722a886e
    status: 200 OK
    code: 200
    duration: ""
- request:
    body: ""
    form: {}
    headers:
      Accept:
      - application/json
      User-Agent:
      - Terraform/1.3.4 (+https://www.terraform.io) Terraform-Plugin-SDK/2.10.1 terraform-provider-katapult/0.0.999
    url: https://api.katapult.io/core/v1/virtual_machine_network_interfaces/_?virtual_machine_network_interface%5Bid%5D=vmnet_Tp32Ezz1qAMBOO6P
    method: GET
  response:
    body: '{"virtual_machine_network_interface":{"id":"vmnet_Tp32Ezz1qAMBOO6P","virtual_machine":{"id":"vm_pK9qsZGVIpeAZxVT","name":"tf-acc-test-custom-disks-ft3k6tpxc7yi"},"name":"Public
      Network on tf-acc-test-custom-disks-ft3k6tpxc7yi","network":{"id":"netw_gVRkZdSKczfNg34P","name":"Public
      Network"},"mac_address":"3a:37:9d:e1:37:ec","state":"attached","ip_addresses":[{"id":"ip_Ntu5DTZickqN6c9T","address":"185.199.222.16"},{"id":"ip_Gl63yHUEkeELpdGm","address":"185.199.222.110"}],"speed_profile":{"id":"nsp_Y8YS65yTivlCAjIY","name":"1Gbps","permalink":"1gbps"}}}'
    headers:
      Access-Control-Allow-Methods:
      - '*'
      Access-Control-Allow-Origin:
      - '*'
      Cache-Control:
      - max-age=0, private, must-revalidate
      Content-Length:
      - "557"
      Content-Type:
      - application/json
      Date:
      - Thu, 23 Mar 2023 10:56:15 GMT
      Etag:
      - W/"1c3cf5730d436f89a2ac2718124e3361"
      Server:
      - Caddy
      Strict-Transport-Security:
      - max-age=63072000; includeSubDomains
      X-Ratelimit-Permitted:
      - "1000"
      X-Ratelimit-Remaining:
      - "964"
      X-Request-Id:
      - 89c214c7-a191-4f07-8ba5-50f3ae99ec40
    status: 200 OK
    code: 200
    duration: ""
- request:
    body: ""
    form: {}
    headers:
      Accept:
      - application/json
      User-Agent:
      - Terraform/1.3.4 (+https://www.terraform.io) Terraform-Plugin-SDK/2.10.1 terraform-provider-katapult/0.0.999
    url: https://api.katapult.io/core/v1/virtual_machines/_?virtual_machine%5Bid%5D=vm_pK9qsZGVIpeAZxVT
    method: GET
  response:
    body: '{"virtual_machine":{"id":"vm_pK9qsZGVIpeAZxVT","name":"tf-acc-test-custom-disks-ft3k6tpxc7yi","hostname":"tf-acc-test-custom-disks-ft3k6tpxc7yi-host","fqdn":"tf-acc-test-custom-disks-ft3k6tpxc7yi-host.terraform-acc-test.katapult.cloud","description":"A
      web server.","created_at":1679568946,"initial_root_password":"3FAaRl9n20YzGduS","state":"started","zone":{"id":"zone_7Uuz6wzE17ZShh8f","name":"LON-1","permalink":"lon-zone-1","data_center":{"id":"loc_UUhPmoCbpic6UX0Y","name":"London","permalink":"uk-lon-01","country":{"id":"ctry_6AO9tYYugvTGnd5b","name":"United
      Kingdom","iso_code2":"GB","iso_code3":"GBR","time_zone":"Europe/London","eu":false}}},"organization":{"id":"org_eodfyqFF3YWb2OFC","name":"terraform-acc-test","sub_domain":"terraform-acc-test","infrastructure_domain":"terraform-acc-test.katapult.cloud","created_at":1605785692,"suspended":false,"managed":false,"billing_name":"terraform-acc-test","address1":"42
      Barren Fields","address2":"Oxygen Farm","address3":"Seed Colony 1","address4":"Landing
      Site","postcode":"ZZ9 1LS","vat_number":null,"currency":{"id":"cur_zShCGgjgBz4EbnX1","name":"British
      Pound","iso_code":"GBP","symbol":"£"},"country":{"id":"ctry_6AO9tYYugvTGnd5b","name":"United
      Kingdom","iso_code2":"GB","iso_code3":"GBR","time_zone":"Europe/London","eu":false},"country_state":null},"group":{"id":"vmgrp_T2XflYxrpxLLtTCl","name":"tf-acc-test-custom-disks-ft3k6tpxc7yi-group","segregate":true,"created_at":1679568937},"package":{"id":"vmpkg_Eh5LYVKScVHpj7sM","name":"ROCK-3","permalink":"rock-3","cpu_cores":1,"ipv4_addresses":1,"memory_in_gb":3,"storage_in_gb":25,"monthly_bandwidth_allowance_in_gb":2048,"privacy":"public","icon":null},"attached_iso":null,"memory_in_gb":3,"cpu_cores":1,"tags":[{"id":"tag_NqAjIfOyzSMyuFPS","name":"web","color":"pastel_orange","created_at":1610021329},{"id":"tag_YuRGuWJE432q8wxT","name":"public","color":"pink","created_at":1610021329}],"tag_names":["web","public"],"ip_addresses":[{"id":"ip_Ntu5DTZickqN6c9T","address":"185.199.222.16","reverse_dns":"tf-acc-test-custom-disks-ft3k6tpxc7yi-host.terraform-acc-test.katapult.cloud","vip":false,"label":null,"address_with_mask":"185.199.222.16/24","network":{"id":"netw_gVRkZdSKczfNg34P","name":"Public
      Network","permalink":"uk-lon-01-public","data_center":{"id":"loc_UUhPmoCbpic6UX0Y","name":"London","permalink":"uk-lon-01","country":{"id":"ctry_6AO9tYYugvTGnd5b","name":"United
      Kingdom","iso_code2":"GB","iso_code3":"GBR","time_zone":"Europe/London","eu":false}}},"allocation_id":"vm_pK9qsZGVIpeAZxVT","allocation_type":"VirtualMachine"},{"id":"ip_Gl63yHUEkeELpdGm","address":"185.199.222.110","reverse_dns":"tf-acc-test-custom-disks-ft3k6tpxc7yi-host.terraform-acc-test.katapult.cloud","vip":false,"label":null,"address_with_mask":"185.199.222.110/24","network":{"id":"netw_gVRkZdSKczfNg34P","name":"Public
      Network","permalink":"uk-lon-01-public","data_center":{"id":"loc_UUhPmoCbpic6UX0Y","name":"London","permalink":"uk-lon-01","country":{"id":"ctry_6AO9tYYugvTGnd5b","name":"United
      Kingdom","iso_code2":"GB","iso_code3":"GBR","time_zone":"Europe/London","eu":false}}},"allocation_id":"vm_pK9qsZGVIpeAZxVT","allocation_type":"VirtualMachine"}]}}'
    headers:
      Access-Control-Allow-Methods:
      - '*'
      Access-Control-Allow-Origin:
      - '*'
      Cache-Control:
      - max-age=0, private, must-revalidate
      Content-Length:
      - "3166"
      Content-Type:
      - application/json
      Date:
      - Thu, 23 Mar 2023 10:56:15 GMT
      Etag:
      - W/"e8cbc17b34201f719c0e7ccd64352869"
      Server:
      - Caddy
      Strict-Transport-Security:
      - max-age=63072000; includeSubDomains
      X-Ratelimit-Permitted:
      - "1000"
      X-Ratelimit-Remaining:
      - "963"
      X-Request-Id:
      - 5136255b-b191-4043-b5f5-fc79e0b4a355
    status: 200 OK
    code: 200
    duration: ""
- request:
    body: ""
    form: {}
    headers:
      Accept:
      - application/json
      User-Agent:
      - Terraform/1.3.4 (+https://www.terraform.io) Terraform-Plugin-SDK/2.10.1 terraform-provider-katapult/0.0.999
    url: https://api.katapult.io/core/v1/virtual_machines/_/stop?virtual_machine%5Bid%5D=vm_pK9qsZGVIpeAZxVT
    method: POST
  response:
    body: '{"task":{"id":"task_0l9kHn2AhAhw7mL2","name":"Stop virtual machine","status":"pending"}}'
    headers:
      Access-Control-Allow-Methods:
      - '*'
      Access-Control-Allow-Origin:
      - '*'
      Cache-Control:
      - max-age=0, private, must-revalidate
      Content-Length:
      - "88"
      Content-Type:
      - application/json
      Date:
      - Thu, 23 Mar 2023 10:56:15 GMT
      Etag:
      - W/"0213d44d8c582ca89cb586f257e23978"
      Server:
      - Caddy
      Strict-Transport-Security:
      - max-age=63072000; includeSubDomains
      X-Ratelimit-Permitted:
      - "1000"
      X-Ratelimit-Remaining:
      - "962"
      X-Request-Id:
      - c64d942d-f8d8-4c24-9a1f-d22452bedabb
    status: 200 OK
    code: 200
    duration: ""
- request:
    body: ""
    form: {}
    headers:
      Accept:
      - application/json
      User-Agent:
      - Terraform/1.3.4 (+https://www.terraform.io) Terraform-Plugin-SDK/2.10.1 terraform-provider-katapult/0.0.999
    url: https://api.katapult.io/core/v1/tasks/task_0l9kHn2AhAhw7mL2
    method: GET
  response:
    body: '{"task":{"id":"task_0l9kHn2AhAhw7mL2","name":"Stop virtual machine","status":"running","created_at":1679568975,"started_at":1679568976,"finished_at":null,"progress":5}}'
    headers:
      Access-Control-Allow-Methods:
      - '*'
      Access-Control-Allow-Origin:
      - '*'
      Cache-Control:
      - max-age=0, private, must-revalidate
      Content-Length:
      - "168"
      Content-Type:
      - application/json
      Date:
      - Thu, 23 Mar 2023 10:56:16 GMT
      Etag:
      - W/"cff2c012cc536e7f1fad991ec7e80d4c"
      Server:
      - Caddy
      Strict-Transport-Security:
      - max-age=63072000; includeSubDomains
      X-Ratelimit-Permitted:
      - "1000"
      X-Ratelimit-Remaining:
      - "961"
      X-Request-Id:
      - abdc13e4-2934-4894-892b-c4989c26d1d5
    status: 200 OK
    code: 200
    duration: ""
- request:
    body: ""
    form: {}
    headers:
      Accept:
      - application/json
      User-Agent:
      - Terraform/1.3.4 (+https://www.terraform.io) Terraform-Plugin-SDK/2.10.1 terraform-provider-katapult/0.0.999
    url: https://api.katapult.io/core/v1/tasks/task_0l9kHn2AhAhw7mL2
    method: GET
  response:
    body: '{"task":{"id":"task_0l9kHn2AhAhw7mL2","name":"Stop virtual machine","status":"completed","created_at":1679568975,"started_at":1679568976,"finished_at":1679568978,"progress":100}}'
    headers:
      Access-Control-Allow-Methods:
      - '*'
      Access-Control-Allow-Origin:
      - '*'
      Cache-Control:
      - max-age=0, private, must-revalidate
      Content-Length:
      - "178"
      Content-Type:
      - application/json
      Date:
      - Thu, 23 Mar 2023 10:56:21 GMT
      Etag:
      - W/"b20fd5de5875042dbda69dfc4ec20400"
      Server:
      - Caddy
      Strict-Transport-Security:
      - max-age=63072000; includeSubDomains
      X-Ratelimit-Permitted:
      - "1000"
      X-Ratelimit-Remaining:
      - "959"
      X-Request-Id:
      - c941b134-fa45-47ab-a5ef-9f15afbe2b91
    status: 200 OK
    code: 200
    duration: ""
- request:
    body: ""
    form: {}
    headers:
      Accept:
      - application/json
      User-Agent:
      - Terraform/1.3.4 (+https://www.terraform.io) Terraform-Plugin-SDK/2.10.1 terraform-provider-katapult/0.0.999
    url: https://api.katapult.io/core/v1/virtual_machines/_?virtual_machine%5Bid%5D=vm_pK9qsZGVIpeAZxVT
    method: DELETE
  response:
    body: '{"trash_object":{"id":"trsh_4O1NsFh7381ilC2s","keep_until":1679741781,"object_id":"vm_pK9qsZGVIpeAZxVT","object_type":"VirtualMachine"},"virtual_machine":{"id":"vm_pK9qsZGVIpeAZxVT","name":"tf-acc-test-custom-disks-ft3k6tpxc7yi","hostname":"tf-acc-test-custom-disks-ft3k6tpxc7yi-host","fqdn":"tf-acc-test-custom-disks-ft3k6tpxc7yi-host.terraform-acc-test.katapult.cloud","description":"A
      web server.","created_at":1679568946,"initial_root_password":"3FAaRl9n20YzGduS","state":"stopped","zone":{"id":"zone_7Uuz6wzE17ZShh8f","name":"LON-1","permalink":"lon-zone-1","data_center":{"id":"loc_UUhPmoCbpic6UX0Y","name":"London","permalink":"uk-lon-01","country":{"id":"ctry_6AO9tYYugvTGnd5b","name":"United
      Kingdom","iso_code2":"GB","iso_code3":"GBR","time_zone":"Europe/London","eu":false}}},"organization":{"id":"org_eodfyqFF3YWb2OFC","name":"terraform-acc-test","sub_domain":"terraform-acc-test","infrastructure_domain":"terraform-acc-test.katapult.cloud","created_at":1605785692,"suspended":false,"managed":false,"billing_name":"terraform-acc-test","address1":"42
      Barren Fields","address2":"Oxygen Farm","address3":"Seed Colony 1","address4":"Landing
      Site","postcode":"ZZ9 1LS","vat_number":null,"currency":{"id":"cur_zShCGgjgBz4EbnX1","name":"British
      Pound","iso_code":"GBP","symbol":"£"},"country":{"id":"ctry_6AO9tYYugvTGnd5b","name":"United
      Kingdom","iso_code2":"GB","iso_code3":"GBR","time_zone":"Europe/London","eu":false},"country_state":null},"group":{"id":"vmgrp_T2XflYxrpxLLtTCl","name":"tf-acc-test-custom-disks-ft3k6tpxc7yi-group","segregate":true,"created_at":1679568937},"package":{"id":"vmpkg_Eh5LYVKScVHpj7sM","name":"ROCK-3","permalink":"rock-3","cpu_cores":1,"ipv4_addresses":1,"memory_in_gb":3,"storage_in_gb":25,"monthly_bandwidth_allowance_in_gb":2048,"privacy":"public","icon":null},"attached_iso":null,"memory_in_gb":3,"cpu_cores":1,"tags":[{"id":"tag_NqAjIfOyzSMyuFPS","name":"web","color":"pastel_orange","created_at":1610021329},{"id":"tag_YuRGuWJE432q8wxT","name":"public","color":"pink","created_at":1610021329}],"tag_names":["web","public"],"ip_addresses":[{"id":"ip_Ntu5DTZickqN6c9T","address":"185.199.222.16","reverse_dns":"tf-acc-test-custom-disks-ft3k6tpxc7yi-host.terraform-acc-test.katapult.cloud","vip":false,"label":null,"address_with_mask":"185.199.222.16/24","network":{"id":"netw_gVRkZdSKczfNg34P","name":"Public
      Network","permalink":"uk-lon-01-public","data_center":{"id":"loc_UUhPmoCbpic6UX0Y","name":"London","permalink":"uk-lon-01","country":{"id":"ctry_6AO9tYYugvTGnd5b","name":"United
      Kingdom","iso_code2":"GB","iso_code3":"GBR","time_zone":"Europe/London","eu":false}}},"allocation_id":"vm_pK9qsZGVIpeAZxVT","allocation_type":"VirtualMachine"},{"id":"ip_Gl63yHUEkeELpdGm","address":"185.199.222.110","reverse_dns":"tf-acc-test-custom-disks-ft3k6tpxc7yi-host.terraform-acc-test.katapult.cloud","vip":false,"label":null,"address_with_mask":"185.199.222.110/24","network":{"id":"netw_gVRkZdSKczfNg34P","name":"Public
      Network","permalink":"uk-lon-01-public","data_center":{"id":"loc_UUhPmoCbpic6UX0Y","name":"London","permalink":"uk-lon-01","country":{"id":"ctry_6AO9tYYugvTGnd5b","name":"United
      Kingdom","iso_code2":"GB","iso_code3":"GBR","time_zone":"Europe/London","eu":false}}},"allocation_id":"vm_pK9qsZGVIpeAZxVT","allocation_type":"VirtualMachine"}]}}'
    headers:
      Access-Control-Allow-Methods:
      - '*'
      Access-Control-Allow-Origin:
      - '*'
      Cache-Control:
      - max-age=0, private, must-revalidate
      Content-Length:
      - "3301"
      Content-Type:
      - application/json
      Date:
      - Thu, 23 Mar 2023 10:56:21 GMT
      Etag:
      - W/"07e53868f12fc5025477f85a01452c2f"
      Server:
      - Caddy
      Strict-Transport-Security:
      - max-age=63072000; includeSubDomains
      X-Ratelimit-Permitted:
      - "1000"
      X-Ratelimit-Remaining:
      - "958"
      X-Request-Id:
      - ade95fff-3eb3-467c-8249-ded9ce0d7880
    status: 200 OK
    code: 200
    duration: ""
- request:
    body: ""
    form: {}
    headers:
      Accept:
      - application/json
      User-Agent:
      - Terraform/1.3.4 (+https://www.terraform.io) Terraform-Plugin-SDK/2.10.1 terraform-provider-katapult/0.0.999
    url: https://api.katapult.io/core/v1/ip_addresses/_/unallocate?ip_address%5Bid%5D=ip_Gl63yHUEkeELpdGm
    method: POST
  response:
    body: '{}'
    headers:
      Access-Control-Allow-Methods:
      - '*'
      Access-Control-Allow-Origin:
      - '*'
      Cache-Control:
      - max-age=0, private, must-revalidate
      Content-Length:
      - "2"
      Content-Type:
      - application/json
      Date:
      - Thu, 23 Mar 2023 10:56:22 GMT
      Etag:
      - W/"44136fa355b3678a1146ad16f7e8649e"
      Server:
      - Caddy
      Strict-Transport-Security:
      - max-age=63072000; includeSubDomains
      X-Ratelimit-Permitted:
      - "1000"
      X-Ratelimit-Remaining:
      - "957"
      X-Request-Id:
      - 734d074c-a323-4df3-9230-3aa59dd9fb21
    status: 200 OK
    code: 200
    duration: ""
- request:
    body: ""
    form: {}
    headers:
      Accept:
      - application/json
      User-Agent:
      - Terraform/1.3.4 (+https://www.terraform.io) Terraform-Plugin-SDK/2.10.1 terraform-provider-katapult/0.0.999
    url: https://api.katapult.io/core/v1/ip_addresses/_/unallocate?ip_address%5Bid%5D=ip_Ntu5DTZickqN6c9T
    method: POST
  response:
    body: '{}'
    headers:
      Access-Control-Allow-Methods:
      - '*'
      Access-Control-Allow-Origin:
      - '*'
      Cache-Control:
      - max-age=0, private, must-revalidate
      Content-Length:
      - "2"
      Content-Type:
      - application/json
      Date:
      - Thu, 23 Mar 2023 10:56:22 GMT
      Etag:
      - W/"44136fa355b3678a1146ad16f7e8649e"
      Server:
      - Caddy
      Strict-Transport-Security:
      - max-age=63072000; includeSubDomains
      X-Ratelimit-Permitted:
      - "1000"
      X-Ratelimit-Remaining:
      - "956"
      X-Request-Id:
      - d95d438b-e086-4d37-88ac-b08fe4c97598
    status: 200 OK
    code: 200
    duration: ""
- request:
    body: ""
    form: {}
    headers:
      Accept:
      - application/json
      User-Agent:
      - Terraform/1.3.4 (+https://www.terraform.io) Terraform-Plugin-SDK/2.10.1 terraform-provider-katapult/0.0.999
    url: https://api.katapult.io/core/v1/trash_objects/_?trash_object%5Bid%5D=trsh_4O1NsFh7381ilC2s
    method: DELETE
  response:
    body: '{"task":{"id":"task_5tNf7BeEyKa1BZdE","name":"Purge items from trash","status":"pending","created_at":1679568982,"started_at":null,"finished_at":null,"progress":0}}'
    headers:
      Access-Control-Allow-Methods:
      - '*'
      Access-Control-Allow-Origin:
      - '*'
      Cache-Control:
      - max-age=0, private, must-revalidate
      Content-Length:
      - "164"
      Content-Type:
      - application/json
      Date:
      - Thu, 23 Mar 2023 10:56:22 GMT
      Etag:
      - W/"71f423e01556f91cc9eaa6178d08069c"
      Server:
      - Caddy
      Strict-Transport-Security:
      - max-age=63072000; includeSubDomains
      X-Ratelimit-Permitted:
      - "1000"
      X-Ratelimit-Remaining:
      - "955"
      X-Request-Id:
      - 8c4f0ff4-f581-4da6-893d-f75682fce4ea
    status: 200 OK
    code: 200
    duration: ""
- request:
    body: ""
    form: {}
    headers:
      Accept:
      - application/json
      User-Agent:
      - Terraform/1.3.4 (+https://www.terraform.io) Terraform-Plugin-SDK/2.10.1 terraform-provider-katapult/0.0.999
    url: https://api.katapult.io/core/v1/trash_objects/_?trash_object%5Bid%5D=trsh_4O1NsFh7381ilC2s
    method: GET
  response:
    body: '{"trash_object":{"id":"trsh_4O1NsFh7381ilC2s","keep_until":1679741781,"object_id":"vm_pK9qsZGVIpeAZxVT","object_type":"VirtualMachine"}}'
    headers:
      Access-Control-Allow-Methods:
      - '*'
      Access-Control-Allow-Origin:
      - '*'
      Cache-Control:
      - max-age=0, private, must-revalidate
      Content-Length:
      - "136"
      Content-Type:
      - application/json
      Date:
      - Thu, 23 Mar 2023 10:56:23 GMT
      Etag:
      - W/"0669d1d2e1b0891ca269f9c23d4b98e7"
      Server:
      - Caddy
      Strict-Transport-Security:
      - max-age=63072000; includeSubDomains
      X-Ratelimit-Permitted:
      - "1000"
      X-Ratelimit-Remaining:
      - "954"
      X-Request-Id:
      - 95f393e8-7218-421f-8c69-96b93b971d0e
    status: 200 OK
    code: 200
    duration: ""
- request:
    body: ""
    form: {}
    headers:
      Accept:
      - application/json
      User-Agent:
      - Terraform/1.3.4 (+https://www.terraform.io) Terraform-Plugin-SDK/2.10.1 terraform-provider-katapult/0.0.999
    url: https://api.katapult.io/core/v1/trash_objects/_?trash_object%5Bid%5D=trsh_4O1NsFh7381ilC2s
    method: GET
  response:
    body: '{"trash_object":{"id":"trsh_4O1NsFh7381ilC2s","keep_until":1679741781,"object_id":"vm_pK9qsZGVIpeAZxVT","object_type":"VirtualMachine"}}'
    headers:
      Access-Control-Allow-Methods:
      - '*'
      Access-Control-Allow-Origin:
      - '*'
      Cache-Control:
      - max-age=0, private, must-revalidate
      Content-Length:
      - "136"
      Content-Type:
      - application/json
      Date:
      - Thu, 23 Mar 2023 10:56:28 GMT
      Etag:
      - W/"0669d1d2e1b0891ca269f9c23d4b98e7"
      Server:
      - Caddy
      Strict-Transport-Security:
      - max-age=63072000; includeSubDomains
      X-Ratelimit-Permitted:
      - "1000"
      X-Ratelimit-Remaining:
      - "952"
      X-Request-Id:
      - 1319bc14-e9ed-4fa5-81f5-953b87438b52
    status: 200 OK
    code: 200
    duration: ""
- request:
    body: ""
    form: {}
    headers:
      Accept:
      - application/json
      User-Agent:
      - Terraform/1.3.4 (+https://www.terraform.io) Terraform-Plugin-SDK/2.10.1 terraform-provider-katapult/0.0.999
    url: https://api.katapult.io/core/v1/trash_objects/_?trash_object%5Bid%5D=trsh_4O1NsFh7381ilC2s
    method: GET
  response:
    body: '{"error":{"code":"trash_object_not_found","description":"No trash object
      was found matching any of the criteria provided in the arguments","detail":{}}}'
    headers:
      Access-Control-Allow-Methods:
      - '*'
      Access-Control-Allow-Origin:
      - '*'
      Cache-Control:
      - no-cache
      Content-Length:
      - "152"
      Content-Type:
      - application/json
      Date:
      - Thu, 23 Mar 2023 10:56:38 GMT
      Server:
      - Caddy
      Strict-Transport-Security:
      - max-age=63072000; includeSubDomains
      X-Api-Schema:
      - json-error
      X-Ratelimit-Permitted:
      - "1000"
      X-Ratelimit-Remaining:
      - "949"
      X-Request-Id:
      - 3edbd508-0f38-4b58-88a4-32388a85f055
    status: 404 Not Found
    code: 404
    duration: ""
- request:
    body: ""
    form: {}
    headers:
      Accept:
      - application/json
      User-Agent:
      - Terraform/1.3.4 (+https://www.terraform.io) Terraform-Plugin-SDK/2.10.1 terraform-provider-katapult/0.0.999
    url: https://api.katapult.io/core/v1/virtual_machine_groups/_?virtual_machine_group%5Bid%5D=vmgrp_T2XflYxrpxLLtTCl
    method: DELETE
  response:
    body: '{"virtual_machine_group":{"id":"vmgrp_T2XflYxrpxLLtTCl","name":"tf-acc-test-custom-disks-ft3k6tpxc7yi-group","segregate":true,"created_at":1679568937}}'
    headers:
      Access-Control-Allow-Methods:
      - '*'
      Access-Control-Allow-Origin:
      - '*'
      Cache-Control:
      - max-age=0, private, must-revalidate
      Content-Length:
      - "151"
      Content-Type:
      - application/json
      Date:
      - Thu, 23 Mar 2023 10:56:38 GMT
      Etag:
      - W/"ec3fe221b455c36c89ae23c039be8957"
      Server:
      - Caddy
      Strict-Transport-Security:
      - max-age=63072000; includeSubDomains
      X-Ratelimit-Permitted:
      - "1000"
      X-Ratelimit-Remaining:
      - "947"
      X-Request-Id:
      - ee910249-c3ab-4028-bdf9-85f8d16f566b
    status: 200 OK
    code: 200
    duration: ""
- request:
    body: ""
    form: {}
    headers:
      Accept:
      - application/json
      User-Agent:
      - Terraform/1.3.4 (+https://www.terraform.io) Terraform-Plugin-SDK/2.10.1 terraform-provider-katapult/0.0.999
    url: https://api.katapult.io/core/v1/ip_addresses/_?ip_address%5Bid%5D=ip_Ntu5DTZickqN6c9T
    method: DELETE
  response:
    body: '{}'
    headers:
      Access-Control-Allow-Methods:
      - '*'
      Access-Control-Allow-Origin:
      - '*'
      Cache-Control:
      - max-age=0, private, must-revalidate
      Content-Length:
      - "2"
      Content-Type:
      - application/json
      Date:
      - Thu, 23 Mar 2023 10:56:38 GMT
      Etag:
      - W/"44136fa355b3678a1146ad16f7e8649e"
      Server:
      - Caddy
      Strict-Transport-Security:
      - max-age=63072000; includeSubDomains
      X-Ratelimit-Permitted:
      - "1000"
      X-Ratelimit-Remaining:
      - "947"
      X-Request-Id:
      - d8ab86a8-f955-454e-8270-b781f033c15c
    status: 200 OK
    code: 200
    duration: ""
- request:
    body: ""
    form: {}
    headers:
      Accept:
      - application/json
      User-Agent:
      - Terraform/1.3.4 (+https://www.terraform.io) Terraform-Plugin-SDK/2.10.1 terraform-provider-katapult/0.0.999
    url: https://api.katapult.io/core/v1/ip_addresses/_?ip_address%5Bid%5D=ip_Gl63yHUEkeELpdGm
    method: DELETE
  response:
    body: '{}'
    headers:
      Access-Control-Allow-Methods:
      - '*'
      Access-Control-Allow-Origin:
      - '*'
      Cache-Control:
      - max-age=0, private, must-revalidate
      Content-Length:
      - "2"
      Content-Type:
      - application/json
      Date:
      - Thu, 23 Mar 2023 10:56:38 GMT
      Etag:
      - W/"44136fa355b3678a1146ad16f7e8649e"
      Server:
      - Caddy
      Strict-Transport-Security:
      - max-age=63072000; includeSubDomains
      X-Ratelimit-Permitted:
      - "1000"
      X-Ratelimit-Remaining:
      - "945"
      X-Request-Id:
      - 1381f515-7c23-44e9-aefa-24a3de2a8fe9
    status: 200 OK
    code: 200
    duration: ""
- request:
    body: ""
    form: {}
    headers:
      Accept:
      - application/json
      User-Agent:
      - Terraform/ (+https://www.terraform.io) Terraform-Plugin-SDK/2.10.1 terraform-provider-katapult/0.0.999
    url: https://api.katapult.io/core/v1/virtual_machines/_?virtual_machine%5Bid%5D=vm_pK9qsZGVIpeAZxVT
    method: GET
  response:
    body: '{"error":{"code":"virtual_machine_not_found","description":"No virtual
      machine was found matching any of the criteria provided in the arguments","detail":{}}}'
    headers:
      Access-Control-Allow-Methods:
      - '*'
      Access-Control-Allow-Origin:
      - '*'
      Cache-Control:
      - no-cache
      Content-Length:
      - "158"
      Content-Type:
      - application/json
      Date:
      - Thu, 23 Mar 2023 10:56:38 GMT
      Server:
      - Caddy
      Strict-Transport-Security:
      - max-age=63072000; includeSubDomains
      X-Api-Schema:
      - json-error
      X-Ratelimit-Permitted:
      - "1000"
      X-Ratelimit-Remaining:
      - "944"
      X-Request-Id:
      - 854315e7-0925-460f-80ce-d5318fddd8e0
    status: 404 Not Found
    code: 404
    duration: ""
- request:
    body: ""
    form: {}
    headers:
      Accept:
      - application/json
      User-Agent:
      - Terraform/ (+https://www.terraform.io) Terraform-Plugin-SDK/2.10.1 terraform-provider-katapult/0.0.999
    url: https://api.katapult.io/core/v1/trash_objects/_?trash_object%5Bobject_id%5D=vm_pK9qsZGVIpeAZxVT
    method: GET
  response:
    body: '{"error":{"code":"trash_object_not_found","description":"No trash object
      was found matching any of the criteria provided in the arguments","detail":{}}}'
    headers:
      Access-Control-Allow-Methods:
      - '*'
      Access-Control-Allow-Origin:
      - '*'
      Cache-Control:
      - no-cache
      Content-Length:
      - "152"
      Content-Type:
      - application/json
      Date:
      - Thu, 23 Mar 2023 10:56:38 GMT
      Server:
      - Caddy
      Strict-Transport-Security:
      - max-age=63072000; includeSubDomains
      X-Api-Schema:
      - json-error
      X-Ratelimit-Permitted:
      - "1000"
      X-Ratelimit-Remaining:
      - "943"
      X-Request-Id:
      - f35f15ad-61cd-402d-b467-94b23fbec359
    status: 404 Not Found
    code: 404
    duration: ""
- request:
    body: ""
    form: {}
    headers:
      Accept:
      - application/json
      User-Agent:
      - Terraform/ (+https://www.terraform.io) Terraform-Plugin-SDK/2.10.1 terraform-provider-katapult/0.0.999
    url: https://api.katapult.io/core/v1/ip_addresses/_?ip_address%5Bid%5D=ip_Ntu5DTZickqN6c9T
    method: GET
  response:
    body: '{"error":{"code":"ip_address_not_found","description":"No IP addresses
      were found matching any of the criteria provided in the arguments","detail":{}}}'
    headers:
      Access-Control-Allow-Methods:
      - '*'
      Access-Control-Allow-Origin:
      - '*'
      Cache-Control:
      - no-cache
      Content-Length:
      - "151"
      Content-Type:
      - application/json
      Date:
      - Thu, 23 Mar 2023 10:56:38 GMT
      Server:
      - Caddy
      Strict-Transport-Security:
      - max-age=63072000; includeSubDomains
      X-Api-Schema:
      - json-error
      X-Ratelimit-Permitted:
      - "1000"
      X-Ratelimit-Remaining:
      - "942"
      X-Request-Id:
      - b5b59a1e-9cfe-4a2f-bf57-b899cc23a5e3
    status: 404 Not Found
    code: 404
    duration: ""
- request:
    body: ""
    form: {}
    headers:
      Accept:
      - application/json
      User-Agent:
      - Terraform/ (+https://www.terraform.io) Terraform-Plugin-SDK/2.10.1 terraform-provider-katapult/0.0.999
    url: https://api.katapult.io/core/v1/ip_addresses/_?ip_address%5Bid%5D=ip_Gl63yHUEkeELpdGm
    method: GET
  response:
    body: '{"error":{"code":"ip_address_not_found","description":"No IP addresses
      were found matching any of the criteria provided in the arguments","detail":{}}}'
    headers:
      Access-Control-Allow-Methods:
      - '*'
      Access-Control-Allow-Origin:
      - '*'
      Cache-Control:
      - no-cache
      Content-Length:
      - "151"
      Content-Type:
      - application/json
      Date:
      - Thu, 23 Mar 2023 10:56:38 GMT
      Server:
      - Caddy
      Strict-Transport-Security:
      - max-age=63072000; includeSubDomains
      X-Api-Schema:
      - json-error
      X-Ratelimit-Permitted:
      - "1000"
      X-Ratelimit-Remaining:
      - "941"
      X-Request-Id:
      - 40460f52-92bc-4712-bfbc-32a7ecd7148e
    status: 404 Not Found
    code: 404
    duration: ""
