---
version: 1
interactions:
- request:
    body: ""
    form: {}
    headers:
      Accept:
      - application/json
      User-Agent:
      - Terraform/1.3.4 (+https://www.terraform.io) Terraform-Plugin-SDK/2.10.1 terraform-provider-katapult/0.0.999
    url: https://api.katapult.io/core/v1/data_centers/_/default_network?data_center%5Bpermalink%5D=uk-lon-01
    method: GET
  response:
    body: '{"network":{"id":"netw_gVRkZdSKczfNg34P","name":"Public Network","permalink":"uk-lon-01-public","data_center":{"id":"loc_UUhPmoCbpic6UX0Y","name":"London","permalink":"uk-lon-01"}}}'
    headers:
      Access-Control-Allow-Methods:
      - '*'
      Access-Control-Allow-Origin:
      - '*'
      Cache-Control:
      - max-age=0, private, must-revalidate
      Content-Length:
      - "181"
      Content-Type:
      - application/json
      Date:
      - Fri, 10 Feb 2023 12:15:04 GMT
      Etag:
      - W/"d60d47b2ba0b179327bb89a97b1c0e77"
      Server:
      - Caddy
      Strict-Transport-Security:
      - max-age=63072000; includeSubDomains
      X-Ratelimit-Permitted:
      - "1000"
      X-Ratelimit-Remaining:
      - "966"
      X-Request-Id:
      - 3dad084c-74e9-4e6f-a0e4-99f8733b30fa
    status: 200 OK
    code: 200
    duration: ""
- request:
    body: |
      {"organization":{"sub_domain":"terraform-acc-test"},"network":{"id":"netw_gVRkZdSKczfNg34P"},"version":"ipv4"}
    form: {}
    headers:
      Accept:
      - application/json
      Content-Type:
      - application/json
      User-Agent:
      - Terraform/1.3.4 (+https://www.terraform.io) Terraform-Plugin-SDK/2.10.1 terraform-provider-katapult/0.0.999
    url: https://api.katapult.io/core/v1/organizations/_/ip_addresses
    method: POST
  response:
    body: '{"ip_address":{"id":"ip_lMARBMFBAmCoffcW","address":"185.199.222.238","reverse_dns":"185-199-222-238.rdns.katapult.cloud","vip":false,"label":null,"address_with_mask":"185.199.222.238/24","network":{"id":"netw_gVRkZdSKczfNg34P","name":"Public
      Network","permalink":"uk-lon-01-public","data_center":{"id":"loc_UUhPmoCbpic6UX0Y","name":"London","permalink":"uk-lon-01","country":{"id":"ctry_6AO9tYYugvTGnd5b","name":"United
      Kingdom","iso_code2":"GB","iso_code3":"GBR","time_zone":"Europe/London","eu":false}}},"allocation_id":null,"allocation_type":null}}'
    headers:
      Access-Control-Allow-Methods:
      - '*'
      Access-Control-Allow-Origin:
      - '*'
      Cache-Control:
      - max-age=0, private, must-revalidate
      Content-Length:
      - "552"
      Content-Type:
      - application/json
      Date:
      - Fri, 10 Feb 2023 12:15:04 GMT
      Etag:
      - W/"da896ea2082a872e05ac7030f2151ede"
      Server:
      - Caddy
      Strict-Transport-Security:
      - max-age=63072000; includeSubDomains
      X-Ratelimit-Permitted:
      - "1000"
      X-Ratelimit-Remaining:
      - "965"
      X-Request-Id:
      - 90e6f774-184d-42c3-a7da-c63bcd81e5e0
    status: 200 OK
    code: 200
    duration: ""
- request:
    body: ""
    form: {}
    headers:
      Accept:
      - application/json
      User-Agent:
      - Terraform/1.3.4 (+https://www.terraform.io) Terraform-Plugin-SDK/2.10.1 terraform-provider-katapult/0.0.999
    url: https://api.katapult.io/core/v1/ip_addresses/_?ip_address%5Bid%5D=ip_lMARBMFBAmCoffcW
    method: GET
  response:
    body: '{"ip_address":{"id":"ip_lMARBMFBAmCoffcW","address":"185.199.222.238","reverse_dns":"185-199-222-238.rdns.katapult.cloud","vip":false,"label":null,"address_with_mask":"185.199.222.238/24","network":{"id":"netw_gVRkZdSKczfNg34P","name":"Public
      Network","permalink":"uk-lon-01-public","data_center":{"id":"loc_UUhPmoCbpic6UX0Y","name":"London","permalink":"uk-lon-01","country":{"id":"ctry_6AO9tYYugvTGnd5b","name":"United
      Kingdom","iso_code2":"GB","iso_code3":"GBR","time_zone":"Europe/London","eu":false}}},"allocation_id":null,"allocation_type":null},"allocation":null}'
    headers:
      Access-Control-Allow-Methods:
      - '*'
      Access-Control-Allow-Origin:
      - '*'
      Cache-Control:
      - max-age=0, private, must-revalidate
      Content-Length:
      - "570"
      Content-Type:
      - application/json
      Date:
      - Fri, 10 Feb 2023 12:15:04 GMT
      Etag:
      - W/"8af94df87e3760eb2c77da699d9a7007"
      Server:
      - Caddy
      Strict-Transport-Security:
      - max-age=63072000; includeSubDomains
      X-Ratelimit-Permitted:
      - "1000"
      X-Ratelimit-Remaining:
      - "964"
      X-Request-Id:
      - e561948d-b81a-43c6-be0b-f509cf0366b8
    status: 200 OK
    code: 200
    duration: ""
- request:
    body: ""
    form: {}
    headers:
      Accept:
      - application/json
      User-Agent:
      - Terraform/1.3.4 (+https://www.terraform.io) Terraform-Plugin-SDK/2.10.1 terraform-provider-katapult/0.0.999
    url: https://api.katapult.io/core/v1/ip_addresses/_?ip_address%5Bid%5D=ip_lMARBMFBAmCoffcW
    method: GET
  response:
    body: '{"ip_address":{"id":"ip_lMARBMFBAmCoffcW","address":"185.199.222.238","reverse_dns":"185-199-222-238.rdns.katapult.cloud","vip":false,"label":null,"address_with_mask":"185.199.222.238/24","network":{"id":"netw_gVRkZdSKczfNg34P","name":"Public
      Network","permalink":"uk-lon-01-public","data_center":{"id":"loc_UUhPmoCbpic6UX0Y","name":"London","permalink":"uk-lon-01","country":{"id":"ctry_6AO9tYYugvTGnd5b","name":"United
      Kingdom","iso_code2":"GB","iso_code3":"GBR","time_zone":"Europe/London","eu":false}}},"allocation_id":null,"allocation_type":null},"allocation":null}'
    headers:
      Access-Control-Allow-Methods:
      - '*'
      Access-Control-Allow-Origin:
      - '*'
      Cache-Control:
      - max-age=0, private, must-revalidate
      Content-Length:
      - "570"
      Content-Type:
      - application/json
      Date:
      - Fri, 10 Feb 2023 12:15:04 GMT
      Etag:
      - W/"8af94df87e3760eb2c77da699d9a7007"
      Server:
      - Caddy
      Strict-Transport-Security:
      - max-age=63072000; includeSubDomains
      X-Ratelimit-Permitted:
      - "1000"
      X-Ratelimit-Remaining:
      - "963"
      X-Request-Id:
      - 547d4316-3ef5-4450-9321-4185360832ba
    status: 200 OK
    code: 200
    duration: ""
- request:
    body: |
      {"organization":{"sub_domain":"terraform-acc-test"},"xml":"<?xml version=\"1.0\" encoding=\"UTF-8\"?>\n<VirtualMachineSpec><DataCenter by=\"permalink\">uk-lon-01</DataCenter><Resources><Package by=\"permalink\">rock-3</Package></Resources><DiskTemplate><DiskTemplate by=\"permalink\">templates/ubuntu-18-04</DiskTemplate><Option key=\"install_agent\">true</Option></DiskTemplate><NetworkInterfaces><NetworkInterface><Network>netw_gVRkZdSKczfNg34P</Network><IPAddressAllocation type=\"existing\"><IPAddress>ip_lMARBMFBAmCoffcW</IPAddress></IPAddressAllocation></NetworkInterface></NetworkInterfaces><Hostname><Hostname>tf-acc-test-icy-faint-grapefruit</Hostname></Hostname><AuthorizedKeys><Users all=\"yes\"></Users><SSHKeys all=\"yes\"></SSHKeys></AuthorizedKeys></VirtualMachineSpec>"}
    form: {}
    headers:
      Accept:
      - application/json
      Content-Type:
      - application/json
      User-Agent:
      - Terraform/1.3.4 (+https://www.terraform.io) Terraform-Plugin-SDK/2.10.1 terraform-provider-katapult/0.0.999
    url: https://api.katapult.io/core/v1/organizations/_/virtual_machines/build_from_spec
    method: POST
  response:
    body: '{"task":{"id":"task_oHWRsTkOLhoqIEcU","name":"Build virtual machine","status":"pending"},"build":{"id":"vmbuild_ftupQlbuFW48vGue","state":"pending"},"virtual_machine_build":{"id":"vmbuild_ftupQlbuFW48vGue","state":"pending"},"hostname":"tf-acc-test-icy-faint-grapefruit"}'
    headers:
      Access-Control-Allow-Methods:
      - '*'
      Access-Control-Allow-Origin:
      - '*'
      Cache-Control:
      - max-age=0, private, must-revalidate
      Content-Length:
      - "271"
      Content-Type:
      - application/json
      Date:
      - Fri, 10 Feb 2023 12:15:04 GMT
      Etag:
      - W/"a5dacce404b8e478aaea74c38f3e16e2"
      Server:
      - Caddy
      Strict-Transport-Security:
      - max-age=63072000; includeSubDomains
      X-Ratelimit-Permitted:
      - "1000"
      X-Ratelimit-Remaining:
      - "962"
      X-Request-Id:
      - d12ccf16-150f-4714-88f3-7da5c9716636
    status: 201 Created
    code: 201
    duration: ""
- request:
    body: ""
    form: {}
    headers:
      Accept:
      - application/json
      User-Agent:
      - Terraform/1.3.4 (+https://www.terraform.io) Terraform-Plugin-SDK/2.10.1 terraform-provider-katapult/0.0.999
    url: https://api.katapult.io/core/v1/virtual_machines/builds/_?virtual_machine_build%5Bid%5D=vmbuild_ftupQlbuFW48vGue
    method: GET
  response:
    body: '{"virtual_machine_build":{"id":"vmbuild_ftupQlbuFW48vGue","spec_xml":"\u003c?xml
      version=\"1.0\"?\u003e\n\u003cVirtualMachineSpec\u003e\n  \u003cDataCenter\u003eloc_UUhPmoCbpic6UX0Y\u003c/DataCenter\u003e\n  \u003cResources\u003e\n    \u003cPackage
      by=\"permalink\"\u003erock-3\u003c/Package\u003e\n  \u003c/Resources\u003e\n  \u003cDiskTemplate\u003e\n    \u003cDiskTemplate
      by=\"permalink\"\u003etemplates/ubuntu-18-04\u003c/DiskTemplate\u003e\n    \u003cVersion
      by=\"number\"\u003e1\u003c/Version\u003e\n    \u003cOption key=\"install_agent\"\u003etrue\u003c/Option\u003e\n  \u003c/DiskTemplate\u003e\n  \u003cNetworkInterfaces\u003e\n    \u003cNetworkInterface\u003e\n      \u003cNetwork\u003enetw_gVRkZdSKczfNg34P\u003c/Network\u003e\n      \u003cIPAddressAllocation
      type=\"existing\"\u003e\n        \u003cIPAddress by=\"address\"\u003e185.199.222.238\u003c/IPAddress\u003e\n      \u003c/IPAddressAllocation\u003e\n    \u003c/NetworkInterface\u003e\n  \u003c/NetworkInterfaces\u003e\n  \u003cHostname\u003e\n    \u003cHostname\u003etf-acc-test-icy-faint-grapefruit\u003c/Hostname\u003e\n  \u003c/Hostname\u003e\n  \u003cAuthorizedKeys
      continuous_management=\"no\"\u003e\n    \u003cUsers all=\"yes\"/\u003e\n    \u003cSSHKeys
      all=\"yes\"/\u003e\n  \u003c/AuthorizedKeys\u003e\n\u003c/VirtualMachineSpec\u003e\n","state":"building","virtual_machine":{"id":"vm_dm2CRkhUR4EhLHOA","name":"tf-acc-test-icy-faint-grapefruit","hostname":"tf-acc-test-icy-faint-grapefruit","fqdn":"tf-acc-test-icy-faint-grapefruit.terraform-acc-test.katapult.cloud","state":"stopped"},"created_at":1676031304}}'
    headers:
      Access-Control-Allow-Methods:
      - '*'
      Access-Control-Allow-Origin:
      - '*'
      Cache-Control:
      - max-age=0, private, must-revalidate
      Content-Length:
      - "1589"
      Content-Type:
      - application/json
      Date:
      - Fri, 10 Feb 2023 12:15:06 GMT
      Etag:
      - W/"0ff4e8a872e057a535bed2615174a47c"
      Server:
      - Caddy
      Strict-Transport-Security:
      - max-age=63072000; includeSubDomains
      X-Ratelimit-Permitted:
      - "1000"
      X-Ratelimit-Remaining:
      - "944"
      X-Request-Id:
      - e7f7be77-f329-4234-8850-3897026130bf
    status: 200 OK
    code: 200
    duration: ""
- request:
    body: ""
    form: {}
    headers:
      Accept:
      - application/json
      User-Agent:
      - Terraform/1.3.4 (+https://www.terraform.io) Terraform-Plugin-SDK/2.10.1 terraform-provider-katapult/0.0.999
    url: https://api.katapult.io/core/v1/virtual_machines/builds/_?virtual_machine_build%5Bid%5D=vmbuild_ftupQlbuFW48vGue
    method: GET
  response:
    body: '{"virtual_machine_build":{"id":"vmbuild_ftupQlbuFW48vGue","spec_xml":"\u003c?xml
      version=\"1.0\"?\u003e\n\u003cVirtualMachineSpec\u003e\n  \u003cDataCenter\u003eloc_UUhPmoCbpic6UX0Y\u003c/DataCenter\u003e\n  \u003cResources\u003e\n    \u003cPackage
      by=\"permalink\"\u003erock-3\u003c/Package\u003e\n  \u003c/Resources\u003e\n  \u003cDiskTemplate\u003e\n    \u003cDiskTemplate
      by=\"permalink\"\u003etemplates/ubuntu-18-04\u003c/DiskTemplate\u003e\n    \u003cVersion
      by=\"number\"\u003e1\u003c/Version\u003e\n    \u003cOption key=\"install_agent\"\u003etrue\u003c/Option\u003e\n  \u003c/DiskTemplate\u003e\n  \u003cNetworkInterfaces\u003e\n    \u003cNetworkInterface\u003e\n      \u003cNetwork\u003enetw_gVRkZdSKczfNg34P\u003c/Network\u003e\n      \u003cIPAddressAllocation
      type=\"existing\"\u003e\n        \u003cIPAddress by=\"address\"\u003e185.199.222.238\u003c/IPAddress\u003e\n      \u003c/IPAddressAllocation\u003e\n    \u003c/NetworkInterface\u003e\n  \u003c/NetworkInterfaces\u003e\n  \u003cHostname\u003e\n    \u003cHostname\u003etf-acc-test-icy-faint-grapefruit\u003c/Hostname\u003e\n  \u003c/Hostname\u003e\n  \u003cAuthorizedKeys
      continuous_management=\"no\"\u003e\n    \u003cUsers all=\"yes\"/\u003e\n    \u003cSSHKeys
      all=\"yes\"/\u003e\n  \u003c/AuthorizedKeys\u003e\n\u003c/VirtualMachineSpec\u003e\n","state":"building","virtual_machine":{"id":"vm_dm2CRkhUR4EhLHOA","name":"tf-acc-test-icy-faint-grapefruit","hostname":"tf-acc-test-icy-faint-grapefruit","fqdn":"tf-acc-test-icy-faint-grapefruit.terraform-acc-test.katapult.cloud","state":"stopped"},"created_at":1676031304}}'
    headers:
      Access-Control-Allow-Methods:
      - '*'
      Access-Control-Allow-Origin:
      - '*'
      Cache-Control:
      - max-age=0, private, must-revalidate
      Content-Length:
      - "1589"
      Content-Type:
      - application/json
      Date:
      - Fri, 10 Feb 2023 12:15:11 GMT
      Etag:
      - W/"0ff4e8a872e057a535bed2615174a47c"
      Server:
      - Caddy
      Strict-Transport-Security:
      - max-age=63072000; includeSubDomains
      X-Ratelimit-Permitted:
      - "1000"
      X-Ratelimit-Remaining:
      - "903"
      X-Request-Id:
      - 939b8f05-85a0-4f33-8935-eb3b6423cb82
    status: 200 OK
    code: 200
    duration: ""
- request:
    body: ""
    form: {}
    headers:
      Accept:
      - application/json
      User-Agent:
      - Terraform/1.3.4 (+https://www.terraform.io) Terraform-Plugin-SDK/2.10.1 terraform-provider-katapult/0.0.999
    url: https://api.katapult.io/core/v1/virtual_machines/builds/_?virtual_machine_build%5Bid%5D=vmbuild_ftupQlbuFW48vGue
    method: GET
  response:
    body: '{"virtual_machine_build":{"id":"vmbuild_ftupQlbuFW48vGue","spec_xml":"\u003c?xml
      version=\"1.0\"?\u003e\n\u003cVirtualMachineSpec\u003e\n  \u003cDataCenter\u003eloc_UUhPmoCbpic6UX0Y\u003c/DataCenter\u003e\n  \u003cResources\u003e\n    \u003cPackage
      by=\"permalink\"\u003erock-3\u003c/Package\u003e\n  \u003c/Resources\u003e\n  \u003cDiskTemplate\u003e\n    \u003cDiskTemplate
      by=\"permalink\"\u003etemplates/ubuntu-18-04\u003c/DiskTemplate\u003e\n    \u003cVersion
      by=\"number\"\u003e1\u003c/Version\u003e\n    \u003cOption key=\"install_agent\"\u003etrue\u003c/Option\u003e\n  \u003c/DiskTemplate\u003e\n  \u003cNetworkInterfaces\u003e\n    \u003cNetworkInterface\u003e\n      \u003cNetwork\u003enetw_gVRkZdSKczfNg34P\u003c/Network\u003e\n      \u003cIPAddressAllocation
      type=\"existing\"\u003e\n        \u003cIPAddress by=\"address\"\u003e185.199.222.238\u003c/IPAddress\u003e\n      \u003c/IPAddressAllocation\u003e\n    \u003c/NetworkInterface\u003e\n  \u003c/NetworkInterfaces\u003e\n  \u003cHostname\u003e\n    \u003cHostname\u003etf-acc-test-icy-faint-grapefruit\u003c/Hostname\u003e\n  \u003c/Hostname\u003e\n  \u003cAuthorizedKeys
      continuous_management=\"no\"\u003e\n    \u003cUsers all=\"yes\"/\u003e\n    \u003cSSHKeys
      all=\"yes\"/\u003e\n  \u003c/AuthorizedKeys\u003e\n\u003c/VirtualMachineSpec\u003e\n","state":"complete","virtual_machine":{"id":"vm_dm2CRkhUR4EhLHOA","name":"tf-acc-test-icy-faint-grapefruit","hostname":"tf-acc-test-icy-faint-grapefruit","fqdn":"tf-acc-test-icy-faint-grapefruit.terraform-acc-test.katapult.cloud","state":"started"},"created_at":1676031304}}'
    headers:
      Access-Control-Allow-Methods:
      - '*'
      Access-Control-Allow-Origin:
      - '*'
      Cache-Control:
      - max-age=0, private, must-revalidate
      Content-Length:
      - "1589"
      Content-Type:
      - application/json
      Date:
      - Fri, 10 Feb 2023 12:15:21 GMT
      Etag:
      - W/"56242079f1d00d7b6c2e4a5332eb2724"
      Server:
      - Caddy
      Strict-Transport-Security:
      - max-age=63072000; includeSubDomains
      X-Ratelimit-Permitted:
      - "1000"
      X-Ratelimit-Remaining:
      - "894"
      X-Request-Id:
      - eaa71dcd-4986-4a61-b30f-e7c919e43c78
    status: 200 OK
    code: 200
    duration: ""
- request:
    body: ""
    form: {}
    headers:
      Accept:
      - application/json
      User-Agent:
      - Terraform/1.3.4 (+https://www.terraform.io) Terraform-Plugin-SDK/2.10.1 terraform-provider-katapult/0.0.999
    url: https://api.katapult.io/core/v1/virtual_machines/_?virtual_machine%5Bid%5D=vm_dm2CRkhUR4EhLHOA
    method: GET
  response:
    body: '{"virtual_machine":{"id":"vm_dm2CRkhUR4EhLHOA","name":"tf-acc-test-icy-faint-grapefruit","hostname":"tf-acc-test-icy-faint-grapefruit","fqdn":"tf-acc-test-icy-faint-grapefruit.terraform-acc-test.katapult.cloud","description":null,"created_at":1676031305,"initial_root_password":"ZemP2XH25YIlV7ug","state":"started","zone":{"id":"zone_7Uuz6wzE17ZShh8f","name":"LON-1","permalink":"lon-zone-1","data_center":{"id":"loc_UUhPmoCbpic6UX0Y","name":"London","permalink":"uk-lon-01","country":{"id":"ctry_6AO9tYYugvTGnd5b","name":"United
      Kingdom","iso_code2":"GB","iso_code3":"GBR","time_zone":"Europe/London","eu":false}}},"organization":{"id":"org_eodfyqFF3YWb2OFC","name":"terraform-acc-test","sub_domain":"terraform-acc-test","infrastructure_domain":"terraform-acc-test.katapult.cloud","created_at":1605785692,"suspended":false,"managed":false,"billing_name":"terraform-acc-test","address1":"42
      Barren Fields","address2":"Oxygen Farm","address3":"Seed Colony 1","address4":"Landing
      Site","postcode":"ZZ9 1LS","vat_number":null,"currency":{"id":"cur_zShCGgjgBz4EbnX1","name":"British
      Pound","iso_code":"GBP","symbol":"£"},"country":{"id":"ctry_6AO9tYYugvTGnd5b","name":"United
      Kingdom","iso_code2":"GB","iso_code3":"GBR","time_zone":"Europe/London","eu":false},"country_state":null},"group":null,"package":{"id":"vmpkg_Eh5LYVKScVHpj7sM","name":"ROCK-3","permalink":"rock-3","cpu_cores":1,"ipv4_addresses":1,"memory_in_gb":3,"storage_in_gb":25,"privacy":"public","icon":null},"attached_iso":null,"memory_in_gb":3,"cpu_cores":1,"tags":[],"tag_names":[],"ip_addresses":[{"id":"ip_lMARBMFBAmCoffcW","address":"185.199.222.238","reverse_dns":"tf-acc-test-icy-faint-grapefruit.terraform-acc-test.katapult.cloud","vip":false,"label":null,"address_with_mask":"185.199.222.238/24","network":{"id":"netw_gVRkZdSKczfNg34P","name":"Public
      Network","permalink":"uk-lon-01-public","data_center":{"id":"loc_UUhPmoCbpic6UX0Y","name":"London","permalink":"uk-lon-01","country":{"id":"ctry_6AO9tYYugvTGnd5b","name":"United
      Kingdom","iso_code2":"GB","iso_code3":"GBR","time_zone":"Europe/London","eu":false}}},"allocation_id":"vm_dm2CRkhUR4EhLHOA","allocation_type":"VirtualMachine"}]}}'
    headers:
      Access-Control-Allow-Methods:
      - '*'
      Access-Control-Allow-Origin:
      - '*'
      Cache-Control:
      - max-age=0, private, must-revalidate
      Content-Length:
      - "2163"
      Content-Type:
      - application/json
      Date:
      - Fri, 10 Feb 2023 12:15:24 GMT
      Etag:
      - W/"7055e7939d07b156e2917b2916abbc5d"
      Server:
      - Caddy
      Strict-Transport-Security:
      - max-age=63072000; includeSubDomains
      X-Ratelimit-Permitted:
      - "1000"
      X-Ratelimit-Remaining:
      - "893"
      X-Request-Id:
      - c512caab-5344-4dc4-a20d-90dcc729affe
    status: 200 OK
    code: 200
    duration: ""
- request:
    body: ""
    form: {}
    headers:
      Accept:
      - application/json
      User-Agent:
      - Terraform/1.3.4 (+https://www.terraform.io) Terraform-Plugin-SDK/2.10.1 terraform-provider-katapult/0.0.999
    url: https://api.katapult.io/core/v1/virtual_machines/_?virtual_machine%5Bid%5D=vm_dm2CRkhUR4EhLHOA
    method: GET
  response:
    body: '{"virtual_machine":{"id":"vm_dm2CRkhUR4EhLHOA","name":"tf-acc-test-icy-faint-grapefruit","hostname":"tf-acc-test-icy-faint-grapefruit","fqdn":"tf-acc-test-icy-faint-grapefruit.terraform-acc-test.katapult.cloud","description":null,"created_at":1676031305,"initial_root_password":"ZemP2XH25YIlV7ug","state":"started","zone":{"id":"zone_7Uuz6wzE17ZShh8f","name":"LON-1","permalink":"lon-zone-1","data_center":{"id":"loc_UUhPmoCbpic6UX0Y","name":"London","permalink":"uk-lon-01","country":{"id":"ctry_6AO9tYYugvTGnd5b","name":"United
      Kingdom","iso_code2":"GB","iso_code3":"GBR","time_zone":"Europe/London","eu":false}}},"organization":{"id":"org_eodfyqFF3YWb2OFC","name":"terraform-acc-test","sub_domain":"terraform-acc-test","infrastructure_domain":"terraform-acc-test.katapult.cloud","created_at":1605785692,"suspended":false,"managed":false,"billing_name":"terraform-acc-test","address1":"42
      Barren Fields","address2":"Oxygen Farm","address3":"Seed Colony 1","address4":"Landing
      Site","postcode":"ZZ9 1LS","vat_number":null,"currency":{"id":"cur_zShCGgjgBz4EbnX1","name":"British
      Pound","iso_code":"GBP","symbol":"£"},"country":{"id":"ctry_6AO9tYYugvTGnd5b","name":"United
      Kingdom","iso_code2":"GB","iso_code3":"GBR","time_zone":"Europe/London","eu":false},"country_state":null},"group":null,"package":{"id":"vmpkg_Eh5LYVKScVHpj7sM","name":"ROCK-3","permalink":"rock-3","cpu_cores":1,"ipv4_addresses":1,"memory_in_gb":3,"storage_in_gb":25,"privacy":"public","icon":null},"attached_iso":null,"memory_in_gb":3,"cpu_cores":1,"tags":[],"tag_names":[],"ip_addresses":[{"id":"ip_lMARBMFBAmCoffcW","address":"185.199.222.238","reverse_dns":"tf-acc-test-icy-faint-grapefruit.terraform-acc-test.katapult.cloud","vip":false,"label":null,"address_with_mask":"185.199.222.238/24","network":{"id":"netw_gVRkZdSKczfNg34P","name":"Public
      Network","permalink":"uk-lon-01-public","data_center":{"id":"loc_UUhPmoCbpic6UX0Y","name":"London","permalink":"uk-lon-01","country":{"id":"ctry_6AO9tYYugvTGnd5b","name":"United
      Kingdom","iso_code2":"GB","iso_code3":"GBR","time_zone":"Europe/London","eu":false}}},"allocation_id":"vm_dm2CRkhUR4EhLHOA","allocation_type":"VirtualMachine"}]}}'
    headers:
      Access-Control-Allow-Methods:
      - '*'
      Access-Control-Allow-Origin:
      - '*'
      Cache-Control:
      - max-age=0, private, must-revalidate
      Content-Length:
      - "2163"
      Content-Type:
      - application/json
      Date:
      - Fri, 10 Feb 2023 12:15:24 GMT
      Etag:
      - W/"7055e7939d07b156e2917b2916abbc5d"
      Server:
      - Caddy
      Strict-Transport-Security:
      - max-age=63072000; includeSubDomains
      X-Ratelimit-Permitted:
      - "1000"
      X-Ratelimit-Remaining:
      - "892"
      X-Request-Id:
      - 22af2973-a10c-4fa9-bb22-f6f0664a00db
    status: 200 OK
    code: 200
    duration: ""
- request:
    body: ""
    form: {}
    headers:
      Accept:
      - application/json
      User-Agent:
      - Terraform/1.3.4 (+https://www.terraform.io) Terraform-Plugin-SDK/2.10.1 terraform-provider-katapult/0.0.999
    url: https://api.katapult.io/core/v1/virtual_machines/_/network_interfaces?page=1&per_page=1&virtual_machine%5Bid%5D=vm_dm2CRkhUR4EhLHOA
    method: GET
  response:
    body: '{"pagination":{"current_page":1,"total_pages":1,"total":1,"per_page":1,"large_set":false},"virtual_machine_network_interfaces":[{"id":"vmnet_pxdYX08ryS3SNDpB","name":"Public
      Network on tf-acc-test-icy-faint-grapefruit","network":{"id":"netw_gVRkZdSKczfNg34P","name":"Public
      Network"},"ip_addresses":[{"id":"ip_lMARBMFBAmCoffcW","address":"185.199.222.238"}]}]}'
    headers:
      Access-Control-Allow-Methods:
      - '*'
      Access-Control-Allow-Origin:
      - '*'
      Cache-Control:
      - max-age=0, private, must-revalidate
      Content-Length:
      - "360"
      Content-Type:
      - application/json
      Date:
      - Fri, 10 Feb 2023 12:15:24 GMT
      Etag:
      - W/"cab5847c6592323fc099a7927e8ee4e5"
      Server:
      - Caddy
      Strict-Transport-Security:
      - max-age=63072000; includeSubDomains
      X-Ratelimit-Permitted:
      - "1000"
      X-Ratelimit-Remaining:
      - "891"
      X-Request-Id:
      - 0f5389d3-e530-4892-bc37-68f31664a6ad
    status: 200 OK
    code: 200
    duration: ""
- request:
    body: ""
    form: {}
    headers:
      Accept:
      - application/json
      User-Agent:
      - Terraform/1.3.4 (+https://www.terraform.io) Terraform-Plugin-SDK/2.10.1 terraform-provider-katapult/0.0.999
    url: https://api.katapult.io/core/v1/virtual_machine_network_interfaces/_?virtual_machine_network_interface%5Bid%5D=vmnet_pxdYX08ryS3SNDpB
    method: GET
  response:
    body: '{"virtual_machine_network_interface":{"id":"vmnet_pxdYX08ryS3SNDpB","virtual_machine":{"id":"vm_dm2CRkhUR4EhLHOA","name":"tf-acc-test-icy-faint-grapefruit"},"name":"Public
      Network on tf-acc-test-icy-faint-grapefruit","network":{"id":"netw_gVRkZdSKczfNg34P","name":"Public
      Network"},"mac_address":"3a:67:9d:c6:69:53","state":"attached","ip_addresses":[{"id":"ip_lMARBMFBAmCoffcW","address":"185.199.222.238"}],"speed_profile":{"id":"nsp_FKZSFo5xhn9Pfr79","name":"10Gbps","permalink":"10gbps"}}}'
    headers:
      Access-Control-Allow-Methods:
      - '*'
      Access-Control-Allow-Origin:
      - '*'
      Cache-Control:
      - max-age=0, private, must-revalidate
      Content-Length:
      - "493"
      Content-Type:
      - application/json
      Date:
      - Fri, 10 Feb 2023 12:15:24 GMT
      Etag:
      - W/"874d8919d697aa15cd1aac90773046d8"
      Server:
      - Caddy
      Strict-Transport-Security:
      - max-age=63072000; includeSubDomains
      X-Ratelimit-Permitted:
      - "1000"
      X-Ratelimit-Remaining:
      - "890"
      X-Request-Id:
      - d14377a3-4883-4d42-9925-b365fa01b68c
    status: 200 OK
    code: 200
    duration: ""
- request:
    body: ""
    form: {}
    headers:
      Accept:
      - application/json
      User-Agent:
      - Terraform/ (+https://www.terraform.io) Terraform-Plugin-SDK/2.10.1 terraform-provider-katapult/0.0.999
    url: https://api.katapult.io/core/v1/virtual_machines/_?virtual_machine%5Bid%5D=vm_dm2CRkhUR4EhLHOA
    method: GET
  response:
    body: '{"virtual_machine":{"id":"vm_dm2CRkhUR4EhLHOA","name":"tf-acc-test-icy-faint-grapefruit","hostname":"tf-acc-test-icy-faint-grapefruit","fqdn":"tf-acc-test-icy-faint-grapefruit.terraform-acc-test.katapult.cloud","description":null,"created_at":1676031305,"initial_root_password":"ZemP2XH25YIlV7ug","state":"started","zone":{"id":"zone_7Uuz6wzE17ZShh8f","name":"LON-1","permalink":"lon-zone-1","data_center":{"id":"loc_UUhPmoCbpic6UX0Y","name":"London","permalink":"uk-lon-01","country":{"id":"ctry_6AO9tYYugvTGnd5b","name":"United
      Kingdom","iso_code2":"GB","iso_code3":"GBR","time_zone":"Europe/London","eu":false}}},"organization":{"id":"org_eodfyqFF3YWb2OFC","name":"terraform-acc-test","sub_domain":"terraform-acc-test","infrastructure_domain":"terraform-acc-test.katapult.cloud","created_at":1605785692,"suspended":false,"managed":false,"billing_name":"terraform-acc-test","address1":"42
      Barren Fields","address2":"Oxygen Farm","address3":"Seed Colony 1","address4":"Landing
      Site","postcode":"ZZ9 1LS","vat_number":null,"currency":{"id":"cur_zShCGgjgBz4EbnX1","name":"British
      Pound","iso_code":"GBP","symbol":"£"},"country":{"id":"ctry_6AO9tYYugvTGnd5b","name":"United
      Kingdom","iso_code2":"GB","iso_code3":"GBR","time_zone":"Europe/London","eu":false},"country_state":null},"group":null,"package":{"id":"vmpkg_Eh5LYVKScVHpj7sM","name":"ROCK-3","permalink":"rock-3","cpu_cores":1,"ipv4_addresses":1,"memory_in_gb":3,"storage_in_gb":25,"privacy":"public","icon":null},"attached_iso":null,"memory_in_gb":3,"cpu_cores":1,"tags":[],"tag_names":[],"ip_addresses":[{"id":"ip_lMARBMFBAmCoffcW","address":"185.199.222.238","reverse_dns":"tf-acc-test-icy-faint-grapefruit.terraform-acc-test.katapult.cloud","vip":false,"label":null,"address_with_mask":"185.199.222.238/24","network":{"id":"netw_gVRkZdSKczfNg34P","name":"Public
      Network","permalink":"uk-lon-01-public","data_center":{"id":"loc_UUhPmoCbpic6UX0Y","name":"London","permalink":"uk-lon-01","country":{"id":"ctry_6AO9tYYugvTGnd5b","name":"United
      Kingdom","iso_code2":"GB","iso_code3":"GBR","time_zone":"Europe/London","eu":false}}},"allocation_id":"vm_dm2CRkhUR4EhLHOA","allocation_type":"VirtualMachine"}]}}'
    headers:
      Access-Control-Allow-Methods:
      - '*'
      Access-Control-Allow-Origin:
      - '*'
      Cache-Control:
      - max-age=0, private, must-revalidate
      Content-Length:
      - "2163"
      Content-Type:
      - application/json
      Date:
      - Fri, 10 Feb 2023 12:15:24 GMT
      Etag:
      - W/"7055e7939d07b156e2917b2916abbc5d"
      Server:
      - Caddy
      Strict-Transport-Security:
      - max-age=63072000; includeSubDomains
      X-Ratelimit-Permitted:
      - "1000"
      X-Ratelimit-Remaining:
      - "889"
      X-Request-Id:
      - 15dffc00-f244-4e6e-9a96-5c6af2c78e90
    status: 200 OK
    code: 200
    duration: ""
- request:
    body: ""
    form: {}
    headers:
      Accept:
      - application/json
      User-Agent:
      - Terraform/1.3.4 (+https://www.terraform.io) Terraform-Plugin-SDK/2.10.1 terraform-provider-katapult/0.0.999
    url: https://api.katapult.io/core/v1/ip_addresses/_?ip_address%5Bid%5D=ip_lMARBMFBAmCoffcW
    method: GET
  response:
    body: '{"ip_address":{"id":"ip_lMARBMFBAmCoffcW","address":"185.199.222.238","reverse_dns":"tf-acc-test-icy-faint-grapefruit.terraform-acc-test.katapult.cloud","vip":false,"label":null,"address_with_mask":"185.199.222.238/24","network":{"id":"netw_gVRkZdSKczfNg34P","name":"Public
      Network","permalink":"uk-lon-01-public","data_center":{"id":"loc_UUhPmoCbpic6UX0Y","name":"London","permalink":"uk-lon-01","country":{"id":"ctry_6AO9tYYugvTGnd5b","name":"United
      Kingdom","iso_code2":"GB","iso_code3":"GBR","time_zone":"Europe/London","eu":false}}},"allocation_id":"vm_dm2CRkhUR4EhLHOA","allocation_type":"VirtualMachine"},"allocation":{"type":"VirtualMachine","value":{"id":"vm_dm2CRkhUR4EhLHOA","name":"tf-acc-test-icy-faint-grapefruit"}}}'
    headers:
      Access-Control-Allow-Methods:
      - '*'
      Access-Control-Allow-Origin:
      - '*'
      Cache-Control:
      - max-age=0, private, must-revalidate
      Content-Length:
      - "730"
      Content-Type:
      - application/json
      Date:
      - Fri, 10 Feb 2023 12:15:24 GMT
      Etag:
      - W/"a186ba5c30a74340ac9f6fd7ca00e9fa"
      Server:
      - Caddy
      Strict-Transport-Security:
      - max-age=63072000; includeSubDomains
      X-Ratelimit-Permitted:
      - "1000"
      X-Ratelimit-Remaining:
      - "888"
      X-Request-Id:
      - 4cd9ea02-cc19-419b-9de3-a5992256b0e3
    status: 200 OK
    code: 200
    duration: ""
- request:
    body: ""
    form: {}
    headers:
      Accept:
      - application/json
      User-Agent:
      - Terraform/1.3.4 (+https://www.terraform.io) Terraform-Plugin-SDK/2.10.1 terraform-provider-katapult/0.0.999
    url: https://api.katapult.io/core/v1/virtual_machines/_?virtual_machine%5Bid%5D=vm_dm2CRkhUR4EhLHOA
    method: GET
  response:
    body: '{"virtual_machine":{"id":"vm_dm2CRkhUR4EhLHOA","name":"tf-acc-test-icy-faint-grapefruit","hostname":"tf-acc-test-icy-faint-grapefruit","fqdn":"tf-acc-test-icy-faint-grapefruit.terraform-acc-test.katapult.cloud","description":null,"created_at":1676031305,"initial_root_password":"ZemP2XH25YIlV7ug","state":"started","zone":{"id":"zone_7Uuz6wzE17ZShh8f","name":"LON-1","permalink":"lon-zone-1","data_center":{"id":"loc_UUhPmoCbpic6UX0Y","name":"London","permalink":"uk-lon-01","country":{"id":"ctry_6AO9tYYugvTGnd5b","name":"United
      Kingdom","iso_code2":"GB","iso_code3":"GBR","time_zone":"Europe/London","eu":false}}},"organization":{"id":"org_eodfyqFF3YWb2OFC","name":"terraform-acc-test","sub_domain":"terraform-acc-test","infrastructure_domain":"terraform-acc-test.katapult.cloud","created_at":1605785692,"suspended":false,"managed":false,"billing_name":"terraform-acc-test","address1":"42
      Barren Fields","address2":"Oxygen Farm","address3":"Seed Colony 1","address4":"Landing
      Site","postcode":"ZZ9 1LS","vat_number":null,"currency":{"id":"cur_zShCGgjgBz4EbnX1","name":"British
      Pound","iso_code":"GBP","symbol":"£"},"country":{"id":"ctry_6AO9tYYugvTGnd5b","name":"United
      Kingdom","iso_code2":"GB","iso_code3":"GBR","time_zone":"Europe/London","eu":false},"country_state":null},"group":null,"package":{"id":"vmpkg_Eh5LYVKScVHpj7sM","name":"ROCK-3","permalink":"rock-3","cpu_cores":1,"ipv4_addresses":1,"memory_in_gb":3,"storage_in_gb":25,"privacy":"public","icon":null},"attached_iso":null,"memory_in_gb":3,"cpu_cores":1,"tags":[],"tag_names":[],"ip_addresses":[{"id":"ip_lMARBMFBAmCoffcW","address":"185.199.222.238","reverse_dns":"tf-acc-test-icy-faint-grapefruit.terraform-acc-test.katapult.cloud","vip":false,"label":null,"address_with_mask":"185.199.222.238/24","network":{"id":"netw_gVRkZdSKczfNg34P","name":"Public
      Network","permalink":"uk-lon-01-public","data_center":{"id":"loc_UUhPmoCbpic6UX0Y","name":"London","permalink":"uk-lon-01","country":{"id":"ctry_6AO9tYYugvTGnd5b","name":"United
      Kingdom","iso_code2":"GB","iso_code3":"GBR","time_zone":"Europe/London","eu":false}}},"allocation_id":"vm_dm2CRkhUR4EhLHOA","allocation_type":"VirtualMachine"}]}}'
    headers:
      Access-Control-Allow-Methods:
      - '*'
      Access-Control-Allow-Origin:
      - '*'
      Cache-Control:
      - max-age=0, private, must-revalidate
      Content-Length:
      - "2163"
      Content-Type:
      - application/json
      Date:
      - Fri, 10 Feb 2023 12:15:24 GMT
      Etag:
      - W/"7055e7939d07b156e2917b2916abbc5d"
      Server:
      - Caddy
      Strict-Transport-Security:
      - max-age=63072000; includeSubDomains
      X-Ratelimit-Permitted:
      - "1000"
      X-Ratelimit-Remaining:
      - "887"
      X-Request-Id:
      - 968bc45e-5775-4878-88f9-3446296a8040
    status: 200 OK
    code: 200
    duration: ""
- request:
    body: ""
    form: {}
    headers:
      Accept:
      - application/json
      User-Agent:
      - Terraform/1.3.4 (+https://www.terraform.io) Terraform-Plugin-SDK/2.10.1 terraform-provider-katapult/0.0.999
    url: https://api.katapult.io/core/v1/virtual_machines/_/network_interfaces?page=1&per_page=1&virtual_machine%5Bid%5D=vm_dm2CRkhUR4EhLHOA
    method: GET
  response:
    body: '{"pagination":{"current_page":1,"total_pages":1,"total":1,"per_page":1,"large_set":false},"virtual_machine_network_interfaces":[{"id":"vmnet_pxdYX08ryS3SNDpB","name":"Public
      Network on tf-acc-test-icy-faint-grapefruit","network":{"id":"netw_gVRkZdSKczfNg34P","name":"Public
      Network"},"ip_addresses":[{"id":"ip_lMARBMFBAmCoffcW","address":"185.199.222.238"}]}]}'
    headers:
      Access-Control-Allow-Methods:
      - '*'
      Access-Control-Allow-Origin:
      - '*'
      Cache-Control:
      - max-age=0, private, must-revalidate
      Content-Length:
      - "360"
      Content-Type:
      - application/json
      Date:
      - Fri, 10 Feb 2023 12:15:24 GMT
      Etag:
      - W/"cab5847c6592323fc099a7927e8ee4e5"
      Server:
      - Caddy
      Strict-Transport-Security:
      - max-age=63072000; includeSubDomains
      X-Ratelimit-Permitted:
      - "1000"
      X-Ratelimit-Remaining:
      - "886"
      X-Request-Id:
      - ca45f43b-844f-4057-b7c9-4b02a675b343
    status: 200 OK
    code: 200
    duration: ""
- request:
    body: ""
    form: {}
    headers:
      Accept:
      - application/json
      User-Agent:
      - Terraform/1.3.4 (+https://www.terraform.io) Terraform-Plugin-SDK/2.10.1 terraform-provider-katapult/0.0.999
    url: https://api.katapult.io/core/v1/virtual_machine_network_interfaces/_?virtual_machine_network_interface%5Bid%5D=vmnet_pxdYX08ryS3SNDpB
    method: GET
  response:
    body: '{"virtual_machine_network_interface":{"id":"vmnet_pxdYX08ryS3SNDpB","virtual_machine":{"id":"vm_dm2CRkhUR4EhLHOA","name":"tf-acc-test-icy-faint-grapefruit"},"name":"Public
      Network on tf-acc-test-icy-faint-grapefruit","network":{"id":"netw_gVRkZdSKczfNg34P","name":"Public
      Network"},"mac_address":"3a:67:9d:c6:69:53","state":"attached","ip_addresses":[{"id":"ip_lMARBMFBAmCoffcW","address":"185.199.222.238"}],"speed_profile":{"id":"nsp_FKZSFo5xhn9Pfr79","name":"10Gbps","permalink":"10gbps"}}}'
    headers:
      Access-Control-Allow-Methods:
      - '*'
      Access-Control-Allow-Origin:
      - '*'
      Cache-Control:
      - max-age=0, private, must-revalidate
      Content-Length:
      - "493"
      Content-Type:
      - application/json
      Date:
      - Fri, 10 Feb 2023 12:15:24 GMT
      Etag:
      - W/"874d8919d697aa15cd1aac90773046d8"
      Server:
      - Caddy
      Strict-Transport-Security:
      - max-age=63072000; includeSubDomains
      X-Ratelimit-Permitted:
      - "1000"
      X-Ratelimit-Remaining:
      - "885"
      X-Request-Id:
      - d7a3554c-535f-4949-9845-07955f0048af
    status: 200 OK
    code: 200
    duration: ""
- request:
    body: ""
    form: {}
    headers:
      Accept:
      - application/json
      User-Agent:
      - Terraform/1.3.4 (+https://www.terraform.io) Terraform-Plugin-SDK/2.10.1 terraform-provider-katapult/0.0.999
    url: https://api.katapult.io/core/v1/virtual_machines/_?virtual_machine%5Bid%5D=vm_dm2CRkhUR4EhLHOA
    method: GET
  response:
    body: '{"virtual_machine":{"id":"vm_dm2CRkhUR4EhLHOA","name":"tf-acc-test-icy-faint-grapefruit","hostname":"tf-acc-test-icy-faint-grapefruit","fqdn":"tf-acc-test-icy-faint-grapefruit.terraform-acc-test.katapult.cloud","description":null,"created_at":1676031305,"initial_root_password":"ZemP2XH25YIlV7ug","state":"started","zone":{"id":"zone_7Uuz6wzE17ZShh8f","name":"LON-1","permalink":"lon-zone-1","data_center":{"id":"loc_UUhPmoCbpic6UX0Y","name":"London","permalink":"uk-lon-01","country":{"id":"ctry_6AO9tYYugvTGnd5b","name":"United
      Kingdom","iso_code2":"GB","iso_code3":"GBR","time_zone":"Europe/London","eu":false}}},"organization":{"id":"org_eodfyqFF3YWb2OFC","name":"terraform-acc-test","sub_domain":"terraform-acc-test","infrastructure_domain":"terraform-acc-test.katapult.cloud","created_at":1605785692,"suspended":false,"managed":false,"billing_name":"terraform-acc-test","address1":"42
      Barren Fields","address2":"Oxygen Farm","address3":"Seed Colony 1","address4":"Landing
      Site","postcode":"ZZ9 1LS","vat_number":null,"currency":{"id":"cur_zShCGgjgBz4EbnX1","name":"British
      Pound","iso_code":"GBP","symbol":"£"},"country":{"id":"ctry_6AO9tYYugvTGnd5b","name":"United
      Kingdom","iso_code2":"GB","iso_code3":"GBR","time_zone":"Europe/London","eu":false},"country_state":null},"group":null,"package":{"id":"vmpkg_Eh5LYVKScVHpj7sM","name":"ROCK-3","permalink":"rock-3","cpu_cores":1,"ipv4_addresses":1,"memory_in_gb":3,"storage_in_gb":25,"privacy":"public","icon":null},"attached_iso":null,"memory_in_gb":3,"cpu_cores":1,"tags":[],"tag_names":[],"ip_addresses":[{"id":"ip_lMARBMFBAmCoffcW","address":"185.199.222.238","reverse_dns":"tf-acc-test-icy-faint-grapefruit.terraform-acc-test.katapult.cloud","vip":false,"label":null,"address_with_mask":"185.199.222.238/24","network":{"id":"netw_gVRkZdSKczfNg34P","name":"Public
      Network","permalink":"uk-lon-01-public","data_center":{"id":"loc_UUhPmoCbpic6UX0Y","name":"London","permalink":"uk-lon-01","country":{"id":"ctry_6AO9tYYugvTGnd5b","name":"United
      Kingdom","iso_code2":"GB","iso_code3":"GBR","time_zone":"Europe/London","eu":false}}},"allocation_id":"vm_dm2CRkhUR4EhLHOA","allocation_type":"VirtualMachine"}]}}'
    headers:
      Access-Control-Allow-Methods:
      - '*'
      Access-Control-Allow-Origin:
      - '*'
      Cache-Control:
      - max-age=0, private, must-revalidate
      Content-Length:
      - "2163"
      Content-Type:
      - application/json
      Date:
      - Fri, 10 Feb 2023 12:15:24 GMT
      Etag:
      - W/"7055e7939d07b156e2917b2916abbc5d"
      Server:
      - Caddy
      Strict-Transport-Security:
      - max-age=63072000; includeSubDomains
      X-Ratelimit-Permitted:
      - "1000"
      X-Ratelimit-Remaining:
      - "884"
      X-Request-Id:
      - 8376f56a-b02b-42b7-b27e-d184afeb88eb
    status: 200 OK
    code: 200
    duration: ""
- request:
    body: ""
    form: {}
    headers:
      Accept:
      - application/json
      User-Agent:
      - Terraform/1.3.4 (+https://www.terraform.io) Terraform-Plugin-SDK/2.10.1 terraform-provider-katapult/0.0.999
    url: https://api.katapult.io/core/v1/virtual_machines/_/stop?virtual_machine%5Bid%5D=vm_dm2CRkhUR4EhLHOA
    method: POST
  response:
    body: '{"task":{"id":"task_6MOzH19IjoOB3Jau","name":"Stop virtual machine","status":"pending"}}'
    headers:
      Access-Control-Allow-Methods:
      - '*'
      Access-Control-Allow-Origin:
      - '*'
      Cache-Control:
      - max-age=0, private, must-revalidate
      Content-Length:
      - "88"
      Content-Type:
      - application/json
      Date:
      - Fri, 10 Feb 2023 12:15:24 GMT
      Etag:
      - W/"d34fc79c224df8298707779f08a99197"
      Server:
      - Caddy
      Strict-Transport-Security:
      - max-age=63072000; includeSubDomains
      X-Ratelimit-Permitted:
      - "1000"
      X-Ratelimit-Remaining:
      - "883"
      X-Request-Id:
      - d9f5d54b-4fc0-41bb-b0e8-a80bba9852f4
    status: 200 OK
    code: 200
    duration: ""
- request:
    body: ""
    form: {}
    headers:
      Accept:
      - application/json
      User-Agent:
      - Terraform/1.3.4 (+https://www.terraform.io) Terraform-Plugin-SDK/2.10.1 terraform-provider-katapult/0.0.999
    url: https://api.katapult.io/core/v1/tasks/task_6MOzH19IjoOB3Jau
    method: GET
  response:
    body: '{"task":{"id":"task_6MOzH19IjoOB3Jau","name":"Stop virtual machine","status":"pending","created_at":1676031324,"started_at":null,"finished_at":null,"progress":0}}'
    headers:
      Access-Control-Allow-Methods:
      - '*'
      Access-Control-Allow-Origin:
      - '*'
      Cache-Control:
      - max-age=0, private, must-revalidate
      Content-Length:
      - "162"
      Content-Type:
      - application/json
      Date:
      - Fri, 10 Feb 2023 12:15:25 GMT
      Etag:
      - W/"28886cc1ba67bd4bfec94f267bf0d17f"
      Server:
      - Caddy
      Strict-Transport-Security:
      - max-age=63072000; includeSubDomains
      X-Ratelimit-Permitted:
      - "1000"
      X-Ratelimit-Remaining:
      - "882"
      X-Request-Id:
      - b2f1ee25-8a45-401a-8f9c-c5c93d64833b
    status: 200 OK
    code: 200
    duration: ""
- request:
    body: ""
    form: {}
    headers:
      Accept:
      - application/json
      User-Agent:
      - Terraform/1.3.4 (+https://www.terraform.io) Terraform-Plugin-SDK/2.10.1 terraform-provider-katapult/0.0.999
    url: https://api.katapult.io/core/v1/tasks/task_6MOzH19IjoOB3Jau
    method: GET
  response:
    body: '{"task":{"id":"task_6MOzH19IjoOB3Jau","name":"Stop virtual machine","status":"pending","created_at":1676031324,"started_at":null,"finished_at":null,"progress":0}}'
    headers:
      Access-Control-Allow-Methods:
      - '*'
      Access-Control-Allow-Origin:
      - '*'
      Cache-Control:
      - max-age=0, private, must-revalidate
      Content-Length:
      - "162"
      Content-Type:
      - application/json
      Date:
      - Fri, 10 Feb 2023 12:15:30 GMT
      Etag:
      - W/"28886cc1ba67bd4bfec94f267bf0d17f"
      Server:
      - Caddy
      Strict-Transport-Security:
      - max-age=63072000; includeSubDomains
      X-Ratelimit-Permitted:
      - "1000"
      X-Ratelimit-Remaining:
      - "845"
      X-Request-Id:
      - ab65d100-b101-4ce9-8fa4-422aebdea426
    status: 200 OK
    code: 200
    duration: ""
- request:
    body: ""
    form: {}
    headers:
      Accept:
      - application/json
      User-Agent:
      - Terraform/1.3.4 (+https://www.terraform.io) Terraform-Plugin-SDK/2.10.1 terraform-provider-katapult/0.0.999
    url: https://api.katapult.io/core/v1/tasks/task_6MOzH19IjoOB3Jau
    method: GET
  response:
    body: '{"task":{"id":"task_6MOzH19IjoOB3Jau","name":"Stop virtual machine","status":"running","created_at":1676031324,"started_at":1676031339,"finished_at":null,"progress":100}}'
    headers:
      Access-Control-Allow-Methods:
      - '*'
      Access-Control-Allow-Origin:
      - '*'
      Cache-Control:
      - max-age=0, private, must-revalidate
      Content-Length:
      - "170"
      Content-Type:
      - application/json
      Date:
      - Fri, 10 Feb 2023 12:15:40 GMT
      Etag:
      - W/"bd40d3f0ef77ec98929becb9311d298e"
      Server:
      - Caddy
      Strict-Transport-Security:
      - max-age=63072000; includeSubDomains
      X-Ratelimit-Permitted:
      - "1000"
      X-Ratelimit-Remaining:
      - "824"
      X-Request-Id:
      - edc5b6a7-061a-4310-940a-a39e7f2439e5
    status: 200 OK
    code: 200
    duration: ""
- request:
    body: ""
    form: {}
    headers:
      Accept:
      - application/json
      User-Agent:
      - Terraform/1.3.4 (+https://www.terraform.io) Terraform-Plugin-SDK/2.10.1 terraform-provider-katapult/0.0.999
    url: https://api.katapult.io/core/v1/tasks/task_6MOzH19IjoOB3Jau
    method: GET
  response:
    body: '{"task":{"id":"task_6MOzH19IjoOB3Jau","name":"Stop virtual machine","status":"completed","created_at":1676031324,"started_at":1676031339,"finished_at":1676031342,"progress":100}}'
    headers:
      Access-Control-Allow-Methods:
      - '*'
      Access-Control-Allow-Origin:
      - '*'
      Cache-Control:
      - max-age=0, private, must-revalidate
      Content-Length:
      - "178"
      Content-Type:
      - application/json
      Date:
      - Fri, 10 Feb 2023 12:15:50 GMT
      Etag:
      - W/"f97147927cae12fc32cca0103bf88ea2"
      Server:
      - Caddy
      Strict-Transport-Security:
      - max-age=63072000; includeSubDomains
      X-Ratelimit-Permitted:
      - "1000"
      X-Ratelimit-Remaining:
      - "821"
      X-Request-Id:
      - c7feacc1-84b4-4b2f-8093-990d65036b3d
    status: 200 OK
    code: 200
    duration: ""
- request:
    body: ""
    form: {}
    headers:
      Accept:
      - application/json
      User-Agent:
      - Terraform/1.3.4 (+https://www.terraform.io) Terraform-Plugin-SDK/2.10.1 terraform-provider-katapult/0.0.999
    url: https://api.katapult.io/core/v1/virtual_machines/_?virtual_machine%5Bid%5D=vm_dm2CRkhUR4EhLHOA
    method: DELETE
  response:
    body: '{"trash_object":{"id":"trsh_ugnqJcOUUnVgPR89","keep_until":1676204151,"object_id":"vm_dm2CRkhUR4EhLHOA","object_type":"VirtualMachine"},"virtual_machine":{"id":"vm_dm2CRkhUR4EhLHOA","name":"tf-acc-test-icy-faint-grapefruit","hostname":"tf-acc-test-icy-faint-grapefruit","fqdn":"tf-acc-test-icy-faint-grapefruit.terraform-acc-test.katapult.cloud","description":null,"created_at":1676031305,"initial_root_password":"ZemP2XH25YIlV7ug","state":"stopped","zone":{"id":"zone_7Uuz6wzE17ZShh8f","name":"LON-1","permalink":"lon-zone-1","data_center":{"id":"loc_UUhPmoCbpic6UX0Y","name":"London","permalink":"uk-lon-01","country":{"id":"ctry_6AO9tYYugvTGnd5b","name":"United
      Kingdom","iso_code2":"GB","iso_code3":"GBR","time_zone":"Europe/London","eu":false}}},"organization":{"id":"org_eodfyqFF3YWb2OFC","name":"terraform-acc-test","sub_domain":"terraform-acc-test","infrastructure_domain":"terraform-acc-test.katapult.cloud","created_at":1605785692,"suspended":false,"managed":false,"billing_name":"terraform-acc-test","address1":"42
      Barren Fields","address2":"Oxygen Farm","address3":"Seed Colony 1","address4":"Landing
      Site","postcode":"ZZ9 1LS","vat_number":null,"currency":{"id":"cur_zShCGgjgBz4EbnX1","name":"British
      Pound","iso_code":"GBP","symbol":"£"},"country":{"id":"ctry_6AO9tYYugvTGnd5b","name":"United
      Kingdom","iso_code2":"GB","iso_code3":"GBR","time_zone":"Europe/London","eu":false},"country_state":null},"group":null,"package":{"id":"vmpkg_Eh5LYVKScVHpj7sM","name":"ROCK-3","permalink":"rock-3","cpu_cores":1,"ipv4_addresses":1,"memory_in_gb":3,"storage_in_gb":25,"privacy":"public","icon":null},"attached_iso":null,"memory_in_gb":3,"cpu_cores":1,"tags":[],"tag_names":[],"ip_addresses":[{"id":"ip_lMARBMFBAmCoffcW","address":"185.199.222.238","reverse_dns":"tf-acc-test-icy-faint-grapefruit.terraform-acc-test.katapult.cloud","vip":false,"label":null,"address_with_mask":"185.199.222.238/24","network":{"id":"netw_gVRkZdSKczfNg34P","name":"Public
      Network","permalink":"uk-lon-01-public","data_center":{"id":"loc_UUhPmoCbpic6UX0Y","name":"London","permalink":"uk-lon-01","country":{"id":"ctry_6AO9tYYugvTGnd5b","name":"United
      Kingdom","iso_code2":"GB","iso_code3":"GBR","time_zone":"Europe/London","eu":false}}},"allocation_id":"vm_dm2CRkhUR4EhLHOA","allocation_type":"VirtualMachine"}]}}'
    headers:
      Access-Control-Allow-Methods:
      - '*'
      Access-Control-Allow-Origin:
      - '*'
      Cache-Control:
      - max-age=0, private, must-revalidate
      Content-Length:
      - "2298"
      Content-Type:
      - application/json
      Date:
      - Fri, 10 Feb 2023 12:15:51 GMT
      Etag:
      - W/"4e97df5b883b14f3339720710d789cd5"
      Server:
      - Caddy
      Strict-Transport-Security:
      - max-age=63072000; includeSubDomains
      X-Ratelimit-Permitted:
      - "1000"
      X-Ratelimit-Remaining:
      - "820"
      X-Request-Id:
      - 83f54555-f07f-41bb-a8da-10c67571224c
    status: 200 OK
    code: 200
    duration: ""
- request:
    body: ""
    form: {}
    headers:
      Accept:
      - application/json
      User-Agent:
      - Terraform/1.3.4 (+https://www.terraform.io) Terraform-Plugin-SDK/2.10.1 terraform-provider-katapult/0.0.999
    url: https://api.katapult.io/core/v1/ip_addresses/_/unallocate?ip_address%5Bid%5D=ip_lMARBMFBAmCoffcW
    method: POST
  response:
    body: '{}'
    headers:
      Access-Control-Allow-Methods:
      - '*'
      Access-Control-Allow-Origin:
      - '*'
      Cache-Control:
      - max-age=0, private, must-revalidate
      Content-Length:
      - "2"
      Content-Type:
      - application/json
      Date:
      - Fri, 10 Feb 2023 12:15:51 GMT
      Etag:
      - W/"44136fa355b3678a1146ad16f7e8649e"
      Server:
      - Caddy
      Strict-Transport-Security:
      - max-age=63072000; includeSubDomains
      X-Ratelimit-Permitted:
      - "1000"
      X-Ratelimit-Remaining:
      - "819"
      X-Request-Id:
      - c568a333-6d8e-492d-915e-431717d671bd
    status: 200 OK
    code: 200
    duration: ""
- request:
    body: ""
    form: {}
    headers:
      Accept:
      - application/json
      User-Agent:
      - Terraform/1.3.4 (+https://www.terraform.io) Terraform-Plugin-SDK/2.10.1 terraform-provider-katapult/0.0.999
    url: https://api.katapult.io/core/v1/trash_objects/_?trash_object%5Bid%5D=trsh_ugnqJcOUUnVgPR89
    method: DELETE
  response:
    body: '{"task":{"id":"task_3xIT6jzHBCTywj7n","name":"Purge items from trash","status":"pending","created_at":1676031351,"started_at":null,"finished_at":null,"progress":0}}'
    headers:
      Access-Control-Allow-Methods:
      - '*'
      Access-Control-Allow-Origin:
      - '*'
      Cache-Control:
      - max-age=0, private, must-revalidate
      Content-Length:
      - "164"
      Content-Type:
      - application/json
      Date:
      - Fri, 10 Feb 2023 12:15:51 GMT
      Etag:
      - W/"e94a95ac2b6bb8c47dea66f23af0d0fc"
      Server:
      - Caddy
      Strict-Transport-Security:
      - max-age=63072000; includeSubDomains
      X-Ratelimit-Permitted:
      - "1000"
      X-Ratelimit-Remaining:
      - "818"
      X-Request-Id:
      - 8f12edb6-96be-482f-bd86-87e8eb5142e8
    status: 200 OK
    code: 200
    duration: ""
- request:
    body: ""
    form: {}
    headers:
      Accept:
      - application/json
      User-Agent:
      - Terraform/1.3.4 (+https://www.terraform.io) Terraform-Plugin-SDK/2.10.1 terraform-provider-katapult/0.0.999
    url: https://api.katapult.io/core/v1/tasks/task_3xIT6jzHBCTywj7n
    method: GET
  response:
    body: '{"task":{"id":"task_3xIT6jzHBCTywj7n","name":"Purge items from trash","status":"running","created_at":1676031351,"started_at":1676031352,"finished_at":null,"progress":5}}'
    headers:
      Access-Control-Allow-Methods:
      - '*'
      Access-Control-Allow-Origin:
      - '*'
      Cache-Control:
      - max-age=0, private, must-revalidate
      Content-Length:
      - "170"
      Content-Type:
      - application/json
      Date:
      - Fri, 10 Feb 2023 12:15:52 GMT
      Etag:
      - W/"36adfe3fd803c83dabf402ecda67e1b0"
      Server:
      - Caddy
      Strict-Transport-Security:
      - max-age=63072000; includeSubDomains
      X-Ratelimit-Permitted:
      - "1000"
      X-Ratelimit-Remaining:
      - "817"
      X-Request-Id:
      - e4cf17d9-6fde-4a43-bd84-8d17ec7e3268
    status: 200 OK
    code: 200
    duration: ""
- request:
    body: ""
    form: {}
    headers:
      Accept:
      - application/json
      User-Agent:
      - Terraform/1.3.4 (+https://www.terraform.io) Terraform-Plugin-SDK/2.10.1 terraform-provider-katapult/0.0.999
    url: https://api.katapult.io/core/v1/tasks/task_3xIT6jzHBCTywj7n
    method: GET
  response:
    body: '{"task":{"id":"task_3xIT6jzHBCTywj7n","name":"Purge items from trash","status":"completed","created_at":1676031351,"started_at":1676031352,"finished_at":1676031354,"progress":100}}'
    headers:
      Access-Control-Allow-Methods:
      - '*'
      Access-Control-Allow-Origin:
      - '*'
      Cache-Control:
      - max-age=0, private, must-revalidate
      Content-Length:
      - "180"
      Content-Type:
      - application/json
      Date:
      - Fri, 10 Feb 2023 12:15:57 GMT
      Etag:
      - W/"8ef4fc8cf7e8c0410e7cedca8529d912"
      Server:
      - Caddy
      Strict-Transport-Security:
      - max-age=63072000; includeSubDomains
      X-Ratelimit-Permitted:
      - "1000"
      X-Ratelimit-Remaining:
      - "812"
      X-Request-Id:
      - ee7ed299-e6a8-4e4e-b217-59025fb5d3a6
    status: 200 OK
    code: 200
    duration: ""
- request:
    body: ""
    form: {}
    headers:
      Accept:
      - application/json
      User-Agent:
      - Terraform/1.3.4 (+https://www.terraform.io) Terraform-Plugin-SDK/2.10.1 terraform-provider-katapult/0.0.999
    url: https://api.katapult.io/core/v1/ip_addresses/_?ip_address%5Bid%5D=ip_lMARBMFBAmCoffcW
    method: DELETE
  response:
    body: '{}'
    headers:
      Access-Control-Allow-Methods:
      - '*'
      Access-Control-Allow-Origin:
      - '*'
      Cache-Control:
      - max-age=0, private, must-revalidate
      Content-Length:
      - "2"
      Content-Type:
      - application/json
      Date:
      - Fri, 10 Feb 2023 12:15:57 GMT
      Etag:
      - W/"44136fa355b3678a1146ad16f7e8649e"
      Server:
      - Caddy
      Strict-Transport-Security:
      - max-age=63072000; includeSubDomains
      X-Ratelimit-Permitted:
      - "1000"
      X-Ratelimit-Remaining:
      - "811"
      X-Request-Id:
      - 74da1351-8c1f-4730-8c30-932fd266b138
    status: 200 OK
    code: 200
    duration: ""
- request:
    body: ""
    form: {}
    headers:
      Accept:
      - application/json
      User-Agent:
      - Terraform/ (+https://www.terraform.io) Terraform-Plugin-SDK/2.10.1 terraform-provider-katapult/0.0.999
    url: https://api.katapult.io/core/v1/virtual_machines/_?virtual_machine%5Bid%5D=vm_dm2CRkhUR4EhLHOA
    method: GET
  response:
    body: '{"error":{"code":"virtual_machine_not_found","description":"No virtual
      machine was found matching any of the criteria provided in the arguments","detail":{}}}'
    headers:
      Access-Control-Allow-Methods:
      - '*'
      Access-Control-Allow-Origin:
      - '*'
      Cache-Control:
      - no-cache
      Content-Length:
      - "158"
      Content-Type:
      - application/json
      Date:
      - Fri, 10 Feb 2023 12:15:57 GMT
      Server:
      - Caddy
      Strict-Transport-Security:
      - max-age=63072000; includeSubDomains
      X-Api-Schema:
      - json-error
      X-Ratelimit-Permitted:
      - "1000"
      X-Ratelimit-Remaining:
      - "810"
      X-Request-Id:
      - 24138bd8-eba2-494c-8048-d399aaab367e
    status: 404 Not Found
    code: 404
    duration: ""
- request:
    body: ""
    form: {}
    headers:
      Accept:
      - application/json
      User-Agent:
      - Terraform/ (+https://www.terraform.io) Terraform-Plugin-SDK/2.10.1 terraform-provider-katapult/0.0.999
    url: https://api.katapult.io/core/v1/ip_addresses/_?ip_address%5Bid%5D=ip_lMARBMFBAmCoffcW
    method: GET
  response:
    body: '{"error":{"code":"ip_address_not_found","description":"No IP addresses
      were found matching any of the criteria provided in the arguments","detail":{}}}'
    headers:
      Access-Control-Allow-Methods:
      - '*'
      Access-Control-Allow-Origin:
      - '*'
      Cache-Control:
      - no-cache
      Content-Length:
      - "151"
      Content-Type:
      - application/json
      Date:
      - Fri, 10 Feb 2023 12:15:57 GMT
      Server:
      - Caddy
      Strict-Transport-Security:
      - max-age=63072000; includeSubDomains
      X-Api-Schema:
      - json-error
      X-Ratelimit-Permitted:
      - "1000"
      X-Ratelimit-Remaining:
      - "809"
      X-Request-Id:
      - b12cc4b6-10c9-4f7b-a292-e2177960083f
    status: 404 Not Found
    code: 404
    duration: ""
