---
version: 1
interactions:
- request:
    body: ""
    form: {}
    headers:
      Accept:
      - application/json
      User-Agent:
      - Terraform/1.3.4 (+https://www.terraform.io) Terraform-Plugin-SDK/2.10.1 terraform-provider-katapult/0.0.999
    url: https://api.katapult.io/core/v1/data_centers/_/default_network?data_center%5Bpermalink%5D=uk-lon-01
    method: GET
  response:
    body: '{"network":{"id":"netw_gVRkZdSKczfNg34P","name":"Public Network","permalink":"uk-lon-01-public","data_center":{"id":"loc_UUhPmoCbpic6UX0Y","name":"London","permalink":"uk-lon-01"}}}'
    headers:
      Access-Control-Allow-Methods:
      - '*'
      Access-Control-Allow-Origin:
      - '*'
      Cache-Control:
      - max-age=0, private, must-revalidate
      Content-Length:
      - "181"
      Content-Type:
      - application/json
      Date:
      - Fri, 10 Feb 2023 12:14:31 GMT
      Etag:
      - W/"d60d47b2ba0b179327bb89a97b1c0e77"
      Server:
      - Caddy
      Strict-Transport-Security:
      - max-age=63072000; includeSubDomains
      X-Ratelimit-Permitted:
      - "1000"
      X-Ratelimit-Remaining:
      - "827"
      X-Request-Id:
      - 749e863c-7b91-4271-940d-f68dd87400d9
    status: 200 OK
    code: 200
    duration: ""
- request:
    body: |
      {"organization":{"sub_domain":"terraform-acc-test"},"network":{"id":"netw_gVRkZdSKczfNg34P"},"version":"ipv4"}
    form: {}
    headers:
      Accept:
      - application/json
      Content-Type:
      - application/json
      User-Agent:
      - Terraform/1.3.4 (+https://www.terraform.io) Terraform-Plugin-SDK/2.10.1 terraform-provider-katapult/0.0.999
    url: https://api.katapult.io/core/v1/organizations/_/ip_addresses
    method: POST
  response:
    body: '{"ip_address":{"id":"ip_3Mc6zF0VP1zK9Z7n","address":"185.199.222.21","reverse_dns":"185-199-222-21.rdns.katapult.cloud","vip":false,"label":null,"address_with_mask":"185.199.222.21/24","network":{"id":"netw_gVRkZdSKczfNg34P","name":"Public
      Network","permalink":"uk-lon-01-public","data_center":{"id":"loc_UUhPmoCbpic6UX0Y","name":"London","permalink":"uk-lon-01","country":{"id":"ctry_6AO9tYYugvTGnd5b","name":"United
      Kingdom","iso_code2":"GB","iso_code3":"GBR","time_zone":"Europe/London","eu":false}}},"allocation_id":null,"allocation_type":null}}'
    headers:
      Access-Control-Allow-Methods:
      - '*'
      Access-Control-Allow-Origin:
      - '*'
      Cache-Control:
      - max-age=0, private, must-revalidate
      Content-Length:
      - "549"
      Content-Type:
      - application/json
      Date:
      - Fri, 10 Feb 2023 12:14:31 GMT
      Etag:
      - W/"3800ced61b87a06fdc1ed4f888deb861"
      Server:
      - Caddy
      Strict-Transport-Security:
      - max-age=63072000; includeSubDomains
      X-Ratelimit-Permitted:
      - "1000"
      X-Ratelimit-Remaining:
      - "826"
      X-Request-Id:
      - 4f94651b-f52f-42e1-bccd-3fd62c6268b1
    status: 200 OK
    code: 200
    duration: ""
- request:
    body: ""
    form: {}
    headers:
      Accept:
      - application/json
      User-Agent:
      - Terraform/1.3.4 (+https://www.terraform.io) Terraform-Plugin-SDK/2.10.1 terraform-provider-katapult/0.0.999
    url: https://api.katapult.io/core/v1/ip_addresses/_?ip_address%5Bid%5D=ip_3Mc6zF0VP1zK9Z7n
    method: GET
  response:
    body: '{"ip_address":{"id":"ip_3Mc6zF0VP1zK9Z7n","address":"185.199.222.21","reverse_dns":"185-199-222-21.rdns.katapult.cloud","vip":false,"label":null,"address_with_mask":"185.199.222.21/24","network":{"id":"netw_gVRkZdSKczfNg34P","name":"Public
      Network","permalink":"uk-lon-01-public","data_center":{"id":"loc_UUhPmoCbpic6UX0Y","name":"London","permalink":"uk-lon-01","country":{"id":"ctry_6AO9tYYugvTGnd5b","name":"United
      Kingdom","iso_code2":"GB","iso_code3":"GBR","time_zone":"Europe/London","eu":false}}},"allocation_id":null,"allocation_type":null},"allocation":null}'
    headers:
      Access-Control-Allow-Methods:
      - '*'
      Access-Control-Allow-Origin:
      - '*'
      Cache-Control:
      - max-age=0, private, must-revalidate
      Content-Length:
      - "567"
      Content-Type:
      - application/json
      Date:
      - Fri, 10 Feb 2023 12:14:31 GMT
      Etag:
      - W/"d73e9de6162e4a6972c8f55598b5f968"
      Server:
      - Caddy
      Strict-Transport-Security:
      - max-age=63072000; includeSubDomains
      X-Ratelimit-Permitted:
      - "1000"
      X-Ratelimit-Remaining:
      - "825"
      X-Request-Id:
      - 72559db9-66f5-44f7-9955-4122df513cfa
    status: 200 OK
    code: 200
    duration: ""
- request:
    body: ""
    form: {}
    headers:
      Accept:
      - application/json
      User-Agent:
      - Terraform/1.3.4 (+https://www.terraform.io) Terraform-Plugin-SDK/2.10.1 terraform-provider-katapult/0.0.999
    url: https://api.katapult.io/core/v1/ip_addresses/_?ip_address%5Bid%5D=ip_3Mc6zF0VP1zK9Z7n
    method: GET
  response:
    body: '{"ip_address":{"id":"ip_3Mc6zF0VP1zK9Z7n","address":"185.199.222.21","reverse_dns":"185-199-222-21.rdns.katapult.cloud","vip":false,"label":null,"address_with_mask":"185.199.222.21/24","network":{"id":"netw_gVRkZdSKczfNg34P","name":"Public
      Network","permalink":"uk-lon-01-public","data_center":{"id":"loc_UUhPmoCbpic6UX0Y","name":"London","permalink":"uk-lon-01","country":{"id":"ctry_6AO9tYYugvTGnd5b","name":"United
      Kingdom","iso_code2":"GB","iso_code3":"GBR","time_zone":"Europe/London","eu":false}}},"allocation_id":null,"allocation_type":null},"allocation":null}'
    headers:
      Access-Control-Allow-Methods:
      - '*'
      Access-Control-Allow-Origin:
      - '*'
      Cache-Control:
      - max-age=0, private, must-revalidate
      Content-Length:
      - "567"
      Content-Type:
      - application/json
      Date:
      - Fri, 10 Feb 2023 12:14:31 GMT
      Etag:
      - W/"d73e9de6162e4a6972c8f55598b5f968"
      Server:
      - Caddy
      Strict-Transport-Security:
      - max-age=63072000; includeSubDomains
      X-Ratelimit-Permitted:
      - "1000"
      X-Ratelimit-Remaining:
      - "824"
      X-Request-Id:
      - fc7fa202-3454-4f1f-b585-8adb1d7386f4
    status: 200 OK
    code: 200
    duration: ""
- request:
    body: |
      {"organization":{"sub_domain":"terraform-acc-test"},"xml":"<?xml version=\"1.0\" encoding=\"UTF-8\"?>\n<VirtualMachineSpec><DataCenter by=\"permalink\">uk-lon-01</DataCenter><Resources><Package by=\"permalink\">rock-3</Package></Resources><DiskTemplate><DiskTemplate by=\"permalink\">templates/ubuntu-18-04</DiskTemplate><Option key=\"install_agent\">true</Option></DiskTemplate><NetworkInterfaces><NetworkInterface><Network>netw_gVRkZdSKczfNg34P</Network><SpeedProfile by=\"permalink\">1gbps</SpeedProfile><IPAddressAllocation type=\"existing\"><IPAddress>ip_3Mc6zF0VP1zK9Z7n</IPAddress></IPAddressAllocation></NetworkInterface></NetworkInterfaces><Hostname><Hostname>tf-acc-test-update-nopeoejp19qq-host</Hostname></Hostname><Name>tf-acc-test-update-nopeoejp19qq</Name><Description>A web server.</Description><AuthorizedKeys><Users all=\"yes\"></Users><SSHKeys all=\"yes\"></SSHKeys></AuthorizedKeys><Tags><Tag>web</Tag><Tag>public</Tag></Tags></VirtualMachineSpec>"}
    form: {}
    headers:
      Accept:
      - application/json
      Content-Type:
      - application/json
      User-Agent:
      - Terraform/1.3.4 (+https://www.terraform.io) Terraform-Plugin-SDK/2.10.1 terraform-provider-katapult/0.0.999
    url: https://api.katapult.io/core/v1/organizations/_/virtual_machines/build_from_spec
    method: POST
  response:
    body: '{"task":{"id":"task_ukkae6zqFe59keRE","name":"Build virtual machine","status":"pending"},"build":{"id":"vmbuild_DfVUViGHKFFlwYW4","state":"pending"},"virtual_machine_build":{"id":"vmbuild_DfVUViGHKFFlwYW4","state":"pending"},"hostname":"tf-acc-test-update-nopeoejp19qq-host"}'
    headers:
      Access-Control-Allow-Methods:
      - '*'
      Access-Control-Allow-Origin:
      - '*'
      Cache-Control:
      - max-age=0, private, must-revalidate
      Content-Length:
      - "275"
      Content-Type:
      - application/json
      Date:
      - Fri, 10 Feb 2023 12:14:31 GMT
      Etag:
      - W/"cec29eb10da6b48a516c9c1ffbcdde81"
      Server:
      - Caddy
      Strict-Transport-Security:
      - max-age=63072000; includeSubDomains
      X-Ratelimit-Permitted:
      - "1000"
      X-Ratelimit-Remaining:
      - "823"
      X-Request-Id:
      - 5b4587fe-1b9a-41d8-9d8d-31cfab2702e3
    status: 201 Created
    code: 201
    duration: ""
- request:
    body: ""
    form: {}
    headers:
      Accept:
      - application/json
      User-Agent:
      - Terraform/1.3.4 (+https://www.terraform.io) Terraform-Plugin-SDK/2.10.1 terraform-provider-katapult/0.0.999
    url: https://api.katapult.io/core/v1/virtual_machines/builds/_?virtual_machine_build%5Bid%5D=vmbuild_DfVUViGHKFFlwYW4
    method: GET
  response:
    body: '{"virtual_machine_build":{"id":"vmbuild_DfVUViGHKFFlwYW4","spec_xml":"\u003c?xml
      version=\"1.0\"?\u003e\n\u003cVirtualMachineSpec\u003e\n  \u003cDataCenter\u003eloc_UUhPmoCbpic6UX0Y\u003c/DataCenter\u003e\n  \u003cResources\u003e\n    \u003cPackage
      by=\"permalink\"\u003erock-3\u003c/Package\u003e\n  \u003c/Resources\u003e\n  \u003cDiskTemplate\u003e\n    \u003cDiskTemplate
      by=\"permalink\"\u003etemplates/ubuntu-18-04\u003c/DiskTemplate\u003e\n    \u003cVersion
      by=\"number\"\u003e1\u003c/Version\u003e\n    \u003cOption key=\"install_agent\"\u003etrue\u003c/Option\u003e\n  \u003c/DiskTemplate\u003e\n  \u003cNetworkInterfaces\u003e\n    \u003cNetworkInterface\u003e\n      \u003cNetwork\u003enetw_gVRkZdSKczfNg34P\u003c/Network\u003e\n      \u003cSpeedProfile\u003ensp_Y8YS65yTivlCAjIY\u003c/SpeedProfile\u003e\n      \u003cIPAddressAllocation
      type=\"existing\"\u003e\n        \u003cIPAddress by=\"address\"\u003e185.199.222.21\u003c/IPAddress\u003e\n      \u003c/IPAddressAllocation\u003e\n    \u003c/NetworkInterface\u003e\n  \u003c/NetworkInterfaces\u003e\n  \u003cHostname\u003e\n    \u003cHostname\u003etf-acc-test-update-nopeoejp19qq-host\u003c/Hostname\u003e\n  \u003c/Hostname\u003e\n  \u003cName\u003etf-acc-test-update-nopeoejp19qq\u003c/Name\u003e\n  \u003cDescription\u003eA
      web server.\u003c/Description\u003e\n  \u003cAuthorizedKeys continuous_management=\"no\"\u003e\n    \u003cUsers
      all=\"yes\"/\u003e\n    \u003cSSHKeys all=\"yes\"/\u003e\n  \u003c/AuthorizedKeys\u003e\n  \u003cTags\u003e\n    \u003cTag\u003eweb\u003c/Tag\u003e\n    \u003cTag\u003epublic\u003c/Tag\u003e\n  \u003c/Tags\u003e\n\u003c/VirtualMachineSpec\u003e\n","state":"building","virtual_machine":{"id":"vm_XLuhPjHeQ5Nu9kzQ","name":"tf-acc-test-update-nopeoejp19qq","hostname":"tf-acc-test-update-nopeoejp19qq-host","fqdn":"tf-acc-test-update-nopeoejp19qq-host.terraform-acc-test.katapult.cloud","state":"stopped"},"created_at":1676031271}}'
    headers:
      Access-Control-Allow-Methods:
      - '*'
      Access-Control-Allow-Origin:
      - '*'
      Cache-Control:
      - max-age=0, private, must-revalidate
      Content-Length:
      - "1932"
      Content-Type:
      - application/json
      Date:
      - Fri, 10 Feb 2023 12:14:33 GMT
      Etag:
      - W/"ae5e831fc9ab749b6031b3b01fe53ddc"
      Server:
      - Caddy
      Strict-Transport-Security:
      - max-age=63072000; includeSubDomains
      X-Ratelimit-Permitted:
      - "1000"
      X-Ratelimit-Remaining:
      - "821"
      X-Request-Id:
      - 5d971abc-cf82-417c-ab72-5f6d852b6933
    status: 200 OK
    code: 200
    duration: ""
- request:
    body: ""
    form: {}
    headers:
      Accept:
      - application/json
      User-Agent:
      - Terraform/1.3.4 (+https://www.terraform.io) Terraform-Plugin-SDK/2.10.1 terraform-provider-katapult/0.0.999
    url: https://api.katapult.io/core/v1/virtual_machines/builds/_?virtual_machine_build%5Bid%5D=vmbuild_DfVUViGHKFFlwYW4
    method: GET
  response:
    body: '{"virtual_machine_build":{"id":"vmbuild_DfVUViGHKFFlwYW4","spec_xml":"\u003c?xml
      version=\"1.0\"?\u003e\n\u003cVirtualMachineSpec\u003e\n  \u003cDataCenter\u003eloc_UUhPmoCbpic6UX0Y\u003c/DataCenter\u003e\n  \u003cResources\u003e\n    \u003cPackage
      by=\"permalink\"\u003erock-3\u003c/Package\u003e\n  \u003c/Resources\u003e\n  \u003cDiskTemplate\u003e\n    \u003cDiskTemplate
      by=\"permalink\"\u003etemplates/ubuntu-18-04\u003c/DiskTemplate\u003e\n    \u003cVersion
      by=\"number\"\u003e1\u003c/Version\u003e\n    \u003cOption key=\"install_agent\"\u003etrue\u003c/Option\u003e\n  \u003c/DiskTemplate\u003e\n  \u003cNetworkInterfaces\u003e\n    \u003cNetworkInterface\u003e\n      \u003cNetwork\u003enetw_gVRkZdSKczfNg34P\u003c/Network\u003e\n      \u003cSpeedProfile\u003ensp_Y8YS65yTivlCAjIY\u003c/SpeedProfile\u003e\n      \u003cIPAddressAllocation
      type=\"existing\"\u003e\n        \u003cIPAddress by=\"address\"\u003e185.199.222.21\u003c/IPAddress\u003e\n      \u003c/IPAddressAllocation\u003e\n    \u003c/NetworkInterface\u003e\n  \u003c/NetworkInterfaces\u003e\n  \u003cHostname\u003e\n    \u003cHostname\u003etf-acc-test-update-nopeoejp19qq-host\u003c/Hostname\u003e\n  \u003c/Hostname\u003e\n  \u003cName\u003etf-acc-test-update-nopeoejp19qq\u003c/Name\u003e\n  \u003cDescription\u003eA
      web server.\u003c/Description\u003e\n  \u003cAuthorizedKeys continuous_management=\"no\"\u003e\n    \u003cUsers
      all=\"yes\"/\u003e\n    \u003cSSHKeys all=\"yes\"/\u003e\n  \u003c/AuthorizedKeys\u003e\n  \u003cTags\u003e\n    \u003cTag\u003eweb\u003c/Tag\u003e\n    \u003cTag\u003epublic\u003c/Tag\u003e\n  \u003c/Tags\u003e\n\u003c/VirtualMachineSpec\u003e\n","state":"building","virtual_machine":{"id":"vm_XLuhPjHeQ5Nu9kzQ","name":"tf-acc-test-update-nopeoejp19qq","hostname":"tf-acc-test-update-nopeoejp19qq-host","fqdn":"tf-acc-test-update-nopeoejp19qq-host.terraform-acc-test.katapult.cloud","state":"stopped"},"created_at":1676031271}}'
    headers:
      Access-Control-Allow-Methods:
      - '*'
      Access-Control-Allow-Origin:
      - '*'
      Cache-Control:
      - max-age=0, private, must-revalidate
      Content-Length:
      - "1932"
      Content-Type:
      - application/json
      Date:
      - Fri, 10 Feb 2023 12:14:38 GMT
      Etag:
      - W/"ae5e831fc9ab749b6031b3b01fe53ddc"
      Server:
      - Caddy
      Strict-Transport-Security:
      - max-age=63072000; includeSubDomains
      X-Ratelimit-Permitted:
      - "1000"
      X-Ratelimit-Remaining:
      - "815"
      X-Request-Id:
      - a3efdadb-fcf4-4654-b03f-f43c38b86825
    status: 200 OK
    code: 200
    duration: ""
- request:
    body: ""
    form: {}
    headers:
      Accept:
      - application/json
      User-Agent:
      - Terraform/1.3.4 (+https://www.terraform.io) Terraform-Plugin-SDK/2.10.1 terraform-provider-katapult/0.0.999
    url: https://api.katapult.io/core/v1/virtual_machines/builds/_?virtual_machine_build%5Bid%5D=vmbuild_DfVUViGHKFFlwYW4
    method: GET
  response:
    body: '{"virtual_machine_build":{"id":"vmbuild_DfVUViGHKFFlwYW4","spec_xml":"\u003c?xml
      version=\"1.0\"?\u003e\n\u003cVirtualMachineSpec\u003e\n  \u003cDataCenter\u003eloc_UUhPmoCbpic6UX0Y\u003c/DataCenter\u003e\n  \u003cResources\u003e\n    \u003cPackage
      by=\"permalink\"\u003erock-3\u003c/Package\u003e\n  \u003c/Resources\u003e\n  \u003cDiskTemplate\u003e\n    \u003cDiskTemplate
      by=\"permalink\"\u003etemplates/ubuntu-18-04\u003c/DiskTemplate\u003e\n    \u003cVersion
      by=\"number\"\u003e1\u003c/Version\u003e\n    \u003cOption key=\"install_agent\"\u003etrue\u003c/Option\u003e\n  \u003c/DiskTemplate\u003e\n  \u003cNetworkInterfaces\u003e\n    \u003cNetworkInterface\u003e\n      \u003cNetwork\u003enetw_gVRkZdSKczfNg34P\u003c/Network\u003e\n      \u003cSpeedProfile\u003ensp_Y8YS65yTivlCAjIY\u003c/SpeedProfile\u003e\n      \u003cIPAddressAllocation
      type=\"existing\"\u003e\n        \u003cIPAddress by=\"address\"\u003e185.199.222.21\u003c/IPAddress\u003e\n      \u003c/IPAddressAllocation\u003e\n    \u003c/NetworkInterface\u003e\n  \u003c/NetworkInterfaces\u003e\n  \u003cHostname\u003e\n    \u003cHostname\u003etf-acc-test-update-nopeoejp19qq-host\u003c/Hostname\u003e\n  \u003c/Hostname\u003e\n  \u003cName\u003etf-acc-test-update-nopeoejp19qq\u003c/Name\u003e\n  \u003cDescription\u003eA
      web server.\u003c/Description\u003e\n  \u003cAuthorizedKeys continuous_management=\"no\"\u003e\n    \u003cUsers
      all=\"yes\"/\u003e\n    \u003cSSHKeys all=\"yes\"/\u003e\n  \u003c/AuthorizedKeys\u003e\n  \u003cTags\u003e\n    \u003cTag\u003eweb\u003c/Tag\u003e\n    \u003cTag\u003epublic\u003c/Tag\u003e\n  \u003c/Tags\u003e\n\u003c/VirtualMachineSpec\u003e\n","state":"complete","virtual_machine":{"id":"vm_XLuhPjHeQ5Nu9kzQ","name":"tf-acc-test-update-nopeoejp19qq","hostname":"tf-acc-test-update-nopeoejp19qq-host","fqdn":"tf-acc-test-update-nopeoejp19qq-host.terraform-acc-test.katapult.cloud","state":"started"},"created_at":1676031271}}'
    headers:
      Access-Control-Allow-Methods:
      - '*'
      Access-Control-Allow-Origin:
      - '*'
      Cache-Control:
      - max-age=0, private, must-revalidate
      Content-Length:
      - "1932"
      Content-Type:
      - application/json
      Date:
      - Fri, 10 Feb 2023 12:14:48 GMT
      Etag:
      - W/"212a60b148a4f8edf27a28c67fd78731"
      Server:
      - Caddy
      Strict-Transport-Security:
      - max-age=63072000; includeSubDomains
      X-Ratelimit-Permitted:
      - "1000"
      X-Ratelimit-Remaining:
      - "806"
      X-Request-Id:
      - 87dc5e26-bb3c-448c-9028-ea97b0c0be8c
    status: 200 OK
    code: 200
    duration: ""
- request:
    body: |
      {"virtual_machine":{"id":"vm_XLuhPjHeQ5Nu9kzQ"},"properties":{"tag_names":["web","public"]}}
    form: {}
    headers:
      Accept:
      - application/json
      Content-Type:
      - application/json
      User-Agent:
      - Terraform/1.3.4 (+https://www.terraform.io) Terraform-Plugin-SDK/2.10.1 terraform-provider-katapult/0.0.999
    url: https://api.katapult.io/core/v1/virtual_machines/_
    method: PATCH
  response:
    body: '{"virtual_machine":{"id":"vm_XLuhPjHeQ5Nu9kzQ","name":"tf-acc-test-update-nopeoejp19qq","hostname":"tf-acc-test-update-nopeoejp19qq-host","fqdn":"tf-acc-test-update-nopeoejp19qq-host.terraform-acc-test.katapult.cloud","description":"A
      web server.","created_at":1676031272,"initial_root_password":"giWEXXMINP1C7Euk","state":"started","zone":{"id":"zone_7Uuz6wzE17ZShh8f","name":"LON-1","permalink":"lon-zone-1","data_center":{"id":"loc_UUhPmoCbpic6UX0Y","name":"London","permalink":"uk-lon-01","country":{"id":"ctry_6AO9tYYugvTGnd5b","name":"United
      Kingdom","iso_code2":"GB","iso_code3":"GBR","time_zone":"Europe/London","eu":false}}},"organization":{"id":"org_eodfyqFF3YWb2OFC","name":"terraform-acc-test","sub_domain":"terraform-acc-test","infrastructure_domain":"terraform-acc-test.katapult.cloud","created_at":1605785692,"suspended":false,"managed":false,"billing_name":"terraform-acc-test","address1":"42
      Barren Fields","address2":"Oxygen Farm","address3":"Seed Colony 1","address4":"Landing
      Site","postcode":"ZZ9 1LS","vat_number":null,"currency":{"id":"cur_zShCGgjgBz4EbnX1","name":"British
      Pound","iso_code":"GBP","symbol":"£"},"country":{"id":"ctry_6AO9tYYugvTGnd5b","name":"United
      Kingdom","iso_code2":"GB","iso_code3":"GBR","time_zone":"Europe/London","eu":false},"country_state":null},"group":null,"package":{"id":"vmpkg_Eh5LYVKScVHpj7sM","name":"ROCK-3","permalink":"rock-3","cpu_cores":1,"ipv4_addresses":1,"memory_in_gb":3,"storage_in_gb":25,"privacy":"public","icon":null},"attached_iso":null,"memory_in_gb":3,"cpu_cores":1,"tags":[{"id":"tag_NqAjIfOyzSMyuFPS","name":"web","color":"pastel_orange","created_at":1610021329},{"id":"tag_YuRGuWJE432q8wxT","name":"public","color":"pink","created_at":1610021329}],"tag_names":["web","public"],"ip_addresses":[{"id":"ip_3Mc6zF0VP1zK9Z7n","address":"185.199.222.21","reverse_dns":"tf-acc-test-update-nopeoejp19qq-host.terraform-acc-test.katapult.cloud","vip":false,"label":null,"address_with_mask":"185.199.222.21/24","network":{"id":"netw_gVRkZdSKczfNg34P","name":"Public
      Network","permalink":"uk-lon-01-public","data_center":{"id":"loc_UUhPmoCbpic6UX0Y","name":"London","permalink":"uk-lon-01","country":{"id":"ctry_6AO9tYYugvTGnd5b","name":"United
      Kingdom","iso_code2":"GB","iso_code3":"GBR","time_zone":"Europe/London","eu":false}}},"allocation_id":"vm_XLuhPjHeQ5Nu9kzQ","allocation_type":"VirtualMachine"}]}}'
    headers:
      Access-Control-Allow-Methods:
      - '*'
      Access-Control-Allow-Origin:
      - '*'
      Cache-Control:
      - max-age=0, private, must-revalidate
      Content-Length:
      - "2372"
      Content-Type:
      - application/json
      Date:
      - Fri, 10 Feb 2023 12:14:48 GMT
      Etag:
      - W/"0e0c4a42ce9eb86e3ebe3bafb625a0f6"
      Server:
      - Caddy
      Strict-Transport-Security:
      - max-age=63072000; includeSubDomains
      X-Ratelimit-Permitted:
      - "1000"
      X-Ratelimit-Remaining:
      - "805"
      X-Request-Id:
      - 9198c657-4b94-4aa3-bc08-2e4bb7430dd2
    status: 200 OK
    code: 200
    duration: ""
- request:
    body: ""
    form: {}
    headers:
      Accept:
      - application/json
      User-Agent:
      - Terraform/1.3.4 (+https://www.terraform.io) Terraform-Plugin-SDK/2.10.1 terraform-provider-katapult/0.0.999
    url: https://api.katapult.io/core/v1/virtual_machines/_?virtual_machine%5Bid%5D=vm_XLuhPjHeQ5Nu9kzQ
    method: GET
  response:
    body: '{"virtual_machine":{"id":"vm_XLuhPjHeQ5Nu9kzQ","name":"tf-acc-test-update-nopeoejp19qq","hostname":"tf-acc-test-update-nopeoejp19qq-host","fqdn":"tf-acc-test-update-nopeoejp19qq-host.terraform-acc-test.katapult.cloud","description":"A
      web server.","created_at":1676031272,"initial_root_password":"giWEXXMINP1C7Euk","state":"started","zone":{"id":"zone_7Uuz6wzE17ZShh8f","name":"LON-1","permalink":"lon-zone-1","data_center":{"id":"loc_UUhPmoCbpic6UX0Y","name":"London","permalink":"uk-lon-01","country":{"id":"ctry_6AO9tYYugvTGnd5b","name":"United
      Kingdom","iso_code2":"GB","iso_code3":"GBR","time_zone":"Europe/London","eu":false}}},"organization":{"id":"org_eodfyqFF3YWb2OFC","name":"terraform-acc-test","sub_domain":"terraform-acc-test","infrastructure_domain":"terraform-acc-test.katapult.cloud","created_at":1605785692,"suspended":false,"managed":false,"billing_name":"terraform-acc-test","address1":"42
      Barren Fields","address2":"Oxygen Farm","address3":"Seed Colony 1","address4":"Landing
      Site","postcode":"ZZ9 1LS","vat_number":null,"currency":{"id":"cur_zShCGgjgBz4EbnX1","name":"British
      Pound","iso_code":"GBP","symbol":"£"},"country":{"id":"ctry_6AO9tYYugvTGnd5b","name":"United
      Kingdom","iso_code2":"GB","iso_code3":"GBR","time_zone":"Europe/London","eu":false},"country_state":null},"group":null,"package":{"id":"vmpkg_Eh5LYVKScVHpj7sM","name":"ROCK-3","permalink":"rock-3","cpu_cores":1,"ipv4_addresses":1,"memory_in_gb":3,"storage_in_gb":25,"privacy":"public","icon":null},"attached_iso":null,"memory_in_gb":3,"cpu_cores":1,"tags":[{"id":"tag_NqAjIfOyzSMyuFPS","name":"web","color":"pastel_orange","created_at":1610021329},{"id":"tag_YuRGuWJE432q8wxT","name":"public","color":"pink","created_at":1610021329}],"tag_names":["web","public"],"ip_addresses":[{"id":"ip_3Mc6zF0VP1zK9Z7n","address":"185.199.222.21","reverse_dns":"tf-acc-test-update-nopeoejp19qq-host.terraform-acc-test.katapult.cloud","vip":false,"label":null,"address_with_mask":"185.199.222.21/24","network":{"id":"netw_gVRkZdSKczfNg34P","name":"Public
      Network","permalink":"uk-lon-01-public","data_center":{"id":"loc_UUhPmoCbpic6UX0Y","name":"London","permalink":"uk-lon-01","country":{"id":"ctry_6AO9tYYugvTGnd5b","name":"United
      Kingdom","iso_code2":"GB","iso_code3":"GBR","time_zone":"Europe/London","eu":false}}},"allocation_id":"vm_XLuhPjHeQ5Nu9kzQ","allocation_type":"VirtualMachine"}]}}'
    headers:
      Access-Control-Allow-Methods:
      - '*'
      Access-Control-Allow-Origin:
      - '*'
      Cache-Control:
      - max-age=0, private, must-revalidate
      Content-Length:
      - "2372"
      Content-Type:
      - application/json
      Date:
      - Fri, 10 Feb 2023 12:14:50 GMT
      Etag:
      - W/"0e0c4a42ce9eb86e3ebe3bafb625a0f6"
      Server:
      - Caddy
      Strict-Transport-Security:
      - max-age=63072000; includeSubDomains
      X-Ratelimit-Permitted:
      - "1000"
      X-Ratelimit-Remaining:
      - "803"
      X-Request-Id:
      - 1bfe945f-15df-403e-b746-914a01c1fe00
    status: 200 OK
    code: 200
    duration: ""
- request:
    body: ""
    form: {}
    headers:
      Accept:
      - application/json
      User-Agent:
      - Terraform/1.3.4 (+https://www.terraform.io) Terraform-Plugin-SDK/2.10.1 terraform-provider-katapult/0.0.999
    url: https://api.katapult.io/core/v1/virtual_machines/_?virtual_machine%5Bid%5D=vm_XLuhPjHeQ5Nu9kzQ
    method: GET
  response:
    body: '{"virtual_machine":{"id":"vm_XLuhPjHeQ5Nu9kzQ","name":"tf-acc-test-update-nopeoejp19qq","hostname":"tf-acc-test-update-nopeoejp19qq-host","fqdn":"tf-acc-test-update-nopeoejp19qq-host.terraform-acc-test.katapult.cloud","description":"A
      web server.","created_at":1676031272,"initial_root_password":"giWEXXMINP1C7Euk","state":"started","zone":{"id":"zone_7Uuz6wzE17ZShh8f","name":"LON-1","permalink":"lon-zone-1","data_center":{"id":"loc_UUhPmoCbpic6UX0Y","name":"London","permalink":"uk-lon-01","country":{"id":"ctry_6AO9tYYugvTGnd5b","name":"United
      Kingdom","iso_code2":"GB","iso_code3":"GBR","time_zone":"Europe/London","eu":false}}},"organization":{"id":"org_eodfyqFF3YWb2OFC","name":"terraform-acc-test","sub_domain":"terraform-acc-test","infrastructure_domain":"terraform-acc-test.katapult.cloud","created_at":1605785692,"suspended":false,"managed":false,"billing_name":"terraform-acc-test","address1":"42
      Barren Fields","address2":"Oxygen Farm","address3":"Seed Colony 1","address4":"Landing
      Site","postcode":"ZZ9 1LS","vat_number":null,"currency":{"id":"cur_zShCGgjgBz4EbnX1","name":"British
      Pound","iso_code":"GBP","symbol":"£"},"country":{"id":"ctry_6AO9tYYugvTGnd5b","name":"United
      Kingdom","iso_code2":"GB","iso_code3":"GBR","time_zone":"Europe/London","eu":false},"country_state":null},"group":null,"package":{"id":"vmpkg_Eh5LYVKScVHpj7sM","name":"ROCK-3","permalink":"rock-3","cpu_cores":1,"ipv4_addresses":1,"memory_in_gb":3,"storage_in_gb":25,"privacy":"public","icon":null},"attached_iso":null,"memory_in_gb":3,"cpu_cores":1,"tags":[{"id":"tag_NqAjIfOyzSMyuFPS","name":"web","color":"pastel_orange","created_at":1610021329},{"id":"tag_YuRGuWJE432q8wxT","name":"public","color":"pink","created_at":1610021329}],"tag_names":["web","public"],"ip_addresses":[{"id":"ip_3Mc6zF0VP1zK9Z7n","address":"185.199.222.21","reverse_dns":"tf-acc-test-update-nopeoejp19qq-host.terraform-acc-test.katapult.cloud","vip":false,"label":null,"address_with_mask":"185.199.222.21/24","network":{"id":"netw_gVRkZdSKczfNg34P","name":"Public
      Network","permalink":"uk-lon-01-public","data_center":{"id":"loc_UUhPmoCbpic6UX0Y","name":"London","permalink":"uk-lon-01","country":{"id":"ctry_6AO9tYYugvTGnd5b","name":"United
      Kingdom","iso_code2":"GB","iso_code3":"GBR","time_zone":"Europe/London","eu":false}}},"allocation_id":"vm_XLuhPjHeQ5Nu9kzQ","allocation_type":"VirtualMachine"}]}}'
    headers:
      Access-Control-Allow-Methods:
      - '*'
      Access-Control-Allow-Origin:
      - '*'
      Cache-Control:
      - max-age=0, private, must-revalidate
      Content-Length:
      - "2372"
      Content-Type:
      - application/json
      Date:
      - Fri, 10 Feb 2023 12:14:50 GMT
      Etag:
      - W/"0e0c4a42ce9eb86e3ebe3bafb625a0f6"
      Server:
      - Caddy
      Strict-Transport-Security:
      - max-age=63072000; includeSubDomains
      X-Ratelimit-Permitted:
      - "1000"
      X-Ratelimit-Remaining:
      - "802"
      X-Request-Id:
      - c8bb3d76-43d6-479a-9ab2-80440b76cadd
    status: 200 OK
    code: 200
    duration: ""
- request:
    body: ""
    form: {}
    headers:
      Accept:
      - application/json
      User-Agent:
      - Terraform/1.3.4 (+https://www.terraform.io) Terraform-Plugin-SDK/2.10.1 terraform-provider-katapult/0.0.999
    url: https://api.katapult.io/core/v1/virtual_machines/_/network_interfaces?page=1&per_page=1&virtual_machine%5Bid%5D=vm_XLuhPjHeQ5Nu9kzQ
    method: GET
  response:
    body: '{"pagination":{"current_page":1,"total_pages":1,"total":1,"per_page":1,"large_set":false},"virtual_machine_network_interfaces":[{"id":"vmnet_eWbnp4Tigp1qhtf3","name":"Public
      Network on tf-acc-test-update-nopeoejp19qq","network":{"id":"netw_gVRkZdSKczfNg34P","name":"Public
      Network"},"ip_addresses":[{"id":"ip_3Mc6zF0VP1zK9Z7n","address":"185.199.222.21"}]}]}'
    headers:
      Access-Control-Allow-Methods:
      - '*'
      Access-Control-Allow-Origin:
      - '*'
      Cache-Control:
      - max-age=0, private, must-revalidate
      Content-Length:
      - "358"
      Content-Type:
      - application/json
      Date:
      - Fri, 10 Feb 2023 12:14:50 GMT
      Etag:
      - W/"88ad751eee59dec90185e870bf3a5a39"
      Server:
      - Caddy
      Strict-Transport-Security:
      - max-age=63072000; includeSubDomains
      X-Ratelimit-Permitted:
      - "1000"
      X-Ratelimit-Remaining:
      - "801"
      X-Request-Id:
      - f27c7341-3fe3-4622-87a6-891f0be1dfb8
    status: 200 OK
    code: 200
    duration: ""
- request:
    body: ""
    form: {}
    headers:
      Accept:
      - application/json
      User-Agent:
      - Terraform/1.3.4 (+https://www.terraform.io) Terraform-Plugin-SDK/2.10.1 terraform-provider-katapult/0.0.999
    url: https://api.katapult.io/core/v1/virtual_machine_network_interfaces/_?virtual_machine_network_interface%5Bid%5D=vmnet_eWbnp4Tigp1qhtf3
    method: GET
  response:
    body: '{"virtual_machine_network_interface":{"id":"vmnet_eWbnp4Tigp1qhtf3","virtual_machine":{"id":"vm_XLuhPjHeQ5Nu9kzQ","name":"tf-acc-test-update-nopeoejp19qq"},"name":"Public
      Network on tf-acc-test-update-nopeoejp19qq","network":{"id":"netw_gVRkZdSKczfNg34P","name":"Public
      Network"},"mac_address":"3a:d8:db:22:ec:98","state":"attached","ip_addresses":[{"id":"ip_3Mc6zF0VP1zK9Z7n","address":"185.199.222.21"}],"speed_profile":{"id":"nsp_Y8YS65yTivlCAjIY","name":"1Gbps","permalink":"1gbps"}}}'
    headers:
      Access-Control-Allow-Methods:
      - '*'
      Access-Control-Allow-Origin:
      - '*'
      Cache-Control:
      - max-age=0, private, must-revalidate
      Content-Length:
      - "488"
      Content-Type:
      - application/json
      Date:
      - Fri, 10 Feb 2023 12:14:50 GMT
      Etag:
      - W/"884ec6bd103ecfb813a0262b1882faf9"
      Server:
      - Caddy
      Strict-Transport-Security:
      - max-age=63072000; includeSubDomains
      X-Ratelimit-Permitted:
      - "1000"
      X-Ratelimit-Remaining:
      - "800"
      X-Request-Id:
      - bee4d01e-3c20-4af5-af26-5302eff33fa5
    status: 200 OK
    code: 200
    duration: ""
- request:
    body: ""
    form: {}
    headers:
      Accept:
      - application/json
      User-Agent:
      - Terraform/ (+https://www.terraform.io) Terraform-Plugin-SDK/2.10.1 terraform-provider-katapult/0.0.999
    url: https://api.katapult.io/core/v1/virtual_machines/_?virtual_machine%5Bid%5D=vm_XLuhPjHeQ5Nu9kzQ
    method: GET
  response:
    body: '{"virtual_machine":{"id":"vm_XLuhPjHeQ5Nu9kzQ","name":"tf-acc-test-update-nopeoejp19qq","hostname":"tf-acc-test-update-nopeoejp19qq-host","fqdn":"tf-acc-test-update-nopeoejp19qq-host.terraform-acc-test.katapult.cloud","description":"A
      web server.","created_at":1676031272,"initial_root_password":"giWEXXMINP1C7Euk","state":"started","zone":{"id":"zone_7Uuz6wzE17ZShh8f","name":"LON-1","permalink":"lon-zone-1","data_center":{"id":"loc_UUhPmoCbpic6UX0Y","name":"London","permalink":"uk-lon-01","country":{"id":"ctry_6AO9tYYugvTGnd5b","name":"United
      Kingdom","iso_code2":"GB","iso_code3":"GBR","time_zone":"Europe/London","eu":false}}},"organization":{"id":"org_eodfyqFF3YWb2OFC","name":"terraform-acc-test","sub_domain":"terraform-acc-test","infrastructure_domain":"terraform-acc-test.katapult.cloud","created_at":1605785692,"suspended":false,"managed":false,"billing_name":"terraform-acc-test","address1":"42
      Barren Fields","address2":"Oxygen Farm","address3":"Seed Colony 1","address4":"Landing
      Site","postcode":"ZZ9 1LS","vat_number":null,"currency":{"id":"cur_zShCGgjgBz4EbnX1","name":"British
      Pound","iso_code":"GBP","symbol":"£"},"country":{"id":"ctry_6AO9tYYugvTGnd5b","name":"United
      Kingdom","iso_code2":"GB","iso_code3":"GBR","time_zone":"Europe/London","eu":false},"country_state":null},"group":null,"package":{"id":"vmpkg_Eh5LYVKScVHpj7sM","name":"ROCK-3","permalink":"rock-3","cpu_cores":1,"ipv4_addresses":1,"memory_in_gb":3,"storage_in_gb":25,"privacy":"public","icon":null},"attached_iso":null,"memory_in_gb":3,"cpu_cores":1,"tags":[{"id":"tag_NqAjIfOyzSMyuFPS","name":"web","color":"pastel_orange","created_at":1610021329},{"id":"tag_YuRGuWJE432q8wxT","name":"public","color":"pink","created_at":1610021329}],"tag_names":["web","public"],"ip_addresses":[{"id":"ip_3Mc6zF0VP1zK9Z7n","address":"185.199.222.21","reverse_dns":"tf-acc-test-update-nopeoejp19qq-host.terraform-acc-test.katapult.cloud","vip":false,"label":null,"address_with_mask":"185.199.222.21/24","network":{"id":"netw_gVRkZdSKczfNg34P","name":"Public
      Network","permalink":"uk-lon-01-public","data_center":{"id":"loc_UUhPmoCbpic6UX0Y","name":"London","permalink":"uk-lon-01","country":{"id":"ctry_6AO9tYYugvTGnd5b","name":"United
      Kingdom","iso_code2":"GB","iso_code3":"GBR","time_zone":"Europe/London","eu":false}}},"allocation_id":"vm_XLuhPjHeQ5Nu9kzQ","allocation_type":"VirtualMachine"}]}}'
    headers:
      Access-Control-Allow-Methods:
      - '*'
      Access-Control-Allow-Origin:
      - '*'
      Cache-Control:
      - max-age=0, private, must-revalidate
      Content-Length:
      - "2372"
      Content-Type:
      - application/json
      Date:
      - Fri, 10 Feb 2023 12:14:51 GMT
      Etag:
      - W/"0e0c4a42ce9eb86e3ebe3bafb625a0f6"
      Server:
      - Caddy
      Strict-Transport-Security:
      - max-age=63072000; includeSubDomains
      X-Ratelimit-Permitted:
      - "1000"
      X-Ratelimit-Remaining:
      - "799"
      X-Request-Id:
      - 3dd638c0-dfb9-4fc7-8d7e-54503b855eca
    status: 200 OK
    code: 200
    duration: ""
- request:
    body: ""
    form: {}
    headers:
      Accept:
      - application/json
      User-Agent:
      - Terraform/1.3.4 (+https://www.terraform.io) Terraform-Plugin-SDK/2.10.1 terraform-provider-katapult/0.0.999
    url: https://api.katapult.io/core/v1/ip_addresses/_?ip_address%5Bid%5D=ip_3Mc6zF0VP1zK9Z7n
    method: GET
  response:
    body: '{"ip_address":{"id":"ip_3Mc6zF0VP1zK9Z7n","address":"185.199.222.21","reverse_dns":"tf-acc-test-update-nopeoejp19qq-host.terraform-acc-test.katapult.cloud","vip":false,"label":null,"address_with_mask":"185.199.222.21/24","network":{"id":"netw_gVRkZdSKczfNg34P","name":"Public
      Network","permalink":"uk-lon-01-public","data_center":{"id":"loc_UUhPmoCbpic6UX0Y","name":"London","permalink":"uk-lon-01","country":{"id":"ctry_6AO9tYYugvTGnd5b","name":"United
      Kingdom","iso_code2":"GB","iso_code3":"GBR","time_zone":"Europe/London","eu":false}}},"allocation_id":"vm_XLuhPjHeQ5Nu9kzQ","allocation_type":"VirtualMachine"},"allocation":{"type":"VirtualMachine","value":{"id":"vm_XLuhPjHeQ5Nu9kzQ","name":"tf-acc-test-update-nopeoejp19qq"}}}'
    headers:
      Access-Control-Allow-Methods:
      - '*'
      Access-Control-Allow-Origin:
      - '*'
      Cache-Control:
      - max-age=0, private, must-revalidate
      Content-Length:
      - "731"
      Content-Type:
      - application/json
      Date:
      - Fri, 10 Feb 2023 12:14:51 GMT
      Etag:
      - W/"5867994ec60ed743d416b5d982145d71"
      Server:
      - Caddy
      Strict-Transport-Security:
      - max-age=63072000; includeSubDomains
      X-Ratelimit-Permitted:
      - "1000"
      X-Ratelimit-Remaining:
      - "798"
      X-Request-Id:
      - e0eed856-d588-4def-9afe-c77b8f8531d3
    status: 200 OK
    code: 200
    duration: ""
- request:
    body: ""
    form: {}
    headers:
      Accept:
      - application/json
      User-Agent:
      - Terraform/1.3.4 (+https://www.terraform.io) Terraform-Plugin-SDK/2.10.1 terraform-provider-katapult/0.0.999
    url: https://api.katapult.io/core/v1/virtual_machines/_?virtual_machine%5Bid%5D=vm_XLuhPjHeQ5Nu9kzQ
    method: GET
  response:
    body: '{"virtual_machine":{"id":"vm_XLuhPjHeQ5Nu9kzQ","name":"tf-acc-test-update-nopeoejp19qq","hostname":"tf-acc-test-update-nopeoejp19qq-host","fqdn":"tf-acc-test-update-nopeoejp19qq-host.terraform-acc-test.katapult.cloud","description":"A
      web server.","created_at":1676031272,"initial_root_password":"giWEXXMINP1C7Euk","state":"started","zone":{"id":"zone_7Uuz6wzE17ZShh8f","name":"LON-1","permalink":"lon-zone-1","data_center":{"id":"loc_UUhPmoCbpic6UX0Y","name":"London","permalink":"uk-lon-01","country":{"id":"ctry_6AO9tYYugvTGnd5b","name":"United
      Kingdom","iso_code2":"GB","iso_code3":"GBR","time_zone":"Europe/London","eu":false}}},"organization":{"id":"org_eodfyqFF3YWb2OFC","name":"terraform-acc-test","sub_domain":"terraform-acc-test","infrastructure_domain":"terraform-acc-test.katapult.cloud","created_at":1605785692,"suspended":false,"managed":false,"billing_name":"terraform-acc-test","address1":"42
      Barren Fields","address2":"Oxygen Farm","address3":"Seed Colony 1","address4":"Landing
      Site","postcode":"ZZ9 1LS","vat_number":null,"currency":{"id":"cur_zShCGgjgBz4EbnX1","name":"British
      Pound","iso_code":"GBP","symbol":"£"},"country":{"id":"ctry_6AO9tYYugvTGnd5b","name":"United
      Kingdom","iso_code2":"GB","iso_code3":"GBR","time_zone":"Europe/London","eu":false},"country_state":null},"group":null,"package":{"id":"vmpkg_Eh5LYVKScVHpj7sM","name":"ROCK-3","permalink":"rock-3","cpu_cores":1,"ipv4_addresses":1,"memory_in_gb":3,"storage_in_gb":25,"privacy":"public","icon":null},"attached_iso":null,"memory_in_gb":3,"cpu_cores":1,"tags":[{"id":"tag_NqAjIfOyzSMyuFPS","name":"web","color":"pastel_orange","created_at":1610021329},{"id":"tag_YuRGuWJE432q8wxT","name":"public","color":"pink","created_at":1610021329}],"tag_names":["web","public"],"ip_addresses":[{"id":"ip_3Mc6zF0VP1zK9Z7n","address":"185.199.222.21","reverse_dns":"tf-acc-test-update-nopeoejp19qq-host.terraform-acc-test.katapult.cloud","vip":false,"label":null,"address_with_mask":"185.199.222.21/24","network":{"id":"netw_gVRkZdSKczfNg34P","name":"Public
      Network","permalink":"uk-lon-01-public","data_center":{"id":"loc_UUhPmoCbpic6UX0Y","name":"London","permalink":"uk-lon-01","country":{"id":"ctry_6AO9tYYugvTGnd5b","name":"United
      Kingdom","iso_code2":"GB","iso_code3":"GBR","time_zone":"Europe/London","eu":false}}},"allocation_id":"vm_XLuhPjHeQ5Nu9kzQ","allocation_type":"VirtualMachine"}]}}'
    headers:
      Access-Control-Allow-Methods:
      - '*'
      Access-Control-Allow-Origin:
      - '*'
      Cache-Control:
      - max-age=0, private, must-revalidate
      Content-Length:
      - "2372"
      Content-Type:
      - application/json
      Date:
      - Fri, 10 Feb 2023 12:14:51 GMT
      Etag:
      - W/"0e0c4a42ce9eb86e3ebe3bafb625a0f6"
      Server:
      - Caddy
      Strict-Transport-Security:
      - max-age=63072000; includeSubDomains
      X-Ratelimit-Permitted:
      - "1000"
      X-Ratelimit-Remaining:
      - "796"
      X-Request-Id:
      - 1ff1dab4-5eeb-4135-b019-7feb477189c8
    status: 200 OK
    code: 200
    duration: ""
- request:
    body: ""
    form: {}
    headers:
      Accept:
      - application/json
      User-Agent:
      - Terraform/1.3.4 (+https://www.terraform.io) Terraform-Plugin-SDK/2.10.1 terraform-provider-katapult/0.0.999
    url: https://api.katapult.io/core/v1/virtual_machines/_/network_interfaces?page=1&per_page=1&virtual_machine%5Bid%5D=vm_XLuhPjHeQ5Nu9kzQ
    method: GET
  response:
    body: '{"pagination":{"current_page":1,"total_pages":1,"total":1,"per_page":1,"large_set":false},"virtual_machine_network_interfaces":[{"id":"vmnet_eWbnp4Tigp1qhtf3","name":"Public
      Network on tf-acc-test-update-nopeoejp19qq","network":{"id":"netw_gVRkZdSKczfNg34P","name":"Public
      Network"},"ip_addresses":[{"id":"ip_3Mc6zF0VP1zK9Z7n","address":"185.199.222.21"}]}]}'
    headers:
      Access-Control-Allow-Methods:
      - '*'
      Access-Control-Allow-Origin:
      - '*'
      Cache-Control:
      - max-age=0, private, must-revalidate
      Content-Length:
      - "358"
      Content-Type:
      - application/json
      Date:
      - Fri, 10 Feb 2023 12:14:51 GMT
      Etag:
      - W/"88ad751eee59dec90185e870bf3a5a39"
      Server:
      - Caddy
      Strict-Transport-Security:
      - max-age=63072000; includeSubDomains
      X-Ratelimit-Permitted:
      - "1000"
      X-Ratelimit-Remaining:
      - "794"
      X-Request-Id:
      - 88c763c1-3f24-4e87-8650-3357592a0658
    status: 200 OK
    code: 200
    duration: ""
- request:
    body: ""
    form: {}
    headers:
      Accept:
      - application/json
      User-Agent:
      - Terraform/1.3.4 (+https://www.terraform.io) Terraform-Plugin-SDK/2.10.1 terraform-provider-katapult/0.0.999
    url: https://api.katapult.io/core/v1/virtual_machine_network_interfaces/_?virtual_machine_network_interface%5Bid%5D=vmnet_eWbnp4Tigp1qhtf3
    method: GET
  response:
    body: '{"virtual_machine_network_interface":{"id":"vmnet_eWbnp4Tigp1qhtf3","virtual_machine":{"id":"vm_XLuhPjHeQ5Nu9kzQ","name":"tf-acc-test-update-nopeoejp19qq"},"name":"Public
      Network on tf-acc-test-update-nopeoejp19qq","network":{"id":"netw_gVRkZdSKczfNg34P","name":"Public
      Network"},"mac_address":"3a:d8:db:22:ec:98","state":"attached","ip_addresses":[{"id":"ip_3Mc6zF0VP1zK9Z7n","address":"185.199.222.21"}],"speed_profile":{"id":"nsp_Y8YS65yTivlCAjIY","name":"1Gbps","permalink":"1gbps"}}}'
    headers:
      Access-Control-Allow-Methods:
      - '*'
      Access-Control-Allow-Origin:
      - '*'
      Cache-Control:
      - max-age=0, private, must-revalidate
      Content-Length:
      - "488"
      Content-Type:
      - application/json
      Date:
      - Fri, 10 Feb 2023 12:14:51 GMT
      Etag:
      - W/"884ec6bd103ecfb813a0262b1882faf9"
      Server:
      - Caddy
      Strict-Transport-Security:
      - max-age=63072000; includeSubDomains
      X-Ratelimit-Permitted:
      - "1000"
      X-Ratelimit-Remaining:
      - "793"
      X-Request-Id:
      - c89fdeac-66ea-47c1-abda-354a21e86bf9
    status: 200 OK
    code: 200
    duration: ""
- request:
    body: ""
    form: {}
    headers:
      Accept:
      - application/json
      User-Agent:
      - Terraform/1.3.4 (+https://www.terraform.io) Terraform-Plugin-SDK/2.10.1 terraform-provider-katapult/0.0.999
    url: https://api.katapult.io/core/v1/ip_addresses/_?ip_address%5Bid%5D=ip_3Mc6zF0VP1zK9Z7n
    method: GET
  response:
    body: '{"ip_address":{"id":"ip_3Mc6zF0VP1zK9Z7n","address":"185.199.222.21","reverse_dns":"tf-acc-test-update-nopeoejp19qq-host.terraform-acc-test.katapult.cloud","vip":false,"label":null,"address_with_mask":"185.199.222.21/24","network":{"id":"netw_gVRkZdSKczfNg34P","name":"Public
      Network","permalink":"uk-lon-01-public","data_center":{"id":"loc_UUhPmoCbpic6UX0Y","name":"London","permalink":"uk-lon-01","country":{"id":"ctry_6AO9tYYugvTGnd5b","name":"United
      Kingdom","iso_code2":"GB","iso_code3":"GBR","time_zone":"Europe/London","eu":false}}},"allocation_id":"vm_XLuhPjHeQ5Nu9kzQ","allocation_type":"VirtualMachine"},"allocation":{"type":"VirtualMachine","value":{"id":"vm_XLuhPjHeQ5Nu9kzQ","name":"tf-acc-test-update-nopeoejp19qq"}}}'
    headers:
      Access-Control-Allow-Methods:
      - '*'
      Access-Control-Allow-Origin:
      - '*'
      Cache-Control:
      - max-age=0, private, must-revalidate
      Content-Length:
      - "731"
      Content-Type:
      - application/json
      Date:
      - Fri, 10 Feb 2023 12:14:51 GMT
      Etag:
      - W/"5867994ec60ed743d416b5d982145d71"
      Server:
      - Caddy
      Strict-Transport-Security:
      - max-age=63072000; includeSubDomains
      X-Ratelimit-Permitted:
      - "1000"
      X-Ratelimit-Remaining:
      - "792"
      X-Request-Id:
      - f7c86f76-3aea-4f25-9f54-46fa6e8428af
    status: 200 OK
    code: 200
    duration: ""
- request:
    body: ""
    form: {}
    headers:
      Accept:
      - application/json
      User-Agent:
      - Terraform/1.3.4 (+https://www.terraform.io) Terraform-Plugin-SDK/2.10.1 terraform-provider-katapult/0.0.999
    url: https://api.katapult.io/core/v1/virtual_machines/_?virtual_machine%5Bid%5D=vm_XLuhPjHeQ5Nu9kzQ
    method: GET
  response:
    body: '{"virtual_machine":{"id":"vm_XLuhPjHeQ5Nu9kzQ","name":"tf-acc-test-update-nopeoejp19qq","hostname":"tf-acc-test-update-nopeoejp19qq-host","fqdn":"tf-acc-test-update-nopeoejp19qq-host.terraform-acc-test.katapult.cloud","description":"A
      web server.","created_at":1676031272,"initial_root_password":"giWEXXMINP1C7Euk","state":"started","zone":{"id":"zone_7Uuz6wzE17ZShh8f","name":"LON-1","permalink":"lon-zone-1","data_center":{"id":"loc_UUhPmoCbpic6UX0Y","name":"London","permalink":"uk-lon-01","country":{"id":"ctry_6AO9tYYugvTGnd5b","name":"United
      Kingdom","iso_code2":"GB","iso_code3":"GBR","time_zone":"Europe/London","eu":false}}},"organization":{"id":"org_eodfyqFF3YWb2OFC","name":"terraform-acc-test","sub_domain":"terraform-acc-test","infrastructure_domain":"terraform-acc-test.katapult.cloud","created_at":1605785692,"suspended":false,"managed":false,"billing_name":"terraform-acc-test","address1":"42
      Barren Fields","address2":"Oxygen Farm","address3":"Seed Colony 1","address4":"Landing
      Site","postcode":"ZZ9 1LS","vat_number":null,"currency":{"id":"cur_zShCGgjgBz4EbnX1","name":"British
      Pound","iso_code":"GBP","symbol":"£"},"country":{"id":"ctry_6AO9tYYugvTGnd5b","name":"United
      Kingdom","iso_code2":"GB","iso_code3":"GBR","time_zone":"Europe/London","eu":false},"country_state":null},"group":null,"package":{"id":"vmpkg_Eh5LYVKScVHpj7sM","name":"ROCK-3","permalink":"rock-3","cpu_cores":1,"ipv4_addresses":1,"memory_in_gb":3,"storage_in_gb":25,"privacy":"public","icon":null},"attached_iso":null,"memory_in_gb":3,"cpu_cores":1,"tags":[{"id":"tag_NqAjIfOyzSMyuFPS","name":"web","color":"pastel_orange","created_at":1610021329},{"id":"tag_YuRGuWJE432q8wxT","name":"public","color":"pink","created_at":1610021329}],"tag_names":["web","public"],"ip_addresses":[{"id":"ip_3Mc6zF0VP1zK9Z7n","address":"185.199.222.21","reverse_dns":"tf-acc-test-update-nopeoejp19qq-host.terraform-acc-test.katapult.cloud","vip":false,"label":null,"address_with_mask":"185.199.222.21/24","network":{"id":"netw_gVRkZdSKczfNg34P","name":"Public
      Network","permalink":"uk-lon-01-public","data_center":{"id":"loc_UUhPmoCbpic6UX0Y","name":"London","permalink":"uk-lon-01","country":{"id":"ctry_6AO9tYYugvTGnd5b","name":"United
      Kingdom","iso_code2":"GB","iso_code3":"GBR","time_zone":"Europe/London","eu":false}}},"allocation_id":"vm_XLuhPjHeQ5Nu9kzQ","allocation_type":"VirtualMachine"}]}}'
    headers:
      Access-Control-Allow-Methods:
      - '*'
      Access-Control-Allow-Origin:
      - '*'
      Cache-Control:
      - max-age=0, private, must-revalidate
      Content-Length:
      - "2372"
      Content-Type:
      - application/json
      Date:
      - Fri, 10 Feb 2023 12:14:51 GMT
      Etag:
      - W/"0e0c4a42ce9eb86e3ebe3bafb625a0f6"
      Server:
      - Caddy
      Strict-Transport-Security:
      - max-age=63072000; includeSubDomains
      X-Ratelimit-Permitted:
      - "1000"
      X-Ratelimit-Remaining:
      - "789"
      X-Request-Id:
      - 62805760-211a-4990-a59a-b192ba6fdbcd
    status: 200 OK
    code: 200
    duration: ""
- request:
    body: ""
    form: {}
    headers:
      Accept:
      - application/json
      User-Agent:
      - Terraform/1.3.4 (+https://www.terraform.io) Terraform-Plugin-SDK/2.10.1 terraform-provider-katapult/0.0.999
    url: https://api.katapult.io/core/v1/virtual_machines/_/network_interfaces?page=1&per_page=1&virtual_machine%5Bid%5D=vm_XLuhPjHeQ5Nu9kzQ
    method: GET
  response:
    body: '{"pagination":{"current_page":1,"total_pages":1,"total":1,"per_page":1,"large_set":false},"virtual_machine_network_interfaces":[{"id":"vmnet_eWbnp4Tigp1qhtf3","name":"Public
      Network on tf-acc-test-update-nopeoejp19qq","network":{"id":"netw_gVRkZdSKczfNg34P","name":"Public
      Network"},"ip_addresses":[{"id":"ip_3Mc6zF0VP1zK9Z7n","address":"185.199.222.21"}]}]}'
    headers:
      Access-Control-Allow-Methods:
      - '*'
      Access-Control-Allow-Origin:
      - '*'
      Cache-Control:
      - max-age=0, private, must-revalidate
      Content-Length:
      - "358"
      Content-Type:
      - application/json
      Date:
      - Fri, 10 Feb 2023 12:14:51 GMT
      Etag:
      - W/"88ad751eee59dec90185e870bf3a5a39"
      Server:
      - Caddy
      Strict-Transport-Security:
      - max-age=63072000; includeSubDomains
      X-Ratelimit-Permitted:
      - "1000"
      X-Ratelimit-Remaining:
      - "788"
      X-Request-Id:
      - 446da023-df5b-41e7-9ddd-5d77892af1ad
    status: 200 OK
    code: 200
    duration: ""
- request:
    body: ""
    form: {}
    headers:
      Accept:
      - application/json
      User-Agent:
      - Terraform/1.3.4 (+https://www.terraform.io) Terraform-Plugin-SDK/2.10.1 terraform-provider-katapult/0.0.999
    url: https://api.katapult.io/core/v1/virtual_machine_network_interfaces/_?virtual_machine_network_interface%5Bid%5D=vmnet_eWbnp4Tigp1qhtf3
    method: GET
  response:
    body: '{"virtual_machine_network_interface":{"id":"vmnet_eWbnp4Tigp1qhtf3","virtual_machine":{"id":"vm_XLuhPjHeQ5Nu9kzQ","name":"tf-acc-test-update-nopeoejp19qq"},"name":"Public
      Network on tf-acc-test-update-nopeoejp19qq","network":{"id":"netw_gVRkZdSKczfNg34P","name":"Public
      Network"},"mac_address":"3a:d8:db:22:ec:98","state":"attached","ip_addresses":[{"id":"ip_3Mc6zF0VP1zK9Z7n","address":"185.199.222.21"}],"speed_profile":{"id":"nsp_Y8YS65yTivlCAjIY","name":"1Gbps","permalink":"1gbps"}}}'
    headers:
      Access-Control-Allow-Methods:
      - '*'
      Access-Control-Allow-Origin:
      - '*'
      Cache-Control:
      - max-age=0, private, must-revalidate
      Content-Length:
      - "488"
      Content-Type:
      - application/json
      Date:
      - Fri, 10 Feb 2023 12:14:52 GMT
      Etag:
      - W/"884ec6bd103ecfb813a0262b1882faf9"
      Server:
      - Caddy
      Strict-Transport-Security:
      - max-age=63072000; includeSubDomains
      X-Ratelimit-Permitted:
      - "1000"
      X-Ratelimit-Remaining:
      - "787"
      X-Request-Id:
      - 63b35379-2e47-4922-b59f-62c1f213c295
    status: 200 OK
    code: 200
    duration: ""
- request:
    body: ""
    form: {}
    headers:
      Accept:
      - application/json
      User-Agent:
      - Terraform/1.3.4 (+https://www.terraform.io) Terraform-Plugin-SDK/2.10.1 terraform-provider-katapult/0.0.999
    url: https://api.katapult.io/core/v1/virtual_machines/_/network_interfaces?page=1&virtual_machine%5Bid%5D=vm_XLuhPjHeQ5Nu9kzQ
    method: GET
  response:
    body: '{"pagination":{"current_page":1,"total_pages":1,"total":1,"per_page":30,"large_set":false},"virtual_machine_network_interfaces":[{"id":"vmnet_eWbnp4Tigp1qhtf3","name":"Public
      Network on tf-acc-test-update-nopeoejp19qq","network":{"id":"netw_gVRkZdSKczfNg34P","name":"Public
      Network"},"ip_addresses":[{"id":"ip_3Mc6zF0VP1zK9Z7n","address":"185.199.222.21"}]}]}'
    headers:
      Access-Control-Allow-Methods:
      - '*'
      Access-Control-Allow-Origin:
      - '*'
      Cache-Control:
      - max-age=0, private, must-revalidate
      Content-Length:
      - "359"
      Content-Type:
      - application/json
      Date:
      - Fri, 10 Feb 2023 12:14:52 GMT
      Etag:
      - W/"484fccbca43f1363bad18500632d6a02"
      Server:
      - Caddy
      Strict-Transport-Security:
      - max-age=63072000; includeSubDomains
      X-Ratelimit-Permitted:
      - "1000"
      X-Ratelimit-Remaining:
      - "780"
      X-Request-Id:
      - 6323be22-a7ed-455f-a195-93fe82c4f2cf
    status: 200 OK
    code: 200
    duration: ""
- request:
    body: |
      {"virtual_machine_network_interface":{"id":"vmnet_eWbnp4Tigp1qhtf3"},"speed_profile":{"permalink":"10gbps"}}
    form: {}
    headers:
      Accept:
      - application/json
      Content-Type:
      - application/json
      User-Agent:
      - Terraform/1.3.4 (+https://www.terraform.io) Terraform-Plugin-SDK/2.10.1 terraform-provider-katapult/0.0.999
    url: https://api.katapult.io/core/v1/virtual_machine_network_interfaces/_/update_speed_profile
    method: PATCH
  response:
    body: '{"task":{"id":"task_RHie8tZ2UZIcerqJ","name":"Change network interface
      speed profile","status":"pending","created_at":1676031292,"started_at":null,"finished_at":null,"progress":0}}'
    headers:
      Access-Control-Allow-Methods:
      - '*'
      Access-Control-Allow-Origin:
      - '*'
      Cache-Control:
      - max-age=0, private, must-revalidate
      Content-Length:
      - "180"
      Content-Type:
      - application/json
      Date:
      - Fri, 10 Feb 2023 12:14:52 GMT
      Etag:
      - W/"6d5075790d5f3f13654c5293e9fee112"
      Server:
      - Caddy
      Strict-Transport-Security:
      - max-age=63072000; includeSubDomains
      X-Ratelimit-Permitted:
      - "1000"
      X-Ratelimit-Remaining:
      - "778"
      X-Request-Id:
      - 44bf1e14-406b-43cc-a1bf-deb862d5b771
    status: 200 OK
    code: 200
    duration: ""
- request:
    body: ""
    form: {}
    headers:
      Accept:
      - application/json
      User-Agent:
      - Terraform/1.3.4 (+https://www.terraform.io) Terraform-Plugin-SDK/2.10.1 terraform-provider-katapult/0.0.999
    url: https://api.katapult.io/core/v1/tasks/task_RHie8tZ2UZIcerqJ
    method: GET
  response:
    body: '{"task":{"id":"task_RHie8tZ2UZIcerqJ","name":"Change network interface
      speed profile","status":"running","created_at":1676031292,"started_at":1676031293,"finished_at":null,"progress":5}}'
    headers:
      Access-Control-Allow-Methods:
      - '*'
      Access-Control-Allow-Origin:
      - '*'
      Cache-Control:
      - max-age=0, private, must-revalidate
      Content-Length:
      - "186"
      Content-Type:
      - application/json
      Date:
      - Fri, 10 Feb 2023 12:14:53 GMT
      Etag:
      - W/"ed825435789447f52cf5c3d23cd315c5"
      Server:
      - Caddy
      Strict-Transport-Security:
      - max-age=63072000; includeSubDomains
      X-Ratelimit-Permitted:
      - "1000"
      X-Ratelimit-Remaining:
      - "772"
      X-Request-Id:
      - 94775fc7-b151-4f85-bff2-2961ebdf7792
    status: 200 OK
    code: 200
    duration: ""
- request:
    body: ""
    form: {}
    headers:
      Accept:
      - application/json
      User-Agent:
      - Terraform/1.3.4 (+https://www.terraform.io) Terraform-Plugin-SDK/2.10.1 terraform-provider-katapult/0.0.999
    url: https://api.katapult.io/core/v1/tasks/task_RHie8tZ2UZIcerqJ
    method: GET
  response:
    body: '{"task":{"id":"task_RHie8tZ2UZIcerqJ","name":"Change network interface
      speed profile","status":"completed","created_at":1676031292,"started_at":1676031293,"finished_at":1676031294,"progress":100}}'
    headers:
      Access-Control-Allow-Methods:
      - '*'
      Access-Control-Allow-Origin:
      - '*'
      Cache-Control:
      - max-age=0, private, must-revalidate
      Content-Length:
      - "196"
      Content-Type:
      - application/json
      Date:
      - Fri, 10 Feb 2023 12:14:58 GMT
      Etag:
      - W/"c75366adfb590c1c205dddfef9952d46"
      Server:
      - Caddy
      Strict-Transport-Security:
      - max-age=63072000; includeSubDomains
      X-Ratelimit-Permitted:
      - "1000"
      X-Ratelimit-Remaining:
      - "752"
      X-Request-Id:
      - fc6f429c-8bb1-47a7-8d3e-58175ecdeced
    status: 200 OK
    code: 200
    duration: ""
- request:
    body: |
      {"virtual_machine":{"id":"vm_XLuhPjHeQ5Nu9kzQ"},"properties":{"name":"tf-acc-test-update-nopeoejp19qq-diff","hostname":"tf-acc-test-update-nopeoejp19qq-host-diff","description":"A app server.","tag_names":["lb","app","web"]}}
    form: {}
    headers:
      Accept:
      - application/json
      Content-Type:
      - application/json
      User-Agent:
      - Terraform/1.3.4 (+https://www.terraform.io) Terraform-Plugin-SDK/2.10.1 terraform-provider-katapult/0.0.999
    url: https://api.katapult.io/core/v1/virtual_machines/_
    method: PATCH
  response:
    body: '{"virtual_machine":{"id":"vm_XLuhPjHeQ5Nu9kzQ","name":"tf-acc-test-update-nopeoejp19qq-diff","hostname":"tf-acc-test-update-nopeoejp19qq-host-diff","fqdn":"tf-acc-test-update-nopeoejp19qq-host-diff.terraform-acc-test.katapult.cloud","description":"A
      app server.","created_at":1676031272,"initial_root_password":"giWEXXMINP1C7Euk","state":"started","zone":{"id":"zone_7Uuz6wzE17ZShh8f","name":"LON-1","permalink":"lon-zone-1","data_center":{"id":"loc_UUhPmoCbpic6UX0Y","name":"London","permalink":"uk-lon-01","country":{"id":"ctry_6AO9tYYugvTGnd5b","name":"United
      Kingdom","iso_code2":"GB","iso_code3":"GBR","time_zone":"Europe/London","eu":false}}},"organization":{"id":"org_eodfyqFF3YWb2OFC","name":"terraform-acc-test","sub_domain":"terraform-acc-test","infrastructure_domain":"terraform-acc-test.katapult.cloud","created_at":1605785692,"suspended":false,"managed":false,"billing_name":"terraform-acc-test","address1":"42
      Barren Fields","address2":"Oxygen Farm","address3":"Seed Colony 1","address4":"Landing
      Site","postcode":"ZZ9 1LS","vat_number":null,"currency":{"id":"cur_zShCGgjgBz4EbnX1","name":"British
      Pound","iso_code":"GBP","symbol":"£"},"country":{"id":"ctry_6AO9tYYugvTGnd5b","name":"United
      Kingdom","iso_code2":"GB","iso_code3":"GBR","time_zone":"Europe/London","eu":false},"country_state":null},"group":null,"package":{"id":"vmpkg_Eh5LYVKScVHpj7sM","name":"ROCK-3","permalink":"rock-3","cpu_cores":1,"ipv4_addresses":1,"memory_in_gb":3,"storage_in_gb":25,"privacy":"public","icon":null},"attached_iso":null,"memory_in_gb":3,"cpu_cores":1,"tags":[{"id":"tag_NqAjIfOyzSMyuFPS","name":"web","color":"pastel_orange","created_at":1610021329},{"id":"tag_mlIpqWdqnStbSOtr","name":"app","color":"pastel_yellow","created_at":1610041086},{"id":"tag_9l9FNBjBpuBbCMFc","name":"lb","color":"light_gray","created_at":1610155842}],"tag_names":["web","app","lb"],"ip_addresses":[{"id":"ip_3Mc6zF0VP1zK9Z7n","address":"185.199.222.21","reverse_dns":"tf-acc-test-update-nopeoejp19qq-host-diff.terraform-acc-test.katapult.cloud","vip":false,"label":null,"address_with_mask":"185.199.222.21/24","network":{"id":"netw_gVRkZdSKczfNg34P","name":"Public
      Network","permalink":"uk-lon-01-public","data_center":{"id":"loc_UUhPmoCbpic6UX0Y","name":"London","permalink":"uk-lon-01","country":{"id":"ctry_6AO9tYYugvTGnd5b","name":"United
      Kingdom","iso_code2":"GB","iso_code3":"GBR","time_zone":"Europe/London","eu":false}}},"allocation_id":"vm_XLuhPjHeQ5Nu9kzQ","allocation_type":"VirtualMachine"}]}}'
    headers:
      Access-Control-Allow-Methods:
      - '*'
      Access-Control-Allow-Origin:
      - '*'
      Cache-Control:
      - max-age=0, private, must-revalidate
      Content-Length:
      - "2487"
      Content-Type:
      - application/json
      Date:
      - Fri, 10 Feb 2023 12:14:58 GMT
      Etag:
      - W/"1efe4312dda44ad19158c9ff7acb1d3c"
      Server:
      - Caddy
      Strict-Transport-Security:
      - max-age=63072000; includeSubDomains
      X-Ratelimit-Permitted:
      - "1000"
      X-Ratelimit-Remaining:
      - "751"
      X-Request-Id:
      - d9458eae-69b4-4ba6-8eb5-2790c0a955cd
    status: 200 OK
    code: 200
    duration: ""
- request:
    body: ""
    form: {}
    headers:
      Accept:
      - application/json
      User-Agent:
      - Terraform/1.3.4 (+https://www.terraform.io) Terraform-Plugin-SDK/2.10.1 terraform-provider-katapult/0.0.999
    url: https://api.katapult.io/core/v1/virtual_machines/_?virtual_machine%5Bid%5D=vm_XLuhPjHeQ5Nu9kzQ
    method: GET
  response:
    body: '{"virtual_machine":{"id":"vm_XLuhPjHeQ5Nu9kzQ","name":"tf-acc-test-update-nopeoejp19qq-diff","hostname":"tf-acc-test-update-nopeoejp19qq-host-diff","fqdn":"tf-acc-test-update-nopeoejp19qq-host-diff.terraform-acc-test.katapult.cloud","description":"A
      app server.","created_at":1676031272,"initial_root_password":"giWEXXMINP1C7Euk","state":"started","zone":{"id":"zone_7Uuz6wzE17ZShh8f","name":"LON-1","permalink":"lon-zone-1","data_center":{"id":"loc_UUhPmoCbpic6UX0Y","name":"London","permalink":"uk-lon-01","country":{"id":"ctry_6AO9tYYugvTGnd5b","name":"United
      Kingdom","iso_code2":"GB","iso_code3":"GBR","time_zone":"Europe/London","eu":false}}},"organization":{"id":"org_eodfyqFF3YWb2OFC","name":"terraform-acc-test","sub_domain":"terraform-acc-test","infrastructure_domain":"terraform-acc-test.katapult.cloud","created_at":1605785692,"suspended":false,"managed":false,"billing_name":"terraform-acc-test","address1":"42
      Barren Fields","address2":"Oxygen Farm","address3":"Seed Colony 1","address4":"Landing
      Site","postcode":"ZZ9 1LS","vat_number":null,"currency":{"id":"cur_zShCGgjgBz4EbnX1","name":"British
      Pound","iso_code":"GBP","symbol":"£"},"country":{"id":"ctry_6AO9tYYugvTGnd5b","name":"United
      Kingdom","iso_code2":"GB","iso_code3":"GBR","time_zone":"Europe/London","eu":false},"country_state":null},"group":null,"package":{"id":"vmpkg_Eh5LYVKScVHpj7sM","name":"ROCK-3","permalink":"rock-3","cpu_cores":1,"ipv4_addresses":1,"memory_in_gb":3,"storage_in_gb":25,"privacy":"public","icon":null},"attached_iso":null,"memory_in_gb":3,"cpu_cores":1,"tags":[{"id":"tag_NqAjIfOyzSMyuFPS","name":"web","color":"pastel_orange","created_at":1610021329},{"id":"tag_mlIpqWdqnStbSOtr","name":"app","color":"pastel_yellow","created_at":1610041086},{"id":"tag_9l9FNBjBpuBbCMFc","name":"lb","color":"light_gray","created_at":1610155842}],"tag_names":["web","app","lb"],"ip_addresses":[{"id":"ip_3Mc6zF0VP1zK9Z7n","address":"185.199.222.21","reverse_dns":"tf-acc-test-update-nopeoejp19qq-host-diff.terraform-acc-test.katapult.cloud","vip":false,"label":null,"address_with_mask":"185.199.222.21/24","network":{"id":"netw_gVRkZdSKczfNg34P","name":"Public
      Network","permalink":"uk-lon-01-public","data_center":{"id":"loc_UUhPmoCbpic6UX0Y","name":"London","permalink":"uk-lon-01","country":{"id":"ctry_6AO9tYYugvTGnd5b","name":"United
      Kingdom","iso_code2":"GB","iso_code3":"GBR","time_zone":"Europe/London","eu":false}}},"allocation_id":"vm_XLuhPjHeQ5Nu9kzQ","allocation_type":"VirtualMachine"}]}}'
    headers:
      Access-Control-Allow-Methods:
      - '*'
      Access-Control-Allow-Origin:
      - '*'
      Cache-Control:
      - max-age=0, private, must-revalidate
      Content-Length:
      - "2487"
      Content-Type:
      - application/json
      Date:
      - Fri, 10 Feb 2023 12:14:58 GMT
      Etag:
      - W/"1efe4312dda44ad19158c9ff7acb1d3c"
      Server:
      - Caddy
      Strict-Transport-Security:
      - max-age=63072000; includeSubDomains
      X-Ratelimit-Permitted:
      - "1000"
      X-Ratelimit-Remaining:
      - "749"
      X-Request-Id:
      - f618d79c-a5ab-4fd7-bc45-5fb915cd157f
    status: 200 OK
    code: 200
    duration: ""
- request:
    body: ""
    form: {}
    headers:
      Accept:
      - application/json
      User-Agent:
      - Terraform/1.3.4 (+https://www.terraform.io) Terraform-Plugin-SDK/2.10.1 terraform-provider-katapult/0.0.999
    url: https://api.katapult.io/core/v1/virtual_machines/_/network_interfaces?page=1&per_page=1&virtual_machine%5Bid%5D=vm_XLuhPjHeQ5Nu9kzQ
    method: GET
  response:
    body: '{"pagination":{"current_page":1,"total_pages":1,"total":1,"per_page":1,"large_set":false},"virtual_machine_network_interfaces":[{"id":"vmnet_eWbnp4Tigp1qhtf3","name":"Public
      Network on tf-acc-test-update-nopeoejp19qq-diff","network":{"id":"netw_gVRkZdSKczfNg34P","name":"Public
      Network"},"ip_addresses":[{"id":"ip_3Mc6zF0VP1zK9Z7n","address":"185.199.222.21"}]}]}'
    headers:
      Access-Control-Allow-Methods:
      - '*'
      Access-Control-Allow-Origin:
      - '*'
      Cache-Control:
      - max-age=0, private, must-revalidate
      Content-Length:
      - "363"
      Content-Type:
      - application/json
      Date:
      - Fri, 10 Feb 2023 12:14:58 GMT
      Etag:
      - W/"d8f628a7a07afeec519913b235f66450"
      Server:
      - Caddy
      Strict-Transport-Security:
      - max-age=63072000; includeSubDomains
      X-Ratelimit-Permitted:
      - "1000"
      X-Ratelimit-Remaining:
      - "747"
      X-Request-Id:
      - 0e9c7ce9-5d5a-4c75-b780-aefa8eb448a9
    status: 200 OK
    code: 200
    duration: ""
- request:
    body: ""
    form: {}
    headers:
      Accept:
      - application/json
      User-Agent:
      - Terraform/1.3.4 (+https://www.terraform.io) Terraform-Plugin-SDK/2.10.1 terraform-provider-katapult/0.0.999
    url: https://api.katapult.io/core/v1/virtual_machine_network_interfaces/_?virtual_machine_network_interface%5Bid%5D=vmnet_eWbnp4Tigp1qhtf3
    method: GET
  response:
    body: '{"virtual_machine_network_interface":{"id":"vmnet_eWbnp4Tigp1qhtf3","virtual_machine":{"id":"vm_XLuhPjHeQ5Nu9kzQ","name":"tf-acc-test-update-nopeoejp19qq-diff"},"name":"Public
      Network on tf-acc-test-update-nopeoejp19qq-diff","network":{"id":"netw_gVRkZdSKczfNg34P","name":"Public
      Network"},"mac_address":"3a:d8:db:22:ec:98","state":"attached","ip_addresses":[{"id":"ip_3Mc6zF0VP1zK9Z7n","address":"185.199.222.21"}],"speed_profile":{"id":"nsp_FKZSFo5xhn9Pfr79","name":"10Gbps","permalink":"10gbps"}}}'
    headers:
      Access-Control-Allow-Methods:
      - '*'
      Access-Control-Allow-Origin:
      - '*'
      Cache-Control:
      - max-age=0, private, must-revalidate
      Content-Length:
      - "500"
      Content-Type:
      - application/json
      Date:
      - Fri, 10 Feb 2023 12:14:58 GMT
      Etag:
      - W/"75c3174e0d1b7817074e48137d046aa0"
      Server:
      - Caddy
      Strict-Transport-Security:
      - max-age=63072000; includeSubDomains
      X-Ratelimit-Permitted:
      - "1000"
      X-Ratelimit-Remaining:
      - "746"
      X-Request-Id:
      - 39d1d095-8a59-4017-9721-f821990c3dd9
    status: 200 OK
    code: 200
    duration: ""
- request:
    body: ""
    form: {}
    headers:
      Accept:
      - application/json
      User-Agent:
      - Terraform/ (+https://www.terraform.io) Terraform-Plugin-SDK/2.10.1 terraform-provider-katapult/0.0.999
    url: https://api.katapult.io/core/v1/virtual_machines/_?virtual_machine%5Bid%5D=vm_XLuhPjHeQ5Nu9kzQ
    method: GET
  response:
    body: '{"virtual_machine":{"id":"vm_XLuhPjHeQ5Nu9kzQ","name":"tf-acc-test-update-nopeoejp19qq-diff","hostname":"tf-acc-test-update-nopeoejp19qq-host-diff","fqdn":"tf-acc-test-update-nopeoejp19qq-host-diff.terraform-acc-test.katapult.cloud","description":"A
      app server.","created_at":1676031272,"initial_root_password":"giWEXXMINP1C7Euk","state":"started","zone":{"id":"zone_7Uuz6wzE17ZShh8f","name":"LON-1","permalink":"lon-zone-1","data_center":{"id":"loc_UUhPmoCbpic6UX0Y","name":"London","permalink":"uk-lon-01","country":{"id":"ctry_6AO9tYYugvTGnd5b","name":"United
      Kingdom","iso_code2":"GB","iso_code3":"GBR","time_zone":"Europe/London","eu":false}}},"organization":{"id":"org_eodfyqFF3YWb2OFC","name":"terraform-acc-test","sub_domain":"terraform-acc-test","infrastructure_domain":"terraform-acc-test.katapult.cloud","created_at":1605785692,"suspended":false,"managed":false,"billing_name":"terraform-acc-test","address1":"42
      Barren Fields","address2":"Oxygen Farm","address3":"Seed Colony 1","address4":"Landing
      Site","postcode":"ZZ9 1LS","vat_number":null,"currency":{"id":"cur_zShCGgjgBz4EbnX1","name":"British
      Pound","iso_code":"GBP","symbol":"£"},"country":{"id":"ctry_6AO9tYYugvTGnd5b","name":"United
      Kingdom","iso_code2":"GB","iso_code3":"GBR","time_zone":"Europe/London","eu":false},"country_state":null},"group":null,"package":{"id":"vmpkg_Eh5LYVKScVHpj7sM","name":"ROCK-3","permalink":"rock-3","cpu_cores":1,"ipv4_addresses":1,"memory_in_gb":3,"storage_in_gb":25,"privacy":"public","icon":null},"attached_iso":null,"memory_in_gb":3,"cpu_cores":1,"tags":[{"id":"tag_NqAjIfOyzSMyuFPS","name":"web","color":"pastel_orange","created_at":1610021329},{"id":"tag_mlIpqWdqnStbSOtr","name":"app","color":"pastel_yellow","created_at":1610041086},{"id":"tag_9l9FNBjBpuBbCMFc","name":"lb","color":"light_gray","created_at":1610155842}],"tag_names":["web","app","lb"],"ip_addresses":[{"id":"ip_3Mc6zF0VP1zK9Z7n","address":"185.199.222.21","reverse_dns":"tf-acc-test-update-nopeoejp19qq-host-diff.terraform-acc-test.katapult.cloud","vip":false,"label":null,"address_with_mask":"185.199.222.21/24","network":{"id":"netw_gVRkZdSKczfNg34P","name":"Public
      Network","permalink":"uk-lon-01-public","data_center":{"id":"loc_UUhPmoCbpic6UX0Y","name":"London","permalink":"uk-lon-01","country":{"id":"ctry_6AO9tYYugvTGnd5b","name":"United
      Kingdom","iso_code2":"GB","iso_code3":"GBR","time_zone":"Europe/London","eu":false}}},"allocation_id":"vm_XLuhPjHeQ5Nu9kzQ","allocation_type":"VirtualMachine"}]}}'
    headers:
      Access-Control-Allow-Methods:
      - '*'
      Access-Control-Allow-Origin:
      - '*'
      Cache-Control:
      - max-age=0, private, must-revalidate
      Content-Length:
      - "2487"
      Content-Type:
      - application/json
      Date:
      - Fri, 10 Feb 2023 12:14:59 GMT
      Etag:
      - W/"1efe4312dda44ad19158c9ff7acb1d3c"
      Server:
      - Caddy
      Strict-Transport-Security:
      - max-age=63072000; includeSubDomains
      X-Ratelimit-Permitted:
      - "1000"
      X-Ratelimit-Remaining:
      - "745"
      X-Request-Id:
      - 44537f10-7f8f-4cd2-bc35-16fb0e15eeb8
    status: 200 OK
    code: 200
    duration: ""
- request:
    body: ""
    form: {}
    headers:
      Accept:
      - application/json
      User-Agent:
      - Terraform/1.3.4 (+https://www.terraform.io) Terraform-Plugin-SDK/2.10.1 terraform-provider-katapult/0.0.999
    url: https://api.katapult.io/core/v1/ip_addresses/_?ip_address%5Bid%5D=ip_3Mc6zF0VP1zK9Z7n
    method: GET
  response:
    body: '{"ip_address":{"id":"ip_3Mc6zF0VP1zK9Z7n","address":"185.199.222.21","reverse_dns":"tf-acc-test-update-nopeoejp19qq-host-diff.terraform-acc-test.katapult.cloud","vip":false,"label":null,"address_with_mask":"185.199.222.21/24","network":{"id":"netw_gVRkZdSKczfNg34P","name":"Public
      Network","permalink":"uk-lon-01-public","data_center":{"id":"loc_UUhPmoCbpic6UX0Y","name":"London","permalink":"uk-lon-01","country":{"id":"ctry_6AO9tYYugvTGnd5b","name":"United
      Kingdom","iso_code2":"GB","iso_code3":"GBR","time_zone":"Europe/London","eu":false}}},"allocation_id":"vm_XLuhPjHeQ5Nu9kzQ","allocation_type":"VirtualMachine"},"allocation":{"type":"VirtualMachine","value":{"id":"vm_XLuhPjHeQ5Nu9kzQ","name":"tf-acc-test-update-nopeoejp19qq-diff"}}}'
    headers:
      Access-Control-Allow-Methods:
      - '*'
      Access-Control-Allow-Origin:
      - '*'
      Cache-Control:
      - max-age=0, private, must-revalidate
      Content-Length:
      - "741"
      Content-Type:
      - application/json
      Date:
      - Fri, 10 Feb 2023 12:14:59 GMT
      Etag:
      - W/"da4556589e7b5ae561ffbe6dcc9cae22"
      Server:
      - Caddy
      Strict-Transport-Security:
      - max-age=63072000; includeSubDomains
      X-Ratelimit-Permitted:
      - "1000"
      X-Ratelimit-Remaining:
      - "743"
      X-Request-Id:
      - 1625e1c0-ff2a-4225-b4d1-3e1f3b21c13f
    status: 200 OK
    code: 200
    duration: ""
- request:
    body: ""
    form: {}
    headers:
      Accept:
      - application/json
      User-Agent:
      - Terraform/1.3.4 (+https://www.terraform.io) Terraform-Plugin-SDK/2.10.1 terraform-provider-katapult/0.0.999
    url: https://api.katapult.io/core/v1/virtual_machines/_?virtual_machine%5Bid%5D=vm_XLuhPjHeQ5Nu9kzQ
    method: GET
  response:
    body: '{"virtual_machine":{"id":"vm_XLuhPjHeQ5Nu9kzQ","name":"tf-acc-test-update-nopeoejp19qq-diff","hostname":"tf-acc-test-update-nopeoejp19qq-host-diff","fqdn":"tf-acc-test-update-nopeoejp19qq-host-diff.terraform-acc-test.katapult.cloud","description":"A
      app server.","created_at":1676031272,"initial_root_password":"giWEXXMINP1C7Euk","state":"started","zone":{"id":"zone_7Uuz6wzE17ZShh8f","name":"LON-1","permalink":"lon-zone-1","data_center":{"id":"loc_UUhPmoCbpic6UX0Y","name":"London","permalink":"uk-lon-01","country":{"id":"ctry_6AO9tYYugvTGnd5b","name":"United
      Kingdom","iso_code2":"GB","iso_code3":"GBR","time_zone":"Europe/London","eu":false}}},"organization":{"id":"org_eodfyqFF3YWb2OFC","name":"terraform-acc-test","sub_domain":"terraform-acc-test","infrastructure_domain":"terraform-acc-test.katapult.cloud","created_at":1605785692,"suspended":false,"managed":false,"billing_name":"terraform-acc-test","address1":"42
      Barren Fields","address2":"Oxygen Farm","address3":"Seed Colony 1","address4":"Landing
      Site","postcode":"ZZ9 1LS","vat_number":null,"currency":{"id":"cur_zShCGgjgBz4EbnX1","name":"British
      Pound","iso_code":"GBP","symbol":"£"},"country":{"id":"ctry_6AO9tYYugvTGnd5b","name":"United
      Kingdom","iso_code2":"GB","iso_code3":"GBR","time_zone":"Europe/London","eu":false},"country_state":null},"group":null,"package":{"id":"vmpkg_Eh5LYVKScVHpj7sM","name":"ROCK-3","permalink":"rock-3","cpu_cores":1,"ipv4_addresses":1,"memory_in_gb":3,"storage_in_gb":25,"privacy":"public","icon":null},"attached_iso":null,"memory_in_gb":3,"cpu_cores":1,"tags":[{"id":"tag_NqAjIfOyzSMyuFPS","name":"web","color":"pastel_orange","created_at":1610021329},{"id":"tag_mlIpqWdqnStbSOtr","name":"app","color":"pastel_yellow","created_at":1610041086},{"id":"tag_9l9FNBjBpuBbCMFc","name":"lb","color":"light_gray","created_at":1610155842}],"tag_names":["web","app","lb"],"ip_addresses":[{"id":"ip_3Mc6zF0VP1zK9Z7n","address":"185.199.222.21","reverse_dns":"tf-acc-test-update-nopeoejp19qq-host-diff.terraform-acc-test.katapult.cloud","vip":false,"label":null,"address_with_mask":"185.199.222.21/24","network":{"id":"netw_gVRkZdSKczfNg34P","name":"Public
      Network","permalink":"uk-lon-01-public","data_center":{"id":"loc_UUhPmoCbpic6UX0Y","name":"London","permalink":"uk-lon-01","country":{"id":"ctry_6AO9tYYugvTGnd5b","name":"United
      Kingdom","iso_code2":"GB","iso_code3":"GBR","time_zone":"Europe/London","eu":false}}},"allocation_id":"vm_XLuhPjHeQ5Nu9kzQ","allocation_type":"VirtualMachine"}]}}'
    headers:
      Access-Control-Allow-Methods:
      - '*'
      Access-Control-Allow-Origin:
      - '*'
      Cache-Control:
      - max-age=0, private, must-revalidate
      Content-Length:
      - "2487"
      Content-Type:
      - application/json
      Date:
      - Fri, 10 Feb 2023 12:14:59 GMT
      Etag:
      - W/"1efe4312dda44ad19158c9ff7acb1d3c"
      Server:
      - Caddy
      Strict-Transport-Security:
      - max-age=63072000; includeSubDomains
      X-Ratelimit-Permitted:
      - "1000"
      X-Ratelimit-Remaining:
      - "742"
      X-Request-Id:
      - 4098a1a7-8665-4f55-b846-0a69846803cb
    status: 200 OK
    code: 200
    duration: ""
- request:
    body: ""
    form: {}
    headers:
      Accept:
      - application/json
      User-Agent:
      - Terraform/1.3.4 (+https://www.terraform.io) Terraform-Plugin-SDK/2.10.1 terraform-provider-katapult/0.0.999
    url: https://api.katapult.io/core/v1/virtual_machines/_/network_interfaces?page=1&per_page=1&virtual_machine%5Bid%5D=vm_XLuhPjHeQ5Nu9kzQ
    method: GET
  response:
    body: '{"pagination":{"current_page":1,"total_pages":1,"total":1,"per_page":1,"large_set":false},"virtual_machine_network_interfaces":[{"id":"vmnet_eWbnp4Tigp1qhtf3","name":"Public
      Network on tf-acc-test-update-nopeoejp19qq-diff","network":{"id":"netw_gVRkZdSKczfNg34P","name":"Public
      Network"},"ip_addresses":[{"id":"ip_3Mc6zF0VP1zK9Z7n","address":"185.199.222.21"}]}]}'
    headers:
      Access-Control-Allow-Methods:
      - '*'
      Access-Control-Allow-Origin:
      - '*'
      Cache-Control:
      - max-age=0, private, must-revalidate
      Content-Length:
      - "363"
      Content-Type:
      - application/json
      Date:
      - Fri, 10 Feb 2023 12:14:59 GMT
      Etag:
      - W/"d8f628a7a07afeec519913b235f66450"
      Server:
      - Caddy
      Strict-Transport-Security:
      - max-age=63072000; includeSubDomains
      X-Ratelimit-Permitted:
      - "1000"
      X-Ratelimit-Remaining:
      - "740"
      X-Request-Id:
      - 40af5ef6-9c9f-4937-a508-89482b84e253
    status: 200 OK
    code: 200
    duration: ""
- request:
    body: ""
    form: {}
    headers:
      Accept:
      - application/json
      User-Agent:
      - Terraform/1.3.4 (+https://www.terraform.io) Terraform-Plugin-SDK/2.10.1 terraform-provider-katapult/0.0.999
    url: https://api.katapult.io/core/v1/virtual_machine_network_interfaces/_?virtual_machine_network_interface%5Bid%5D=vmnet_eWbnp4Tigp1qhtf3
    method: GET
  response:
    body: '{"virtual_machine_network_interface":{"id":"vmnet_eWbnp4Tigp1qhtf3","virtual_machine":{"id":"vm_XLuhPjHeQ5Nu9kzQ","name":"tf-acc-test-update-nopeoejp19qq-diff"},"name":"Public
      Network on tf-acc-test-update-nopeoejp19qq-diff","network":{"id":"netw_gVRkZdSKczfNg34P","name":"Public
      Network"},"mac_address":"3a:d8:db:22:ec:98","state":"attached","ip_addresses":[{"id":"ip_3Mc6zF0VP1zK9Z7n","address":"185.199.222.21"}],"speed_profile":{"id":"nsp_FKZSFo5xhn9Pfr79","name":"10Gbps","permalink":"10gbps"}}}'
    headers:
      Access-Control-Allow-Methods:
      - '*'
      Access-Control-Allow-Origin:
      - '*'
      Cache-Control:
      - max-age=0, private, must-revalidate
      Content-Length:
      - "500"
      Content-Type:
      - application/json
      Date:
      - Fri, 10 Feb 2023 12:14:59 GMT
      Etag:
      - W/"75c3174e0d1b7817074e48137d046aa0"
      Server:
      - Caddy
      Strict-Transport-Security:
      - max-age=63072000; includeSubDomains
      X-Ratelimit-Permitted:
      - "1000"
      X-Ratelimit-Remaining:
      - "739"
      X-Request-Id:
      - f9ae9475-1cc4-4bd2-a6f4-311c2b7be7dd
    status: 200 OK
    code: 200
    duration: ""
- request:
    body: ""
    form: {}
    headers:
      Accept:
      - application/json
      User-Agent:
      - Terraform/1.3.4 (+https://www.terraform.io) Terraform-Plugin-SDK/2.10.1 terraform-provider-katapult/0.0.999
    url: https://api.katapult.io/core/v1/virtual_machines/_?virtual_machine%5Bid%5D=vm_XLuhPjHeQ5Nu9kzQ
    method: GET
  response:
    body: '{"virtual_machine":{"id":"vm_XLuhPjHeQ5Nu9kzQ","name":"tf-acc-test-update-nopeoejp19qq-diff","hostname":"tf-acc-test-update-nopeoejp19qq-host-diff","fqdn":"tf-acc-test-update-nopeoejp19qq-host-diff.terraform-acc-test.katapult.cloud","description":"A
      app server.","created_at":1676031272,"initial_root_password":"giWEXXMINP1C7Euk","state":"started","zone":{"id":"zone_7Uuz6wzE17ZShh8f","name":"LON-1","permalink":"lon-zone-1","data_center":{"id":"loc_UUhPmoCbpic6UX0Y","name":"London","permalink":"uk-lon-01","country":{"id":"ctry_6AO9tYYugvTGnd5b","name":"United
      Kingdom","iso_code2":"GB","iso_code3":"GBR","time_zone":"Europe/London","eu":false}}},"organization":{"id":"org_eodfyqFF3YWb2OFC","name":"terraform-acc-test","sub_domain":"terraform-acc-test","infrastructure_domain":"terraform-acc-test.katapult.cloud","created_at":1605785692,"suspended":false,"managed":false,"billing_name":"terraform-acc-test","address1":"42
      Barren Fields","address2":"Oxygen Farm","address3":"Seed Colony 1","address4":"Landing
      Site","postcode":"ZZ9 1LS","vat_number":null,"currency":{"id":"cur_zShCGgjgBz4EbnX1","name":"British
      Pound","iso_code":"GBP","symbol":"£"},"country":{"id":"ctry_6AO9tYYugvTGnd5b","name":"United
      Kingdom","iso_code2":"GB","iso_code3":"GBR","time_zone":"Europe/London","eu":false},"country_state":null},"group":null,"package":{"id":"vmpkg_Eh5LYVKScVHpj7sM","name":"ROCK-3","permalink":"rock-3","cpu_cores":1,"ipv4_addresses":1,"memory_in_gb":3,"storage_in_gb":25,"privacy":"public","icon":null},"attached_iso":null,"memory_in_gb":3,"cpu_cores":1,"tags":[{"id":"tag_NqAjIfOyzSMyuFPS","name":"web","color":"pastel_orange","created_at":1610021329},{"id":"tag_mlIpqWdqnStbSOtr","name":"app","color":"pastel_yellow","created_at":1610041086},{"id":"tag_9l9FNBjBpuBbCMFc","name":"lb","color":"light_gray","created_at":1610155842}],"tag_names":["web","app","lb"],"ip_addresses":[{"id":"ip_3Mc6zF0VP1zK9Z7n","address":"185.199.222.21","reverse_dns":"tf-acc-test-update-nopeoejp19qq-host-diff.terraform-acc-test.katapult.cloud","vip":false,"label":null,"address_with_mask":"185.199.222.21/24","network":{"id":"netw_gVRkZdSKczfNg34P","name":"Public
      Network","permalink":"uk-lon-01-public","data_center":{"id":"loc_UUhPmoCbpic6UX0Y","name":"London","permalink":"uk-lon-01","country":{"id":"ctry_6AO9tYYugvTGnd5b","name":"United
      Kingdom","iso_code2":"GB","iso_code3":"GBR","time_zone":"Europe/London","eu":false}}},"allocation_id":"vm_XLuhPjHeQ5Nu9kzQ","allocation_type":"VirtualMachine"}]}}'
    headers:
      Access-Control-Allow-Methods:
      - '*'
      Access-Control-Allow-Origin:
      - '*'
      Cache-Control:
      - max-age=0, private, must-revalidate
      Content-Length:
      - "2487"
      Content-Type:
      - application/json
      Date:
      - Fri, 10 Feb 2023 12:14:59 GMT
      Etag:
      - W/"1efe4312dda44ad19158c9ff7acb1d3c"
      Server:
      - Caddy
      Strict-Transport-Security:
      - max-age=63072000; includeSubDomains
      X-Ratelimit-Permitted:
      - "1000"
      X-Ratelimit-Remaining:
      - "737"
      X-Request-Id:
      - ddf67824-bd19-4926-a69b-d930db036293
    status: 200 OK
    code: 200
    duration: ""
- request:
    body: ""
    form: {}
    headers:
      Accept:
      - application/json
      User-Agent:
      - Terraform/1.3.4 (+https://www.terraform.io) Terraform-Plugin-SDK/2.10.1 terraform-provider-katapult/0.0.999
    url: https://api.katapult.io/core/v1/virtual_machines/_/stop?virtual_machine%5Bid%5D=vm_XLuhPjHeQ5Nu9kzQ
    method: POST
  response:
    body: '{"task":{"id":"task_RBTQ919XAkfGvSFw","name":"Stop virtual machine","status":"pending"}}'
    headers:
      Access-Control-Allow-Methods:
      - '*'
      Access-Control-Allow-Origin:
      - '*'
      Cache-Control:
      - max-age=0, private, must-revalidate
      Content-Length:
      - "88"
      Content-Type:
      - application/json
      Date:
      - Fri, 10 Feb 2023 12:14:59 GMT
      Etag:
      - W/"c4a148e846916276a4aa1488aad18e26"
      Server:
      - Caddy
      Strict-Transport-Security:
      - max-age=63072000; includeSubDomains
      X-Ratelimit-Permitted:
      - "1000"
      X-Ratelimit-Remaining:
      - "736"
      X-Request-Id:
      - e5c1aef2-7d32-47b5-a6ea-47446a9986d7
    status: 200 OK
    code: 200
    duration: ""
- request:
    body: ""
    form: {}
    headers:
      Accept:
      - application/json
      User-Agent:
      - Terraform/1.3.4 (+https://www.terraform.io) Terraform-Plugin-SDK/2.10.1 terraform-provider-katapult/0.0.999
    url: https://api.katapult.io/core/v1/tasks/task_RBTQ919XAkfGvSFw
    method: GET
  response:
    body: '{"task":{"id":"task_RBTQ919XAkfGvSFw","name":"Stop virtual machine","status":"running","created_at":1676031299,"started_at":1676031300,"finished_at":null,"progress":5}}'
    headers:
      Access-Control-Allow-Methods:
      - '*'
      Access-Control-Allow-Origin:
      - '*'
      Cache-Control:
      - max-age=0, private, must-revalidate
      Content-Length:
      - "168"
      Content-Type:
      - application/json
      Date:
      - Fri, 10 Feb 2023 12:15:00 GMT
      Etag:
      - W/"2e1ee5688c2417e7db29a5d76d786053"
      Server:
      - Caddy
      Strict-Transport-Security:
      - max-age=63072000; includeSubDomains
      X-Ratelimit-Permitted:
      - "1000"
      X-Ratelimit-Remaining:
      - "996"
      X-Request-Id:
      - 13c0818e-b37c-4871-a116-9040d9ab8fba
    status: 200 OK
    code: 200
    duration: ""
- request:
    body: ""
    form: {}
    headers:
      Accept:
      - application/json
      User-Agent:
      - Terraform/1.3.4 (+https://www.terraform.io) Terraform-Plugin-SDK/2.10.1 terraform-provider-katapult/0.0.999
    url: https://api.katapult.io/core/v1/tasks/task_RBTQ919XAkfGvSFw
    method: GET
  response:
    body: '{"task":{"id":"task_RBTQ919XAkfGvSFw","name":"Stop virtual machine","status":"completed","created_at":1676031299,"started_at":1676031300,"finished_at":1676031303,"progress":100}}'
    headers:
      Access-Control-Allow-Methods:
      - '*'
      Access-Control-Allow-Origin:
      - '*'
      Cache-Control:
      - max-age=0, private, must-revalidate
      Content-Length:
      - "178"
      Content-Type:
      - application/json
      Date:
      - Fri, 10 Feb 2023 12:15:05 GMT
      Etag:
      - W/"40f22fc7d67918d60b623bbaf1aa40e4"
      Server:
      - Caddy
      Strict-Transport-Security:
      - max-age=63072000; includeSubDomains
      X-Ratelimit-Permitted:
      - "1000"
      X-Ratelimit-Remaining:
      - "956"
      X-Request-Id:
      - be4b0242-7114-4ef6-9aea-9a2dacc5d479
    status: 200 OK
    code: 200
    duration: ""
- request:
    body: ""
    form: {}
    headers:
      Accept:
      - application/json
      User-Agent:
      - Terraform/1.3.4 (+https://www.terraform.io) Terraform-Plugin-SDK/2.10.1 terraform-provider-katapult/0.0.999
    url: https://api.katapult.io/core/v1/virtual_machines/_?virtual_machine%5Bid%5D=vm_XLuhPjHeQ5Nu9kzQ
    method: DELETE
  response:
    body: '{"trash_object":{"id":"trsh_Wpx4AJrHQuOEGBF3","keep_until":1676204105,"object_id":"vm_XLuhPjHeQ5Nu9kzQ","object_type":"VirtualMachine"},"virtual_machine":{"id":"vm_XLuhPjHeQ5Nu9kzQ","name":"tf-acc-test-update-nopeoejp19qq-diff","hostname":"tf-acc-test-update-nopeoejp19qq-host-diff","fqdn":"tf-acc-test-update-nopeoejp19qq-host-diff.terraform-acc-test.katapult.cloud","description":"A
      app server.","created_at":1676031272,"initial_root_password":"giWEXXMINP1C7Euk","state":"stopped","zone":{"id":"zone_7Uuz6wzE17ZShh8f","name":"LON-1","permalink":"lon-zone-1","data_center":{"id":"loc_UUhPmoCbpic6UX0Y","name":"London","permalink":"uk-lon-01","country":{"id":"ctry_6AO9tYYugvTGnd5b","name":"United
      Kingdom","iso_code2":"GB","iso_code3":"GBR","time_zone":"Europe/London","eu":false}}},"organization":{"id":"org_eodfyqFF3YWb2OFC","name":"terraform-acc-test","sub_domain":"terraform-acc-test","infrastructure_domain":"terraform-acc-test.katapult.cloud","created_at":1605785692,"suspended":false,"managed":false,"billing_name":"terraform-acc-test","address1":"42
      Barren Fields","address2":"Oxygen Farm","address3":"Seed Colony 1","address4":"Landing
      Site","postcode":"ZZ9 1LS","vat_number":null,"currency":{"id":"cur_zShCGgjgBz4EbnX1","name":"British
      Pound","iso_code":"GBP","symbol":"£"},"country":{"id":"ctry_6AO9tYYugvTGnd5b","name":"United
      Kingdom","iso_code2":"GB","iso_code3":"GBR","time_zone":"Europe/London","eu":false},"country_state":null},"group":null,"package":{"id":"vmpkg_Eh5LYVKScVHpj7sM","name":"ROCK-3","permalink":"rock-3","cpu_cores":1,"ipv4_addresses":1,"memory_in_gb":3,"storage_in_gb":25,"privacy":"public","icon":null},"attached_iso":null,"memory_in_gb":3,"cpu_cores":1,"tags":[{"id":"tag_NqAjIfOyzSMyuFPS","name":"web","color":"pastel_orange","created_at":1610021329},{"id":"tag_mlIpqWdqnStbSOtr","name":"app","color":"pastel_yellow","created_at":1610041086},{"id":"tag_9l9FNBjBpuBbCMFc","name":"lb","color":"light_gray","created_at":1610155842}],"tag_names":["web","app","lb"],"ip_addresses":[{"id":"ip_3Mc6zF0VP1zK9Z7n","address":"185.199.222.21","reverse_dns":"tf-acc-test-update-nopeoejp19qq-host-diff.terraform-acc-test.katapult.cloud","vip":false,"label":null,"address_with_mask":"185.199.222.21/24","network":{"id":"netw_gVRkZdSKczfNg34P","name":"Public
      Network","permalink":"uk-lon-01-public","data_center":{"id":"loc_UUhPmoCbpic6UX0Y","name":"London","permalink":"uk-lon-01","country":{"id":"ctry_6AO9tYYugvTGnd5b","name":"United
      Kingdom","iso_code2":"GB","iso_code3":"GBR","time_zone":"Europe/London","eu":false}}},"allocation_id":"vm_XLuhPjHeQ5Nu9kzQ","allocation_type":"VirtualMachine"}]}}'
    headers:
      Access-Control-Allow-Methods:
      - '*'
      Access-Control-Allow-Origin:
      - '*'
      Cache-Control:
      - max-age=0, private, must-revalidate
      Content-Length:
      - "2622"
      Content-Type:
      - application/json
      Date:
      - Fri, 10 Feb 2023 12:15:05 GMT
      Etag:
      - W/"0aaf2f395418667d846f27a3a84747c4"
      Server:
      - Caddy
      Strict-Transport-Security:
      - max-age=63072000; includeSubDomains
      X-Ratelimit-Permitted:
      - "1000"
      X-Ratelimit-Remaining:
      - "954"
      X-Request-Id:
      - 4c956f85-7e81-4fbb-a670-1a5d9a694ee8
    status: 200 OK
    code: 200
    duration: ""
- request:
    body: ""
    form: {}
    headers:
      Accept:
      - application/json
      User-Agent:
      - Terraform/1.3.4 (+https://www.terraform.io) Terraform-Plugin-SDK/2.10.1 terraform-provider-katapult/0.0.999
    url: https://api.katapult.io/core/v1/ip_addresses/_/unallocate?ip_address%5Bid%5D=ip_3Mc6zF0VP1zK9Z7n
    method: POST
  response:
    body: '{}'
    headers:
      Access-Control-Allow-Methods:
      - '*'
      Access-Control-Allow-Origin:
      - '*'
      Cache-Control:
      - max-age=0, private, must-revalidate
      Content-Length:
      - "2"
      Content-Type:
      - application/json
      Date:
      - Fri, 10 Feb 2023 12:15:06 GMT
      Etag:
      - W/"44136fa355b3678a1146ad16f7e8649e"
      Server:
      - Caddy
      Strict-Transport-Security:
      - max-age=63072000; includeSubDomains
      X-Ratelimit-Permitted:
      - "1000"
      X-Ratelimit-Remaining:
      - "952"
      X-Request-Id:
      - 7acf9e50-398e-4ca8-ad99-2871a841d2fd
    status: 200 OK
    code: 200
    duration: ""
- request:
    body: ""
    form: {}
    headers:
      Accept:
      - application/json
      User-Agent:
      - Terraform/1.3.4 (+https://www.terraform.io) Terraform-Plugin-SDK/2.10.1 terraform-provider-katapult/0.0.999
    url: https://api.katapult.io/core/v1/trash_objects/_?trash_object%5Bid%5D=trsh_Wpx4AJrHQuOEGBF3
    method: DELETE
  response:
    body: '{"task":{"id":"task_1mMuT42Y4OuOWDPj","name":"Purge items from trash","status":"pending","created_at":1676031306,"started_at":null,"finished_at":null,"progress":0}}'
    headers:
      Access-Control-Allow-Methods:
      - '*'
      Access-Control-Allow-Origin:
      - '*'
      Cache-Control:
      - max-age=0, private, must-revalidate
      Content-Length:
      - "164"
      Content-Type:
      - application/json
      Date:
      - Fri, 10 Feb 2023 12:15:06 GMT
      Etag:
      - W/"eab6c23f559703a0a86403c3edd748b1"
      Server:
      - Caddy
      Strict-Transport-Security:
      - max-age=63072000; includeSubDomains
      X-Ratelimit-Permitted:
      - "1000"
      X-Ratelimit-Remaining:
      - "948"
      X-Request-Id:
      - 1533ae22-a901-4d18-9382-5122917c5c8b
    status: 200 OK
    code: 200
    duration: ""
- request:
    body: ""
    form: {}
    headers:
      Accept:
      - application/json
      User-Agent:
      - Terraform/1.3.4 (+https://www.terraform.io) Terraform-Plugin-SDK/2.10.1 terraform-provider-katapult/0.0.999
    url: https://api.katapult.io/core/v1/tasks/task_1mMuT42Y4OuOWDPj
    method: GET
  response:
    body: '{"task":{"id":"task_1mMuT42Y4OuOWDPj","name":"Purge items from trash","status":"running","created_at":1676031306,"started_at":1676031307,"finished_at":null,"progress":5}}'
    headers:
      Access-Control-Allow-Methods:
      - '*'
      Access-Control-Allow-Origin:
      - '*'
      Cache-Control:
      - max-age=0, private, must-revalidate
      Content-Length:
      - "170"
      Content-Type:
      - application/json
      Date:
      - Fri, 10 Feb 2023 12:15:07 GMT
      Etag:
      - W/"e14021c724050adeb5cc6bff305aeba3"
      Server:
      - Caddy
      Strict-Transport-Security:
      - max-age=63072000; includeSubDomains
      X-Ratelimit-Permitted:
      - "1000"
      X-Ratelimit-Remaining:
      - "941"
      X-Request-Id:
      - 26d6a45d-fc40-442d-9f6e-5b53034d93fb
    status: 200 OK
    code: 200
    duration: ""
- request:
    body: ""
    form: {}
    headers:
      Accept:
      - application/json
      User-Agent:
      - Terraform/1.3.4 (+https://www.terraform.io) Terraform-Plugin-SDK/2.10.1 terraform-provider-katapult/0.0.999
    url: https://api.katapult.io/core/v1/tasks/task_1mMuT42Y4OuOWDPj
    method: GET
  response:
    body: '{"task":{"id":"task_1mMuT42Y4OuOWDPj","name":"Purge items from trash","status":"completed","created_at":1676031306,"started_at":1676031307,"finished_at":1676031309,"progress":100}}'
    headers:
      Access-Control-Allow-Methods:
      - '*'
      Access-Control-Allow-Origin:
      - '*'
      Cache-Control:
      - max-age=0, private, must-revalidate
      Content-Length:
      - "180"
      Content-Type:
      - application/json
      Date:
      - Fri, 10 Feb 2023 12:15:12 GMT
      Etag:
      - W/"26b2d80a8934e255fe61b28399bf7a8c"
      Server:
      - Caddy
      Strict-Transport-Security:
      - max-age=63072000; includeSubDomains
      X-Ratelimit-Permitted:
      - "1000"
      X-Ratelimit-Remaining:
      - "901"
      X-Request-Id:
      - 57d6289e-d5d8-402b-8a87-e66087517a17
    status: 200 OK
    code: 200
    duration: ""
- request:
    body: ""
    form: {}
    headers:
      Accept:
      - application/json
      User-Agent:
      - Terraform/1.3.4 (+https://www.terraform.io) Terraform-Plugin-SDK/2.10.1 terraform-provider-katapult/0.0.999
    url: https://api.katapult.io/core/v1/ip_addresses/_?ip_address%5Bid%5D=ip_3Mc6zF0VP1zK9Z7n
    method: DELETE
  response:
    body: '{}'
    headers:
      Access-Control-Allow-Methods:
      - '*'
      Access-Control-Allow-Origin:
      - '*'
      Cache-Control:
      - max-age=0, private, must-revalidate
      Content-Length:
      - "2"
      Content-Type:
      - application/json
      Date:
      - Fri, 10 Feb 2023 12:15:12 GMT
      Etag:
      - W/"44136fa355b3678a1146ad16f7e8649e"
      Server:
      - Caddy
      Strict-Transport-Security:
      - max-age=63072000; includeSubDomains
      X-Ratelimit-Permitted:
      - "1000"
      X-Ratelimit-Remaining:
      - "900"
      X-Request-Id:
      - 5e1421b7-9dfd-4604-ab20-9c615106e287
    status: 200 OK
    code: 200
    duration: ""
- request:
    body: ""
    form: {}
    headers:
      Accept:
      - application/json
      User-Agent:
      - Terraform/ (+https://www.terraform.io) Terraform-Plugin-SDK/2.10.1 terraform-provider-katapult/0.0.999
    url: https://api.katapult.io/core/v1/virtual_machines/_?virtual_machine%5Bid%5D=vm_XLuhPjHeQ5Nu9kzQ
    method: GET
  response:
    body: '{"error":{"code":"virtual_machine_not_found","description":"No virtual
      machine was found matching any of the criteria provided in the arguments","detail":{}}}'
    headers:
      Access-Control-Allow-Methods:
      - '*'
      Access-Control-Allow-Origin:
      - '*'
      Cache-Control:
      - no-cache
      Content-Length:
      - "158"
      Content-Type:
      - application/json
      Date:
      - Fri, 10 Feb 2023 12:15:12 GMT
      Server:
      - Caddy
      Strict-Transport-Security:
      - max-age=63072000; includeSubDomains
      X-Api-Schema:
      - json-error
      X-Ratelimit-Permitted:
      - "1000"
      X-Ratelimit-Remaining:
      - "899"
      X-Request-Id:
      - 4107a1a8-a2ed-49b5-bf4d-62181e8e0359
    status: 404 Not Found
    code: 404
    duration: ""
- request:
    body: ""
    form: {}
    headers:
      Accept:
      - application/json
      User-Agent:
      - Terraform/ (+https://www.terraform.io) Terraform-Plugin-SDK/2.10.1 terraform-provider-katapult/0.0.999
    url: https://api.katapult.io/core/v1/ip_addresses/_?ip_address%5Bid%5D=ip_3Mc6zF0VP1zK9Z7n
    method: GET
  response:
    body: '{"error":{"code":"ip_address_not_found","description":"No IP addresses
      were found matching any of the criteria provided in the arguments","detail":{}}}'
    headers:
      Access-Control-Allow-Methods:
      - '*'
      Access-Control-Allow-Origin:
      - '*'
      Cache-Control:
      - no-cache
      Content-Length:
      - "151"
      Content-Type:
      - application/json
      Date:
      - Fri, 10 Feb 2023 12:15:12 GMT
      Server:
      - Caddy
      Strict-Transport-Security:
      - max-age=63072000; includeSubDomains
      X-Api-Schema:
      - json-error
      X-Ratelimit-Permitted:
      - "1000"
      X-Ratelimit-Remaining:
      - "898"
      X-Request-Id:
      - 263acf7c-51dc-4b5a-8d34-d65a4453fd04
    status: 404 Not Found
    code: 404
    duration: ""
