---
version: 1
interactions:
- request:
    body: ""
    form: {}
    headers:
      Accept:
      - application/json
      User-Agent:
      - Terraform/0.14.9 (+https://www.terraform.io) Terraform-Plugin-SDK/2.4.3 terraform-provider-katapult/0.0.999
    url: https://api.katapult.io/core/v1/organizations/_/available_networks?organization%5Bsub_domain%5D=terraform-acc-test
    method: GET
  response:
    body: '{"networks":[{"id":"netw_gVRkZdSKczfNg34P","name":"Public Network","permalink":"uk-lon-01-public","data_center":{"id":"loc_UUhPmoCbpic6UX0Y","name":"London","permalink":"uk-lon-01"}},{"id":"netw_q0lBvtutvOjujgyO","name":"Public
      Network - NYC","permalink":"us-nyc-01","data_center":{"id":"dc_TfDSMyVYoS3fJnSt","name":"New
      York","permalink":"us-nyc-01"}}],"virtual_networks":[]}'
    headers:
      Access-Control-Allow-Methods:
      - '*'
      Access-Control-Allow-Origin:
      - '*'
      Cache-Control:
      - max-age=0, private, must-revalidate
      Connection:
      - keep-alive
      Content-Length:
      - "376"
      Content-Type:
      - application/json
      Date:
      - Mon, 29 Mar 2021 16:15:46 GMT
      Etag:
      - W/"556a80fd56c052ba0c772f9d204cefad"
      Server:
      - nginx/1.14.0 (Ubuntu)
      Strict-Transport-Security:
      - max-age=31536000; includeSubDomains
      X-Ratelimit-Permitted:
      - "200"
      X-Ratelimit-Remaining:
      - "199"
      X-Request-Id:
      - 148621a1-5705-4ad2-85ba-2edec458c484
    status: 200 OK
    code: 200
    duration: ""
- request:
    body: ""
    form: {}
    headers:
      Accept:
      - application/json
      User-Agent:
      - Terraform/0.14.9 (+https://www.terraform.io) Terraform-Plugin-SDK/2.4.3 terraform-provider-katapult/0.0.999
    url: https://api.katapult.io/core/v1/data_centers/_?data_center%5Bpermalink%5D=uk-lon-01
    method: GET
  response:
    body: '{"data_center":{"id":"loc_UUhPmoCbpic6UX0Y","name":"London","permalink":"uk-lon-01","country":{"id":"ctry_6AO9tYYugvTGnd5b","name":"United
      Kingdom"}}}'
    headers:
      Access-Control-Allow-Methods:
      - '*'
      Access-Control-Allow-Origin:
      - '*'
      Cache-Control:
      - max-age=0, private, must-revalidate
      Connection:
      - keep-alive
      Content-Length:
      - "150"
      Content-Type:
      - application/json
      Date:
      - Mon, 29 Mar 2021 16:15:46 GMT
      Etag:
      - W/"472ac8fb76e85c650214cebfe1011d9e"
      Server:
      - nginx/1.14.0 (Ubuntu)
      Strict-Transport-Security:
      - max-age=31536000; includeSubDomains
      X-Ratelimit-Permitted:
      - "200"
      X-Ratelimit-Remaining:
      - "198"
      X-Request-Id:
      - 1262bad7-60e8-4da6-81e5-c3cd8f18bba7
    status: 200 OK
    code: 200
    duration: ""
- request:
    body: |
      {"organization":{"sub_domain":"terraform-acc-test"},"network":{"id":"netw_gVRkZdSKczfNg34P"},"version":"ipv4"}
    form: {}
    headers:
      Accept:
      - application/json
      Content-Type:
      - application/json
      User-Agent:
      - Terraform/0.14.9 (+https://www.terraform.io) Terraform-Plugin-SDK/2.4.3 terraform-provider-katapult/0.0.999
    url: https://api.katapult.io/core/v1/organizations/_/ip_addresses
    method: POST
  response:
    body: '{"ip_address":{"id":"ip_dHjE8bqCL4inBLBI","address":"185.53.57.5","reverse_dns":"185-53-57-5.rdns.katapult.cloud","vip":false,"label":null,"address_with_mask":"185.53.57.5/24","network":{"id":"netw_gVRkZdSKczfNg34P","name":"Public
      Network","permalink":"uk-lon-01-public","data_center":{"id":"loc_UUhPmoCbpic6UX0Y","name":"London","permalink":"uk-lon-01","country":{"id":"ctry_6AO9tYYugvTGnd5b","name":"United
      Kingdom","iso_code2":"GB","iso_code3":"GBR","time_zone":"Europe/London","eu":false}}},"allocation_id":null,"allocation_type":null}}'
    headers:
      Access-Control-Allow-Methods:
      - '*'
      Access-Control-Allow-Origin:
      - '*'
      Cache-Control:
      - max-age=0, private, must-revalidate
      Connection:
      - keep-alive
      Content-Length:
      - "540"
      Content-Type:
      - application/json
      Date:
      - Mon, 29 Mar 2021 16:15:46 GMT
      Etag:
      - W/"4ababc34810505ee402ceb120c9333bc"
      Server:
      - nginx/1.14.0 (Ubuntu)
      Strict-Transport-Security:
      - max-age=31536000; includeSubDomains
      X-Ratelimit-Permitted:
      - "200"
      X-Ratelimit-Remaining:
      - "197"
      X-Request-Id:
      - a9a484e9-5bf2-4e8d-811c-9889fbd26945
    status: 200 OK
    code: 200
    duration: ""
- request:
    body: ""
    form: {}
    headers:
      Accept:
      - application/json
      User-Agent:
      - Terraform/0.14.9 (+https://www.terraform.io) Terraform-Plugin-SDK/2.4.3 terraform-provider-katapult/0.0.999
    url: https://api.katapult.io/core/v1/ip_addresses/_?ip_address%5Bid%5D=ip_dHjE8bqCL4inBLBI
    method: GET
  response:
    body: '{"ip_address":{"id":"ip_dHjE8bqCL4inBLBI","address":"185.53.57.5","reverse_dns":"185-53-57-5.rdns.katapult.cloud","vip":false,"label":null,"address_with_mask":"185.53.57.5/24","network":{"id":"netw_gVRkZdSKczfNg34P","name":"Public
      Network","permalink":"uk-lon-01-public","data_center":{"id":"loc_UUhPmoCbpic6UX0Y","name":"London","permalink":"uk-lon-01","country":{"id":"ctry_6AO9tYYugvTGnd5b","name":"United
      Kingdom","iso_code2":"GB","iso_code3":"GBR","time_zone":"Europe/London","eu":false}}},"allocation_id":null,"allocation_type":null},"allocation":null}'
    headers:
      Access-Control-Allow-Methods:
      - '*'
      Access-Control-Allow-Origin:
      - '*'
      Cache-Control:
      - max-age=0, private, must-revalidate
      Connection:
      - keep-alive
      Content-Length:
      - "558"
      Content-Type:
      - application/json
      Date:
      - Mon, 29 Mar 2021 16:15:47 GMT
      Etag:
      - W/"8658d2e04a7af83ccf3a03f244226577"
      Server:
      - nginx/1.14.0 (Ubuntu)
      Strict-Transport-Security:
      - max-age=31536000; includeSubDomains
      X-Ratelimit-Permitted:
      - "200"
      X-Ratelimit-Remaining:
      - "196"
      X-Request-Id:
      - 6ae715e6-07ef-425c-9e14-dd0189afa632
    status: 200 OK
    code: 200
    duration: ""
- request:
    body: ""
    form: {}
    headers:
      Accept:
      - application/json
      User-Agent:
      - Terraform/0.14.9 (+https://www.terraform.io) Terraform-Plugin-SDK/2.4.3 terraform-provider-katapult/0.0.999
    url: https://api.katapult.io/core/v1/ip_addresses/_?ip_address%5Bid%5D=ip_dHjE8bqCL4inBLBI
    method: GET
  response:
    body: '{"ip_address":{"id":"ip_dHjE8bqCL4inBLBI","address":"185.53.57.5","reverse_dns":"185-53-57-5.rdns.katapult.cloud","vip":false,"label":null,"address_with_mask":"185.53.57.5/24","network":{"id":"netw_gVRkZdSKczfNg34P","name":"Public
      Network","permalink":"uk-lon-01-public","data_center":{"id":"loc_UUhPmoCbpic6UX0Y","name":"London","permalink":"uk-lon-01","country":{"id":"ctry_6AO9tYYugvTGnd5b","name":"United
      Kingdom","iso_code2":"GB","iso_code3":"GBR","time_zone":"Europe/London","eu":false}}},"allocation_id":null,"allocation_type":null},"allocation":null}'
    headers:
      Access-Control-Allow-Methods:
      - '*'
      Access-Control-Allow-Origin:
      - '*'
      Cache-Control:
      - max-age=0, private, must-revalidate
      Connection:
      - keep-alive
      Content-Length:
      - "558"
      Content-Type:
      - application/json
      Date:
      - Mon, 29 Mar 2021 16:15:47 GMT
      Etag:
      - W/"8658d2e04a7af83ccf3a03f244226577"
      Server:
      - nginx/1.14.0 (Ubuntu)
      Strict-Transport-Security:
      - max-age=31536000; includeSubDomains
      X-Ratelimit-Permitted:
      - "200"
      X-Ratelimit-Remaining:
      - "195"
      X-Request-Id:
      - 6f918626-6ede-488a-a86e-6eb0fad6de59
    status: 200 OK
    code: 200
    duration: ""
- request:
    body: |
      {"organization":{"sub_domain":"terraform-acc-test"},"xml":"<?xml version=\"1.0\" encoding=\"UTF-8\"?>\n<VirtualMachineSpec><DataCenter by=\"permalink\">uk-lon-01</DataCenter><Resources><Package by=\"permalink\">rock-3</Package></Resources><DiskTemplate><DiskTemplate by=\"permalink\">templates/ubuntu-18-04</DiskTemplate><Option key=\"install_agent\">true</Option></DiskTemplate><NetworkInterfaces><NetworkInterface><Network>netw_gVRkZdSKczfNg34P</Network><IPAddressAllocation type=\"existing\"><IPAddress>ip_dHjE8bqCL4inBLBI</IPAddress></IPAddressAllocation></NetworkInterface></NetworkInterfaces><Hostname><Hostname>tf-acc-test-blue-silent-tulip</Hostname></Hostname><AuthorizedKeys><Users all=\"yes\"></Users><SSHKeys all=\"yes\"></SSHKeys></AuthorizedKeys></VirtualMachineSpec>"}
    form: {}
    headers:
      Accept:
      - application/json
      Content-Type:
      - application/json
      User-Agent:
      - Terraform/0.14.9 (+https://www.terraform.io) Terraform-Plugin-SDK/2.4.3 terraform-provider-katapult/0.0.999
    url: https://api.katapult.io/core/v1/organizations/_/virtual_machines/build_from_spec
    method: POST
  response:
    body: '{"task":{"id":"task_NbpPfTktQG7Vij7P","name":"Build virtual machine","status":"pending"},"build":{"id":"vmbuild_6sy5l6z7DAWdgg1Q","state":"pending"},"virtual_machine_build":{"id":"vmbuild_6sy5l6z7DAWdgg1Q","state":"pending"},"hostname":"tf-acc-test-blue-silent-tulip"}'
    headers:
      Access-Control-Allow-Methods:
      - '*'
      Access-Control-Allow-Origin:
      - '*'
      Cache-Control:
      - max-age=0, private, must-revalidate
      Connection:
      - keep-alive
      Content-Length:
      - "268"
      Content-Type:
      - application/json
      Date:
      - Mon, 29 Mar 2021 16:15:47 GMT
      Etag:
      - W/"ee8b7913efc5b5b8bf5255103d01682d"
      Server:
      - nginx/1.14.0 (Ubuntu)
      Strict-Transport-Security:
      - max-age=31536000; includeSubDomains
      X-Ratelimit-Permitted:
      - "200"
      X-Ratelimit-Remaining:
      - "194"
      X-Request-Id:
      - 72f12388-96ce-4c8e-a9c3-1778e260fb05
    status: 201 Created
    code: 201
    duration: ""
- request:
    body: ""
    form: {}
    headers:
      Accept:
      - application/json
      User-Agent:
      - Terraform/0.14.9 (+https://www.terraform.io) Terraform-Plugin-SDK/2.4.3 terraform-provider-katapult/0.0.999
    url: https://api.katapult.io/core/v1/virtual_machines/builds/vmbuild_6sy5l6z7DAWdgg1Q
    method: GET
  response:
    body: '{"virtual_machine_build":{"id":"vmbuild_6sy5l6z7DAWdgg1Q","spec_xml":"\u003c?xml
      version=\"1.0\"?\u003e\n\u003cVirtualMachineSpec\u003e\n  \u003cDataCenter\u003eloc_UUhPmoCbpic6UX0Y\u003c/DataCenter\u003e\n  \u003cResources\u003e\n    \u003cPackage
      by=\"permalink\"\u003erock-3\u003c/Package\u003e\n  \u003c/Resources\u003e\n  \u003cDiskTemplate\u003e\n    \u003cDiskTemplate
      by=\"permalink\"\u003etemplates/ubuntu-18-04\u003c/DiskTemplate\u003e\n    \u003cVersion
      by=\"number\"\u003e1\u003c/Version\u003e\n    \u003cOption key=\"install_agent\"\u003etrue\u003c/Option\u003e\n  \u003c/DiskTemplate\u003e\n  \u003cNetworkInterfaces\u003e\n    \u003cNetworkInterface\u003e\n      \u003cNetwork\u003enetw_gVRkZdSKczfNg34P\u003c/Network\u003e\n      \u003cIPAddressAllocation
      type=\"existing\"\u003e\n        \u003cIPAddress by=\"address\"\u003e185.53.57.5\u003c/IPAddress\u003e\n      \u003c/IPAddressAllocation\u003e\n    \u003c/NetworkInterface\u003e\n  \u003c/NetworkInterfaces\u003e\n  \u003cHostname\u003e\n    \u003cHostname\u003etf-acc-test-blue-silent-tulip\u003c/Hostname\u003e\n  \u003c/Hostname\u003e\n  \u003cAuthorizedKeys\u003e\n    \u003cUsers
      all=\"yes\"/\u003e\n    \u003cSSHKeys all=\"yes\"/\u003e\n  \u003c/AuthorizedKeys\u003e\n\u003c/VirtualMachineSpec\u003e\n","state":"building","virtual_machine":{"id":"vm_yDSkCldqYQJUPRUS","name":"tf-acc-test-blue-silent-tulip","hostname":"tf-acc-test-blue-silent-tulip","fqdn":"tf-acc-test-blue-silent-tulip.terraform-acc-test.katapult.cloud","state":"stopped"},"created_at":1617034547}}'
    headers:
      Access-Control-Allow-Methods:
      - '*'
      Access-Control-Allow-Origin:
      - '*'
      Cache-Control:
      - max-age=0, private, must-revalidate
      Connection:
      - keep-alive
      Content-Length:
      - "1544"
      Content-Type:
      - application/json
      Date:
      - Mon, 29 Mar 2021 16:15:49 GMT
      Etag:
      - W/"e7827c01a1dc669126ab5f9dd2aebcd1"
      Server:
      - nginx/1.14.0 (Ubuntu)
      Strict-Transport-Security:
      - max-age=31536000; includeSubDomains
      X-Ratelimit-Permitted:
      - "200"
      X-Ratelimit-Remaining:
      - "193"
      X-Request-Id:
      - d28dd356-7b5c-473f-b8c9-499b01d0767b
    status: 200 OK
    code: 200
    duration: ""
- request:
    body: ""
    form: {}
    headers:
      Accept:
      - application/json
      User-Agent:
      - Terraform/0.14.9 (+https://www.terraform.io) Terraform-Plugin-SDK/2.4.3 terraform-provider-katapult/0.0.999
    url: https://api.katapult.io/core/v1/virtual_machines/builds/vmbuild_6sy5l6z7DAWdgg1Q
    method: GET
  response:
    body: '{"virtual_machine_build":{"id":"vmbuild_6sy5l6z7DAWdgg1Q","spec_xml":"\u003c?xml
      version=\"1.0\"?\u003e\n\u003cVirtualMachineSpec\u003e\n  \u003cDataCenter\u003eloc_UUhPmoCbpic6UX0Y\u003c/DataCenter\u003e\n  \u003cResources\u003e\n    \u003cPackage
      by=\"permalink\"\u003erock-3\u003c/Package\u003e\n  \u003c/Resources\u003e\n  \u003cDiskTemplate\u003e\n    \u003cDiskTemplate
      by=\"permalink\"\u003etemplates/ubuntu-18-04\u003c/DiskTemplate\u003e\n    \u003cVersion
      by=\"number\"\u003e1\u003c/Version\u003e\n    \u003cOption key=\"install_agent\"\u003etrue\u003c/Option\u003e\n  \u003c/DiskTemplate\u003e\n  \u003cNetworkInterfaces\u003e\n    \u003cNetworkInterface\u003e\n      \u003cNetwork\u003enetw_gVRkZdSKczfNg34P\u003c/Network\u003e\n      \u003cIPAddressAllocation
      type=\"existing\"\u003e\n        \u003cIPAddress by=\"address\"\u003e185.53.57.5\u003c/IPAddress\u003e\n      \u003c/IPAddressAllocation\u003e\n    \u003c/NetworkInterface\u003e\n  \u003c/NetworkInterfaces\u003e\n  \u003cHostname\u003e\n    \u003cHostname\u003etf-acc-test-blue-silent-tulip\u003c/Hostname\u003e\n  \u003c/Hostname\u003e\n  \u003cAuthorizedKeys\u003e\n    \u003cUsers
      all=\"yes\"/\u003e\n    \u003cSSHKeys all=\"yes\"/\u003e\n  \u003c/AuthorizedKeys\u003e\n\u003c/VirtualMachineSpec\u003e\n","state":"building","virtual_machine":{"id":"vm_yDSkCldqYQJUPRUS","name":"tf-acc-test-blue-silent-tulip","hostname":"tf-acc-test-blue-silent-tulip","fqdn":"tf-acc-test-blue-silent-tulip.terraform-acc-test.katapult.cloud","state":"stopped"},"created_at":1617034547}}'
    headers:
      Access-Control-Allow-Methods:
      - '*'
      Access-Control-Allow-Origin:
      - '*'
      Cache-Control:
      - max-age=0, private, must-revalidate
      Connection:
      - keep-alive
      Content-Length:
      - "1544"
      Content-Type:
      - application/json
      Date:
      - Mon, 29 Mar 2021 16:15:54 GMT
      Etag:
      - W/"e7827c01a1dc669126ab5f9dd2aebcd1"
      Server:
      - nginx/1.14.0 (Ubuntu)
      Strict-Transport-Security:
      - max-age=31536000; includeSubDomains
      X-Ratelimit-Permitted:
      - "200"
      X-Ratelimit-Remaining:
      - "192"
      X-Request-Id:
      - 84ee94c5-ee04-4f82-b197-ae822bb9648e
    status: 200 OK
    code: 200
    duration: ""
- request:
    body: ""
    form: {}
    headers:
      Accept:
      - application/json
      User-Agent:
      - Terraform/0.14.9 (+https://www.terraform.io) Terraform-Plugin-SDK/2.4.3 terraform-provider-katapult/0.0.999
    url: https://api.katapult.io/core/v1/virtual_machines/builds/vmbuild_6sy5l6z7DAWdgg1Q
    method: GET
  response:
    body: '{"virtual_machine_build":{"id":"vmbuild_6sy5l6z7DAWdgg1Q","spec_xml":"\u003c?xml
      version=\"1.0\"?\u003e\n\u003cVirtualMachineSpec\u003e\n  \u003cDataCenter\u003eloc_UUhPmoCbpic6UX0Y\u003c/DataCenter\u003e\n  \u003cResources\u003e\n    \u003cPackage
      by=\"permalink\"\u003erock-3\u003c/Package\u003e\n  \u003c/Resources\u003e\n  \u003cDiskTemplate\u003e\n    \u003cDiskTemplate
      by=\"permalink\"\u003etemplates/ubuntu-18-04\u003c/DiskTemplate\u003e\n    \u003cVersion
      by=\"number\"\u003e1\u003c/Version\u003e\n    \u003cOption key=\"install_agent\"\u003etrue\u003c/Option\u003e\n  \u003c/DiskTemplate\u003e\n  \u003cNetworkInterfaces\u003e\n    \u003cNetworkInterface\u003e\n      \u003cNetwork\u003enetw_gVRkZdSKczfNg34P\u003c/Network\u003e\n      \u003cIPAddressAllocation
      type=\"existing\"\u003e\n        \u003cIPAddress by=\"address\"\u003e185.53.57.5\u003c/IPAddress\u003e\n      \u003c/IPAddressAllocation\u003e\n    \u003c/NetworkInterface\u003e\n  \u003c/NetworkInterfaces\u003e\n  \u003cHostname\u003e\n    \u003cHostname\u003etf-acc-test-blue-silent-tulip\u003c/Hostname\u003e\n  \u003c/Hostname\u003e\n  \u003cAuthorizedKeys\u003e\n    \u003cUsers
      all=\"yes\"/\u003e\n    \u003cSSHKeys all=\"yes\"/\u003e\n  \u003c/AuthorizedKeys\u003e\n\u003c/VirtualMachineSpec\u003e\n","state":"complete","virtual_machine":{"id":"vm_yDSkCldqYQJUPRUS","name":"tf-acc-test-blue-silent-tulip","hostname":"tf-acc-test-blue-silent-tulip","fqdn":"tf-acc-test-blue-silent-tulip.terraform-acc-test.katapult.cloud","state":"started"},"created_at":1617034547}}'
    headers:
      Access-Control-Allow-Methods:
      - '*'
      Access-Control-Allow-Origin:
      - '*'
      Cache-Control:
      - max-age=0, private, must-revalidate
      Connection:
      - keep-alive
      Content-Length:
      - "1544"
      Content-Type:
      - application/json
      Date:
      - Mon, 29 Mar 2021 16:16:04 GMT
      Etag:
      - W/"29a37e0505e3009815facee8e1dc17c3"
      Server:
      - nginx/1.14.0 (Ubuntu)
      Strict-Transport-Security:
      - max-age=31536000; includeSubDomains
      X-Ratelimit-Permitted:
      - "200"
      X-Ratelimit-Remaining:
      - "199"
      X-Request-Id:
      - 20daec3e-bfac-4e55-9ec1-cf1c242534ae
    status: 200 OK
    code: 200
    duration: ""
- request:
    body: ""
    form: {}
    headers:
      Accept:
      - application/json
      User-Agent:
      - Terraform/0.14.9 (+https://www.terraform.io) Terraform-Plugin-SDK/2.4.3 terraform-provider-katapult/0.0.999
    url: https://api.katapult.io/core/v1/virtual_machines/_?virtual_machine%5Bid%5D=vm_yDSkCldqYQJUPRUS
    method: GET
  response:
    body: '{"virtual_machine":{"id":"vm_yDSkCldqYQJUPRUS","name":"tf-acc-test-blue-silent-tulip","hostname":"tf-acc-test-blue-silent-tulip","fqdn":"tf-acc-test-blue-silent-tulip.terraform-acc-test.katapult.cloud","description":null,"created_at":1617034547,"initial_root_password":"slNyx4Z28nYXatGH","state":"started","zone":{"id":"zone_7Uuz6wzE17ZShh8f","name":"LON-1","permalink":"lon-zone-1","data_center":{"id":"loc_UUhPmoCbpic6UX0Y","name":"London","permalink":"uk-lon-01","country":{"id":"ctry_6AO9tYYugvTGnd5b","name":"United
      Kingdom","iso_code2":"GB","iso_code3":"GBR","time_zone":"Europe/London","eu":false}}},"organization":{"id":"org_eodfyqFF3YWb2OFC","name":"terraform-acc-test","sub_domain":"terraform-acc-test","infrastructure_domain":"terraform-acc-test.katapult.cloud","personal":false,"created_at":1605785692,"suspended":false,"managed":false,"billing_name":"terraform-acc-test","address1":"Kemp
      House","address2":"152 - 160 City Road","address3":"London","address4":null,"postcode":"EC1V
      2NX","vat_number":null,"currency":{"id":"cur_zShCGgjgBz4EbnX1","name":"British
      Pound","iso_code":"GBP","symbol":"£"},"country":{"id":"ctry_6AO9tYYugvTGnd5b","name":"United
      Kingdom","iso_code2":"GB","iso_code3":"GBR","time_zone":"Europe/London","eu":false},"country_state":null},"group":null,"package":{"id":"vmpkg_Eh5LYVKScVHpj7sM","name":"ROCK-3","permalink":"rock-3","cpu_cores":1,"ipv4_addresses":1,"memory_in_gb":3,"storage_in_gb":25,"privacy":"public","icon":null},"attached_iso":null,"tags":[],"tag_names":[],"ip_addresses":[{"id":"ip_dHjE8bqCL4inBLBI","address":"185.53.57.5","reverse_dns":"tf-acc-test-blue-silent-tulip.terraform-acc-test.katapult.cloud","vip":false,"label":null,"address_with_mask":"185.53.57.5/24","network":{"id":"netw_gVRkZdSKczfNg34P","name":"Public
      Network","permalink":"uk-lon-01-public","data_center":{"id":"loc_UUhPmoCbpic6UX0Y","name":"London","permalink":"uk-lon-01","country":{"id":"ctry_6AO9tYYugvTGnd5b","name":"United
      Kingdom","iso_code2":"GB","iso_code3":"GBR","time_zone":"Europe/London","eu":false}}},"allocation_id":"vm_yDSkCldqYQJUPRUS","allocation_type":"VirtualMachine"}]}}'
    headers:
      Access-Control-Allow-Methods:
      - '*'
      Access-Control-Allow-Origin:
      - '*'
      Cache-Control:
      - max-age=0, private, must-revalidate
      Connection:
      - keep-alive
      Content-Length:
      - "2115"
      Content-Type:
      - application/json
      Date:
      - Mon, 29 Mar 2021 16:16:06 GMT
      Etag:
      - W/"9369c315c123cbe747e49a0efcf97faf"
      Server:
      - nginx/1.14.0 (Ubuntu)
      Strict-Transport-Security:
      - max-age=31536000; includeSubDomains
      X-Ratelimit-Permitted:
      - "200"
      X-Ratelimit-Remaining:
      - "198"
      X-Request-Id:
      - 38282f86-ddb4-4a2b-8f35-e21e2c41d25f
    status: 200 OK
    code: 200
    duration: ""
- request:
    body: ""
    form: {}
    headers:
      Accept:
      - application/json
      User-Agent:
      - Terraform/0.14.9 (+https://www.terraform.io) Terraform-Plugin-SDK/2.4.3 terraform-provider-katapult/0.0.999
    url: https://api.katapult.io/core/v1/virtual_machines/_?virtual_machine%5Bid%5D=vm_yDSkCldqYQJUPRUS
    method: GET
  response:
    body: '{"virtual_machine":{"id":"vm_yDSkCldqYQJUPRUS","name":"tf-acc-test-blue-silent-tulip","hostname":"tf-acc-test-blue-silent-tulip","fqdn":"tf-acc-test-blue-silent-tulip.terraform-acc-test.katapult.cloud","description":null,"created_at":1617034547,"initial_root_password":"slNyx4Z28nYXatGH","state":"started","zone":{"id":"zone_7Uuz6wzE17ZShh8f","name":"LON-1","permalink":"lon-zone-1","data_center":{"id":"loc_UUhPmoCbpic6UX0Y","name":"London","permalink":"uk-lon-01","country":{"id":"ctry_6AO9tYYugvTGnd5b","name":"United
      Kingdom","iso_code2":"GB","iso_code3":"GBR","time_zone":"Europe/London","eu":false}}},"organization":{"id":"org_eodfyqFF3YWb2OFC","name":"terraform-acc-test","sub_domain":"terraform-acc-test","infrastructure_domain":"terraform-acc-test.katapult.cloud","personal":false,"created_at":1605785692,"suspended":false,"managed":false,"billing_name":"terraform-acc-test","address1":"Kemp
      House","address2":"152 - 160 City Road","address3":"London","address4":null,"postcode":"EC1V
      2NX","vat_number":null,"currency":{"id":"cur_zShCGgjgBz4EbnX1","name":"British
      Pound","iso_code":"GBP","symbol":"£"},"country":{"id":"ctry_6AO9tYYugvTGnd5b","name":"United
      Kingdom","iso_code2":"GB","iso_code3":"GBR","time_zone":"Europe/London","eu":false},"country_state":null},"group":null,"package":{"id":"vmpkg_Eh5LYVKScVHpj7sM","name":"ROCK-3","permalink":"rock-3","cpu_cores":1,"ipv4_addresses":1,"memory_in_gb":3,"storage_in_gb":25,"privacy":"public","icon":null},"attached_iso":null,"tags":[],"tag_names":[],"ip_addresses":[{"id":"ip_dHjE8bqCL4inBLBI","address":"185.53.57.5","reverse_dns":"tf-acc-test-blue-silent-tulip.terraform-acc-test.katapult.cloud","vip":false,"label":null,"address_with_mask":"185.53.57.5/24","network":{"id":"netw_gVRkZdSKczfNg34P","name":"Public
      Network","permalink":"uk-lon-01-public","data_center":{"id":"loc_UUhPmoCbpic6UX0Y","name":"London","permalink":"uk-lon-01","country":{"id":"ctry_6AO9tYYugvTGnd5b","name":"United
      Kingdom","iso_code2":"GB","iso_code3":"GBR","time_zone":"Europe/London","eu":false}}},"allocation_id":"vm_yDSkCldqYQJUPRUS","allocation_type":"VirtualMachine"}]}}'
    headers:
      Access-Control-Allow-Methods:
      - '*'
      Access-Control-Allow-Origin:
      - '*'
      Cache-Control:
      - max-age=0, private, must-revalidate
      Connection:
      - keep-alive
      Content-Length:
      - "2115"
      Content-Type:
      - application/json
      Date:
      - Mon, 29 Mar 2021 16:16:06 GMT
      Etag:
      - W/"9369c315c123cbe747e49a0efcf97faf"
      Server:
      - nginx/1.14.0 (Ubuntu)
      Strict-Transport-Security:
      - max-age=31536000; includeSubDomains
      X-Ratelimit-Permitted:
      - "200"
      X-Ratelimit-Remaining:
      - "197"
      X-Request-Id:
      - 56dd6d97-e670-465e-8cbe-1852a57e1280
    status: 200 OK
    code: 200
    duration: ""
- request:
    body: ""
    form: {}
    headers:
      Accept:
      - application/json
      User-Agent:
      - Terraform/0.14.9 (+https://www.terraform.io) Terraform-Plugin-SDK/2.4.3 terraform-provider-katapult/0.0.999
    url: https://api.katapult.io/core/v1/virtual_machines/_/network_interfaces?page=1&per_page=1&virtual_machine%5Bid%5D=vm_yDSkCldqYQJUPRUS
    method: GET
  response:
    body: '{"pagination":{"current_page":1,"total_pages":1,"total":1,"per_page":1,"large_set":false},"virtual_machine_network_interfaces":[{"id":"vmnet_f1gj9xgK0RKshbfV","name":"Public
      Network on tf-acc-test-blue-silent-tulip","network":{"id":"netw_gVRkZdSKczfNg34P","name":"Public
      Network"},"ip_addresses":[{"id":"ip_dHjE8bqCL4inBLBI","address":"185.53.57.5"}]}]}'
    headers:
      Access-Control-Allow-Methods:
      - '*'
      Access-Control-Allow-Origin:
      - '*'
      Cache-Control:
      - max-age=0, private, must-revalidate
      Connection:
      - keep-alive
      Content-Length:
      - "353"
      Content-Type:
      - application/json
      Date:
      - Mon, 29 Mar 2021 16:16:06 GMT
      Etag:
      - W/"3227acc0720478dcb3cc558681292081"
      Server:
      - nginx/1.14.0 (Ubuntu)
      Strict-Transport-Security:
      - max-age=31536000; includeSubDomains
      X-Ratelimit-Permitted:
      - "200"
      X-Ratelimit-Remaining:
      - "196"
      X-Request-Id:
      - fc45445d-7fc2-44a3-b540-6495832d6428
    status: 200 OK
    code: 200
    duration: ""
- request:
    body: ""
    form: {}
    headers:
      Accept:
      - application/json
      User-Agent:
      - Terraform/0.14.9 (+https://www.terraform.io) Terraform-Plugin-SDK/2.4.3 terraform-provider-katapult/0.0.999
    url: https://api.katapult.io/core/v1/virtual_machine_network_interfaces/vmnet_f1gj9xgK0RKshbfV
    method: GET
  response:
    body: '{"virtual_machine_network_interface":{"id":"vmnet_f1gj9xgK0RKshbfV","virtual_machine":{"id":"vm_yDSkCldqYQJUPRUS","name":"tf-acc-test-blue-silent-tulip"},"name":"Public
      Network on tf-acc-test-blue-silent-tulip","network":{"id":"netw_gVRkZdSKczfNg34P","name":"Public
      Network"},"mac_address":"3a:86:d8:29:c1:21","state":"attached","ip_addresses":[{"id":"ip_dHjE8bqCL4inBLBI","address":"185.53.57.5"}],"speed_profile":{"id":"nsp_FKZSFo5xhn9Pfr79","name":"10Gbps","permalink":"10gbps"}}}'
    headers:
      Access-Control-Allow-Methods:
      - '*'
      Access-Control-Allow-Origin:
      - '*'
      Cache-Control:
      - max-age=0, private, must-revalidate
      Connection:
      - keep-alive
      Content-Length:
      - "483"
      Content-Type:
      - application/json
      Date:
      - Mon, 29 Mar 2021 16:16:06 GMT
      Etag:
      - W/"b0187ddc5050d689a0d7f62001c9b3b8"
      Server:
      - nginx/1.14.0 (Ubuntu)
      Strict-Transport-Security:
      - max-age=31536000; includeSubDomains
      X-Ratelimit-Permitted:
      - "200"
      X-Ratelimit-Remaining:
      - "195"
      X-Request-Id:
      - c34199dc-aa39-40b3-82b8-8abf0844bdde
    status: 200 OK
    code: 200
    duration: ""
- request:
    body: ""
    form: {}
    headers:
      Accept:
      - application/json
      User-Agent:
      - Terraform/ (+https://www.terraform.io) Terraform-Plugin-SDK/2.4.3 terraform-provider-katapult/0.0.999
    url: https://api.katapult.io/core/v1/virtual_machines/_?virtual_machine%5Bid%5D=vm_yDSkCldqYQJUPRUS
    method: GET
  response:
    body: '{"virtual_machine":{"id":"vm_yDSkCldqYQJUPRUS","name":"tf-acc-test-blue-silent-tulip","hostname":"tf-acc-test-blue-silent-tulip","fqdn":"tf-acc-test-blue-silent-tulip.terraform-acc-test.katapult.cloud","description":null,"created_at":1617034547,"initial_root_password":"slNyx4Z28nYXatGH","state":"started","zone":{"id":"zone_7Uuz6wzE17ZShh8f","name":"LON-1","permalink":"lon-zone-1","data_center":{"id":"loc_UUhPmoCbpic6UX0Y","name":"London","permalink":"uk-lon-01","country":{"id":"ctry_6AO9tYYugvTGnd5b","name":"United
      Kingdom","iso_code2":"GB","iso_code3":"GBR","time_zone":"Europe/London","eu":false}}},"organization":{"id":"org_eodfyqFF3YWb2OFC","name":"terraform-acc-test","sub_domain":"terraform-acc-test","infrastructure_domain":"terraform-acc-test.katapult.cloud","personal":false,"created_at":1605785692,"suspended":false,"managed":false,"billing_name":"terraform-acc-test","address1":"Kemp
      House","address2":"152 - 160 City Road","address3":"London","address4":null,"postcode":"EC1V
      2NX","vat_number":null,"currency":{"id":"cur_zShCGgjgBz4EbnX1","name":"British
      Pound","iso_code":"GBP","symbol":"£"},"country":{"id":"ctry_6AO9tYYugvTGnd5b","name":"United
      Kingdom","iso_code2":"GB","iso_code3":"GBR","time_zone":"Europe/London","eu":false},"country_state":null},"group":null,"package":{"id":"vmpkg_Eh5LYVKScVHpj7sM","name":"ROCK-3","permalink":"rock-3","cpu_cores":1,"ipv4_addresses":1,"memory_in_gb":3,"storage_in_gb":25,"privacy":"public","icon":null},"attached_iso":null,"tags":[],"tag_names":[],"ip_addresses":[{"id":"ip_dHjE8bqCL4inBLBI","address":"185.53.57.5","reverse_dns":"tf-acc-test-blue-silent-tulip.terraform-acc-test.katapult.cloud","vip":false,"label":null,"address_with_mask":"185.53.57.5/24","network":{"id":"netw_gVRkZdSKczfNg34P","name":"Public
      Network","permalink":"uk-lon-01-public","data_center":{"id":"loc_UUhPmoCbpic6UX0Y","name":"London","permalink":"uk-lon-01","country":{"id":"ctry_6AO9tYYugvTGnd5b","name":"United
      Kingdom","iso_code2":"GB","iso_code3":"GBR","time_zone":"Europe/London","eu":false}}},"allocation_id":"vm_yDSkCldqYQJUPRUS","allocation_type":"VirtualMachine"}]}}'
    headers:
      Access-Control-Allow-Methods:
      - '*'
      Access-Control-Allow-Origin:
      - '*'
      Cache-Control:
      - max-age=0, private, must-revalidate
      Connection:
      - keep-alive
      Content-Length:
      - "2115"
      Content-Type:
      - application/json
      Date:
      - Mon, 29 Mar 2021 16:16:06 GMT
      Etag:
      - W/"9369c315c123cbe747e49a0efcf97faf"
      Server:
      - nginx/1.14.0 (Ubuntu)
      Strict-Transport-Security:
      - max-age=31536000; includeSubDomains
      X-Ratelimit-Permitted:
      - "200"
      X-Ratelimit-Remaining:
      - "194"
      X-Request-Id:
      - 3709d992-4ef5-4df6-bda7-2bfc99b1c73f
    status: 200 OK
    code: 200
    duration: ""
- request:
    body: ""
    form: {}
    headers:
      Accept:
      - application/json
      User-Agent:
      - Terraform/0.14.9 (+https://www.terraform.io) Terraform-Plugin-SDK/2.4.3 terraform-provider-katapult/0.0.999
    url: https://api.katapult.io/core/v1/ip_addresses/_?ip_address%5Bid%5D=ip_dHjE8bqCL4inBLBI
    method: GET
  response:
    body: '{"ip_address":{"id":"ip_dHjE8bqCL4inBLBI","address":"185.53.57.5","reverse_dns":"tf-acc-test-blue-silent-tulip.terraform-acc-test.katapult.cloud","vip":false,"label":null,"address_with_mask":"185.53.57.5/24","network":{"id":"netw_gVRkZdSKczfNg34P","name":"Public
      Network","permalink":"uk-lon-01-public","data_center":{"id":"loc_UUhPmoCbpic6UX0Y","name":"London","permalink":"uk-lon-01","country":{"id":"ctry_6AO9tYYugvTGnd5b","name":"United
      Kingdom","iso_code2":"GB","iso_code3":"GBR","time_zone":"Europe/London","eu":false}}},"allocation_id":"vm_yDSkCldqYQJUPRUS","allocation_type":"VirtualMachine"},"allocation":{"type":"VirtualMachine","value":{"id":"vm_yDSkCldqYQJUPRUS","name":"tf-acc-test-blue-silent-tulip"}}}'
    headers:
      Access-Control-Allow-Methods:
      - '*'
      Access-Control-Allow-Origin:
      - '*'
      Cache-Control:
      - max-age=0, private, must-revalidate
      Connection:
      - keep-alive
      Content-Length:
      - "716"
      Content-Type:
      - application/json
      Date:
      - Mon, 29 Mar 2021 16:16:07 GMT
      Etag:
      - W/"d00c5f6fc7ab928161a6ed7b71f6455e"
      Server:
      - nginx/1.14.0 (Ubuntu)
      Strict-Transport-Security:
      - max-age=31536000; includeSubDomains
      X-Ratelimit-Permitted:
      - "200"
      X-Ratelimit-Remaining:
      - "193"
      X-Request-Id:
      - 85dd5659-a5b2-43ed-a0f3-c33dfd801233
    status: 200 OK
    code: 200
    duration: ""
- request:
    body: ""
    form: {}
    headers:
      Accept:
      - application/json
      User-Agent:
      - Terraform/0.14.9 (+https://www.terraform.io) Terraform-Plugin-SDK/2.4.3 terraform-provider-katapult/0.0.999
    url: https://api.katapult.io/core/v1/virtual_machines/_?virtual_machine%5Bid%5D=vm_yDSkCldqYQJUPRUS
    method: GET
  response:
    body: '{"virtual_machine":{"id":"vm_yDSkCldqYQJUPRUS","name":"tf-acc-test-blue-silent-tulip","hostname":"tf-acc-test-blue-silent-tulip","fqdn":"tf-acc-test-blue-silent-tulip.terraform-acc-test.katapult.cloud","description":null,"created_at":1617034547,"initial_root_password":"slNyx4Z28nYXatGH","state":"started","zone":{"id":"zone_7Uuz6wzE17ZShh8f","name":"LON-1","permalink":"lon-zone-1","data_center":{"id":"loc_UUhPmoCbpic6UX0Y","name":"London","permalink":"uk-lon-01","country":{"id":"ctry_6AO9tYYugvTGnd5b","name":"United
      Kingdom","iso_code2":"GB","iso_code3":"GBR","time_zone":"Europe/London","eu":false}}},"organization":{"id":"org_eodfyqFF3YWb2OFC","name":"terraform-acc-test","sub_domain":"terraform-acc-test","infrastructure_domain":"terraform-acc-test.katapult.cloud","personal":false,"created_at":1605785692,"suspended":false,"managed":false,"billing_name":"terraform-acc-test","address1":"Kemp
      House","address2":"152 - 160 City Road","address3":"London","address4":null,"postcode":"EC1V
      2NX","vat_number":null,"currency":{"id":"cur_zShCGgjgBz4EbnX1","name":"British
      Pound","iso_code":"GBP","symbol":"£"},"country":{"id":"ctry_6AO9tYYugvTGnd5b","name":"United
      Kingdom","iso_code2":"GB","iso_code3":"GBR","time_zone":"Europe/London","eu":false},"country_state":null},"group":null,"package":{"id":"vmpkg_Eh5LYVKScVHpj7sM","name":"ROCK-3","permalink":"rock-3","cpu_cores":1,"ipv4_addresses":1,"memory_in_gb":3,"storage_in_gb":25,"privacy":"public","icon":null},"attached_iso":null,"tags":[],"tag_names":[],"ip_addresses":[{"id":"ip_dHjE8bqCL4inBLBI","address":"185.53.57.5","reverse_dns":"tf-acc-test-blue-silent-tulip.terraform-acc-test.katapult.cloud","vip":false,"label":null,"address_with_mask":"185.53.57.5/24","network":{"id":"netw_gVRkZdSKczfNg34P","name":"Public
      Network","permalink":"uk-lon-01-public","data_center":{"id":"loc_UUhPmoCbpic6UX0Y","name":"London","permalink":"uk-lon-01","country":{"id":"ctry_6AO9tYYugvTGnd5b","name":"United
      Kingdom","iso_code2":"GB","iso_code3":"GBR","time_zone":"Europe/London","eu":false}}},"allocation_id":"vm_yDSkCldqYQJUPRUS","allocation_type":"VirtualMachine"}]}}'
    headers:
      Access-Control-Allow-Methods:
      - '*'
      Access-Control-Allow-Origin:
      - '*'
      Cache-Control:
      - max-age=0, private, must-revalidate
      Connection:
      - keep-alive
      Content-Length:
      - "2115"
      Content-Type:
      - application/json
      Date:
      - Mon, 29 Mar 2021 16:16:07 GMT
      Etag:
      - W/"9369c315c123cbe747e49a0efcf97faf"
      Server:
      - nginx/1.14.0 (Ubuntu)
      Strict-Transport-Security:
      - max-age=31536000; includeSubDomains
      X-Ratelimit-Permitted:
      - "200"
      X-Ratelimit-Remaining:
      - "192"
      X-Request-Id:
      - ad9eb97b-9313-4021-8d8e-f31b4ed77ee4
    status: 200 OK
    code: 200
    duration: ""
- request:
    body: ""
    form: {}
    headers:
      Accept:
      - application/json
      User-Agent:
      - Terraform/0.14.9 (+https://www.terraform.io) Terraform-Plugin-SDK/2.4.3 terraform-provider-katapult/0.0.999
    url: https://api.katapult.io/core/v1/virtual_machines/_/network_interfaces?page=1&per_page=1&virtual_machine%5Bid%5D=vm_yDSkCldqYQJUPRUS
    method: GET
  response:
    body: '{"pagination":{"current_page":1,"total_pages":1,"total":1,"per_page":1,"large_set":false},"virtual_machine_network_interfaces":[{"id":"vmnet_f1gj9xgK0RKshbfV","name":"Public
      Network on tf-acc-test-blue-silent-tulip","network":{"id":"netw_gVRkZdSKczfNg34P","name":"Public
      Network"},"ip_addresses":[{"id":"ip_dHjE8bqCL4inBLBI","address":"185.53.57.5"}]}]}'
    headers:
      Access-Control-Allow-Methods:
      - '*'
      Access-Control-Allow-Origin:
      - '*'
      Cache-Control:
      - max-age=0, private, must-revalidate
      Connection:
      - keep-alive
      Content-Length:
      - "353"
      Content-Type:
      - application/json
      Date:
      - Mon, 29 Mar 2021 16:16:07 GMT
      Etag:
      - W/"3227acc0720478dcb3cc558681292081"
      Server:
      - nginx/1.14.0 (Ubuntu)
      Strict-Transport-Security:
      - max-age=31536000; includeSubDomains
      X-Ratelimit-Permitted:
      - "200"
      X-Ratelimit-Remaining:
      - "191"
      X-Request-Id:
      - 31623658-6951-4a9d-a1f9-3fee372c17be
    status: 200 OK
    code: 200
    duration: ""
- request:
    body: ""
    form: {}
    headers:
      Accept:
      - application/json
      User-Agent:
      - Terraform/0.14.9 (+https://www.terraform.io) Terraform-Plugin-SDK/2.4.3 terraform-provider-katapult/0.0.999
    url: https://api.katapult.io/core/v1/virtual_machine_network_interfaces/vmnet_f1gj9xgK0RKshbfV
    method: GET
  response:
    body: '{"virtual_machine_network_interface":{"id":"vmnet_f1gj9xgK0RKshbfV","virtual_machine":{"id":"vm_yDSkCldqYQJUPRUS","name":"tf-acc-test-blue-silent-tulip"},"name":"Public
      Network on tf-acc-test-blue-silent-tulip","network":{"id":"netw_gVRkZdSKczfNg34P","name":"Public
      Network"},"mac_address":"3a:86:d8:29:c1:21","state":"attached","ip_addresses":[{"id":"ip_dHjE8bqCL4inBLBI","address":"185.53.57.5"}],"speed_profile":{"id":"nsp_FKZSFo5xhn9Pfr79","name":"10Gbps","permalink":"10gbps"}}}'
    headers:
      Access-Control-Allow-Methods:
      - '*'
      Access-Control-Allow-Origin:
      - '*'
      Cache-Control:
      - max-age=0, private, must-revalidate
      Connection:
      - keep-alive
      Content-Length:
      - "483"
      Content-Type:
      - application/json
      Date:
      - Mon, 29 Mar 2021 16:16:07 GMT
      Etag:
      - W/"b0187ddc5050d689a0d7f62001c9b3b8"
      Server:
      - nginx/1.14.0 (Ubuntu)
      Strict-Transport-Security:
      - max-age=31536000; includeSubDomains
      X-Ratelimit-Permitted:
      - "200"
      X-Ratelimit-Remaining:
      - "190"
      X-Request-Id:
      - 19a57d59-cb24-4794-9b4e-da36cf0093e2
    status: 200 OK
    code: 200
    duration: ""
- request:
    body: ""
    form: {}
    headers:
      Accept:
      - application/json
      User-Agent:
      - Terraform/0.14.9 (+https://www.terraform.io) Terraform-Plugin-SDK/2.4.3 terraform-provider-katapult/0.0.999
    url: https://api.katapult.io/core/v1/virtual_machines/_?virtual_machine%5Bid%5D=vm_yDSkCldqYQJUPRUS
    method: GET
  response:
    body: '{"virtual_machine":{"id":"vm_yDSkCldqYQJUPRUS","name":"tf-acc-test-blue-silent-tulip","hostname":"tf-acc-test-blue-silent-tulip","fqdn":"tf-acc-test-blue-silent-tulip.terraform-acc-test.katapult.cloud","description":null,"created_at":1617034547,"initial_root_password":"slNyx4Z28nYXatGH","state":"started","zone":{"id":"zone_7Uuz6wzE17ZShh8f","name":"LON-1","permalink":"lon-zone-1","data_center":{"id":"loc_UUhPmoCbpic6UX0Y","name":"London","permalink":"uk-lon-01","country":{"id":"ctry_6AO9tYYugvTGnd5b","name":"United
      Kingdom","iso_code2":"GB","iso_code3":"GBR","time_zone":"Europe/London","eu":false}}},"organization":{"id":"org_eodfyqFF3YWb2OFC","name":"terraform-acc-test","sub_domain":"terraform-acc-test","infrastructure_domain":"terraform-acc-test.katapult.cloud","personal":false,"created_at":1605785692,"suspended":false,"managed":false,"billing_name":"terraform-acc-test","address1":"Kemp
      House","address2":"152 - 160 City Road","address3":"London","address4":null,"postcode":"EC1V
      2NX","vat_number":null,"currency":{"id":"cur_zShCGgjgBz4EbnX1","name":"British
      Pound","iso_code":"GBP","symbol":"£"},"country":{"id":"ctry_6AO9tYYugvTGnd5b","name":"United
      Kingdom","iso_code2":"GB","iso_code3":"GBR","time_zone":"Europe/London","eu":false},"country_state":null},"group":null,"package":{"id":"vmpkg_Eh5LYVKScVHpj7sM","name":"ROCK-3","permalink":"rock-3","cpu_cores":1,"ipv4_addresses":1,"memory_in_gb":3,"storage_in_gb":25,"privacy":"public","icon":null},"attached_iso":null,"tags":[],"tag_names":[],"ip_addresses":[{"id":"ip_dHjE8bqCL4inBLBI","address":"185.53.57.5","reverse_dns":"tf-acc-test-blue-silent-tulip.terraform-acc-test.katapult.cloud","vip":false,"label":null,"address_with_mask":"185.53.57.5/24","network":{"id":"netw_gVRkZdSKczfNg34P","name":"Public
      Network","permalink":"uk-lon-01-public","data_center":{"id":"loc_UUhPmoCbpic6UX0Y","name":"London","permalink":"uk-lon-01","country":{"id":"ctry_6AO9tYYugvTGnd5b","name":"United
      Kingdom","iso_code2":"GB","iso_code3":"GBR","time_zone":"Europe/London","eu":false}}},"allocation_id":"vm_yDSkCldqYQJUPRUS","allocation_type":"VirtualMachine"}]}}'
    headers:
      Access-Control-Allow-Methods:
      - '*'
      Access-Control-Allow-Origin:
      - '*'
      Cache-Control:
      - max-age=0, private, must-revalidate
      Connection:
      - keep-alive
      Content-Length:
      - "2115"
      Content-Type:
      - application/json
      Date:
      - Mon, 29 Mar 2021 16:16:07 GMT
      Etag:
      - W/"9369c315c123cbe747e49a0efcf97faf"
      Server:
      - nginx/1.14.0 (Ubuntu)
      Strict-Transport-Security:
      - max-age=31536000; includeSubDomains
      X-Ratelimit-Permitted:
      - "200"
      X-Ratelimit-Remaining:
      - "189"
      X-Request-Id:
      - de9f98e2-b099-478c-a3d4-b14a23c647c8
    status: 200 OK
    code: 200
    duration: ""
- request:
    body: ""
    form: {}
    headers:
      Accept:
      - application/json
      User-Agent:
      - Terraform/0.14.9 (+https://www.terraform.io) Terraform-Plugin-SDK/2.4.3 terraform-provider-katapult/0.0.999
    url: https://api.katapult.io/core/v1/virtual_machines/_/stop?virtual_machine%5Bid%5D=vm_yDSkCldqYQJUPRUS
    method: POST
  response:
    body: '{"task":{"id":"task_Kn0O5UpZ1JovbmuB","name":"Stop virtual machine","status":"pending"}}'
    headers:
      Access-Control-Allow-Methods:
      - '*'
      Access-Control-Allow-Origin:
      - '*'
      Cache-Control:
      - max-age=0, private, must-revalidate
      Connection:
      - keep-alive
      Content-Length:
      - "88"
      Content-Type:
      - application/json
      Date:
      - Mon, 29 Mar 2021 16:16:08 GMT
      Etag:
      - W/"e9224b7265d342fe3119d5bc0e8502d5"
      Server:
      - nginx/1.14.0 (Ubuntu)
      Strict-Transport-Security:
      - max-age=31536000; includeSubDomains
      X-Ratelimit-Permitted:
      - "200"
      X-Ratelimit-Remaining:
      - "188"
      X-Request-Id:
      - 664c9e36-9c3f-4477-8394-cb9d15c4e320
    status: 200 OK
    code: 200
    duration: ""
- request:
    body: ""
    form: {}
    headers:
      Accept:
      - application/json
      User-Agent:
      - Terraform/0.14.9 (+https://www.terraform.io) Terraform-Plugin-SDK/2.4.3 terraform-provider-katapult/0.0.999
    url: https://api.katapult.io/core/v1/tasks/task_Kn0O5UpZ1JovbmuB
    method: GET
  response:
    body: '{"task":{"id":"task_Kn0O5UpZ1JovbmuB","name":"Stop virtual machine","status":"pending","created_at":1617034567,"started_at":null,"finished_at":null,"progress":0}}'
    headers:
      Access-Control-Allow-Methods:
      - '*'
      Access-Control-Allow-Origin:
      - '*'
      Cache-Control:
      - max-age=0, private, must-revalidate
      Connection:
      - keep-alive
      Content-Length:
      - "162"
      Content-Type:
      - application/json
      Date:
      - Mon, 29 Mar 2021 16:16:09 GMT
      Etag:
      - W/"dd214ca4770e8c6d06566688a6c5c81a"
      Server:
      - nginx/1.14.0 (Ubuntu)
      Strict-Transport-Security:
      - max-age=31536000; includeSubDomains
      X-Ratelimit-Permitted:
      - "200"
      X-Ratelimit-Remaining:
      - "187"
      X-Request-Id:
      - 6e3449ae-49c2-4fd6-8b5b-f40416c9a92e
    status: 200 OK
    code: 200
    duration: ""
- request:
    body: ""
    form: {}
    headers:
      Accept:
      - application/json
      User-Agent:
      - Terraform/0.14.9 (+https://www.terraform.io) Terraform-Plugin-SDK/2.4.3 terraform-provider-katapult/0.0.999
    url: https://api.katapult.io/core/v1/tasks/task_Kn0O5UpZ1JovbmuB
    method: GET
  response:
    body: '{"task":{"id":"task_Kn0O5UpZ1JovbmuB","name":"Stop virtual machine","status":"pending","created_at":1617034567,"started_at":null,"finished_at":null,"progress":0}}'
    headers:
      Access-Control-Allow-Methods:
      - '*'
      Access-Control-Allow-Origin:
      - '*'
      Cache-Control:
      - max-age=0, private, must-revalidate
      Connection:
      - keep-alive
      Content-Length:
      - "162"
      Content-Type:
      - application/json
      Date:
      - Mon, 29 Mar 2021 16:16:14 GMT
      Etag:
      - W/"dd214ca4770e8c6d06566688a6c5c81a"
      Server:
      - nginx/1.14.0 (Ubuntu)
      Strict-Transport-Security:
      - max-age=31536000; includeSubDomains
      X-Ratelimit-Permitted:
      - "200"
      X-Ratelimit-Remaining:
      - "186"
      X-Request-Id:
      - d85e0813-2e94-4f3f-b462-6c2e88c13777
    status: 200 OK
    code: 200
    duration: ""
- request:
    body: ""
    form: {}
    headers:
      Accept:
      - application/json
      User-Agent:
      - Terraform/0.14.9 (+https://www.terraform.io) Terraform-Plugin-SDK/2.4.3 terraform-provider-katapult/0.0.999
    url: https://api.katapult.io/core/v1/tasks/task_Kn0O5UpZ1JovbmuB
    method: GET
  response:
    body: '{"task":{"id":"task_Kn0O5UpZ1JovbmuB","name":"Stop virtual machine","status":"running","created_at":1617034567,"started_at":1617034583,"finished_at":null,"progress":5}}'
    headers:
      Access-Control-Allow-Methods:
      - '*'
      Access-Control-Allow-Origin:
      - '*'
      Cache-Control:
      - max-age=0, private, must-revalidate
      Connection:
      - keep-alive
      Content-Length:
      - "168"
      Content-Type:
      - application/json
      Date:
      - Mon, 29 Mar 2021 16:16:24 GMT
      Etag:
      - W/"674a5042216dbbe4238b4bd969eb766d"
      Server:
      - nginx/1.14.0 (Ubuntu)
      Strict-Transport-Security:
      - max-age=31536000; includeSubDomains
      X-Ratelimit-Permitted:
      - "200"
      X-Ratelimit-Remaining:
      - "185"
      X-Request-Id:
      - 9ca3af15-eae7-442e-8435-ce0593504746
    status: 200 OK
    code: 200
    duration: ""
- request:
    body: ""
    form: {}
    headers:
      Accept:
      - application/json
      User-Agent:
      - Terraform/0.14.9 (+https://www.terraform.io) Terraform-Plugin-SDK/2.4.3 terraform-provider-katapult/0.0.999
    url: https://api.katapult.io/core/v1/tasks/task_Kn0O5UpZ1JovbmuB
    method: GET
  response:
    body: '{"task":{"id":"task_Kn0O5UpZ1JovbmuB","name":"Stop virtual machine","status":"completed","created_at":1617034567,"started_at":1617034583,"finished_at":1617034584,"progress":100}}'
    headers:
      Access-Control-Allow-Methods:
      - '*'
      Access-Control-Allow-Origin:
      - '*'
      Cache-Control:
      - max-age=0, private, must-revalidate
      Connection:
      - keep-alive
      Content-Length:
      - "178"
      Content-Type:
      - application/json
      Date:
      - Mon, 29 Mar 2021 16:16:34 GMT
      Etag:
      - W/"4cafcc113490bdce2f3898e4b5c69b3b"
      Server:
      - nginx/1.14.0 (Ubuntu)
      Strict-Transport-Security:
      - max-age=31536000; includeSubDomains
      X-Ratelimit-Permitted:
      - "200"
      X-Ratelimit-Remaining:
      - "184"
      X-Request-Id:
      - 01529275-0bc9-4c1c-a835-fc362290fe9c
    status: 200 OK
    code: 200
    duration: ""
- request:
    body: ""
    form: {}
    headers:
      Accept:
      - application/json
      User-Agent:
      - Terraform/0.14.9 (+https://www.terraform.io) Terraform-Plugin-SDK/2.4.3 terraform-provider-katapult/0.0.999
    url: https://api.katapult.io/core/v1/virtual_machines/_?virtual_machine%5Bid%5D=vm_yDSkCldqYQJUPRUS
    method: DELETE
  response:
    body: '{"trash_object":{"id":"trsh_it6xPujAhm1q0TUk","keep_until":1617207394,"object_id":"vm_yDSkCldqYQJUPRUS","object_type":"VirtualMachine"},"virtual_machine":{"id":"vm_yDSkCldqYQJUPRUS","name":"tf-acc-test-blue-silent-tulip","hostname":"tf-acc-test-blue-silent-tulip","fqdn":"tf-acc-test-blue-silent-tulip.terraform-acc-test.katapult.cloud","description":null,"created_at":1617034547,"initial_root_password":"slNyx4Z28nYXatGH","state":"stopped","zone":{"id":"zone_7Uuz6wzE17ZShh8f","name":"LON-1","permalink":"lon-zone-1","data_center":{"id":"loc_UUhPmoCbpic6UX0Y","name":"London","permalink":"uk-lon-01","country":{"id":"ctry_6AO9tYYugvTGnd5b","name":"United
      Kingdom","iso_code2":"GB","iso_code3":"GBR","time_zone":"Europe/London","eu":false}}},"organization":{"id":"org_eodfyqFF3YWb2OFC","name":"terraform-acc-test","sub_domain":"terraform-acc-test","infrastructure_domain":"terraform-acc-test.katapult.cloud","personal":false,"created_at":1605785692,"suspended":false,"managed":false,"billing_name":"terraform-acc-test","address1":"Kemp
      House","address2":"152 - 160 City Road","address3":"London","address4":null,"postcode":"EC1V
      2NX","vat_number":null,"currency":{"id":"cur_zShCGgjgBz4EbnX1","name":"British
      Pound","iso_code":"GBP","symbol":"£"},"country":{"id":"ctry_6AO9tYYugvTGnd5b","name":"United
      Kingdom","iso_code2":"GB","iso_code3":"GBR","time_zone":"Europe/London","eu":false},"country_state":null},"group":null,"package":{"id":"vmpkg_Eh5LYVKScVHpj7sM","name":"ROCK-3","permalink":"rock-3","cpu_cores":1,"ipv4_addresses":1,"memory_in_gb":3,"storage_in_gb":25,"privacy":"public","icon":null},"attached_iso":null,"tags":[],"tag_names":[],"ip_addresses":[{"id":"ip_dHjE8bqCL4inBLBI","address":"185.53.57.5","reverse_dns":"tf-acc-test-blue-silent-tulip.terraform-acc-test.katapult.cloud","vip":false,"label":null,"address_with_mask":"185.53.57.5/24","network":{"id":"netw_gVRkZdSKczfNg34P","name":"Public
      Network","permalink":"uk-lon-01-public","data_center":{"id":"loc_UUhPmoCbpic6UX0Y","name":"London","permalink":"uk-lon-01","country":{"id":"ctry_6AO9tYYugvTGnd5b","name":"United
      Kingdom","iso_code2":"GB","iso_code3":"GBR","time_zone":"Europe/London","eu":false}}},"allocation_id":"vm_yDSkCldqYQJUPRUS","allocation_type":"VirtualMachine"}]}}'
    headers:
      Access-Control-Allow-Methods:
      - '*'
      Access-Control-Allow-Origin:
      - '*'
      Cache-Control:
      - max-age=0, private, must-revalidate
      Connection:
      - keep-alive
      Content-Length:
      - "2250"
      Content-Type:
      - application/json
      Date:
      - Mon, 29 Mar 2021 16:16:34 GMT
      Etag:
      - W/"21f917fffc2adf0396bd3d20d7e15484"
      Server:
      - nginx/1.14.0 (Ubuntu)
      Strict-Transport-Security:
      - max-age=31536000; includeSubDomains
      X-Ratelimit-Permitted:
      - "200"
      X-Ratelimit-Remaining:
      - "183"
      X-Request-Id:
      - 482383a8-681c-46b1-a8bd-6c56fbacb031
    status: 200 OK
    code: 200
    duration: ""
- request:
    body: ""
    form: {}
    headers:
      Accept:
      - application/json
      User-Agent:
      - Terraform/0.14.9 (+https://www.terraform.io) Terraform-Plugin-SDK/2.4.3 terraform-provider-katapult/0.0.999
    url: https://api.katapult.io/core/v1/ip_addresses/_/unallocate?ip_address%5Bid%5D=ip_dHjE8bqCL4inBLBI
    method: POST
  response:
    body: '{}'
    headers:
      Access-Control-Allow-Methods:
      - '*'
      Access-Control-Allow-Origin:
      - '*'
      Cache-Control:
      - max-age=0, private, must-revalidate
      Connection:
      - keep-alive
      Content-Length:
      - "2"
      Content-Type:
      - application/json
      Date:
      - Mon, 29 Mar 2021 16:16:34 GMT
      Etag:
      - W/"44136fa355b3678a1146ad16f7e8649e"
      Server:
      - nginx/1.14.0 (Ubuntu)
      Strict-Transport-Security:
      - max-age=31536000; includeSubDomains
      X-Ratelimit-Permitted:
      - "200"
      X-Ratelimit-Remaining:
      - "182"
      X-Request-Id:
      - 2a5aa033-7a57-460c-8fbf-e6fa078a6789
    status: 200 OK
    code: 200
    duration: ""
- request:
    body: ""
    form: {}
    headers:
      Accept:
      - application/json
      User-Agent:
      - Terraform/0.14.9 (+https://www.terraform.io) Terraform-Plugin-SDK/2.4.3 terraform-provider-katapult/0.0.999
    url: https://api.katapult.io/core/v1/trash_objects/_?trash_object%5Bid%5D=trsh_it6xPujAhm1q0TUk
    method: DELETE
  response:
    body: '{"task":{"id":"task_IqVeTiqX6oO1iVWr","name":"Purge items from trash","status":"pending","created_at":1617034594,"started_at":null,"finished_at":null,"progress":0}}'
    headers:
      Access-Control-Allow-Methods:
      - '*'
      Access-Control-Allow-Origin:
      - '*'
      Cache-Control:
      - max-age=0, private, must-revalidate
      Connection:
      - keep-alive
      Content-Length:
      - "164"
      Content-Type:
      - application/json
      Date:
      - Mon, 29 Mar 2021 16:16:34 GMT
      Etag:
      - W/"f24414c851cfcd73a72dea1fc9d026c6"
      Server:
      - nginx/1.14.0 (Ubuntu)
      Strict-Transport-Security:
      - max-age=31536000; includeSubDomains
      X-Ratelimit-Permitted:
      - "200"
      X-Ratelimit-Remaining:
      - "181"
      X-Request-Id:
      - d20377b1-b9a8-4de1-beab-c17224065c94
    status: 200 OK
    code: 200
    duration: ""
- request:
    body: ""
    form: {}
    headers:
      Accept:
      - application/json
      User-Agent:
      - Terraform/0.14.9 (+https://www.terraform.io) Terraform-Plugin-SDK/2.4.3 terraform-provider-katapult/0.0.999
    url: https://api.katapult.io/core/v1/tasks/task_IqVeTiqX6oO1iVWr
    method: GET
  response:
    body: '{"task":{"id":"task_IqVeTiqX6oO1iVWr","name":"Purge items from trash","status":"running","created_at":1617034594,"started_at":1617034595,"finished_at":null,"progress":5}}'
    headers:
      Access-Control-Allow-Methods:
      - '*'
      Access-Control-Allow-Origin:
      - '*'
      Cache-Control:
      - max-age=0, private, must-revalidate
      Connection:
      - keep-alive
      Content-Length:
      - "170"
      Content-Type:
      - application/json
      Date:
      - Mon, 29 Mar 2021 16:16:35 GMT
      Etag:
      - W/"415034108a94b333d5912b81020912fa"
      Server:
      - nginx/1.14.0 (Ubuntu)
      Strict-Transport-Security:
      - max-age=31536000; includeSubDomains
      X-Ratelimit-Permitted:
      - "200"
      X-Ratelimit-Remaining:
      - "180"
      X-Request-Id:
      - 00c1aa41-2d09-4206-9f87-daa6171dc69a
    status: 200 OK
    code: 200
    duration: ""
- request:
    body: ""
    form: {}
    headers:
      Accept:
      - application/json
      User-Agent:
      - Terraform/0.14.9 (+https://www.terraform.io) Terraform-Plugin-SDK/2.4.3 terraform-provider-katapult/0.0.999
    url: https://api.katapult.io/core/v1/tasks/task_IqVeTiqX6oO1iVWr
    method: GET
  response:
    body: '{"task":{"id":"task_IqVeTiqX6oO1iVWr","name":"Purge items from trash","status":"completed","created_at":1617034594,"started_at":1617034595,"finished_at":1617034596,"progress":100}}'
    headers:
      Access-Control-Allow-Methods:
      - '*'
      Access-Control-Allow-Origin:
      - '*'
      Cache-Control:
      - max-age=0, private, must-revalidate
      Connection:
      - keep-alive
      Content-Length:
      - "180"
      Content-Type:
      - application/json
      Date:
      - Mon, 29 Mar 2021 16:16:40 GMT
      Etag:
      - W/"c5225a14fe32d1b1820c376b0b6edabc"
      Server:
      - nginx/1.14.0 (Ubuntu)
      Strict-Transport-Security:
      - max-age=31536000; includeSubDomains
      X-Ratelimit-Permitted:
      - "200"
      X-Ratelimit-Remaining:
      - "179"
      X-Request-Id:
      - 9418087b-2f78-4bcf-8a8a-ea92c75172e6
    status: 200 OK
    code: 200
    duration: ""
- request:
    body: ""
    form: {}
    headers:
      Accept:
      - application/json
      User-Agent:
      - Terraform/0.14.9 (+https://www.terraform.io) Terraform-Plugin-SDK/2.4.3 terraform-provider-katapult/0.0.999
    url: https://api.katapult.io/core/v1/ip_addresses/_?ip_address%5Bid%5D=ip_dHjE8bqCL4inBLBI
    method: DELETE
  response:
    body: '{}'
    headers:
      Access-Control-Allow-Methods:
      - '*'
      Access-Control-Allow-Origin:
      - '*'
      Cache-Control:
      - max-age=0, private, must-revalidate
      Connection:
      - keep-alive
      Content-Length:
      - "2"
      Content-Type:
      - application/json
      Date:
      - Mon, 29 Mar 2021 16:16:41 GMT
      Etag:
      - W/"44136fa355b3678a1146ad16f7e8649e"
      Server:
      - nginx/1.14.0 (Ubuntu)
      Strict-Transport-Security:
      - max-age=31536000; includeSubDomains
      X-Ratelimit-Permitted:
      - "200"
      X-Ratelimit-Remaining:
      - "178"
      X-Request-Id:
      - a49942dd-5791-4364-a14f-b41e4785c4da
    status: 200 OK
    code: 200
    duration: ""
- request:
    body: ""
    form: {}
    headers:
      Accept:
      - application/json
      User-Agent:
      - Terraform/ (+https://www.terraform.io) Terraform-Plugin-SDK/2.4.3 terraform-provider-katapult/0.0.999
    url: https://api.katapult.io/core/v1/virtual_machines/_?virtual_machine%5Bid%5D=vm_yDSkCldqYQJUPRUS
    method: GET
  response:
    body: '{"error":{"code":"virtual_machine_not_found","description":"No virtual
      machine was found matching any of the criteria provided in the arguments","detail":{}}}'
    headers:
      Access-Control-Allow-Methods:
      - '*'
      Access-Control-Allow-Origin:
      - '*'
      Cache-Control:
      - no-cache
      Connection:
      - keep-alive
      Content-Length:
      - "158"
      Content-Type:
      - application/json
      Date:
      - Mon, 29 Mar 2021 16:16:41 GMT
      Server:
      - nginx/1.14.0 (Ubuntu)
      Strict-Transport-Security:
      - max-age=31536000; includeSubDomains
      X-Api-Schema:
      - json-error
      X-Ratelimit-Permitted:
      - "200"
      X-Ratelimit-Remaining:
      - "177"
      X-Request-Id:
      - 899cf92f-563e-49aa-8359-e96398a1ef2d
    status: 404 Not Found
    code: 404
    duration: ""
- request:
    body: ""
    form: {}
    headers:
      Accept:
      - application/json
      User-Agent:
      - Terraform/ (+https://www.terraform.io) Terraform-Plugin-SDK/2.4.3 terraform-provider-katapult/0.0.999
    url: https://api.katapult.io/core/v1/ip_addresses/_?ip_address%5Bid%5D=ip_dHjE8bqCL4inBLBI
    method: GET
  response:
    body: '{"error":{"code":"ip_address_not_found","description":"No IP addresses
      were found matching any of the criteria provided in the arguments","detail":{}}}'
    headers:
      Access-Control-Allow-Methods:
      - '*'
      Access-Control-Allow-Origin:
      - '*'
      Cache-Control:
      - no-cache
      Connection:
      - keep-alive
      Content-Length:
      - "151"
      Content-Type:
      - application/json
      Date:
      - Mon, 29 Mar 2021 16:16:41 GMT
      Server:
      - nginx/1.14.0 (Ubuntu)
      Strict-Transport-Security:
      - max-age=31536000; includeSubDomains
      X-Api-Schema:
      - json-error
      X-Ratelimit-Permitted:
      - "200"
      X-Ratelimit-Remaining:
      - "176"
      X-Request-Id:
      - b54bf470-2e2a-4c7d-895c-5ece14aca702
    status: 404 Not Found
    code: 404
    duration: ""
