---
version: 1
interactions:
- request:
    body: ""
    form: {}
    headers:
      Accept:
      - application/json
      User-Agent:
      - Terraform/1.10.5 (+https://www.terraform.io) Terraform-Plugin-SDK/2.31.0 terraform-provider-katapult/0.0.999
    url: https://api.katapult.io/core/v1/data_centers/_/default_network?data_center%5Bpermalink%5D=uk-lon-01
    method: GET
  response:
    body: '{"network":{"id":"netw_gVRkZdSKczfNg34P","name":"Public Network","permalink":"uk-lon-01-public","default":true,"data_center":{"id":"loc_UUhPmoCbpic6UX0Y","name":"London","permalink":"uk-lon-01"}}}'
    headers:
      Access-Control-Allow-Headers:
      - Authorization, Content-Type
      Access-Control-Allow-Methods:
      - GET, POST, PUT, PATCH, DELETE, OPTIONS
      Access-Control-Allow-Origin:
      - '*'
      Cache-Control:
      - max-age=0, private, must-revalidate
      Content-Length:
      - "196"
      Content-Type:
      - application/json
      Date:
      - Thu, 06 Feb 2025 16:40:19 GMT
      Etag:
      - W/"2c9b33d800419097f42e5eccf7b390c3"
      Strict-Transport-Security:
      - max-age=63072000; includeSubDomains
      Vary:
      - Accept-Encoding
      X-Ratelimit-Permitted:
      - "1000"
      X-Ratelimit-Remaining:
      - "995"
      X-Request-Id:
      - 8425a099-80e1-4924-a051-3643bdb76050
    status: 200 OK
    code: 200
    duration: ""
- request:
    body: |
      {"organization":{"sub_domain":"terraform-acc-test"},"properties":{"name":"tf-acc-test-update-group-bar22cofqkj6","segregate":true}}
    form: {}
    headers:
      Accept:
      - application/json
      Content-Type:
      - application/json
      User-Agent:
      - Terraform/1.10.5 (+https://www.terraform.io) Terraform-Plugin-SDK/2.31.0 terraform-provider-katapult/0.0.999
    url: https://api.katapult.io/core/v1/organizations/_/virtual_machine_groups
    method: POST
  response:
    body: '{"virtual_machine_group":{"id":"vmgrp_G0hxFF6646peAwHk","name":"tf-acc-test-update-group-bar22cofqkj6","segregate":true,"auto_segregate":false,"created_at":1738860019}}'
    headers:
      Access-Control-Allow-Headers:
      - Authorization, Content-Type
      Access-Control-Allow-Methods:
      - GET, POST, PUT, PATCH, DELETE, OPTIONS
      Access-Control-Allow-Origin:
      - '*'
      Cache-Control:
      - max-age=0, private, must-revalidate
      Content-Length:
      - "168"
      Content-Type:
      - application/json
      Date:
      - Thu, 06 Feb 2025 16:40:19 GMT
      Etag:
      - W/"2928361355a7690e9313b54b0cd2081e"
      Strict-Transport-Security:
      - max-age=63072000; includeSubDomains
      Vary:
      - Accept-Encoding
      X-Ratelimit-Permitted:
      - "1000"
      X-Ratelimit-Remaining:
      - "997"
      X-Request-Id:
      - 220da374-59a6-419d-aea1-1dafa05e7568
    status: 200 OK
    code: 200
    duration: ""
- request:
    body: ""
    form: {}
    headers:
      Accept:
      - application/json
      User-Agent:
      - Terraform/1.10.5 (+https://www.terraform.io) Terraform-Plugin-SDK/2.31.0 terraform-provider-katapult/0.0.999
    url: https://api.katapult.io/core/v1/virtual_machine_groups/vmgrp_G0hxFF6646peAwHk
    method: GET
  response:
    body: '{"virtual_machine_group":{"id":"vmgrp_G0hxFF6646peAwHk","name":"tf-acc-test-update-group-bar22cofqkj6","segregate":true,"auto_segregate":false,"created_at":1738860019}}'
    headers:
      Access-Control-Allow-Headers:
      - Authorization, Content-Type
      Access-Control-Allow-Methods:
      - GET, POST, PUT, PATCH, DELETE, OPTIONS
      Access-Control-Allow-Origin:
      - '*'
      Cache-Control:
      - max-age=0, private, must-revalidate
      Content-Length:
      - "168"
      Content-Type:
      - application/json
      Date:
      - Thu, 06 Feb 2025 16:40:19 GMT
      Etag:
      - W/"2928361355a7690e9313b54b0cd2081e"
      Strict-Transport-Security:
      - max-age=63072000; includeSubDomains
      Vary:
      - Accept-Encoding
      X-Ratelimit-Permitted:
      - "1000"
      X-Ratelimit-Remaining:
      - "990"
      X-Request-Id:
      - b9b27f20-fac0-4352-9240-98f795d2ab91
    status: 200 OK
    code: 200
    duration: ""
- request:
    body: |
      {"organization":{"sub_domain":"terraform-acc-test"},"network":{"id":"netw_gVRkZdSKczfNg34P"},"version":"ipv4"}
    form: {}
    headers:
      Accept:
      - application/json
      Content-Type:
      - application/json
      User-Agent:
      - Terraform/1.10.5 (+https://www.terraform.io) Terraform-Plugin-SDK/2.31.0 terraform-provider-katapult/0.0.999
    url: https://api.katapult.io/core/v1/organizations/_/ip_addresses
    method: POST
  response:
    body: '{"ip_address":{"id":"ip_T9HFO8cKRx7BgJr1","address":"185.44.252.93","reverse_dns":"185-44-252-93.rdns.katapult.io","vip":false,"label":null,"address_with_mask":"185.44.252.93/22","network":{"id":"netw_gVRkZdSKczfNg34P","name":"Public
      Network","permalink":"uk-lon-01-public","default":true,"data_center":{"id":"loc_UUhPmoCbpic6UX0Y","name":"London","permalink":"uk-lon-01","country":{"id":"ctry_6AO9tYYugvTGnd5b","name":"United
      Kingdom","iso_code2":"GB","iso_code3":"GBR","time_zone":"Europe/London","eu":false}}},"allocation_id":null,"allocation_type":null}}'
    headers:
      Access-Control-Allow-Headers:
      - Authorization, Content-Type
      Access-Control-Allow-Methods:
      - GET, POST, PUT, PATCH, DELETE, OPTIONS
      Access-Control-Allow-Origin:
      - '*'
      Cache-Control:
      - max-age=0, private, must-revalidate
      Content-Length:
      - "558"
      Content-Type:
      - application/json
      Date:
      - Thu, 06 Feb 2025 16:40:19 GMT
      Etag:
      - W/"defd09d5f94440978c8eafa0d5965ba5"
      Strict-Transport-Security:
      - max-age=63072000; includeSubDomains
      Vary:
      - Accept-Encoding
      X-Ratelimit-Permitted:
      - "1000"
      X-Ratelimit-Remaining:
      - "993"
      X-Request-Id:
      - 4c1ace76-8411-441f-b58b-f4386fc3cc3b
    status: 200 OK
    code: 200
    duration: ""
- request:
    body: ""
    form: {}
    headers:
      Accept:
      - application/json
      User-Agent:
      - Terraform/1.10.5 (+https://www.terraform.io) Terraform-Plugin-SDK/2.31.0 terraform-provider-katapult/0.0.999
    url: https://api.katapult.io/core/v1/ip_addresses/_?ip_address%5Bid%5D=ip_T9HFO8cKRx7BgJr1
    method: GET
  response:
    body: '{"ip_address":{"id":"ip_T9HFO8cKRx7BgJr1","address":"185.44.252.93","reverse_dns":"185-44-252-93.rdns.katapult.io","vip":false,"label":null,"address_with_mask":"185.44.252.93/22","network":{"id":"netw_gVRkZdSKczfNg34P","name":"Public
      Network","permalink":"uk-lon-01-public","default":true,"data_center":{"id":"loc_UUhPmoCbpic6UX0Y","name":"London","permalink":"uk-lon-01","country":{"id":"ctry_6AO9tYYugvTGnd5b","name":"United
      Kingdom","iso_code2":"GB","iso_code3":"GBR","time_zone":"Europe/London","eu":false}}},"allocation_id":null,"allocation_type":null},"allocation":null}'
    headers:
      Access-Control-Allow-Headers:
      - Authorization, Content-Type
      Access-Control-Allow-Methods:
      - GET, POST, PUT, PATCH, DELETE, OPTIONS
      Access-Control-Allow-Origin:
      - '*'
      Cache-Control:
      - max-age=0, private, must-revalidate
      Content-Length:
      - "576"
      Content-Type:
      - application/json
      Date:
      - Thu, 06 Feb 2025 16:40:19 GMT
      Etag:
      - W/"edf8c0bac5599989162fe9dd2e018057"
      Strict-Transport-Security:
      - max-age=63072000; includeSubDomains
      Vary:
      - Accept-Encoding
      X-Ratelimit-Permitted:
      - "1000"
      X-Ratelimit-Remaining:
      - "986"
      X-Request-Id:
      - 69e5e5f1-36d8-4e6a-ad4c-037f2f8806d7
    status: 200 OK
    code: 200
    duration: ""
- request:
    body: ""
    form: {}
    headers:
      Accept:
      - application/json
      User-Agent:
      - Terraform/1.10.5 (+https://www.terraform.io) Terraform-Plugin-SDK/2.31.0 terraform-provider-katapult/0.0.999
    url: https://api.katapult.io/core/v1/ip_addresses/_?ip_address%5Bid%5D=ip_T9HFO8cKRx7BgJr1
    method: GET
  response:
    body: '{"ip_address":{"id":"ip_T9HFO8cKRx7BgJr1","address":"185.44.252.93","reverse_dns":"185-44-252-93.rdns.katapult.io","vip":false,"label":null,"address_with_mask":"185.44.252.93/22","network":{"id":"netw_gVRkZdSKczfNg34P","name":"Public
      Network","permalink":"uk-lon-01-public","default":true,"data_center":{"id":"loc_UUhPmoCbpic6UX0Y","name":"London","permalink":"uk-lon-01","country":{"id":"ctry_6AO9tYYugvTGnd5b","name":"United
      Kingdom","iso_code2":"GB","iso_code3":"GBR","time_zone":"Europe/London","eu":false}}},"allocation_id":null,"allocation_type":null},"allocation":null}'
    headers:
      Access-Control-Allow-Headers:
      - Authorization, Content-Type
      Access-Control-Allow-Methods:
      - GET, POST, PUT, PATCH, DELETE, OPTIONS
      Access-Control-Allow-Origin:
      - '*'
      Cache-Control:
      - max-age=0, private, must-revalidate
      Content-Length:
      - "576"
      Content-Type:
      - application/json
      Date:
      - Thu, 06 Feb 2025 16:40:19 GMT
      Etag:
      - W/"edf8c0bac5599989162fe9dd2e018057"
      Strict-Transport-Security:
      - max-age=63072000; includeSubDomains
      Vary:
      - Accept-Encoding
      X-Ratelimit-Permitted:
      - "1000"
      X-Ratelimit-Remaining:
      - "985"
      X-Request-Id:
      - a9826238-e26e-41e2-a0c1-e8411409dcd7
    status: 200 OK
    code: 200
    duration: ""
- request:
    body: |
      {"organization":{"sub_domain":"terraform-acc-test"},"xml":"<?xml version=\"1.0\" encoding=\"UTF-8\"?>\n<VirtualMachineSpec><DataCenter by=\"permalink\">uk-lon-01</DataCenter><Resources><Package by=\"permalink\">rock-3</Package></Resources><DiskTemplate><DiskTemplate by=\"permalink\">templates/ubuntu-18-04</DiskTemplate><Option key=\"install_agent\">true</Option></DiskTemplate><NetworkInterfaces><NetworkInterface><Network>netw_gVRkZdSKczfNg34P</Network><IPAddressAllocation type=\"existing\"><IPAddress>ip_T9HFO8cKRx7BgJr1</IPAddress></IPAddressAllocation></NetworkInterface></NetworkInterfaces><Hostname><Hostname>tf-acc-test-silent-intimidating-eagle</Hostname></Hostname><AuthorizedKeys><Users all=\"yes\"></Users><SSHKeys all=\"yes\"></SSHKeys></AuthorizedKeys></VirtualMachineSpec>"}
    form: {}
    headers:
      Accept:
      - application/json
      Content-Type:
      - application/json
      User-Agent:
      - Terraform/1.10.5 (+https://www.terraform.io) Terraform-Plugin-SDK/2.31.0 terraform-provider-katapult/0.0.999
    url: https://api.katapult.io/core/v1/organizations/_/virtual_machines/build_from_spec
    method: POST
  response:
    body: '{"task":{"id":"task_lkmEpSFLCkop42h1","name":"Build virtual machine","status":"pending"},"build":{"id":"vmbuild_c3BWi6ynxF5vdFlx","state":"pending"},"virtual_machine_build":{"id":"vmbuild_c3BWi6ynxF5vdFlx","state":"pending"},"hostname":"tf-acc-test-silent-intimidating-eagle","annotations":[]}'
    headers:
      Access-Control-Allow-Headers:
      - Authorization, Content-Type
      Access-Control-Allow-Methods:
      - GET, POST, PUT, PATCH, DELETE, OPTIONS
      Access-Control-Allow-Origin:
      - '*'
      Cache-Control:
      - max-age=0, private, must-revalidate
      Content-Length:
      - "293"
      Content-Type:
      - application/json
      Date:
      - Thu, 06 Feb 2025 16:40:19 GMT
      Etag:
      - W/"03d9c007b165c17dfae8b4613c4f0118"
      Strict-Transport-Security:
      - max-age=63072000; includeSubDomains
      Vary:
      - Accept-Encoding
      X-Ratelimit-Permitted:
      - "1000"
      X-Ratelimit-Remaining:
      - "984"
      X-Request-Id:
      - 64e63ce3-1c0c-49c6-a358-a7d7081788e8
    status: 201 Created
    code: 201
    duration: ""
- request:
    body: ""
    form: {}
    headers:
      Accept:
      - application/json
      User-Agent:
      - Terraform/1.10.5 (+https://www.terraform.io) Terraform-Plugin-SDK/2.31.0 terraform-provider-katapult/0.0.999
    url: https://api.katapult.io/core/v1/virtual_machines/builds/_?virtual_machine_build%5Bid%5D=vmbuild_c3BWi6ynxF5vdFlx
    method: GET
  response:
    body: '{"virtual_machine_build":{"id":"vmbuild_c3BWi6ynxF5vdFlx","spec_xml":"\u003c?xml
      version=\"1.0\"?\u003e\n\u003cVirtualMachineSpec\u003e\n  \u003cDataCenter\u003eloc_UUhPmoCbpic6UX0Y\u003c/DataCenter\u003e\n  \u003cResources\u003e\n    \u003cPackage
      by=\"permalink\"\u003erock-3\u003c/Package\u003e\n  \u003c/Resources\u003e\n  \u003cDiskTemplate\u003e\n    \u003cDiskTemplate
      by=\"permalink\"\u003etemplates/ubuntu-18-04\u003c/DiskTemplate\u003e\n    \u003cVersion
      by=\"number\"\u003e1\u003c/Version\u003e\n    \u003cOption key=\"install_agent\"\u003etrue\u003c/Option\u003e\n  \u003c/DiskTemplate\u003e\n  \u003cNetworkInterfaces\u003e\n    \u003cNetworkInterface\u003e\n      \u003cNetwork\u003enetw_gVRkZdSKczfNg34P\u003c/Network\u003e\n      \u003cIPAddressAllocation
      type=\"existing\"\u003e\n        \u003cIPAddress by=\"address\"\u003e185.44.252.93\u003c/IPAddress\u003e\n      \u003c/IPAddressAllocation\u003e\n    \u003c/NetworkInterface\u003e\n  \u003c/NetworkInterfaces\u003e\n  \u003cHostname\u003e\n    \u003cHostname\u003etf-acc-test-silent-intimidating-eagle\u003c/Hostname\u003e\n  \u003c/Hostname\u003e\n  \u003cAuthorizedKeys
      continuous_management=\"no\"\u003e\n    \u003cUsers all=\"yes\"/\u003e\n    \u003cSSHKeys
      all=\"yes\"/\u003e\n  \u003c/AuthorizedKeys\u003e\n\u003c/VirtualMachineSpec\u003e\n","state":"building","virtual_machine":null,"created_at":1738860019},"annotations":[]}'
    headers:
      Access-Control-Allow-Headers:
      - Authorization, Content-Type
      Access-Control-Allow-Methods:
      - GET, POST, PUT, PATCH, DELETE, OPTIONS
      Access-Control-Allow-Origin:
      - '*'
      Cache-Control:
      - max-age=0, private, must-revalidate
      Content-Type:
      - application/json
      Date:
      - Thu, 06 Feb 2025 16:40:21 GMT
      Etag:
      - W/"1363a77c15a36dbc07f41aa13fbc7123"
      Strict-Transport-Security:
      - max-age=63072000; includeSubDomains
      Vary:
      - Accept-Encoding
      X-Ratelimit-Permitted:
      - "1000"
      X-Ratelimit-Remaining:
      - "977"
      X-Request-Id:
      - f376a6ae-9f71-4f43-9a4d-5a53631398e2
    status: 200 OK
    code: 200
    duration: ""
- request:
    body: ""
    form: {}
    headers:
      Accept:
      - application/json
      User-Agent:
      - Terraform/1.10.5 (+https://www.terraform.io) Terraform-Plugin-SDK/2.31.0 terraform-provider-katapult/0.0.999
    url: https://api.katapult.io/core/v1/virtual_machines/builds/_?virtual_machine_build%5Bid%5D=vmbuild_c3BWi6ynxF5vdFlx
    method: GET
  response:
    body: '{"virtual_machine_build":{"id":"vmbuild_c3BWi6ynxF5vdFlx","spec_xml":"\u003c?xml
      version=\"1.0\"?\u003e\n\u003cVirtualMachineSpec\u003e\n  \u003cDataCenter\u003eloc_UUhPmoCbpic6UX0Y\u003c/DataCenter\u003e\n  \u003cResources\u003e\n    \u003cPackage
      by=\"permalink\"\u003erock-3\u003c/Package\u003e\n  \u003c/Resources\u003e\n  \u003cDiskTemplate\u003e\n    \u003cDiskTemplate
      by=\"permalink\"\u003etemplates/ubuntu-18-04\u003c/DiskTemplate\u003e\n    \u003cVersion
      by=\"number\"\u003e1\u003c/Version\u003e\n    \u003cOption key=\"install_agent\"\u003etrue\u003c/Option\u003e\n  \u003c/DiskTemplate\u003e\n  \u003cNetworkInterfaces\u003e\n    \u003cNetworkInterface\u003e\n      \u003cNetwork\u003enetw_gVRkZdSKczfNg34P\u003c/Network\u003e\n      \u003cIPAddressAllocation
      type=\"existing\"\u003e\n        \u003cIPAddress by=\"address\"\u003e185.44.252.93\u003c/IPAddress\u003e\n      \u003c/IPAddressAllocation\u003e\n    \u003c/NetworkInterface\u003e\n  \u003c/NetworkInterfaces\u003e\n  \u003cHostname\u003e\n    \u003cHostname\u003etf-acc-test-silent-intimidating-eagle\u003c/Hostname\u003e\n  \u003c/Hostname\u003e\n  \u003cAuthorizedKeys
      continuous_management=\"no\"\u003e\n    \u003cUsers all=\"yes\"/\u003e\n    \u003cSSHKeys
      all=\"yes\"/\u003e\n  \u003c/AuthorizedKeys\u003e\n\u003c/VirtualMachineSpec\u003e\n","state":"building","virtual_machine":null,"created_at":1738860019},"annotations":[]}'
    headers:
      Access-Control-Allow-Headers:
      - Authorization, Content-Type
      Access-Control-Allow-Methods:
      - GET, POST, PUT, PATCH, DELETE, OPTIONS
      Access-Control-Allow-Origin:
      - '*'
      Cache-Control:
      - max-age=0, private, must-revalidate
      Content-Type:
      - application/json
      Date:
      - Thu, 06 Feb 2025 16:40:26 GMT
      Etag:
      - W/"1363a77c15a36dbc07f41aa13fbc7123"
      Strict-Transport-Security:
      - max-age=63072000; includeSubDomains
      Vary:
      - Accept-Encoding
      X-Ratelimit-Permitted:
      - "1000"
      X-Ratelimit-Remaining:
      - "973"
      X-Request-Id:
      - b4c62a33-fb8f-43b4-89a0-34ea31e35f36
    status: 200 OK
    code: 200
    duration: ""
- request:
    body: ""
    form: {}
    headers:
      Accept:
      - application/json
      User-Agent:
      - Terraform/1.10.5 (+https://www.terraform.io) Terraform-Plugin-SDK/2.31.0 terraform-provider-katapult/0.0.999
    url: https://api.katapult.io/core/v1/virtual_machines/builds/_?virtual_machine_build%5Bid%5D=vmbuild_c3BWi6ynxF5vdFlx
    method: GET
  response:
    body: '{"virtual_machine_build":{"id":"vmbuild_c3BWi6ynxF5vdFlx","spec_xml":"\u003c?xml
      version=\"1.0\"?\u003e\n\u003cVirtualMachineSpec\u003e\n  \u003cDataCenter\u003eloc_UUhPmoCbpic6UX0Y\u003c/DataCenter\u003e\n  \u003cResources\u003e\n    \u003cPackage
      by=\"permalink\"\u003erock-3\u003c/Package\u003e\n  \u003c/Resources\u003e\n  \u003cDiskTemplate\u003e\n    \u003cDiskTemplate
      by=\"permalink\"\u003etemplates/ubuntu-18-04\u003c/DiskTemplate\u003e\n    \u003cVersion
      by=\"number\"\u003e1\u003c/Version\u003e\n    \u003cOption key=\"install_agent\"\u003etrue\u003c/Option\u003e\n  \u003c/DiskTemplate\u003e\n  \u003cNetworkInterfaces\u003e\n    \u003cNetworkInterface\u003e\n      \u003cNetwork\u003enetw_gVRkZdSKczfNg34P\u003c/Network\u003e\n      \u003cIPAddressAllocation
      type=\"existing\"\u003e\n        \u003cIPAddress by=\"address\"\u003e185.44.252.93\u003c/IPAddress\u003e\n      \u003c/IPAddressAllocation\u003e\n    \u003c/NetworkInterface\u003e\n  \u003c/NetworkInterfaces\u003e\n  \u003cHostname\u003e\n    \u003cHostname\u003etf-acc-test-silent-intimidating-eagle\u003c/Hostname\u003e\n  \u003c/Hostname\u003e\n  \u003cAuthorizedKeys
      continuous_management=\"no\"\u003e\n    \u003cUsers all=\"yes\"/\u003e\n    \u003cSSHKeys
      all=\"yes\"/\u003e\n  \u003c/AuthorizedKeys\u003e\n\u003c/VirtualMachineSpec\u003e\n","state":"building","virtual_machine":{"id":"vm_FcDj8Af1kqFuhR45","name":"tf-acc-test-silent-intimidating-eagle","hostname":"tf-acc-test-silent-intimidating-eagle","fqdn":"tf-acc-test-silent-intimidating-eagle.terraform-acc-test.katapult.cloud","state":"stopped"},"created_at":1738860019},"annotations":[]}'
    headers:
      Access-Control-Allow-Headers:
      - Authorization, Content-Type
      Access-Control-Allow-Methods:
      - GET, POST, PUT, PATCH, DELETE, OPTIONS
      Access-Control-Allow-Origin:
      - '*'
      Cache-Control:
      - max-age=0, private, must-revalidate
      Content-Type:
      - application/json
      Date:
      - Thu, 06 Feb 2025 16:40:36 GMT
      Etag:
      - W/"dad8930f242eae8f2d03c39fb7917889"
      Strict-Transport-Security:
      - max-age=63072000; includeSubDomains
      Vary:
      - Accept-Encoding
      X-Ratelimit-Permitted:
      - "1000"
      X-Ratelimit-Remaining:
      - "969"
      X-Request-Id:
      - 21178301-6f30-49e2-880d-30f7484cf1f3
    status: 200 OK
    code: 200
    duration: ""
- request:
    body: ""
    form: {}
    headers:
      Accept:
      - application/json
      User-Agent:
      - Terraform/1.10.5 (+https://www.terraform.io) Terraform-Plugin-SDK/2.31.0 terraform-provider-katapult/0.0.999
    url: https://api.katapult.io/core/v1/virtual_machines/builds/_?virtual_machine_build%5Bid%5D=vmbuild_c3BWi6ynxF5vdFlx
    method: GET
  response:
    body: '{"virtual_machine_build":{"id":"vmbuild_c3BWi6ynxF5vdFlx","spec_xml":"\u003c?xml
      version=\"1.0\"?\u003e\n\u003cVirtualMachineSpec\u003e\n  \u003cDataCenter\u003eloc_UUhPmoCbpic6UX0Y\u003c/DataCenter\u003e\n  \u003cResources\u003e\n    \u003cPackage
      by=\"permalink\"\u003erock-3\u003c/Package\u003e\n  \u003c/Resources\u003e\n  \u003cDiskTemplate\u003e\n    \u003cDiskTemplate
      by=\"permalink\"\u003etemplates/ubuntu-18-04\u003c/DiskTemplate\u003e\n    \u003cVersion
      by=\"number\"\u003e1\u003c/Version\u003e\n    \u003cOption key=\"install_agent\"\u003etrue\u003c/Option\u003e\n  \u003c/DiskTemplate\u003e\n  \u003cNetworkInterfaces\u003e\n    \u003cNetworkInterface\u003e\n      \u003cNetwork\u003enetw_gVRkZdSKczfNg34P\u003c/Network\u003e\n      \u003cIPAddressAllocation
      type=\"existing\"\u003e\n        \u003cIPAddress by=\"address\"\u003e185.44.252.93\u003c/IPAddress\u003e\n      \u003c/IPAddressAllocation\u003e\n    \u003c/NetworkInterface\u003e\n  \u003c/NetworkInterfaces\u003e\n  \u003cHostname\u003e\n    \u003cHostname\u003etf-acc-test-silent-intimidating-eagle\u003c/Hostname\u003e\n  \u003c/Hostname\u003e\n  \u003cAuthorizedKeys
      continuous_management=\"no\"\u003e\n    \u003cUsers all=\"yes\"/\u003e\n    \u003cSSHKeys
      all=\"yes\"/\u003e\n  \u003c/AuthorizedKeys\u003e\n\u003c/VirtualMachineSpec\u003e\n","state":"building","virtual_machine":{"id":"vm_FcDj8Af1kqFuhR45","name":"tf-acc-test-silent-intimidating-eagle","hostname":"tf-acc-test-silent-intimidating-eagle","fqdn":"tf-acc-test-silent-intimidating-eagle.terraform-acc-test.katapult.cloud","state":"stopped"},"created_at":1738860019},"annotations":[]}'
    headers:
      Access-Control-Allow-Headers:
      - Authorization, Content-Type
      Access-Control-Allow-Methods:
      - GET, POST, PUT, PATCH, DELETE, OPTIONS
      Access-Control-Allow-Origin:
      - '*'
      Cache-Control:
      - max-age=0, private, must-revalidate
      Content-Type:
      - application/json
      Date:
      - Thu, 06 Feb 2025 16:40:46 GMT
      Etag:
      - W/"dad8930f242eae8f2d03c39fb7917889"
      Strict-Transport-Security:
      - max-age=63072000; includeSubDomains
      Vary:
      - Accept-Encoding
      X-Ratelimit-Permitted:
      - "1000"
      X-Ratelimit-Remaining:
      - "965"
      X-Request-Id:
      - c533a349-46b7-4538-9806-82cd73b0f03d
    status: 200 OK
    code: 200
    duration: ""
- request:
    body: ""
    form: {}
    headers:
      Accept:
      - application/json
      User-Agent:
      - Terraform/1.10.5 (+https://www.terraform.io) Terraform-Plugin-SDK/2.31.0 terraform-provider-katapult/0.0.999
    url: https://api.katapult.io/core/v1/virtual_machines/builds/_?virtual_machine_build%5Bid%5D=vmbuild_c3BWi6ynxF5vdFlx
    method: GET
  response:
    body: '{"virtual_machine_build":{"id":"vmbuild_c3BWi6ynxF5vdFlx","spec_xml":"\u003c?xml
      version=\"1.0\"?\u003e\n\u003cVirtualMachineSpec\u003e\n  \u003cDataCenter\u003eloc_UUhPmoCbpic6UX0Y\u003c/DataCenter\u003e\n  \u003cResources\u003e\n    \u003cPackage
      by=\"permalink\"\u003erock-3\u003c/Package\u003e\n  \u003c/Resources\u003e\n  \u003cDiskTemplate\u003e\n    \u003cDiskTemplate
      by=\"permalink\"\u003etemplates/ubuntu-18-04\u003c/DiskTemplate\u003e\n    \u003cVersion
      by=\"number\"\u003e1\u003c/Version\u003e\n    \u003cOption key=\"install_agent\"\u003etrue\u003c/Option\u003e\n  \u003c/DiskTemplate\u003e\n  \u003cNetworkInterfaces\u003e\n    \u003cNetworkInterface\u003e\n      \u003cNetwork\u003enetw_gVRkZdSKczfNg34P\u003c/Network\u003e\n      \u003cIPAddressAllocation
      type=\"existing\"\u003e\n        \u003cIPAddress by=\"address\"\u003e185.44.252.93\u003c/IPAddress\u003e\n      \u003c/IPAddressAllocation\u003e\n    \u003c/NetworkInterface\u003e\n  \u003c/NetworkInterfaces\u003e\n  \u003cHostname\u003e\n    \u003cHostname\u003etf-acc-test-silent-intimidating-eagle\u003c/Hostname\u003e\n  \u003c/Hostname\u003e\n  \u003cAuthorizedKeys
      continuous_management=\"no\"\u003e\n    \u003cUsers all=\"yes\"/\u003e\n    \u003cSSHKeys
      all=\"yes\"/\u003e\n  \u003c/AuthorizedKeys\u003e\n\u003c/VirtualMachineSpec\u003e\n","state":"complete","virtual_machine":{"id":"vm_FcDj8Af1kqFuhR45","name":"tf-acc-test-silent-intimidating-eagle","hostname":"tf-acc-test-silent-intimidating-eagle","fqdn":"tf-acc-test-silent-intimidating-eagle.terraform-acc-test.katapult.cloud","state":"starting"},"created_at":1738860019},"annotations":[]}'
    headers:
      Access-Control-Allow-Headers:
      - Authorization, Content-Type
      Access-Control-Allow-Methods:
      - GET, POST, PUT, PATCH, DELETE, OPTIONS
      Access-Control-Allow-Origin:
      - '*'
      Cache-Control:
      - max-age=0, private, must-revalidate
      Content-Type:
      - application/json
      Date:
      - Thu, 06 Feb 2025 16:40:56 GMT
      Etag:
      - W/"5d8168464b1559aa694a774e37d7a451"
      Strict-Transport-Security:
      - max-age=63072000; includeSubDomains
      Vary:
      - Accept-Encoding
      X-Ratelimit-Permitted:
      - "1000"
      X-Ratelimit-Remaining:
      - "911"
      X-Request-Id:
      - 694e1942-03f8-4ff8-8c60-fa046e254363
    status: 200 OK
    code: 200
    duration: ""
- request:
    body: ""
    form: {}
    headers:
      Accept:
      - application/json
      User-Agent:
      - Terraform/1.10.5 (+https://www.terraform.io) Terraform-Plugin-SDK/2.31.0 terraform-provider-katapult/0.0.999
    url: https://api.katapult.io/core/v1/virtual_machines/_?virtual_machine%5Bid%5D=vm_FcDj8Af1kqFuhR45
    method: GET
  response:
    body: '{"virtual_machine":{"id":"vm_FcDj8Af1kqFuhR45","name":"tf-acc-test-silent-intimidating-eagle","hostname":"tf-acc-test-silent-intimidating-eagle","fqdn":"tf-acc-test-silent-intimidating-eagle.terraform-acc-test.katapult.cloud","description":null,"created_at":1738860030,"initial_root_password":"jPzouVxLoDnceWZI","state":"started","zone":{"id":"zone_SIfjBnlL8Qox99oX","name":"LON-4","permalink":"lon-zone-4","data_center":{"id":"loc_UUhPmoCbpic6UX0Y","name":"London","permalink":"uk-lon-01","country":{"id":"ctry_6AO9tYYugvTGnd5b","name":"United
      Kingdom","iso_code2":"GB","iso_code3":"GBR","time_zone":"Europe/London","eu":false}}},"organization":{"id":"org_eodfyqFF3YWb2OFC","name":"terraform-acc-test","sub_domain":"terraform-acc-test","infrastructure_domain":"terraform-acc-test.katapult.cloud","created_at":1605785692,"activated_at":1605785692,"suspended":false,"managed":false,"billing_name":"terraform-acc-test","address1":"42
      Barren Fields","address2":"Oxygen Farm","address3":"Seed Colony 1","address4":"Landing
      Site","postcode":"ZZ9 1LS","vat_number":null,"phone_number":null,"currency":{"id":"cur_zShCGgjgBz4EbnX1","name":"British
      Pound","iso_code":"GBP","symbol":"£"},"country":{"id":"ctry_6AO9tYYugvTGnd5b","name":"United
      Kingdom","iso_code2":"GB","iso_code3":"GBR","time_zone":"Europe/London","eu":false},"country_state":null},"group":null,"package":{"id":"vmpkg_Eh5LYVKScVHpj7sM","name":"ROCK-3","permalink":"rock-3","cpu_cores":1,"ipv4_addresses":1,"memory_in_gb":3,"storage_in_gb":25,"monthly_bandwidth_allowance_in_gb":2048,"privacy":"public","icon":null,"use_dedicated_cpus":false,"group":{"id":"vmpkgrp_P5kCZvAtvXRC3sVl","name":"Standard
      vCPU"}},"attached_iso":null,"memory_in_gb":3,"cpu_cores":1,"use_dedicated_cpus":false,"gpu_type":null,"gpus":[],"tags":[],"tag_names":[],"ip_addresses":[{"id":"ip_T9HFO8cKRx7BgJr1","address":"185.44.252.93","reverse_dns":"tf-acc-test-silent-intimidating-eagle.terraform-acc-test.katapult.cloud","vip":false,"label":null,"address_with_mask":"185.44.252.93/22","network":{"id":"netw_gVRkZdSKczfNg34P","name":"Public
      Network","permalink":"uk-lon-01-public","default":true,"data_center":{"id":"loc_UUhPmoCbpic6UX0Y","name":"London","permalink":"uk-lon-01","country":{"id":"ctry_6AO9tYYugvTGnd5b","name":"United
      Kingdom","iso_code2":"GB","iso_code3":"GBR","time_zone":"Europe/London","eu":false}}},"allocation_id":"vm_FcDj8Af1kqFuhR45","allocation_type":"VirtualMachine"}]},"annotations":[]}'
    headers:
      Access-Control-Allow-Headers:
      - Authorization, Content-Type
      Access-Control-Allow-Methods:
      - GET, POST, PUT, PATCH, DELETE, OPTIONS
      Access-Control-Allow-Origin:
      - '*'
      Cache-Control:
      - max-age=0, private, must-revalidate
      Content-Type:
      - application/json
      Date:
      - Thu, 06 Feb 2025 16:40:58 GMT
      Etag:
      - W/"d3c6fa6ed70207d888b75f773eda7287"
      Strict-Transport-Security:
      - max-age=63072000; includeSubDomains
      Vary:
      - Accept-Encoding
      X-Ratelimit-Permitted:
      - "1000"
      X-Ratelimit-Remaining:
      - "907"
      X-Request-Id:
      - bafd331e-44cd-4811-ae86-ee17c52c813d
    status: 200 OK
    code: 200
    duration: ""
- request:
    body: ""
    form: {}
    headers:
      Accept:
      - application/json
      User-Agent:
      - Terraform/1.10.5 (+https://www.terraform.io) Terraform-Plugin-SDK/2.31.0 terraform-provider-katapult/0.0.999
    url: https://api.katapult.io/core/v1/virtual_machines/_?virtual_machine%5Bid%5D=vm_FcDj8Af1kqFuhR45
    method: GET
  response:
    body: '{"virtual_machine":{"id":"vm_FcDj8Af1kqFuhR45","name":"tf-acc-test-silent-intimidating-eagle","hostname":"tf-acc-test-silent-intimidating-eagle","fqdn":"tf-acc-test-silent-intimidating-eagle.terraform-acc-test.katapult.cloud","description":null,"created_at":1738860030,"initial_root_password":"jPzouVxLoDnceWZI","state":"started","zone":{"id":"zone_SIfjBnlL8Qox99oX","name":"LON-4","permalink":"lon-zone-4","data_center":{"id":"loc_UUhPmoCbpic6UX0Y","name":"London","permalink":"uk-lon-01","country":{"id":"ctry_6AO9tYYugvTGnd5b","name":"United
      Kingdom","iso_code2":"GB","iso_code3":"GBR","time_zone":"Europe/London","eu":false}}},"organization":{"id":"org_eodfyqFF3YWb2OFC","name":"terraform-acc-test","sub_domain":"terraform-acc-test","infrastructure_domain":"terraform-acc-test.katapult.cloud","created_at":1605785692,"activated_at":1605785692,"suspended":false,"managed":false,"billing_name":"terraform-acc-test","address1":"42
      Barren Fields","address2":"Oxygen Farm","address3":"Seed Colony 1","address4":"Landing
      Site","postcode":"ZZ9 1LS","vat_number":null,"phone_number":null,"currency":{"id":"cur_zShCGgjgBz4EbnX1","name":"British
      Pound","iso_code":"GBP","symbol":"£"},"country":{"id":"ctry_6AO9tYYugvTGnd5b","name":"United
      Kingdom","iso_code2":"GB","iso_code3":"GBR","time_zone":"Europe/London","eu":false},"country_state":null},"group":null,"package":{"id":"vmpkg_Eh5LYVKScVHpj7sM","name":"ROCK-3","permalink":"rock-3","cpu_cores":1,"ipv4_addresses":1,"memory_in_gb":3,"storage_in_gb":25,"monthly_bandwidth_allowance_in_gb":2048,"privacy":"public","icon":null,"use_dedicated_cpus":false,"group":{"id":"vmpkgrp_P5kCZvAtvXRC3sVl","name":"Standard
      vCPU"}},"attached_iso":null,"memory_in_gb":3,"cpu_cores":1,"use_dedicated_cpus":false,"gpu_type":null,"gpus":[],"tags":[],"tag_names":[],"ip_addresses":[{"id":"ip_T9HFO8cKRx7BgJr1","address":"185.44.252.93","reverse_dns":"tf-acc-test-silent-intimidating-eagle.terraform-acc-test.katapult.cloud","vip":false,"label":null,"address_with_mask":"185.44.252.93/22","network":{"id":"netw_gVRkZdSKczfNg34P","name":"Public
      Network","permalink":"uk-lon-01-public","default":true,"data_center":{"id":"loc_UUhPmoCbpic6UX0Y","name":"London","permalink":"uk-lon-01","country":{"id":"ctry_6AO9tYYugvTGnd5b","name":"United
      Kingdom","iso_code2":"GB","iso_code3":"GBR","time_zone":"Europe/London","eu":false}}},"allocation_id":"vm_FcDj8Af1kqFuhR45","allocation_type":"VirtualMachine"}]},"annotations":[]}'
    headers:
      Access-Control-Allow-Headers:
      - Authorization, Content-Type
      Access-Control-Allow-Methods:
      - GET, POST, PUT, PATCH, DELETE, OPTIONS
      Access-Control-Allow-Origin:
      - '*'
      Cache-Control:
      - max-age=0, private, must-revalidate
      Content-Type:
      - application/json
      Date:
      - Thu, 06 Feb 2025 16:40:58 GMT
      Etag:
      - W/"d3c6fa6ed70207d888b75f773eda7287"
      Strict-Transport-Security:
      - max-age=63072000; includeSubDomains
      Vary:
      - Accept-Encoding
      X-Ratelimit-Permitted:
      - "1000"
      X-Ratelimit-Remaining:
      - "906"
      X-Request-Id:
      - 0c612317-1ec6-4252-a631-de52054d518f
    status: 200 OK
    code: 200
    duration: ""
- request:
    body: ""
    form: {}
    headers:
      User-Agent:
      - Terraform/1.10.5 (+https://www.terraform.io) Terraform-Plugin-SDK/2.31.0 terraform-provider-katapult/0.0.999
    url: https://api.katapult.io/core/v1/virtual_machines/virtual_machine/network_interfaces?virtual_machine%5Bid%5D=vm_FcDj8Af1kqFuhR45
    method: GET
  response:
    body: '{"pagination":{"current_page":1,"total_pages":1,"total":1,"per_page":30,"large_set":false},"virtual_machine_network_interfaces":[{"id":"vmnet_yjXnACKprQKcmHO0","name":"Public
      Network on tf-acc-test-silent-intimidating-eagle","network":{"id":"netw_gVRkZdSKczfNg34P","name":"Public
      Network"},"virtual_network":null,"ip_addresses":[{"id":"ip_T9HFO8cKRx7BgJr1","address":"185.44.252.93"}]}]}'
    headers:
      Access-Control-Allow-Headers:
      - Authorization, Content-Type
      Access-Control-Allow-Methods:
      - GET, POST, PUT, PATCH, DELETE, OPTIONS
      Access-Control-Allow-Origin:
      - '*'
      Cache-Control:
      - max-age=0, private, must-revalidate
      Content-Length:
      - "387"
      Content-Type:
      - application/json
      Date:
      - Thu, 06 Feb 2025 16:40:58 GMT
      Etag:
      - W/"f7e796f28c08d79af08eaa4206a797d0"
      Strict-Transport-Security:
      - max-age=63072000; includeSubDomains
      Vary:
      - Accept-Encoding
      X-Ratelimit-Permitted:
      - "1000"
      X-Ratelimit-Remaining:
      - "905"
      X-Request-Id:
      - 9165e49e-ab26-46c6-8ee3-d8675d0ab97e
    status: 200 OK
    code: 200
    duration: ""
- request:
    body: ""
    form: {}
    headers:
      User-Agent:
      - Terraform/1.10.5 (+https://www.terraform.io) Terraform-Plugin-SDK/2.31.0 terraform-provider-katapult/0.0.999
    url: https://api.katapult.io/core/v1/virtual_machine_network_interfaces/virtual_machine_network_interface?virtual_machine_network_interface%5Bid%5D=vmnet_yjXnACKprQKcmHO0
    method: GET
  response:
    body: '{"virtual_machine_network_interface":{"id":"vmnet_yjXnACKprQKcmHO0","virtual_machine":{"id":"vm_FcDj8Af1kqFuhR45","name":"tf-acc-test-silent-intimidating-eagle"},"name":"Public
      Network on tf-acc-test-silent-intimidating-eagle","network":{"id":"netw_gVRkZdSKczfNg34P","name":"Public
      Network"},"virtual_network":null,"mac_address":"3a:45:55:ec:64:7d","state":"detached","ip_addresses":[{"id":"ip_T9HFO8cKRx7BgJr1","address":"185.44.252.93"}],"speed_profile":{"id":"nsp_FKZSFo5xhn9Pfr79","name":"10Gbps","permalink":"10gbps"}}}'
    headers:
      Access-Control-Allow-Headers:
      - Authorization, Content-Type
      Access-Control-Allow-Methods:
      - GET, POST, PUT, PATCH, DELETE, OPTIONS
      Access-Control-Allow-Origin:
      - '*'
      Cache-Control:
      - max-age=0, private, must-revalidate
      Content-Length:
      - "524"
      Content-Type:
      - application/json
      Date:
      - Thu, 06 Feb 2025 16:40:58 GMT
      Etag:
      - W/"cc3d1145722b337014786bcc164b7c03"
      Strict-Transport-Security:
      - max-age=63072000; includeSubDomains
      Vary:
      - Accept-Encoding
      X-Ratelimit-Permitted:
      - "1000"
      X-Ratelimit-Remaining:
      - "904"
      X-Request-Id:
      - 9c576e20-77f4-4150-a390-6df10d0212f2
    status: 200 OK
    code: 200
    duration: ""
- request:
    body: ""
    form: {}
    headers:
      Accept:
      - application/json
      User-Agent:
      - Terraform/1.10.5 (+https://www.terraform.io) Terraform-Plugin-SDK/2.31.0 terraform-provider-katapult/0.0.999
    url: https://api.katapult.io/core/v1/virtual_machine_network_interfaces/_?virtual_machine_network_interface%5Bid%5D=vmnet_yjXnACKprQKcmHO0
    method: GET
  response:
    body: '{"virtual_machine_network_interface":{"id":"vmnet_yjXnACKprQKcmHO0","virtual_machine":{"id":"vm_FcDj8Af1kqFuhR45","name":"tf-acc-test-silent-intimidating-eagle"},"name":"Public
      Network on tf-acc-test-silent-intimidating-eagle","network":{"id":"netw_gVRkZdSKczfNg34P","name":"Public
      Network"},"virtual_network":null,"mac_address":"3a:45:55:ec:64:7d","state":"detached","ip_addresses":[{"id":"ip_T9HFO8cKRx7BgJr1","address":"185.44.252.93"}],"speed_profile":{"id":"nsp_FKZSFo5xhn9Pfr79","name":"10Gbps","permalink":"10gbps"}}}'
    headers:
      Access-Control-Allow-Headers:
      - Authorization, Content-Type
      Access-Control-Allow-Methods:
      - GET, POST, PUT, PATCH, DELETE, OPTIONS
      Access-Control-Allow-Origin:
      - '*'
      Cache-Control:
      - max-age=0, private, must-revalidate
      Content-Length:
      - "524"
      Content-Type:
      - application/json
      Date:
      - Thu, 06 Feb 2025 16:40:58 GMT
      Etag:
      - W/"cc3d1145722b337014786bcc164b7c03"
      Strict-Transport-Security:
      - max-age=63072000; includeSubDomains
      Vary:
      - Accept-Encoding
      X-Ratelimit-Permitted:
      - "1000"
      X-Ratelimit-Remaining:
      - "903"
      X-Request-Id:
      - 0b5352cb-735b-49ec-b0f8-ae6fcbf33b7b
    status: 200 OK
    code: 200
    duration: ""
- request:
    body: ""
    form: {}
    headers:
      Accept:
      - application/json
      User-Agent:
      - Terraform/ (+https://www.terraform.io) Terraform-Plugin-SDK/2.31.0 terraform-provider-katapult/0.0.999
    url: https://api.katapult.io/core/v1/virtual_machines/_?virtual_machine%5Bid%5D=vm_FcDj8Af1kqFuhR45
    method: GET
  response:
    body: '{"virtual_machine":{"id":"vm_FcDj8Af1kqFuhR45","name":"tf-acc-test-silent-intimidating-eagle","hostname":"tf-acc-test-silent-intimidating-eagle","fqdn":"tf-acc-test-silent-intimidating-eagle.terraform-acc-test.katapult.cloud","description":null,"created_at":1738860030,"initial_root_password":"jPzouVxLoDnceWZI","state":"started","zone":{"id":"zone_SIfjBnlL8Qox99oX","name":"LON-4","permalink":"lon-zone-4","data_center":{"id":"loc_UUhPmoCbpic6UX0Y","name":"London","permalink":"uk-lon-01","country":{"id":"ctry_6AO9tYYugvTGnd5b","name":"United
      Kingdom","iso_code2":"GB","iso_code3":"GBR","time_zone":"Europe/London","eu":false}}},"organization":{"id":"org_eodfyqFF3YWb2OFC","name":"terraform-acc-test","sub_domain":"terraform-acc-test","infrastructure_domain":"terraform-acc-test.katapult.cloud","created_at":1605785692,"activated_at":1605785692,"suspended":false,"managed":false,"billing_name":"terraform-acc-test","address1":"42
      Barren Fields","address2":"Oxygen Farm","address3":"Seed Colony 1","address4":"Landing
      Site","postcode":"ZZ9 1LS","vat_number":null,"phone_number":null,"currency":{"id":"cur_zShCGgjgBz4EbnX1","name":"British
      Pound","iso_code":"GBP","symbol":"£"},"country":{"id":"ctry_6AO9tYYugvTGnd5b","name":"United
      Kingdom","iso_code2":"GB","iso_code3":"GBR","time_zone":"Europe/London","eu":false},"country_state":null},"group":null,"package":{"id":"vmpkg_Eh5LYVKScVHpj7sM","name":"ROCK-3","permalink":"rock-3","cpu_cores":1,"ipv4_addresses":1,"memory_in_gb":3,"storage_in_gb":25,"monthly_bandwidth_allowance_in_gb":2048,"privacy":"public","icon":null,"use_dedicated_cpus":false,"group":{"id":"vmpkgrp_P5kCZvAtvXRC3sVl","name":"Standard
      vCPU"}},"attached_iso":null,"memory_in_gb":3,"cpu_cores":1,"use_dedicated_cpus":false,"gpu_type":null,"gpus":[],"tags":[],"tag_names":[],"ip_addresses":[{"id":"ip_T9HFO8cKRx7BgJr1","address":"185.44.252.93","reverse_dns":"tf-acc-test-silent-intimidating-eagle.terraform-acc-test.katapult.cloud","vip":false,"label":null,"address_with_mask":"185.44.252.93/22","network":{"id":"netw_gVRkZdSKczfNg34P","name":"Public
      Network","permalink":"uk-lon-01-public","default":true,"data_center":{"id":"loc_UUhPmoCbpic6UX0Y","name":"London","permalink":"uk-lon-01","country":{"id":"ctry_6AO9tYYugvTGnd5b","name":"United
      Kingdom","iso_code2":"GB","iso_code3":"GBR","time_zone":"Europe/London","eu":false}}},"allocation_id":"vm_FcDj8Af1kqFuhR45","allocation_type":"VirtualMachine"}]},"annotations":[]}'
    headers:
      Access-Control-Allow-Headers:
      - Authorization, Content-Type
      Access-Control-Allow-Methods:
      - GET, POST, PUT, PATCH, DELETE, OPTIONS
      Access-Control-Allow-Origin:
      - '*'
      Cache-Control:
      - max-age=0, private, must-revalidate
      Content-Type:
      - application/json
      Date:
      - Thu, 06 Feb 2025 16:40:59 GMT
      Etag:
      - W/"d3c6fa6ed70207d888b75f773eda7287"
      Strict-Transport-Security:
      - max-age=63072000; includeSubDomains
      Vary:
      - Accept-Encoding
      X-Ratelimit-Permitted:
      - "1000"
      X-Ratelimit-Remaining:
      - "902"
      X-Request-Id:
      - ce7e562c-cb57-4f5c-a8a3-3a66e8a5d141
    status: 200 OK
    code: 200
    duration: ""
- request:
    body: ""
    form: {}
    headers:
      Accept:
      - application/json
      User-Agent:
      - Terraform/1.10.5 (+https://www.terraform.io) Terraform-Plugin-SDK/2.31.0 terraform-provider-katapult/0.0.999
    url: https://api.katapult.io/core/v1/virtual_machine_groups/vmgrp_G0hxFF6646peAwHk
    method: GET
  response:
    body: '{"virtual_machine_group":{"id":"vmgrp_G0hxFF6646peAwHk","name":"tf-acc-test-update-group-bar22cofqkj6","segregate":true,"auto_segregate":false,"created_at":1738860019}}'
    headers:
      Access-Control-Allow-Headers:
      - Authorization, Content-Type
      Access-Control-Allow-Methods:
      - GET, POST, PUT, PATCH, DELETE, OPTIONS
      Access-Control-Allow-Origin:
      - '*'
      Cache-Control:
      - max-age=0, private, must-revalidate
      Content-Length:
      - "168"
      Content-Type:
      - application/json
      Date:
      - Thu, 06 Feb 2025 16:40:59 GMT
      Etag:
      - W/"2928361355a7690e9313b54b0cd2081e"
      Strict-Transport-Security:
      - max-age=63072000; includeSubDomains
      Vary:
      - Accept-Encoding
      X-Ratelimit-Permitted:
      - "1000"
      X-Ratelimit-Remaining:
      - "901"
      X-Request-Id:
      - bc79fbab-4ece-46fb-937a-f7c64f4de64f
    status: 200 OK
    code: 200
    duration: ""
- request:
    body: ""
    form: {}
    headers:
      Accept:
      - application/json
      User-Agent:
      - Terraform/1.10.5 (+https://www.terraform.io) Terraform-Plugin-SDK/2.31.0 terraform-provider-katapult/0.0.999
    url: https://api.katapult.io/core/v1/ip_addresses/_?ip_address%5Bid%5D=ip_T9HFO8cKRx7BgJr1
    method: GET
  response:
    body: '{"ip_address":{"id":"ip_T9HFO8cKRx7BgJr1","address":"185.44.252.93","reverse_dns":"tf-acc-test-silent-intimidating-eagle.terraform-acc-test.katapult.cloud","vip":false,"label":null,"address_with_mask":"185.44.252.93/22","network":{"id":"netw_gVRkZdSKczfNg34P","name":"Public
      Network","permalink":"uk-lon-01-public","default":true,"data_center":{"id":"loc_UUhPmoCbpic6UX0Y","name":"London","permalink":"uk-lon-01","country":{"id":"ctry_6AO9tYYugvTGnd5b","name":"United
      Kingdom","iso_code2":"GB","iso_code3":"GBR","time_zone":"Europe/London","eu":false}}},"allocation_id":"vm_FcDj8Af1kqFuhR45","allocation_type":"VirtualMachine"},"allocation":{"type":"VirtualMachine","value":{"id":"vm_FcDj8Af1kqFuhR45","name":"tf-acc-test-silent-intimidating-eagle"}}}'
    headers:
      Access-Control-Allow-Headers:
      - Authorization, Content-Type
      Access-Control-Allow-Methods:
      - GET, POST, PUT, PATCH, DELETE, OPTIONS
      Access-Control-Allow-Origin:
      - '*'
      Cache-Control:
      - max-age=0, private, must-revalidate
      Content-Length:
      - "751"
      Content-Type:
      - application/json
      Date:
      - Thu, 06 Feb 2025 16:40:59 GMT
      Etag:
      - W/"4b61fd28134d01acb81c69554fa6a08a"
      Strict-Transport-Security:
      - max-age=63072000; includeSubDomains
      Vary:
      - Accept-Encoding
      X-Ratelimit-Permitted:
      - "1000"
      X-Ratelimit-Remaining:
      - "900"
      X-Request-Id:
      - a9629cca-9208-4e12-817e-0c8e18e2b225
    status: 200 OK
    code: 200
    duration: ""
- request:
    body: ""
    form: {}
    headers:
      Accept:
      - application/json
      User-Agent:
      - Terraform/1.10.5 (+https://www.terraform.io) Terraform-Plugin-SDK/2.31.0 terraform-provider-katapult/0.0.999
    url: https://api.katapult.io/core/v1/virtual_machines/_?virtual_machine%5Bid%5D=vm_FcDj8Af1kqFuhR45
    method: GET
  response:
    body: '{"virtual_machine":{"id":"vm_FcDj8Af1kqFuhR45","name":"tf-acc-test-silent-intimidating-eagle","hostname":"tf-acc-test-silent-intimidating-eagle","fqdn":"tf-acc-test-silent-intimidating-eagle.terraform-acc-test.katapult.cloud","description":null,"created_at":1738860030,"initial_root_password":"jPzouVxLoDnceWZI","state":"started","zone":{"id":"zone_SIfjBnlL8Qox99oX","name":"LON-4","permalink":"lon-zone-4","data_center":{"id":"loc_UUhPmoCbpic6UX0Y","name":"London","permalink":"uk-lon-01","country":{"id":"ctry_6AO9tYYugvTGnd5b","name":"United
      Kingdom","iso_code2":"GB","iso_code3":"GBR","time_zone":"Europe/London","eu":false}}},"organization":{"id":"org_eodfyqFF3YWb2OFC","name":"terraform-acc-test","sub_domain":"terraform-acc-test","infrastructure_domain":"terraform-acc-test.katapult.cloud","created_at":1605785692,"activated_at":1605785692,"suspended":false,"managed":false,"billing_name":"terraform-acc-test","address1":"42
      Barren Fields","address2":"Oxygen Farm","address3":"Seed Colony 1","address4":"Landing
      Site","postcode":"ZZ9 1LS","vat_number":null,"phone_number":null,"currency":{"id":"cur_zShCGgjgBz4EbnX1","name":"British
      Pound","iso_code":"GBP","symbol":"£"},"country":{"id":"ctry_6AO9tYYugvTGnd5b","name":"United
      Kingdom","iso_code2":"GB","iso_code3":"GBR","time_zone":"Europe/London","eu":false},"country_state":null},"group":null,"package":{"id":"vmpkg_Eh5LYVKScVHpj7sM","name":"ROCK-3","permalink":"rock-3","cpu_cores":1,"ipv4_addresses":1,"memory_in_gb":3,"storage_in_gb":25,"monthly_bandwidth_allowance_in_gb":2048,"privacy":"public","icon":null,"use_dedicated_cpus":false,"group":{"id":"vmpkgrp_P5kCZvAtvXRC3sVl","name":"Standard
      vCPU"}},"attached_iso":null,"memory_in_gb":3,"cpu_cores":1,"use_dedicated_cpus":false,"gpu_type":null,"gpus":[],"tags":[],"tag_names":[],"ip_addresses":[{"id":"ip_T9HFO8cKRx7BgJr1","address":"185.44.252.93","reverse_dns":"tf-acc-test-silent-intimidating-eagle.terraform-acc-test.katapult.cloud","vip":false,"label":null,"address_with_mask":"185.44.252.93/22","network":{"id":"netw_gVRkZdSKczfNg34P","name":"Public
      Network","permalink":"uk-lon-01-public","default":true,"data_center":{"id":"loc_UUhPmoCbpic6UX0Y","name":"London","permalink":"uk-lon-01","country":{"id":"ctry_6AO9tYYugvTGnd5b","name":"United
      Kingdom","iso_code2":"GB","iso_code3":"GBR","time_zone":"Europe/London","eu":false}}},"allocation_id":"vm_FcDj8Af1kqFuhR45","allocation_type":"VirtualMachine"}]},"annotations":[]}'
    headers:
      Access-Control-Allow-Headers:
      - Authorization, Content-Type
      Access-Control-Allow-Methods:
      - GET, POST, PUT, PATCH, DELETE, OPTIONS
      Access-Control-Allow-Origin:
      - '*'
      Cache-Control:
      - max-age=0, private, must-revalidate
      Content-Type:
      - application/json
      Date:
      - Thu, 06 Feb 2025 16:40:59 GMT
      Etag:
      - W/"d3c6fa6ed70207d888b75f773eda7287"
      Strict-Transport-Security:
      - max-age=63072000; includeSubDomains
      Vary:
      - Accept-Encoding
      X-Ratelimit-Permitted:
      - "1000"
      X-Ratelimit-Remaining:
      - "899"
      X-Request-Id:
      - d9e9a443-3311-423a-aedc-9316cd2e9a3f
    status: 200 OK
    code: 200
    duration: ""
- request:
    body: ""
    form: {}
    headers:
      User-Agent:
      - Terraform/1.10.5 (+https://www.terraform.io) Terraform-Plugin-SDK/2.31.0 terraform-provider-katapult/0.0.999
    url: https://api.katapult.io/core/v1/virtual_machines/virtual_machine/network_interfaces?virtual_machine%5Bid%5D=vm_FcDj8Af1kqFuhR45
    method: GET
  response:
    body: '{"pagination":{"current_page":1,"total_pages":1,"total":1,"per_page":30,"large_set":false},"virtual_machine_network_interfaces":[{"id":"vmnet_yjXnACKprQKcmHO0","name":"Public
      Network on tf-acc-test-silent-intimidating-eagle","network":{"id":"netw_gVRkZdSKczfNg34P","name":"Public
      Network"},"virtual_network":null,"ip_addresses":[{"id":"ip_T9HFO8cKRx7BgJr1","address":"185.44.252.93"}]}]}'
    headers:
      Access-Control-Allow-Headers:
      - Authorization, Content-Type
      Access-Control-Allow-Methods:
      - GET, POST, PUT, PATCH, DELETE, OPTIONS
      Access-Control-Allow-Origin:
      - '*'
      Cache-Control:
      - max-age=0, private, must-revalidate
      Content-Length:
      - "387"
      Content-Type:
      - application/json
      Date:
      - Thu, 06 Feb 2025 16:40:59 GMT
      Etag:
      - W/"f7e796f28c08d79af08eaa4206a797d0"
      Strict-Transport-Security:
      - max-age=63072000; includeSubDomains
      Vary:
      - Accept-Encoding
      X-Ratelimit-Permitted:
      - "1000"
      X-Ratelimit-Remaining:
      - "897"
      X-Request-Id:
      - 6fece71b-0fd2-4d80-94b5-519ec86b7690
    status: 200 OK
    code: 200
    duration: ""
- request:
    body: ""
    form: {}
    headers:
      User-Agent:
      - Terraform/1.10.5 (+https://www.terraform.io) Terraform-Plugin-SDK/2.31.0 terraform-provider-katapult/0.0.999
    url: https://api.katapult.io/core/v1/virtual_machine_network_interfaces/virtual_machine_network_interface?virtual_machine_network_interface%5Bid%5D=vmnet_yjXnACKprQKcmHO0
    method: GET
  response:
    body: '{"virtual_machine_network_interface":{"id":"vmnet_yjXnACKprQKcmHO0","virtual_machine":{"id":"vm_FcDj8Af1kqFuhR45","name":"tf-acc-test-silent-intimidating-eagle"},"name":"Public
      Network on tf-acc-test-silent-intimidating-eagle","network":{"id":"netw_gVRkZdSKczfNg34P","name":"Public
      Network"},"virtual_network":null,"mac_address":"3a:45:55:ec:64:7d","state":"detached","ip_addresses":[{"id":"ip_T9HFO8cKRx7BgJr1","address":"185.44.252.93"}],"speed_profile":{"id":"nsp_FKZSFo5xhn9Pfr79","name":"10Gbps","permalink":"10gbps"}}}'
    headers:
      Access-Control-Allow-Headers:
      - Authorization, Content-Type
      Access-Control-Allow-Methods:
      - GET, POST, PUT, PATCH, DELETE, OPTIONS
      Access-Control-Allow-Origin:
      - '*'
      Cache-Control:
      - max-age=0, private, must-revalidate
      Content-Length:
      - "524"
      Content-Type:
      - application/json
      Date:
      - Thu, 06 Feb 2025 16:40:59 GMT
      Etag:
      - W/"cc3d1145722b337014786bcc164b7c03"
      Strict-Transport-Security:
      - max-age=63072000; includeSubDomains
      Vary:
      - Accept-Encoding
      X-Ratelimit-Permitted:
      - "1000"
      X-Ratelimit-Remaining:
      - "896"
      X-Request-Id:
      - cdc24d6c-fcf5-4944-be87-367a0bc63896
    status: 200 OK
    code: 200
    duration: ""
- request:
    body: ""
    form: {}
    headers:
      Accept:
      - application/json
      User-Agent:
      - Terraform/1.10.5 (+https://www.terraform.io) Terraform-Plugin-SDK/2.31.0 terraform-provider-katapult/0.0.999
    url: https://api.katapult.io/core/v1/virtual_machine_network_interfaces/_?virtual_machine_network_interface%5Bid%5D=vmnet_yjXnACKprQKcmHO0
    method: GET
  response:
    body: '{"virtual_machine_network_interface":{"id":"vmnet_yjXnACKprQKcmHO0","virtual_machine":{"id":"vm_FcDj8Af1kqFuhR45","name":"tf-acc-test-silent-intimidating-eagle"},"name":"Public
      Network on tf-acc-test-silent-intimidating-eagle","network":{"id":"netw_gVRkZdSKczfNg34P","name":"Public
      Network"},"virtual_network":null,"mac_address":"3a:45:55:ec:64:7d","state":"detached","ip_addresses":[{"id":"ip_T9HFO8cKRx7BgJr1","address":"185.44.252.93"}],"speed_profile":{"id":"nsp_FKZSFo5xhn9Pfr79","name":"10Gbps","permalink":"10gbps"}}}'
    headers:
      Access-Control-Allow-Headers:
      - Authorization, Content-Type
      Access-Control-Allow-Methods:
      - GET, POST, PUT, PATCH, DELETE, OPTIONS
      Access-Control-Allow-Origin:
      - '*'
      Cache-Control:
      - max-age=0, private, must-revalidate
      Content-Length:
      - "524"
      Content-Type:
      - application/json
      Date:
      - Thu, 06 Feb 2025 16:40:59 GMT
      Etag:
      - W/"cc3d1145722b337014786bcc164b7c03"
      Strict-Transport-Security:
      - max-age=63072000; includeSubDomains
      Vary:
      - Accept-Encoding
      X-Ratelimit-Permitted:
      - "1000"
      X-Ratelimit-Remaining:
      - "895"
      X-Request-Id:
      - 5cdcbd0c-3621-4d26-9a4b-db39207bcb2b
    status: 200 OK
    code: 200
    duration: ""
- request:
    body: ""
    form: {}
    headers:
      Accept:
      - application/json
      User-Agent:
      - Terraform/1.10.5 (+https://www.terraform.io) Terraform-Plugin-SDK/2.31.0 terraform-provider-katapult/0.0.999
    url: https://api.katapult.io/core/v1/ip_addresses/_?ip_address%5Bid%5D=ip_T9HFO8cKRx7BgJr1
    method: GET
  response:
    body: '{"ip_address":{"id":"ip_T9HFO8cKRx7BgJr1","address":"185.44.252.93","reverse_dns":"tf-acc-test-silent-intimidating-eagle.terraform-acc-test.katapult.cloud","vip":false,"label":null,"address_with_mask":"185.44.252.93/22","network":{"id":"netw_gVRkZdSKczfNg34P","name":"Public
      Network","permalink":"uk-lon-01-public","default":true,"data_center":{"id":"loc_UUhPmoCbpic6UX0Y","name":"London","permalink":"uk-lon-01","country":{"id":"ctry_6AO9tYYugvTGnd5b","name":"United
      Kingdom","iso_code2":"GB","iso_code3":"GBR","time_zone":"Europe/London","eu":false}}},"allocation_id":"vm_FcDj8Af1kqFuhR45","allocation_type":"VirtualMachine"},"allocation":{"type":"VirtualMachine","value":{"id":"vm_FcDj8Af1kqFuhR45","name":"tf-acc-test-silent-intimidating-eagle"}}}'
    headers:
      Access-Control-Allow-Headers:
      - Authorization, Content-Type
      Access-Control-Allow-Methods:
      - GET, POST, PUT, PATCH, DELETE, OPTIONS
      Access-Control-Allow-Origin:
      - '*'
      Cache-Control:
      - max-age=0, private, must-revalidate
      Content-Length:
      - "751"
      Content-Type:
      - application/json
      Date:
      - Thu, 06 Feb 2025 16:40:59 GMT
      Etag:
      - W/"4b61fd28134d01acb81c69554fa6a08a"
      Strict-Transport-Security:
      - max-age=63072000; includeSubDomains
      Vary:
      - Accept-Encoding
      X-Ratelimit-Permitted:
      - "1000"
      X-Ratelimit-Remaining:
      - "894"
      X-Request-Id:
      - 1d949233-bbb5-4204-908c-5d4b24d5b2ae
    status: 200 OK
    code: 200
    duration: ""
- request:
    body: ""
    form: {}
    headers:
      Accept:
      - application/json
      User-Agent:
      - Terraform/1.10.5 (+https://www.terraform.io) Terraform-Plugin-SDK/2.31.0 terraform-provider-katapult/0.0.999
    url: https://api.katapult.io/core/v1/virtual_machine_groups/vmgrp_G0hxFF6646peAwHk
    method: GET
  response:
    body: '{"virtual_machine_group":{"id":"vmgrp_G0hxFF6646peAwHk","name":"tf-acc-test-update-group-bar22cofqkj6","segregate":true,"auto_segregate":false,"created_at":1738860019}}'
    headers:
      Access-Control-Allow-Headers:
      - Authorization, Content-Type
      Access-Control-Allow-Methods:
      - GET, POST, PUT, PATCH, DELETE, OPTIONS
      Access-Control-Allow-Origin:
      - '*'
      Cache-Control:
      - max-age=0, private, must-revalidate
      Content-Length:
      - "168"
      Content-Type:
      - application/json
      Date:
      - Thu, 06 Feb 2025 16:40:59 GMT
      Etag:
      - W/"2928361355a7690e9313b54b0cd2081e"
      Strict-Transport-Security:
      - max-age=63072000; includeSubDomains
      Vary:
      - Accept-Encoding
      X-Ratelimit-Permitted:
      - "1000"
      X-Ratelimit-Remaining:
      - "893"
      X-Request-Id:
      - 09527363-fdef-4232-94bd-df7b3c3c4e73
    status: 200 OK
    code: 200
    duration: ""
- request:
    body: ""
    form: {}
    headers:
      Accept:
      - application/json
      User-Agent:
      - Terraform/1.10.5 (+https://www.terraform.io) Terraform-Plugin-SDK/2.31.0 terraform-provider-katapult/0.0.999
    url: https://api.katapult.io/core/v1/virtual_machines/_?virtual_machine%5Bid%5D=vm_FcDj8Af1kqFuhR45
    method: GET
  response:
    body: '{"virtual_machine":{"id":"vm_FcDj8Af1kqFuhR45","name":"tf-acc-test-silent-intimidating-eagle","hostname":"tf-acc-test-silent-intimidating-eagle","fqdn":"tf-acc-test-silent-intimidating-eagle.terraform-acc-test.katapult.cloud","description":null,"created_at":1738860030,"initial_root_password":"jPzouVxLoDnceWZI","state":"started","zone":{"id":"zone_SIfjBnlL8Qox99oX","name":"LON-4","permalink":"lon-zone-4","data_center":{"id":"loc_UUhPmoCbpic6UX0Y","name":"London","permalink":"uk-lon-01","country":{"id":"ctry_6AO9tYYugvTGnd5b","name":"United
      Kingdom","iso_code2":"GB","iso_code3":"GBR","time_zone":"Europe/London","eu":false}}},"organization":{"id":"org_eodfyqFF3YWb2OFC","name":"terraform-acc-test","sub_domain":"terraform-acc-test","infrastructure_domain":"terraform-acc-test.katapult.cloud","created_at":1605785692,"activated_at":1605785692,"suspended":false,"managed":false,"billing_name":"terraform-acc-test","address1":"42
      Barren Fields","address2":"Oxygen Farm","address3":"Seed Colony 1","address4":"Landing
      Site","postcode":"ZZ9 1LS","vat_number":null,"phone_number":null,"currency":{"id":"cur_zShCGgjgBz4EbnX1","name":"British
      Pound","iso_code":"GBP","symbol":"£"},"country":{"id":"ctry_6AO9tYYugvTGnd5b","name":"United
      Kingdom","iso_code2":"GB","iso_code3":"GBR","time_zone":"Europe/London","eu":false},"country_state":null},"group":null,"package":{"id":"vmpkg_Eh5LYVKScVHpj7sM","name":"ROCK-3","permalink":"rock-3","cpu_cores":1,"ipv4_addresses":1,"memory_in_gb":3,"storage_in_gb":25,"monthly_bandwidth_allowance_in_gb":2048,"privacy":"public","icon":null,"use_dedicated_cpus":false,"group":{"id":"vmpkgrp_P5kCZvAtvXRC3sVl","name":"Standard
      vCPU"}},"attached_iso":null,"memory_in_gb":3,"cpu_cores":1,"use_dedicated_cpus":false,"gpu_type":null,"gpus":[],"tags":[],"tag_names":[],"ip_addresses":[{"id":"ip_T9HFO8cKRx7BgJr1","address":"185.44.252.93","reverse_dns":"tf-acc-test-silent-intimidating-eagle.terraform-acc-test.katapult.cloud","vip":false,"label":null,"address_with_mask":"185.44.252.93/22","network":{"id":"netw_gVRkZdSKczfNg34P","name":"Public
      Network","permalink":"uk-lon-01-public","default":true,"data_center":{"id":"loc_UUhPmoCbpic6UX0Y","name":"London","permalink":"uk-lon-01","country":{"id":"ctry_6AO9tYYugvTGnd5b","name":"United
      Kingdom","iso_code2":"GB","iso_code3":"GBR","time_zone":"Europe/London","eu":false}}},"allocation_id":"vm_FcDj8Af1kqFuhR45","allocation_type":"VirtualMachine"}]},"annotations":[]}'
    headers:
      Access-Control-Allow-Headers:
      - Authorization, Content-Type
      Access-Control-Allow-Methods:
      - GET, POST, PUT, PATCH, DELETE, OPTIONS
      Access-Control-Allow-Origin:
      - '*'
      Cache-Control:
      - max-age=0, private, must-revalidate
      Content-Type:
      - application/json
      Date:
      - Thu, 06 Feb 2025 16:40:59 GMT
      Etag:
      - W/"d3c6fa6ed70207d888b75f773eda7287"
      Strict-Transport-Security:
      - max-age=63072000; includeSubDomains
      Vary:
      - Accept-Encoding
      X-Ratelimit-Permitted:
      - "1000"
      X-Ratelimit-Remaining:
      - "892"
      X-Request-Id:
      - 5007b83d-4a5b-4dfd-a813-09e902704872
    status: 200 OK
    code: 200
    duration: ""
- request:
    body: ""
    form: {}
    headers:
      User-Agent:
      - Terraform/1.10.5 (+https://www.terraform.io) Terraform-Plugin-SDK/2.31.0 terraform-provider-katapult/0.0.999
    url: https://api.katapult.io/core/v1/virtual_machines/virtual_machine/network_interfaces?virtual_machine%5Bid%5D=vm_FcDj8Af1kqFuhR45
    method: GET
  response:
    body: '{"pagination":{"current_page":1,"total_pages":1,"total":1,"per_page":30,"large_set":false},"virtual_machine_network_interfaces":[{"id":"vmnet_yjXnACKprQKcmHO0","name":"Public
      Network on tf-acc-test-silent-intimidating-eagle","network":{"id":"netw_gVRkZdSKczfNg34P","name":"Public
      Network"},"virtual_network":null,"ip_addresses":[{"id":"ip_T9HFO8cKRx7BgJr1","address":"185.44.252.93"}]}]}'
    headers:
      Access-Control-Allow-Headers:
      - Authorization, Content-Type
      Access-Control-Allow-Methods:
      - GET, POST, PUT, PATCH, DELETE, OPTIONS
      Access-Control-Allow-Origin:
      - '*'
      Cache-Control:
      - max-age=0, private, must-revalidate
      Content-Length:
      - "387"
      Content-Type:
      - application/json
      Date:
      - Thu, 06 Feb 2025 16:41:00 GMT
      Etag:
      - W/"f7e796f28c08d79af08eaa4206a797d0"
      Strict-Transport-Security:
      - max-age=63072000; includeSubDomains
      Vary:
      - Accept-Encoding
      X-Ratelimit-Permitted:
      - "1000"
      X-Ratelimit-Remaining:
      - "999"
      X-Request-Id:
      - f76a11af-11ac-480a-a85a-c6b2595123b2
    status: 200 OK
    code: 200
    duration: ""
- request:
    body: ""
    form: {}
    headers:
      User-Agent:
      - Terraform/1.10.5 (+https://www.terraform.io) Terraform-Plugin-SDK/2.31.0 terraform-provider-katapult/0.0.999
    url: https://api.katapult.io/core/v1/virtual_machine_network_interfaces/virtual_machine_network_interface?virtual_machine_network_interface%5Bid%5D=vmnet_yjXnACKprQKcmHO0
    method: GET
  response:
    body: '{"virtual_machine_network_interface":{"id":"vmnet_yjXnACKprQKcmHO0","virtual_machine":{"id":"vm_FcDj8Af1kqFuhR45","name":"tf-acc-test-silent-intimidating-eagle"},"name":"Public
      Network on tf-acc-test-silent-intimidating-eagle","network":{"id":"netw_gVRkZdSKczfNg34P","name":"Public
      Network"},"virtual_network":null,"mac_address":"3a:45:55:ec:64:7d","state":"attached","ip_addresses":[{"id":"ip_T9HFO8cKRx7BgJr1","address":"185.44.252.93"}],"speed_profile":{"id":"nsp_FKZSFo5xhn9Pfr79","name":"10Gbps","permalink":"10gbps"}}}'
    headers:
      Access-Control-Allow-Headers:
      - Authorization, Content-Type
      Access-Control-Allow-Methods:
      - GET, POST, PUT, PATCH, DELETE, OPTIONS
      Access-Control-Allow-Origin:
      - '*'
      Cache-Control:
      - max-age=0, private, must-revalidate
      Content-Length:
      - "524"
      Content-Type:
      - application/json
      Date:
      - Thu, 06 Feb 2025 16:41:00 GMT
      Etag:
      - W/"cf4a6f2245a2149def57cf18317a9516"
      Strict-Transport-Security:
      - max-age=63072000; includeSubDomains
      Vary:
      - Accept-Encoding
      X-Ratelimit-Permitted:
      - "1000"
      X-Ratelimit-Remaining:
      - "998"
      X-Request-Id:
      - 2c6987a6-967e-42ba-ae33-51cd7cc01a0f
    status: 200 OK
    code: 200
    duration: ""
- request:
    body: ""
    form: {}
    headers:
      Accept:
      - application/json
      User-Agent:
      - Terraform/1.10.5 (+https://www.terraform.io) Terraform-Plugin-SDK/2.31.0 terraform-provider-katapult/0.0.999
    url: https://api.katapult.io/core/v1/virtual_machine_network_interfaces/_?virtual_machine_network_interface%5Bid%5D=vmnet_yjXnACKprQKcmHO0
    method: GET
  response:
    body: '{"virtual_machine_network_interface":{"id":"vmnet_yjXnACKprQKcmHO0","virtual_machine":{"id":"vm_FcDj8Af1kqFuhR45","name":"tf-acc-test-silent-intimidating-eagle"},"name":"Public
      Network on tf-acc-test-silent-intimidating-eagle","network":{"id":"netw_gVRkZdSKczfNg34P","name":"Public
      Network"},"virtual_network":null,"mac_address":"3a:45:55:ec:64:7d","state":"attached","ip_addresses":[{"id":"ip_T9HFO8cKRx7BgJr1","address":"185.44.252.93"}],"speed_profile":{"id":"nsp_FKZSFo5xhn9Pfr79","name":"10Gbps","permalink":"10gbps"}}}'
    headers:
      Access-Control-Allow-Headers:
      - Authorization, Content-Type
      Access-Control-Allow-Methods:
      - GET, POST, PUT, PATCH, DELETE, OPTIONS
      Access-Control-Allow-Origin:
      - '*'
      Cache-Control:
      - max-age=0, private, must-revalidate
      Content-Length:
      - "524"
      Content-Type:
      - application/json
      Date:
      - Thu, 06 Feb 2025 16:41:00 GMT
      Etag:
      - W/"cf4a6f2245a2149def57cf18317a9516"
      Strict-Transport-Security:
      - max-age=63072000; includeSubDomains
      Vary:
      - Accept-Encoding
      X-Ratelimit-Permitted:
      - "1000"
      X-Ratelimit-Remaining:
      - "997"
      X-Request-Id:
      - 26190763-ac35-4c21-bd40-22bd78de5d42
    status: 200 OK
    code: 200
    duration: ""
- request:
    body: |
      {"virtual_machine":{"id":"vm_FcDj8Af1kqFuhR45"},"properties":{"group":{"id":"vmgrp_G0hxFF6646peAwHk"}}}
    form: {}
    headers:
      Accept:
      - application/json
      Content-Type:
      - application/json
      User-Agent:
      - Terraform/1.10.5 (+https://www.terraform.io) Terraform-Plugin-SDK/2.31.0 terraform-provider-katapult/0.0.999
    url: https://api.katapult.io/core/v1/virtual_machines/_
    method: PATCH
  response:
    body: '{"virtual_machine":{"id":"vm_FcDj8Af1kqFuhR45","name":"tf-acc-test-silent-intimidating-eagle","hostname":"tf-acc-test-silent-intimidating-eagle","fqdn":"tf-acc-test-silent-intimidating-eagle.terraform-acc-test.katapult.cloud","description":null,"created_at":1738860030,"initial_root_password":"jPzouVxLoDnceWZI","state":"started","zone":{"id":"zone_SIfjBnlL8Qox99oX","name":"LON-4","permalink":"lon-zone-4","data_center":{"id":"loc_UUhPmoCbpic6UX0Y","name":"London","permalink":"uk-lon-01","country":{"id":"ctry_6AO9tYYugvTGnd5b","name":"United
      Kingdom","iso_code2":"GB","iso_code3":"GBR","time_zone":"Europe/London","eu":false}}},"organization":{"id":"org_eodfyqFF3YWb2OFC","name":"terraform-acc-test","sub_domain":"terraform-acc-test","infrastructure_domain":"terraform-acc-test.katapult.cloud","created_at":1605785692,"activated_at":1605785692,"suspended":false,"managed":false,"billing_name":"terraform-acc-test","address1":"42
      Barren Fields","address2":"Oxygen Farm","address3":"Seed Colony 1","address4":"Landing
      Site","postcode":"ZZ9 1LS","vat_number":null,"phone_number":null,"currency":{"id":"cur_zShCGgjgBz4EbnX1","name":"British
      Pound","iso_code":"GBP","symbol":"£"},"country":{"id":"ctry_6AO9tYYugvTGnd5b","name":"United
      Kingdom","iso_code2":"GB","iso_code3":"GBR","time_zone":"Europe/London","eu":false},"country_state":null},"group":{"id":"vmgrp_G0hxFF6646peAwHk","name":"tf-acc-test-update-group-bar22cofqkj6","segregate":true,"auto_segregate":false,"created_at":1738860019},"package":{"id":"vmpkg_Eh5LYVKScVHpj7sM","name":"ROCK-3","permalink":"rock-3","cpu_cores":1,"ipv4_addresses":1,"memory_in_gb":3,"storage_in_gb":25,"monthly_bandwidth_allowance_in_gb":2048,"privacy":"public","icon":null,"use_dedicated_cpus":false,"group":{"id":"vmpkgrp_P5kCZvAtvXRC3sVl","name":"Standard
      vCPU"}},"attached_iso":null,"memory_in_gb":3,"cpu_cores":1,"use_dedicated_cpus":false,"gpu_type":null,"gpus":[],"tags":[],"tag_names":[],"ip_addresses":[{"id":"ip_T9HFO8cKRx7BgJr1","address":"185.44.252.93","reverse_dns":"tf-acc-test-silent-intimidating-eagle.terraform-acc-test.katapult.cloud","vip":false,"label":null,"address_with_mask":"185.44.252.93/22","network":{"id":"netw_gVRkZdSKczfNg34P","name":"Public
      Network","permalink":"uk-lon-01-public","default":true,"data_center":{"id":"loc_UUhPmoCbpic6UX0Y","name":"London","permalink":"uk-lon-01","country":{"id":"ctry_6AO9tYYugvTGnd5b","name":"United
      Kingdom","iso_code2":"GB","iso_code3":"GBR","time_zone":"Europe/London","eu":false}}},"allocation_id":"vm_FcDj8Af1kqFuhR45","allocation_type":"VirtualMachine"}]},"annotations":[]}'
    headers:
      Access-Control-Allow-Headers:
      - Authorization, Content-Type
      Access-Control-Allow-Methods:
      - GET, POST, PUT, PATCH, DELETE, OPTIONS
      Access-Control-Allow-Origin:
      - '*'
      Cache-Control:
      - max-age=0, private, must-revalidate
      Content-Type:
      - application/json
      Date:
      - Thu, 06 Feb 2025 16:41:00 GMT
      Etag:
      - W/"9a862f5ec355cd1f80b44d10088fc549"
      Strict-Transport-Security:
      - max-age=63072000; includeSubDomains
      Vary:
      - Accept-Encoding
      X-Ratelimit-Permitted:
      - "1000"
      X-Ratelimit-Remaining:
      - "996"
      X-Request-Id:
      - e1130628-e5c3-4ea3-b68b-de32b822f3de
    status: 200 OK
    code: 200
    duration: ""
- request:
    body: ""
    form: {}
    headers:
      Accept:
      - application/json
      User-Agent:
      - Terraform/1.10.5 (+https://www.terraform.io) Terraform-Plugin-SDK/2.31.0 terraform-provider-katapult/0.0.999
    url: https://api.katapult.io/core/v1/virtual_machines/_?virtual_machine%5Bid%5D=vm_FcDj8Af1kqFuhR45
    method: GET
  response:
    body: '{"virtual_machine":{"id":"vm_FcDj8Af1kqFuhR45","name":"tf-acc-test-silent-intimidating-eagle","hostname":"tf-acc-test-silent-intimidating-eagle","fqdn":"tf-acc-test-silent-intimidating-eagle.terraform-acc-test.katapult.cloud","description":null,"created_at":1738860030,"initial_root_password":"jPzouVxLoDnceWZI","state":"started","zone":{"id":"zone_SIfjBnlL8Qox99oX","name":"LON-4","permalink":"lon-zone-4","data_center":{"id":"loc_UUhPmoCbpic6UX0Y","name":"London","permalink":"uk-lon-01","country":{"id":"ctry_6AO9tYYugvTGnd5b","name":"United
      Kingdom","iso_code2":"GB","iso_code3":"GBR","time_zone":"Europe/London","eu":false}}},"organization":{"id":"org_eodfyqFF3YWb2OFC","name":"terraform-acc-test","sub_domain":"terraform-acc-test","infrastructure_domain":"terraform-acc-test.katapult.cloud","created_at":1605785692,"activated_at":1605785692,"suspended":false,"managed":false,"billing_name":"terraform-acc-test","address1":"42
      Barren Fields","address2":"Oxygen Farm","address3":"Seed Colony 1","address4":"Landing
      Site","postcode":"ZZ9 1LS","vat_number":null,"phone_number":null,"currency":{"id":"cur_zShCGgjgBz4EbnX1","name":"British
      Pound","iso_code":"GBP","symbol":"£"},"country":{"id":"ctry_6AO9tYYugvTGnd5b","name":"United
      Kingdom","iso_code2":"GB","iso_code3":"GBR","time_zone":"Europe/London","eu":false},"country_state":null},"group":{"id":"vmgrp_G0hxFF6646peAwHk","name":"tf-acc-test-update-group-bar22cofqkj6","segregate":true,"auto_segregate":false,"created_at":1738860019},"package":{"id":"vmpkg_Eh5LYVKScVHpj7sM","name":"ROCK-3","permalink":"rock-3","cpu_cores":1,"ipv4_addresses":1,"memory_in_gb":3,"storage_in_gb":25,"monthly_bandwidth_allowance_in_gb":2048,"privacy":"public","icon":null,"use_dedicated_cpus":false,"group":{"id":"vmpkgrp_P5kCZvAtvXRC3sVl","name":"Standard
      vCPU"}},"attached_iso":null,"memory_in_gb":3,"cpu_cores":1,"use_dedicated_cpus":false,"gpu_type":null,"gpus":[],"tags":[],"tag_names":[],"ip_addresses":[{"id":"ip_T9HFO8cKRx7BgJr1","address":"185.44.252.93","reverse_dns":"tf-acc-test-silent-intimidating-eagle.terraform-acc-test.katapult.cloud","vip":false,"label":null,"address_with_mask":"185.44.252.93/22","network":{"id":"netw_gVRkZdSKczfNg34P","name":"Public
      Network","permalink":"uk-lon-01-public","default":true,"data_center":{"id":"loc_UUhPmoCbpic6UX0Y","name":"London","permalink":"uk-lon-01","country":{"id":"ctry_6AO9tYYugvTGnd5b","name":"United
      Kingdom","iso_code2":"GB","iso_code3":"GBR","time_zone":"Europe/London","eu":false}}},"allocation_id":"vm_FcDj8Af1kqFuhR45","allocation_type":"VirtualMachine"}]},"annotations":[]}'
    headers:
      Access-Control-Allow-Headers:
      - Authorization, Content-Type
      Access-Control-Allow-Methods:
      - GET, POST, PUT, PATCH, DELETE, OPTIONS
      Access-Control-Allow-Origin:
      - '*'
      Cache-Control:
      - max-age=0, private, must-revalidate
      Content-Type:
      - application/json
      Date:
      - Thu, 06 Feb 2025 16:41:00 GMT
      Etag:
      - W/"9a862f5ec355cd1f80b44d10088fc549"
      Strict-Transport-Security:
      - max-age=63072000; includeSubDomains
      Vary:
      - Accept-Encoding
      X-Ratelimit-Permitted:
      - "1000"
      X-Ratelimit-Remaining:
      - "995"
      X-Request-Id:
      - dabc5081-b920-43eb-9694-501416cc1479
    status: 200 OK
    code: 200
    duration: ""
- request:
    body: ""
    form: {}
    headers:
      User-Agent:
      - Terraform/1.10.5 (+https://www.terraform.io) Terraform-Plugin-SDK/2.31.0 terraform-provider-katapult/0.0.999
    url: https://api.katapult.io/core/v1/virtual_machines/virtual_machine/network_interfaces?virtual_machine%5Bid%5D=vm_FcDj8Af1kqFuhR45
    method: GET
  response:
    body: '{"pagination":{"current_page":1,"total_pages":1,"total":1,"per_page":30,"large_set":false},"virtual_machine_network_interfaces":[{"id":"vmnet_yjXnACKprQKcmHO0","name":"Public
      Network on tf-acc-test-silent-intimidating-eagle","network":{"id":"netw_gVRkZdSKczfNg34P","name":"Public
      Network"},"virtual_network":null,"ip_addresses":[{"id":"ip_T9HFO8cKRx7BgJr1","address":"185.44.252.93"}]}]}'
    headers:
      Access-Control-Allow-Headers:
      - Authorization, Content-Type
      Access-Control-Allow-Methods:
      - GET, POST, PUT, PATCH, DELETE, OPTIONS
      Access-Control-Allow-Origin:
      - '*'
      Cache-Control:
      - max-age=0, private, must-revalidate
      Content-Length:
      - "387"
      Content-Type:
      - application/json
      Date:
      - Thu, 06 Feb 2025 16:41:00 GMT
      Etag:
      - W/"f7e796f28c08d79af08eaa4206a797d0"
      Strict-Transport-Security:
      - max-age=63072000; includeSubDomains
      Vary:
      - Accept-Encoding
      X-Ratelimit-Permitted:
      - "1000"
      X-Ratelimit-Remaining:
      - "994"
      X-Request-Id:
      - f3f17d94-4031-4d49-b4bc-79c9f33c1dcc
    status: 200 OK
    code: 200
    duration: ""
- request:
    body: ""
    form: {}
    headers:
      User-Agent:
      - Terraform/1.10.5 (+https://www.terraform.io) Terraform-Plugin-SDK/2.31.0 terraform-provider-katapult/0.0.999
    url: https://api.katapult.io/core/v1/virtual_machine_network_interfaces/virtual_machine_network_interface?virtual_machine_network_interface%5Bid%5D=vmnet_yjXnACKprQKcmHO0
    method: GET
  response:
    body: '{"virtual_machine_network_interface":{"id":"vmnet_yjXnACKprQKcmHO0","virtual_machine":{"id":"vm_FcDj8Af1kqFuhR45","name":"tf-acc-test-silent-intimidating-eagle"},"name":"Public
      Network on tf-acc-test-silent-intimidating-eagle","network":{"id":"netw_gVRkZdSKczfNg34P","name":"Public
      Network"},"virtual_network":null,"mac_address":"3a:45:55:ec:64:7d","state":"attached","ip_addresses":[{"id":"ip_T9HFO8cKRx7BgJr1","address":"185.44.252.93"}],"speed_profile":{"id":"nsp_FKZSFo5xhn9Pfr79","name":"10Gbps","permalink":"10gbps"}}}'
    headers:
      Access-Control-Allow-Headers:
      - Authorization, Content-Type
      Access-Control-Allow-Methods:
      - GET, POST, PUT, PATCH, DELETE, OPTIONS
      Access-Control-Allow-Origin:
      - '*'
      Cache-Control:
      - max-age=0, private, must-revalidate
      Content-Length:
      - "524"
      Content-Type:
      - application/json
      Date:
      - Thu, 06 Feb 2025 16:41:00 GMT
      Etag:
      - W/"cf4a6f2245a2149def57cf18317a9516"
      Strict-Transport-Security:
      - max-age=63072000; includeSubDomains
      Vary:
      - Accept-Encoding
      X-Ratelimit-Permitted:
      - "1000"
      X-Ratelimit-Remaining:
      - "993"
      X-Request-Id:
      - 173607dc-38dc-4d72-a487-402e7d0c3beb
    status: 200 OK
    code: 200
    duration: ""
- request:
    body: ""
    form: {}
    headers:
      Accept:
      - application/json
      User-Agent:
      - Terraform/1.10.5 (+https://www.terraform.io) Terraform-Plugin-SDK/2.31.0 terraform-provider-katapult/0.0.999
    url: https://api.katapult.io/core/v1/virtual_machine_network_interfaces/_?virtual_machine_network_interface%5Bid%5D=vmnet_yjXnACKprQKcmHO0
    method: GET
  response:
    body: '{"virtual_machine_network_interface":{"id":"vmnet_yjXnACKprQKcmHO0","virtual_machine":{"id":"vm_FcDj8Af1kqFuhR45","name":"tf-acc-test-silent-intimidating-eagle"},"name":"Public
      Network on tf-acc-test-silent-intimidating-eagle","network":{"id":"netw_gVRkZdSKczfNg34P","name":"Public
      Network"},"virtual_network":null,"mac_address":"3a:45:55:ec:64:7d","state":"attached","ip_addresses":[{"id":"ip_T9HFO8cKRx7BgJr1","address":"185.44.252.93"}],"speed_profile":{"id":"nsp_FKZSFo5xhn9Pfr79","name":"10Gbps","permalink":"10gbps"}}}'
    headers:
      Access-Control-Allow-Headers:
      - Authorization, Content-Type
      Access-Control-Allow-Methods:
      - GET, POST, PUT, PATCH, DELETE, OPTIONS
      Access-Control-Allow-Origin:
      - '*'
      Cache-Control:
      - max-age=0, private, must-revalidate
      Content-Length:
      - "524"
      Content-Type:
      - application/json
      Date:
      - Thu, 06 Feb 2025 16:41:00 GMT
      Etag:
      - W/"cf4a6f2245a2149def57cf18317a9516"
      Strict-Transport-Security:
      - max-age=63072000; includeSubDomains
      Vary:
      - Accept-Encoding
      X-Ratelimit-Permitted:
      - "1000"
      X-Ratelimit-Remaining:
      - "992"
      X-Request-Id:
      - 93549a85-e225-46b5-9cec-66f14cc9424f
    status: 200 OK
    code: 200
    duration: ""
- request:
    body: ""
    form: {}
    headers:
      Accept:
      - application/json
      User-Agent:
      - Terraform/ (+https://www.terraform.io) Terraform-Plugin-SDK/2.31.0 terraform-provider-katapult/0.0.999
    url: https://api.katapult.io/core/v1/virtual_machines/_?virtual_machine%5Bid%5D=vm_FcDj8Af1kqFuhR45
    method: GET
  response:
    body: '{"virtual_machine":{"id":"vm_FcDj8Af1kqFuhR45","name":"tf-acc-test-silent-intimidating-eagle","hostname":"tf-acc-test-silent-intimidating-eagle","fqdn":"tf-acc-test-silent-intimidating-eagle.terraform-acc-test.katapult.cloud","description":null,"created_at":1738860030,"initial_root_password":"jPzouVxLoDnceWZI","state":"started","zone":{"id":"zone_SIfjBnlL8Qox99oX","name":"LON-4","permalink":"lon-zone-4","data_center":{"id":"loc_UUhPmoCbpic6UX0Y","name":"London","permalink":"uk-lon-01","country":{"id":"ctry_6AO9tYYugvTGnd5b","name":"United
      Kingdom","iso_code2":"GB","iso_code3":"GBR","time_zone":"Europe/London","eu":false}}},"organization":{"id":"org_eodfyqFF3YWb2OFC","name":"terraform-acc-test","sub_domain":"terraform-acc-test","infrastructure_domain":"terraform-acc-test.katapult.cloud","created_at":1605785692,"activated_at":1605785692,"suspended":false,"managed":false,"billing_name":"terraform-acc-test","address1":"42
      Barren Fields","address2":"Oxygen Farm","address3":"Seed Colony 1","address4":"Landing
      Site","postcode":"ZZ9 1LS","vat_number":null,"phone_number":null,"currency":{"id":"cur_zShCGgjgBz4EbnX1","name":"British
      Pound","iso_code":"GBP","symbol":"£"},"country":{"id":"ctry_6AO9tYYugvTGnd5b","name":"United
      Kingdom","iso_code2":"GB","iso_code3":"GBR","time_zone":"Europe/London","eu":false},"country_state":null},"group":{"id":"vmgrp_G0hxFF6646peAwHk","name":"tf-acc-test-update-group-bar22cofqkj6","segregate":true,"auto_segregate":false,"created_at":1738860019},"package":{"id":"vmpkg_Eh5LYVKScVHpj7sM","name":"ROCK-3","permalink":"rock-3","cpu_cores":1,"ipv4_addresses":1,"memory_in_gb":3,"storage_in_gb":25,"monthly_bandwidth_allowance_in_gb":2048,"privacy":"public","icon":null,"use_dedicated_cpus":false,"group":{"id":"vmpkgrp_P5kCZvAtvXRC3sVl","name":"Standard
      vCPU"}},"attached_iso":null,"memory_in_gb":3,"cpu_cores":1,"use_dedicated_cpus":false,"gpu_type":null,"gpus":[],"tags":[],"tag_names":[],"ip_addresses":[{"id":"ip_T9HFO8cKRx7BgJr1","address":"185.44.252.93","reverse_dns":"tf-acc-test-silent-intimidating-eagle.terraform-acc-test.katapult.cloud","vip":false,"label":null,"address_with_mask":"185.44.252.93/22","network":{"id":"netw_gVRkZdSKczfNg34P","name":"Public
      Network","permalink":"uk-lon-01-public","default":true,"data_center":{"id":"loc_UUhPmoCbpic6UX0Y","name":"London","permalink":"uk-lon-01","country":{"id":"ctry_6AO9tYYugvTGnd5b","name":"United
      Kingdom","iso_code2":"GB","iso_code3":"GBR","time_zone":"Europe/London","eu":false}}},"allocation_id":"vm_FcDj8Af1kqFuhR45","allocation_type":"VirtualMachine"}]},"annotations":[]}'
    headers:
      Access-Control-Allow-Headers:
      - Authorization, Content-Type
      Access-Control-Allow-Methods:
      - GET, POST, PUT, PATCH, DELETE, OPTIONS
      Access-Control-Allow-Origin:
      - '*'
      Cache-Control:
      - max-age=0, private, must-revalidate
      Content-Type:
      - application/json
      Date:
      - Thu, 06 Feb 2025 16:41:00 GMT
      Etag:
      - W/"9a862f5ec355cd1f80b44d10088fc549"
      Strict-Transport-Security:
      - max-age=63072000; includeSubDomains
      Vary:
      - Accept-Encoding
      X-Ratelimit-Permitted:
      - "1000"
      X-Ratelimit-Remaining:
      - "991"
      X-Request-Id:
      - 602479b8-77fd-45f7-8c6c-b0a1391db333
    status: 200 OK
    code: 200
    duration: ""
- request:
    body: ""
    form: {}
    headers:
      Accept:
      - application/json
      User-Agent:
      - Terraform/1.10.5 (+https://www.terraform.io) Terraform-Plugin-SDK/2.31.0 terraform-provider-katapult/0.0.999
    url: https://api.katapult.io/core/v1/virtual_machine_groups/vmgrp_G0hxFF6646peAwHk
    method: GET
  response:
    body: '{"virtual_machine_group":{"id":"vmgrp_G0hxFF6646peAwHk","name":"tf-acc-test-update-group-bar22cofqkj6","segregate":true,"auto_segregate":false,"created_at":1738860019}}'
    headers:
      Access-Control-Allow-Headers:
      - Authorization, Content-Type
      Access-Control-Allow-Methods:
      - GET, POST, PUT, PATCH, DELETE, OPTIONS
      Access-Control-Allow-Origin:
      - '*'
      Cache-Control:
      - max-age=0, private, must-revalidate
      Content-Length:
      - "168"
      Content-Type:
      - application/json
      Date:
      - Thu, 06 Feb 2025 16:41:00 GMT
      Etag:
      - W/"2928361355a7690e9313b54b0cd2081e"
      Strict-Transport-Security:
      - max-age=63072000; includeSubDomains
      Vary:
      - Accept-Encoding
      X-Ratelimit-Permitted:
      - "1000"
      X-Ratelimit-Remaining:
      - "990"
      X-Request-Id:
      - 61f296d7-cbf3-4470-bfb9-366620dc59d1
    status: 200 OK
    code: 200
    duration: ""
- request:
    body: ""
    form: {}
    headers:
      Accept:
      - application/json
      User-Agent:
      - Terraform/1.10.5 (+https://www.terraform.io) Terraform-Plugin-SDK/2.31.0 terraform-provider-katapult/0.0.999
    url: https://api.katapult.io/core/v1/ip_addresses/_?ip_address%5Bid%5D=ip_T9HFO8cKRx7BgJr1
    method: GET
  response:
    body: '{"ip_address":{"id":"ip_T9HFO8cKRx7BgJr1","address":"185.44.252.93","reverse_dns":"tf-acc-test-silent-intimidating-eagle.terraform-acc-test.katapult.cloud","vip":false,"label":null,"address_with_mask":"185.44.252.93/22","network":{"id":"netw_gVRkZdSKczfNg34P","name":"Public
      Network","permalink":"uk-lon-01-public","default":true,"data_center":{"id":"loc_UUhPmoCbpic6UX0Y","name":"London","permalink":"uk-lon-01","country":{"id":"ctry_6AO9tYYugvTGnd5b","name":"United
      Kingdom","iso_code2":"GB","iso_code3":"GBR","time_zone":"Europe/London","eu":false}}},"allocation_id":"vm_FcDj8Af1kqFuhR45","allocation_type":"VirtualMachine"},"allocation":{"type":"VirtualMachine","value":{"id":"vm_FcDj8Af1kqFuhR45","name":"tf-acc-test-silent-intimidating-eagle"}}}'
    headers:
      Access-Control-Allow-Headers:
      - Authorization, Content-Type
      Access-Control-Allow-Methods:
      - GET, POST, PUT, PATCH, DELETE, OPTIONS
      Access-Control-Allow-Origin:
      - '*'
      Cache-Control:
      - max-age=0, private, must-revalidate
      Content-Length:
      - "751"
      Content-Type:
      - application/json
      Date:
      - Thu, 06 Feb 2025 16:41:00 GMT
      Etag:
      - W/"4b61fd28134d01acb81c69554fa6a08a"
      Strict-Transport-Security:
      - max-age=63072000; includeSubDomains
      Vary:
      - Accept-Encoding
      X-Ratelimit-Permitted:
      - "1000"
      X-Ratelimit-Remaining:
      - "989"
      X-Request-Id:
      - 84de9abc-5d6f-4a9c-ad03-446d6026cc04
    status: 200 OK
    code: 200
    duration: ""
- request:
    body: ""
    form: {}
    headers:
      Accept:
      - application/json
      User-Agent:
      - Terraform/1.10.5 (+https://www.terraform.io) Terraform-Plugin-SDK/2.31.0 terraform-provider-katapult/0.0.999
    url: https://api.katapult.io/core/v1/virtual_machines/_?virtual_machine%5Bid%5D=vm_FcDj8Af1kqFuhR45
    method: GET
  response:
    body: '{"virtual_machine":{"id":"vm_FcDj8Af1kqFuhR45","name":"tf-acc-test-silent-intimidating-eagle","hostname":"tf-acc-test-silent-intimidating-eagle","fqdn":"tf-acc-test-silent-intimidating-eagle.terraform-acc-test.katapult.cloud","description":null,"created_at":1738860030,"initial_root_password":"jPzouVxLoDnceWZI","state":"started","zone":{"id":"zone_SIfjBnlL8Qox99oX","name":"LON-4","permalink":"lon-zone-4","data_center":{"id":"loc_UUhPmoCbpic6UX0Y","name":"London","permalink":"uk-lon-01","country":{"id":"ctry_6AO9tYYugvTGnd5b","name":"United
      Kingdom","iso_code2":"GB","iso_code3":"GBR","time_zone":"Europe/London","eu":false}}},"organization":{"id":"org_eodfyqFF3YWb2OFC","name":"terraform-acc-test","sub_domain":"terraform-acc-test","infrastructure_domain":"terraform-acc-test.katapult.cloud","created_at":1605785692,"activated_at":1605785692,"suspended":false,"managed":false,"billing_name":"terraform-acc-test","address1":"42
      Barren Fields","address2":"Oxygen Farm","address3":"Seed Colony 1","address4":"Landing
      Site","postcode":"ZZ9 1LS","vat_number":null,"phone_number":null,"currency":{"id":"cur_zShCGgjgBz4EbnX1","name":"British
      Pound","iso_code":"GBP","symbol":"£"},"country":{"id":"ctry_6AO9tYYugvTGnd5b","name":"United
      Kingdom","iso_code2":"GB","iso_code3":"GBR","time_zone":"Europe/London","eu":false},"country_state":null},"group":{"id":"vmgrp_G0hxFF6646peAwHk","name":"tf-acc-test-update-group-bar22cofqkj6","segregate":true,"auto_segregate":false,"created_at":1738860019},"package":{"id":"vmpkg_Eh5LYVKScVHpj7sM","name":"ROCK-3","permalink":"rock-3","cpu_cores":1,"ipv4_addresses":1,"memory_in_gb":3,"storage_in_gb":25,"monthly_bandwidth_allowance_in_gb":2048,"privacy":"public","icon":null,"use_dedicated_cpus":false,"group":{"id":"vmpkgrp_P5kCZvAtvXRC3sVl","name":"Standard
      vCPU"}},"attached_iso":null,"memory_in_gb":3,"cpu_cores":1,"use_dedicated_cpus":false,"gpu_type":null,"gpus":[],"tags":[],"tag_names":[],"ip_addresses":[{"id":"ip_T9HFO8cKRx7BgJr1","address":"185.44.252.93","reverse_dns":"tf-acc-test-silent-intimidating-eagle.terraform-acc-test.katapult.cloud","vip":false,"label":null,"address_with_mask":"185.44.252.93/22","network":{"id":"netw_gVRkZdSKczfNg34P","name":"Public
      Network","permalink":"uk-lon-01-public","default":true,"data_center":{"id":"loc_UUhPmoCbpic6UX0Y","name":"London","permalink":"uk-lon-01","country":{"id":"ctry_6AO9tYYugvTGnd5b","name":"United
      Kingdom","iso_code2":"GB","iso_code3":"GBR","time_zone":"Europe/London","eu":false}}},"allocation_id":"vm_FcDj8Af1kqFuhR45","allocation_type":"VirtualMachine"}]},"annotations":[]}'
    headers:
      Access-Control-Allow-Headers:
      - Authorization, Content-Type
      Access-Control-Allow-Methods:
      - GET, POST, PUT, PATCH, DELETE, OPTIONS
      Access-Control-Allow-Origin:
      - '*'
      Cache-Control:
      - max-age=0, private, must-revalidate
      Content-Type:
      - application/json
      Date:
      - Thu, 06 Feb 2025 16:41:00 GMT
      Etag:
      - W/"9a862f5ec355cd1f80b44d10088fc549"
      Strict-Transport-Security:
      - max-age=63072000; includeSubDomains
      Vary:
      - Accept-Encoding
      X-Ratelimit-Permitted:
      - "1000"
      X-Ratelimit-Remaining:
      - "988"
      X-Request-Id:
      - 8ce119c0-3e4f-459b-8483-bc6030bbba65
    status: 200 OK
    code: 200
    duration: ""
- request:
    body: ""
    form: {}
    headers:
      User-Agent:
      - Terraform/1.10.5 (+https://www.terraform.io) Terraform-Plugin-SDK/2.31.0 terraform-provider-katapult/0.0.999
    url: https://api.katapult.io/core/v1/virtual_machines/virtual_machine/network_interfaces?virtual_machine%5Bid%5D=vm_FcDj8Af1kqFuhR45
    method: GET
  response:
    body: '{"pagination":{"current_page":1,"total_pages":1,"total":1,"per_page":30,"large_set":false},"virtual_machine_network_interfaces":[{"id":"vmnet_yjXnACKprQKcmHO0","name":"Public
      Network on tf-acc-test-silent-intimidating-eagle","network":{"id":"netw_gVRkZdSKczfNg34P","name":"Public
      Network"},"virtual_network":null,"ip_addresses":[{"id":"ip_T9HFO8cKRx7BgJr1","address":"185.44.252.93"}]}]}'
    headers:
      Access-Control-Allow-Headers:
      - Authorization, Content-Type
      Access-Control-Allow-Methods:
      - GET, POST, PUT, PATCH, DELETE, OPTIONS
      Access-Control-Allow-Origin:
      - '*'
      Cache-Control:
      - max-age=0, private, must-revalidate
      Content-Length:
      - "387"
      Content-Type:
      - application/json
      Date:
      - Thu, 06 Feb 2025 16:41:00 GMT
      Etag:
      - W/"f7e796f28c08d79af08eaa4206a797d0"
      Strict-Transport-Security:
      - max-age=63072000; includeSubDomains
      Vary:
      - Accept-Encoding
      X-Ratelimit-Permitted:
      - "1000"
      X-Ratelimit-Remaining:
      - "987"
      X-Request-Id:
      - 444d98c5-aa0c-4afd-9dc8-605f9319c802
    status: 200 OK
    code: 200
    duration: ""
- request:
    body: ""
    form: {}
    headers:
      User-Agent:
      - Terraform/1.10.5 (+https://www.terraform.io) Terraform-Plugin-SDK/2.31.0 terraform-provider-katapult/0.0.999
    url: https://api.katapult.io/core/v1/virtual_machine_network_interfaces/virtual_machine_network_interface?virtual_machine_network_interface%5Bid%5D=vmnet_yjXnACKprQKcmHO0
    method: GET
  response:
    body: '{"virtual_machine_network_interface":{"id":"vmnet_yjXnACKprQKcmHO0","virtual_machine":{"id":"vm_FcDj8Af1kqFuhR45","name":"tf-acc-test-silent-intimidating-eagle"},"name":"Public
      Network on tf-acc-test-silent-intimidating-eagle","network":{"id":"netw_gVRkZdSKczfNg34P","name":"Public
      Network"},"virtual_network":null,"mac_address":"3a:45:55:ec:64:7d","state":"attached","ip_addresses":[{"id":"ip_T9HFO8cKRx7BgJr1","address":"185.44.252.93"}],"speed_profile":{"id":"nsp_FKZSFo5xhn9Pfr79","name":"10Gbps","permalink":"10gbps"}}}'
    headers:
      Access-Control-Allow-Headers:
      - Authorization, Content-Type
      Access-Control-Allow-Methods:
      - GET, POST, PUT, PATCH, DELETE, OPTIONS
      Access-Control-Allow-Origin:
      - '*'
      Cache-Control:
      - max-age=0, private, must-revalidate
      Content-Length:
      - "524"
      Content-Type:
      - application/json
      Date:
      - Thu, 06 Feb 2025 16:41:00 GMT
      Etag:
      - W/"cf4a6f2245a2149def57cf18317a9516"
      Strict-Transport-Security:
      - max-age=63072000; includeSubDomains
      Vary:
      - Accept-Encoding
      X-Ratelimit-Permitted:
      - "1000"
      X-Ratelimit-Remaining:
      - "986"
      X-Request-Id:
      - e7a57ffe-5355-499c-9a25-1f7ecc5cc714
    status: 200 OK
    code: 200
    duration: ""
- request:
    body: ""
    form: {}
    headers:
      Accept:
      - application/json
      User-Agent:
      - Terraform/1.10.5 (+https://www.terraform.io) Terraform-Plugin-SDK/2.31.0 terraform-provider-katapult/0.0.999
    url: https://api.katapult.io/core/v1/virtual_machine_network_interfaces/_?virtual_machine_network_interface%5Bid%5D=vmnet_yjXnACKprQKcmHO0
    method: GET
  response:
    body: '{"virtual_machine_network_interface":{"id":"vmnet_yjXnACKprQKcmHO0","virtual_machine":{"id":"vm_FcDj8Af1kqFuhR45","name":"tf-acc-test-silent-intimidating-eagle"},"name":"Public
      Network on tf-acc-test-silent-intimidating-eagle","network":{"id":"netw_gVRkZdSKczfNg34P","name":"Public
      Network"},"virtual_network":null,"mac_address":"3a:45:55:ec:64:7d","state":"attached","ip_addresses":[{"id":"ip_T9HFO8cKRx7BgJr1","address":"185.44.252.93"}],"speed_profile":{"id":"nsp_FKZSFo5xhn9Pfr79","name":"10Gbps","permalink":"10gbps"}}}'
    headers:
      Access-Control-Allow-Headers:
      - Authorization, Content-Type
      Access-Control-Allow-Methods:
      - GET, POST, PUT, PATCH, DELETE, OPTIONS
      Access-Control-Allow-Origin:
      - '*'
      Cache-Control:
      - max-age=0, private, must-revalidate
      Content-Length:
      - "524"
      Content-Type:
      - application/json
      Date:
      - Thu, 06 Feb 2025 16:41:00 GMT
      Etag:
      - W/"cf4a6f2245a2149def57cf18317a9516"
      Strict-Transport-Security:
      - max-age=63072000; includeSubDomains
      Vary:
      - Accept-Encoding
      X-Ratelimit-Permitted:
      - "1000"
      X-Ratelimit-Remaining:
      - "985"
      X-Request-Id:
      - 096891d6-5603-4445-9069-ff5e29160988
    status: 200 OK
    code: 200
    duration: ""
- request:
    body: ""
    form: {}
    headers:
      Accept:
      - application/json
      User-Agent:
      - Terraform/1.10.5 (+https://www.terraform.io) Terraform-Plugin-SDK/2.31.0 terraform-provider-katapult/0.0.999
    url: https://api.katapult.io/core/v1/virtual_machine_groups/vmgrp_G0hxFF6646peAwHk
    method: GET
  response:
    body: '{"virtual_machine_group":{"id":"vmgrp_G0hxFF6646peAwHk","name":"tf-acc-test-update-group-bar22cofqkj6","segregate":true,"auto_segregate":false,"created_at":1738860019}}'
    headers:
      Access-Control-Allow-Headers:
      - Authorization, Content-Type
      Access-Control-Allow-Methods:
      - GET, POST, PUT, PATCH, DELETE, OPTIONS
      Access-Control-Allow-Origin:
      - '*'
      Cache-Control:
      - max-age=0, private, must-revalidate
      Content-Length:
      - "168"
      Content-Type:
      - application/json
      Date:
      - Thu, 06 Feb 2025 16:41:01 GMT
      Etag:
      - W/"2928361355a7690e9313b54b0cd2081e"
      Strict-Transport-Security:
      - max-age=63072000; includeSubDomains
      Vary:
      - Accept-Encoding
      X-Ratelimit-Permitted:
      - "1000"
      X-Ratelimit-Remaining:
      - "984"
      X-Request-Id:
      - e8287fc7-c9b0-4aad-90bf-9c79dd0eb562
    status: 200 OK
    code: 200
    duration: ""
- request:
    body: ""
    form: {}
    headers:
      Accept:
      - application/json
      User-Agent:
      - Terraform/1.10.5 (+https://www.terraform.io) Terraform-Plugin-SDK/2.31.0 terraform-provider-katapult/0.0.999
    url: https://api.katapult.io/core/v1/ip_addresses/_?ip_address%5Bid%5D=ip_T9HFO8cKRx7BgJr1
    method: GET
  response:
    body: '{"ip_address":{"id":"ip_T9HFO8cKRx7BgJr1","address":"185.44.252.93","reverse_dns":"tf-acc-test-silent-intimidating-eagle.terraform-acc-test.katapult.cloud","vip":false,"label":null,"address_with_mask":"185.44.252.93/22","network":{"id":"netw_gVRkZdSKczfNg34P","name":"Public
      Network","permalink":"uk-lon-01-public","default":true,"data_center":{"id":"loc_UUhPmoCbpic6UX0Y","name":"London","permalink":"uk-lon-01","country":{"id":"ctry_6AO9tYYugvTGnd5b","name":"United
      Kingdom","iso_code2":"GB","iso_code3":"GBR","time_zone":"Europe/London","eu":false}}},"allocation_id":"vm_FcDj8Af1kqFuhR45","allocation_type":"VirtualMachine"},"allocation":{"type":"VirtualMachine","value":{"id":"vm_FcDj8Af1kqFuhR45","name":"tf-acc-test-silent-intimidating-eagle"}}}'
    headers:
      Access-Control-Allow-Headers:
      - Authorization, Content-Type
      Access-Control-Allow-Methods:
      - GET, POST, PUT, PATCH, DELETE, OPTIONS
      Access-Control-Allow-Origin:
      - '*'
      Cache-Control:
      - max-age=0, private, must-revalidate
      Content-Length:
      - "751"
      Content-Type:
      - application/json
      Date:
      - Thu, 06 Feb 2025 16:41:01 GMT
      Etag:
      - W/"4b61fd28134d01acb81c69554fa6a08a"
      Strict-Transport-Security:
      - max-age=63072000; includeSubDomains
      Vary:
      - Accept-Encoding
      X-Ratelimit-Permitted:
      - "1000"
      X-Ratelimit-Remaining:
      - "983"
      X-Request-Id:
      - 696e3907-bfd0-42bf-a8ed-78cbd21d69de
    status: 200 OK
    code: 200
    duration: ""
- request:
    body: ""
    form: {}
    headers:
      Accept:
      - application/json
      User-Agent:
      - Terraform/1.10.5 (+https://www.terraform.io) Terraform-Plugin-SDK/2.31.0 terraform-provider-katapult/0.0.999
    url: https://api.katapult.io/core/v1/virtual_machines/_?virtual_machine%5Bid%5D=vm_FcDj8Af1kqFuhR45
    method: GET
  response:
    body: '{"virtual_machine":{"id":"vm_FcDj8Af1kqFuhR45","name":"tf-acc-test-silent-intimidating-eagle","hostname":"tf-acc-test-silent-intimidating-eagle","fqdn":"tf-acc-test-silent-intimidating-eagle.terraform-acc-test.katapult.cloud","description":null,"created_at":1738860030,"initial_root_password":"jPzouVxLoDnceWZI","state":"started","zone":{"id":"zone_SIfjBnlL8Qox99oX","name":"LON-4","permalink":"lon-zone-4","data_center":{"id":"loc_UUhPmoCbpic6UX0Y","name":"London","permalink":"uk-lon-01","country":{"id":"ctry_6AO9tYYugvTGnd5b","name":"United
      Kingdom","iso_code2":"GB","iso_code3":"GBR","time_zone":"Europe/London","eu":false}}},"organization":{"id":"org_eodfyqFF3YWb2OFC","name":"terraform-acc-test","sub_domain":"terraform-acc-test","infrastructure_domain":"terraform-acc-test.katapult.cloud","created_at":1605785692,"activated_at":1605785692,"suspended":false,"managed":false,"billing_name":"terraform-acc-test","address1":"42
      Barren Fields","address2":"Oxygen Farm","address3":"Seed Colony 1","address4":"Landing
      Site","postcode":"ZZ9 1LS","vat_number":null,"phone_number":null,"currency":{"id":"cur_zShCGgjgBz4EbnX1","name":"British
      Pound","iso_code":"GBP","symbol":"£"},"country":{"id":"ctry_6AO9tYYugvTGnd5b","name":"United
      Kingdom","iso_code2":"GB","iso_code3":"GBR","time_zone":"Europe/London","eu":false},"country_state":null},"group":{"id":"vmgrp_G0hxFF6646peAwHk","name":"tf-acc-test-update-group-bar22cofqkj6","segregate":true,"auto_segregate":false,"created_at":1738860019},"package":{"id":"vmpkg_Eh5LYVKScVHpj7sM","name":"ROCK-3","permalink":"rock-3","cpu_cores":1,"ipv4_addresses":1,"memory_in_gb":3,"storage_in_gb":25,"monthly_bandwidth_allowance_in_gb":2048,"privacy":"public","icon":null,"use_dedicated_cpus":false,"group":{"id":"vmpkgrp_P5kCZvAtvXRC3sVl","name":"Standard
      vCPU"}},"attached_iso":null,"memory_in_gb":3,"cpu_cores":1,"use_dedicated_cpus":false,"gpu_type":null,"gpus":[],"tags":[],"tag_names":[],"ip_addresses":[{"id":"ip_T9HFO8cKRx7BgJr1","address":"185.44.252.93","reverse_dns":"tf-acc-test-silent-intimidating-eagle.terraform-acc-test.katapult.cloud","vip":false,"label":null,"address_with_mask":"185.44.252.93/22","network":{"id":"netw_gVRkZdSKczfNg34P","name":"Public
      Network","permalink":"uk-lon-01-public","default":true,"data_center":{"id":"loc_UUhPmoCbpic6UX0Y","name":"London","permalink":"uk-lon-01","country":{"id":"ctry_6AO9tYYugvTGnd5b","name":"United
      Kingdom","iso_code2":"GB","iso_code3":"GBR","time_zone":"Europe/London","eu":false}}},"allocation_id":"vm_FcDj8Af1kqFuhR45","allocation_type":"VirtualMachine"}]},"annotations":[]}'
    headers:
      Access-Control-Allow-Headers:
      - Authorization, Content-Type
      Access-Control-Allow-Methods:
      - GET, POST, PUT, PATCH, DELETE, OPTIONS
      Access-Control-Allow-Origin:
      - '*'
      Cache-Control:
      - max-age=0, private, must-revalidate
      Content-Type:
      - application/json
      Date:
      - Thu, 06 Feb 2025 16:41:01 GMT
      Etag:
      - W/"9a862f5ec355cd1f80b44d10088fc549"
      Strict-Transport-Security:
      - max-age=63072000; includeSubDomains
      Vary:
      - Accept-Encoding
      X-Ratelimit-Permitted:
      - "1000"
      X-Ratelimit-Remaining:
      - "982"
      X-Request-Id:
      - 805dd7c5-b13a-4fff-99ee-b48f0ab44aaa
    status: 200 OK
    code: 200
    duration: ""
- request:
    body: ""
    form: {}
    headers:
      User-Agent:
      - Terraform/1.10.5 (+https://www.terraform.io) Terraform-Plugin-SDK/2.31.0 terraform-provider-katapult/0.0.999
    url: https://api.katapult.io/core/v1/virtual_machines/virtual_machine/network_interfaces?virtual_machine%5Bid%5D=vm_FcDj8Af1kqFuhR45
    method: GET
  response:
    body: '{"pagination":{"current_page":1,"total_pages":1,"total":1,"per_page":30,"large_set":false},"virtual_machine_network_interfaces":[{"id":"vmnet_yjXnACKprQKcmHO0","name":"Public
      Network on tf-acc-test-silent-intimidating-eagle","network":{"id":"netw_gVRkZdSKczfNg34P","name":"Public
      Network"},"virtual_network":null,"ip_addresses":[{"id":"ip_T9HFO8cKRx7BgJr1","address":"185.44.252.93"}]}]}'
    headers:
      Access-Control-Allow-Headers:
      - Authorization, Content-Type
      Access-Control-Allow-Methods:
      - GET, POST, PUT, PATCH, DELETE, OPTIONS
      Access-Control-Allow-Origin:
      - '*'
      Cache-Control:
      - max-age=0, private, must-revalidate
      Content-Length:
      - "387"
      Content-Type:
      - application/json
      Date:
      - Thu, 06 Feb 2025 16:41:01 GMT
      Etag:
      - W/"f7e796f28c08d79af08eaa4206a797d0"
      Strict-Transport-Security:
      - max-age=63072000; includeSubDomains
      Vary:
      - Accept-Encoding
      X-Ratelimit-Permitted:
      - "1000"
      X-Ratelimit-Remaining:
      - "981"
      X-Request-Id:
      - 91fdc011-de2e-408c-9222-29e8edd6605c
    status: 200 OK
    code: 200
    duration: ""
- request:
    body: ""
    form: {}
    headers:
      User-Agent:
      - Terraform/1.10.5 (+https://www.terraform.io) Terraform-Plugin-SDK/2.31.0 terraform-provider-katapult/0.0.999
    url: https://api.katapult.io/core/v1/virtual_machine_network_interfaces/virtual_machine_network_interface?virtual_machine_network_interface%5Bid%5D=vmnet_yjXnACKprQKcmHO0
    method: GET
  response:
    body: '{"virtual_machine_network_interface":{"id":"vmnet_yjXnACKprQKcmHO0","virtual_machine":{"id":"vm_FcDj8Af1kqFuhR45","name":"tf-acc-test-silent-intimidating-eagle"},"name":"Public
      Network on tf-acc-test-silent-intimidating-eagle","network":{"id":"netw_gVRkZdSKczfNg34P","name":"Public
      Network"},"virtual_network":null,"mac_address":"3a:45:55:ec:64:7d","state":"attached","ip_addresses":[{"id":"ip_T9HFO8cKRx7BgJr1","address":"185.44.252.93"}],"speed_profile":{"id":"nsp_FKZSFo5xhn9Pfr79","name":"10Gbps","permalink":"10gbps"}}}'
    headers:
      Access-Control-Allow-Headers:
      - Authorization, Content-Type
      Access-Control-Allow-Methods:
      - GET, POST, PUT, PATCH, DELETE, OPTIONS
      Access-Control-Allow-Origin:
      - '*'
      Cache-Control:
      - max-age=0, private, must-revalidate
      Content-Length:
      - "524"
      Content-Type:
      - application/json
      Date:
      - Thu, 06 Feb 2025 16:41:01 GMT
      Etag:
      - W/"cf4a6f2245a2149def57cf18317a9516"
      Strict-Transport-Security:
      - max-age=63072000; includeSubDomains
      Vary:
      - Accept-Encoding
      X-Ratelimit-Permitted:
      - "1000"
      X-Ratelimit-Remaining:
      - "980"
      X-Request-Id:
      - 7271ec8c-28af-454d-9936-d0a933a6c197
    status: 200 OK
    code: 200
    duration: ""
- request:
    body: ""
    form: {}
    headers:
      Accept:
      - application/json
      User-Agent:
      - Terraform/1.10.5 (+https://www.terraform.io) Terraform-Plugin-SDK/2.31.0 terraform-provider-katapult/0.0.999
    url: https://api.katapult.io/core/v1/virtual_machine_network_interfaces/_?virtual_machine_network_interface%5Bid%5D=vmnet_yjXnACKprQKcmHO0
    method: GET
  response:
    body: '{"virtual_machine_network_interface":{"id":"vmnet_yjXnACKprQKcmHO0","virtual_machine":{"id":"vm_FcDj8Af1kqFuhR45","name":"tf-acc-test-silent-intimidating-eagle"},"name":"Public
      Network on tf-acc-test-silent-intimidating-eagle","network":{"id":"netw_gVRkZdSKczfNg34P","name":"Public
      Network"},"virtual_network":null,"mac_address":"3a:45:55:ec:64:7d","state":"attached","ip_addresses":[{"id":"ip_T9HFO8cKRx7BgJr1","address":"185.44.252.93"}],"speed_profile":{"id":"nsp_FKZSFo5xhn9Pfr79","name":"10Gbps","permalink":"10gbps"}}}'
    headers:
      Access-Control-Allow-Headers:
      - Authorization, Content-Type
      Access-Control-Allow-Methods:
      - GET, POST, PUT, PATCH, DELETE, OPTIONS
      Access-Control-Allow-Origin:
      - '*'
      Cache-Control:
      - max-age=0, private, must-revalidate
      Content-Length:
      - "524"
      Content-Type:
      - application/json
      Date:
      - Thu, 06 Feb 2025 16:41:01 GMT
      Etag:
      - W/"cf4a6f2245a2149def57cf18317a9516"
      Strict-Transport-Security:
      - max-age=63072000; includeSubDomains
      Vary:
      - Accept-Encoding
      X-Ratelimit-Permitted:
      - "1000"
      X-Ratelimit-Remaining:
      - "979"
      X-Request-Id:
      - 9c17aa60-d898-42f5-88e9-582d277e8a77
    status: 200 OK
    code: 200
    duration: ""
- request:
    body: ""
    form: {}
    headers:
      Accept:
      - application/json
      User-Agent:
      - Terraform/1.10.5 (+https://www.terraform.io) Terraform-Plugin-SDK/2.31.0 terraform-provider-katapult/0.0.999
    url: https://api.katapult.io/core/v1/virtual_machine_groups/_?virtual_machine_group%5Bid%5D=vmgrp_G0hxFF6646peAwHk
    method: DELETE
  response:
    body: '{"virtual_machine_group":{"id":"vmgrp_G0hxFF6646peAwHk","name":"tf-acc-test-update-group-bar22cofqkj6","segregate":true,"auto_segregate":false,"created_at":1738860019}}'
    headers:
      Access-Control-Allow-Headers:
      - Authorization, Content-Type
      Access-Control-Allow-Methods:
      - GET, POST, PUT, PATCH, DELETE, OPTIONS
      Access-Control-Allow-Origin:
      - '*'
      Cache-Control:
      - max-age=0, private, must-revalidate
      Content-Length:
      - "168"
      Content-Type:
      - application/json
      Date:
      - Thu, 06 Feb 2025 16:41:01 GMT
      Etag:
      - W/"2928361355a7690e9313b54b0cd2081e"
      Strict-Transport-Security:
      - max-age=63072000; includeSubDomains
      Vary:
      - Accept-Encoding
      X-Ratelimit-Permitted:
      - "1000"
      X-Ratelimit-Remaining:
      - "978"
      X-Request-Id:
      - 8876be0c-b31f-4169-9bd9-7a2a284b3261
    status: 200 OK
    code: 200
    duration: ""
- request:
    body: |
      {"virtual_machine":{"id":"vm_FcDj8Af1kqFuhR45"},"properties":{"group":null}}
    form: {}
    headers:
      Accept:
      - application/json
      Content-Type:
      - application/json
      User-Agent:
      - Terraform/1.10.5 (+https://www.terraform.io) Terraform-Plugin-SDK/2.31.0 terraform-provider-katapult/0.0.999
    url: https://api.katapult.io/core/v1/virtual_machines/_
    method: PATCH
  response:
    body: '{"virtual_machine":{"id":"vm_FcDj8Af1kqFuhR45","name":"tf-acc-test-silent-intimidating-eagle","hostname":"tf-acc-test-silent-intimidating-eagle","fqdn":"tf-acc-test-silent-intimidating-eagle.terraform-acc-test.katapult.cloud","description":null,"created_at":1738860030,"initial_root_password":"jPzouVxLoDnceWZI","state":"started","zone":{"id":"zone_SIfjBnlL8Qox99oX","name":"LON-4","permalink":"lon-zone-4","data_center":{"id":"loc_UUhPmoCbpic6UX0Y","name":"London","permalink":"uk-lon-01","country":{"id":"ctry_6AO9tYYugvTGnd5b","name":"United
      Kingdom","iso_code2":"GB","iso_code3":"GBR","time_zone":"Europe/London","eu":false}}},"organization":{"id":"org_eodfyqFF3YWb2OFC","name":"terraform-acc-test","sub_domain":"terraform-acc-test","infrastructure_domain":"terraform-acc-test.katapult.cloud","created_at":1605785692,"activated_at":1605785692,"suspended":false,"managed":false,"billing_name":"terraform-acc-test","address1":"42
      Barren Fields","address2":"Oxygen Farm","address3":"Seed Colony 1","address4":"Landing
      Site","postcode":"ZZ9 1LS","vat_number":null,"phone_number":null,"currency":{"id":"cur_zShCGgjgBz4EbnX1","name":"British
      Pound","iso_code":"GBP","symbol":"£"},"country":{"id":"ctry_6AO9tYYugvTGnd5b","name":"United
      Kingdom","iso_code2":"GB","iso_code3":"GBR","time_zone":"Europe/London","eu":false},"country_state":null},"group":null,"package":{"id":"vmpkg_Eh5LYVKScVHpj7sM","name":"ROCK-3","permalink":"rock-3","cpu_cores":1,"ipv4_addresses":1,"memory_in_gb":3,"storage_in_gb":25,"monthly_bandwidth_allowance_in_gb":2048,"privacy":"public","icon":null,"use_dedicated_cpus":false,"group":{"id":"vmpkgrp_P5kCZvAtvXRC3sVl","name":"Standard
      vCPU"}},"attached_iso":null,"memory_in_gb":3,"cpu_cores":1,"use_dedicated_cpus":false,"gpu_type":null,"gpus":[],"tags":[],"tag_names":[],"ip_addresses":[{"id":"ip_T9HFO8cKRx7BgJr1","address":"185.44.252.93","reverse_dns":"tf-acc-test-silent-intimidating-eagle.terraform-acc-test.katapult.cloud","vip":false,"label":null,"address_with_mask":"185.44.252.93/22","network":{"id":"netw_gVRkZdSKczfNg34P","name":"Public
      Network","permalink":"uk-lon-01-public","default":true,"data_center":{"id":"loc_UUhPmoCbpic6UX0Y","name":"London","permalink":"uk-lon-01","country":{"id":"ctry_6AO9tYYugvTGnd5b","name":"United
      Kingdom","iso_code2":"GB","iso_code3":"GBR","time_zone":"Europe/London","eu":false}}},"allocation_id":"vm_FcDj8Af1kqFuhR45","allocation_type":"VirtualMachine"}]},"annotations":[]}'
    headers:
      Access-Control-Allow-Headers:
      - Authorization, Content-Type
      Access-Control-Allow-Methods:
      - GET, POST, PUT, PATCH, DELETE, OPTIONS
      Access-Control-Allow-Origin:
      - '*'
      Cache-Control:
      - max-age=0, private, must-revalidate
      Content-Type:
      - application/json
      Date:
      - Thu, 06 Feb 2025 16:41:01 GMT
      Etag:
      - W/"d3c6fa6ed70207d888b75f773eda7287"
      Strict-Transport-Security:
      - max-age=63072000; includeSubDomains
      Vary:
      - Accept-Encoding
      X-Ratelimit-Permitted:
      - "1000"
      X-Ratelimit-Remaining:
      - "977"
      X-Request-Id:
      - 16301816-b246-4c24-a763-6e42e46c8d5d
    status: 200 OK
    code: 200
    duration: ""
- request:
    body: ""
    form: {}
    headers:
      Accept:
      - application/json
      User-Agent:
      - Terraform/1.10.5 (+https://www.terraform.io) Terraform-Plugin-SDK/2.31.0 terraform-provider-katapult/0.0.999
    url: https://api.katapult.io/core/v1/virtual_machines/_?virtual_machine%5Bid%5D=vm_FcDj8Af1kqFuhR45
    method: GET
  response:
    body: '{"virtual_machine":{"id":"vm_FcDj8Af1kqFuhR45","name":"tf-acc-test-silent-intimidating-eagle","hostname":"tf-acc-test-silent-intimidating-eagle","fqdn":"tf-acc-test-silent-intimidating-eagle.terraform-acc-test.katapult.cloud","description":null,"created_at":1738860030,"initial_root_password":"jPzouVxLoDnceWZI","state":"started","zone":{"id":"zone_SIfjBnlL8Qox99oX","name":"LON-4","permalink":"lon-zone-4","data_center":{"id":"loc_UUhPmoCbpic6UX0Y","name":"London","permalink":"uk-lon-01","country":{"id":"ctry_6AO9tYYugvTGnd5b","name":"United
      Kingdom","iso_code2":"GB","iso_code3":"GBR","time_zone":"Europe/London","eu":false}}},"organization":{"id":"org_eodfyqFF3YWb2OFC","name":"terraform-acc-test","sub_domain":"terraform-acc-test","infrastructure_domain":"terraform-acc-test.katapult.cloud","created_at":1605785692,"activated_at":1605785692,"suspended":false,"managed":false,"billing_name":"terraform-acc-test","address1":"42
      Barren Fields","address2":"Oxygen Farm","address3":"Seed Colony 1","address4":"Landing
      Site","postcode":"ZZ9 1LS","vat_number":null,"phone_number":null,"currency":{"id":"cur_zShCGgjgBz4EbnX1","name":"British
      Pound","iso_code":"GBP","symbol":"£"},"country":{"id":"ctry_6AO9tYYugvTGnd5b","name":"United
      Kingdom","iso_code2":"GB","iso_code3":"GBR","time_zone":"Europe/London","eu":false},"country_state":null},"group":null,"package":{"id":"vmpkg_Eh5LYVKScVHpj7sM","name":"ROCK-3","permalink":"rock-3","cpu_cores":1,"ipv4_addresses":1,"memory_in_gb":3,"storage_in_gb":25,"monthly_bandwidth_allowance_in_gb":2048,"privacy":"public","icon":null,"use_dedicated_cpus":false,"group":{"id":"vmpkgrp_P5kCZvAtvXRC3sVl","name":"Standard
      vCPU"}},"attached_iso":null,"memory_in_gb":3,"cpu_cores":1,"use_dedicated_cpus":false,"gpu_type":null,"gpus":[],"tags":[],"tag_names":[],"ip_addresses":[{"id":"ip_T9HFO8cKRx7BgJr1","address":"185.44.252.93","reverse_dns":"tf-acc-test-silent-intimidating-eagle.terraform-acc-test.katapult.cloud","vip":false,"label":null,"address_with_mask":"185.44.252.93/22","network":{"id":"netw_gVRkZdSKczfNg34P","name":"Public
      Network","permalink":"uk-lon-01-public","default":true,"data_center":{"id":"loc_UUhPmoCbpic6UX0Y","name":"London","permalink":"uk-lon-01","country":{"id":"ctry_6AO9tYYugvTGnd5b","name":"United
      Kingdom","iso_code2":"GB","iso_code3":"GBR","time_zone":"Europe/London","eu":false}}},"allocation_id":"vm_FcDj8Af1kqFuhR45","allocation_type":"VirtualMachine"}]},"annotations":[]}'
    headers:
      Access-Control-Allow-Headers:
      - Authorization, Content-Type
      Access-Control-Allow-Methods:
      - GET, POST, PUT, PATCH, DELETE, OPTIONS
      Access-Control-Allow-Origin:
      - '*'
      Cache-Control:
      - max-age=0, private, must-revalidate
      Content-Type:
      - application/json
      Date:
      - Thu, 06 Feb 2025 16:41:01 GMT
      Etag:
      - W/"d3c6fa6ed70207d888b75f773eda7287"
      Strict-Transport-Security:
      - max-age=63072000; includeSubDomains
      Vary:
      - Accept-Encoding
      X-Ratelimit-Permitted:
      - "1000"
      X-Ratelimit-Remaining:
      - "976"
      X-Request-Id:
      - cbd82fff-1668-4791-ab43-ea237c17c0a8
    status: 200 OK
    code: 200
    duration: ""
- request:
    body: ""
    form: {}
    headers:
      User-Agent:
      - Terraform/1.10.5 (+https://www.terraform.io) Terraform-Plugin-SDK/2.31.0 terraform-provider-katapult/0.0.999
    url: https://api.katapult.io/core/v1/virtual_machines/virtual_machine/network_interfaces?virtual_machine%5Bid%5D=vm_FcDj8Af1kqFuhR45
    method: GET
  response:
    body: '{"pagination":{"current_page":1,"total_pages":1,"total":1,"per_page":30,"large_set":false},"virtual_machine_network_interfaces":[{"id":"vmnet_yjXnACKprQKcmHO0","name":"Public
      Network on tf-acc-test-silent-intimidating-eagle","network":{"id":"netw_gVRkZdSKczfNg34P","name":"Public
      Network"},"virtual_network":null,"ip_addresses":[{"id":"ip_T9HFO8cKRx7BgJr1","address":"185.44.252.93"}]}]}'
    headers:
      Access-Control-Allow-Headers:
      - Authorization, Content-Type
      Access-Control-Allow-Methods:
      - GET, POST, PUT, PATCH, DELETE, OPTIONS
      Access-Control-Allow-Origin:
      - '*'
      Cache-Control:
      - max-age=0, private, must-revalidate
      Content-Length:
      - "387"
      Content-Type:
      - application/json
      Date:
      - Thu, 06 Feb 2025 16:41:01 GMT
      Etag:
      - W/"f7e796f28c08d79af08eaa4206a797d0"
      Strict-Transport-Security:
      - max-age=63072000; includeSubDomains
      Vary:
      - Accept-Encoding
      X-Ratelimit-Permitted:
      - "1000"
      X-Ratelimit-Remaining:
      - "975"
      X-Request-Id:
      - 8b755c88-a3b4-402f-a220-b8c5cd4cd52e
    status: 200 OK
    code: 200
    duration: ""
- request:
    body: ""
    form: {}
    headers:
      User-Agent:
      - Terraform/1.10.5 (+https://www.terraform.io) Terraform-Plugin-SDK/2.31.0 terraform-provider-katapult/0.0.999
    url: https://api.katapult.io/core/v1/virtual_machine_network_interfaces/virtual_machine_network_interface?virtual_machine_network_interface%5Bid%5D=vmnet_yjXnACKprQKcmHO0
    method: GET
  response:
    body: '{"virtual_machine_network_interface":{"id":"vmnet_yjXnACKprQKcmHO0","virtual_machine":{"id":"vm_FcDj8Af1kqFuhR45","name":"tf-acc-test-silent-intimidating-eagle"},"name":"Public
      Network on tf-acc-test-silent-intimidating-eagle","network":{"id":"netw_gVRkZdSKczfNg34P","name":"Public
      Network"},"virtual_network":null,"mac_address":"3a:45:55:ec:64:7d","state":"attached","ip_addresses":[{"id":"ip_T9HFO8cKRx7BgJr1","address":"185.44.252.93"}],"speed_profile":{"id":"nsp_FKZSFo5xhn9Pfr79","name":"10Gbps","permalink":"10gbps"}}}'
    headers:
      Access-Control-Allow-Headers:
      - Authorization, Content-Type
      Access-Control-Allow-Methods:
      - GET, POST, PUT, PATCH, DELETE, OPTIONS
      Access-Control-Allow-Origin:
      - '*'
      Cache-Control:
      - max-age=0, private, must-revalidate
      Content-Length:
      - "524"
      Content-Type:
      - application/json
      Date:
      - Thu, 06 Feb 2025 16:41:01 GMT
      Etag:
      - W/"cf4a6f2245a2149def57cf18317a9516"
      Strict-Transport-Security:
      - max-age=63072000; includeSubDomains
      Vary:
      - Accept-Encoding
      X-Ratelimit-Permitted:
      - "1000"
      X-Ratelimit-Remaining:
      - "974"
      X-Request-Id:
      - 5793d521-264f-4757-b1eb-9ba70fa7bc43
    status: 200 OK
    code: 200
    duration: ""
- request:
    body: ""
    form: {}
    headers:
      Accept:
      - application/json
      User-Agent:
      - Terraform/1.10.5 (+https://www.terraform.io) Terraform-Plugin-SDK/2.31.0 terraform-provider-katapult/0.0.999
    url: https://api.katapult.io/core/v1/virtual_machine_network_interfaces/_?virtual_machine_network_interface%5Bid%5D=vmnet_yjXnACKprQKcmHO0
    method: GET
  response:
    body: '{"virtual_machine_network_interface":{"id":"vmnet_yjXnACKprQKcmHO0","virtual_machine":{"id":"vm_FcDj8Af1kqFuhR45","name":"tf-acc-test-silent-intimidating-eagle"},"name":"Public
      Network on tf-acc-test-silent-intimidating-eagle","network":{"id":"netw_gVRkZdSKczfNg34P","name":"Public
      Network"},"virtual_network":null,"mac_address":"3a:45:55:ec:64:7d","state":"attached","ip_addresses":[{"id":"ip_T9HFO8cKRx7BgJr1","address":"185.44.252.93"}],"speed_profile":{"id":"nsp_FKZSFo5xhn9Pfr79","name":"10Gbps","permalink":"10gbps"}}}'
    headers:
      Access-Control-Allow-Headers:
      - Authorization, Content-Type
      Access-Control-Allow-Methods:
      - GET, POST, PUT, PATCH, DELETE, OPTIONS
      Access-Control-Allow-Origin:
      - '*'
      Cache-Control:
      - max-age=0, private, must-revalidate
      Content-Length:
      - "524"
      Content-Type:
      - application/json
      Date:
      - Thu, 06 Feb 2025 16:41:01 GMT
      Etag:
      - W/"cf4a6f2245a2149def57cf18317a9516"
      Strict-Transport-Security:
      - max-age=63072000; includeSubDomains
      Vary:
      - Accept-Encoding
      X-Ratelimit-Permitted:
      - "1000"
      X-Ratelimit-Remaining:
      - "973"
      X-Request-Id:
      - 0242cd24-2d92-403a-8317-ad0288b00c03
    status: 200 OK
    code: 200
    duration: ""
- request:
    body: ""
    form: {}
    headers:
      Accept:
      - application/json
      User-Agent:
      - Terraform/ (+https://www.terraform.io) Terraform-Plugin-SDK/2.31.0 terraform-provider-katapult/0.0.999
    url: https://api.katapult.io/core/v1/virtual_machines/_?virtual_machine%5Bid%5D=vm_FcDj8Af1kqFuhR45
    method: GET
  response:
    body: '{"virtual_machine":{"id":"vm_FcDj8Af1kqFuhR45","name":"tf-acc-test-silent-intimidating-eagle","hostname":"tf-acc-test-silent-intimidating-eagle","fqdn":"tf-acc-test-silent-intimidating-eagle.terraform-acc-test.katapult.cloud","description":null,"created_at":1738860030,"initial_root_password":"jPzouVxLoDnceWZI","state":"started","zone":{"id":"zone_SIfjBnlL8Qox99oX","name":"LON-4","permalink":"lon-zone-4","data_center":{"id":"loc_UUhPmoCbpic6UX0Y","name":"London","permalink":"uk-lon-01","country":{"id":"ctry_6AO9tYYugvTGnd5b","name":"United
      Kingdom","iso_code2":"GB","iso_code3":"GBR","time_zone":"Europe/London","eu":false}}},"organization":{"id":"org_eodfyqFF3YWb2OFC","name":"terraform-acc-test","sub_domain":"terraform-acc-test","infrastructure_domain":"terraform-acc-test.katapult.cloud","created_at":1605785692,"activated_at":1605785692,"suspended":false,"managed":false,"billing_name":"terraform-acc-test","address1":"42
      Barren Fields","address2":"Oxygen Farm","address3":"Seed Colony 1","address4":"Landing
      Site","postcode":"ZZ9 1LS","vat_number":null,"phone_number":null,"currency":{"id":"cur_zShCGgjgBz4EbnX1","name":"British
      Pound","iso_code":"GBP","symbol":"£"},"country":{"id":"ctry_6AO9tYYugvTGnd5b","name":"United
      Kingdom","iso_code2":"GB","iso_code3":"GBR","time_zone":"Europe/London","eu":false},"country_state":null},"group":null,"package":{"id":"vmpkg_Eh5LYVKScVHpj7sM","name":"ROCK-3","permalink":"rock-3","cpu_cores":1,"ipv4_addresses":1,"memory_in_gb":3,"storage_in_gb":25,"monthly_bandwidth_allowance_in_gb":2048,"privacy":"public","icon":null,"use_dedicated_cpus":false,"group":{"id":"vmpkgrp_P5kCZvAtvXRC3sVl","name":"Standard
      vCPU"}},"attached_iso":null,"memory_in_gb":3,"cpu_cores":1,"use_dedicated_cpus":false,"gpu_type":null,"gpus":[],"tags":[],"tag_names":[],"ip_addresses":[{"id":"ip_T9HFO8cKRx7BgJr1","address":"185.44.252.93","reverse_dns":"tf-acc-test-silent-intimidating-eagle.terraform-acc-test.katapult.cloud","vip":false,"label":null,"address_with_mask":"185.44.252.93/22","network":{"id":"netw_gVRkZdSKczfNg34P","name":"Public
      Network","permalink":"uk-lon-01-public","default":true,"data_center":{"id":"loc_UUhPmoCbpic6UX0Y","name":"London","permalink":"uk-lon-01","country":{"id":"ctry_6AO9tYYugvTGnd5b","name":"United
      Kingdom","iso_code2":"GB","iso_code3":"GBR","time_zone":"Europe/London","eu":false}}},"allocation_id":"vm_FcDj8Af1kqFuhR45","allocation_type":"VirtualMachine"}]},"annotations":[]}'
    headers:
      Access-Control-Allow-Headers:
      - Authorization, Content-Type
      Access-Control-Allow-Methods:
      - GET, POST, PUT, PATCH, DELETE, OPTIONS
      Access-Control-Allow-Origin:
      - '*'
      Cache-Control:
      - max-age=0, private, must-revalidate
      Content-Type:
      - application/json
      Date:
      - Thu, 06 Feb 2025 16:41:01 GMT
      Etag:
      - W/"d3c6fa6ed70207d888b75f773eda7287"
      Strict-Transport-Security:
      - max-age=63072000; includeSubDomains
      Vary:
      - Accept-Encoding
      X-Ratelimit-Permitted:
      - "1000"
      X-Ratelimit-Remaining:
      - "972"
      X-Request-Id:
      - 3038571d-5560-46b1-8bf2-c11a21513259
    status: 200 OK
    code: 200
    duration: ""
- request:
    body: ""
    form: {}
    headers:
      Accept:
      - application/json
      User-Agent:
      - Terraform/1.10.5 (+https://www.terraform.io) Terraform-Plugin-SDK/2.31.0 terraform-provider-katapult/0.0.999
    url: https://api.katapult.io/core/v1/ip_addresses/_?ip_address%5Bid%5D=ip_T9HFO8cKRx7BgJr1
    method: GET
  response:
    body: '{"ip_address":{"id":"ip_T9HFO8cKRx7BgJr1","address":"185.44.252.93","reverse_dns":"tf-acc-test-silent-intimidating-eagle.terraform-acc-test.katapult.cloud","vip":false,"label":null,"address_with_mask":"185.44.252.93/22","network":{"id":"netw_gVRkZdSKczfNg34P","name":"Public
      Network","permalink":"uk-lon-01-public","default":true,"data_center":{"id":"loc_UUhPmoCbpic6UX0Y","name":"London","permalink":"uk-lon-01","country":{"id":"ctry_6AO9tYYugvTGnd5b","name":"United
      Kingdom","iso_code2":"GB","iso_code3":"GBR","time_zone":"Europe/London","eu":false}}},"allocation_id":"vm_FcDj8Af1kqFuhR45","allocation_type":"VirtualMachine"},"allocation":{"type":"VirtualMachine","value":{"id":"vm_FcDj8Af1kqFuhR45","name":"tf-acc-test-silent-intimidating-eagle"}}}'
    headers:
      Access-Control-Allow-Headers:
      - Authorization, Content-Type
      Access-Control-Allow-Methods:
      - GET, POST, PUT, PATCH, DELETE, OPTIONS
      Access-Control-Allow-Origin:
      - '*'
      Cache-Control:
      - max-age=0, private, must-revalidate
      Content-Length:
      - "751"
      Content-Type:
      - application/json
      Date:
      - Thu, 06 Feb 2025 16:41:02 GMT
      Etag:
      - W/"4b61fd28134d01acb81c69554fa6a08a"
      Strict-Transport-Security:
      - max-age=63072000; includeSubDomains
      Vary:
      - Accept-Encoding
      X-Ratelimit-Permitted:
      - "1000"
      X-Ratelimit-Remaining:
      - "971"
      X-Request-Id:
      - 97c5971b-e411-4853-ac6d-469c8cb5063e
    status: 200 OK
    code: 200
    duration: ""
- request:
    body: ""
    form: {}
    headers:
      Accept:
      - application/json
      User-Agent:
      - Terraform/1.10.5 (+https://www.terraform.io) Terraform-Plugin-SDK/2.31.0 terraform-provider-katapult/0.0.999
    url: https://api.katapult.io/core/v1/virtual_machines/_?virtual_machine%5Bid%5D=vm_FcDj8Af1kqFuhR45
    method: GET
  response:
    body: '{"virtual_machine":{"id":"vm_FcDj8Af1kqFuhR45","name":"tf-acc-test-silent-intimidating-eagle","hostname":"tf-acc-test-silent-intimidating-eagle","fqdn":"tf-acc-test-silent-intimidating-eagle.terraform-acc-test.katapult.cloud","description":null,"created_at":1738860030,"initial_root_password":"jPzouVxLoDnceWZI","state":"started","zone":{"id":"zone_SIfjBnlL8Qox99oX","name":"LON-4","permalink":"lon-zone-4","data_center":{"id":"loc_UUhPmoCbpic6UX0Y","name":"London","permalink":"uk-lon-01","country":{"id":"ctry_6AO9tYYugvTGnd5b","name":"United
      Kingdom","iso_code2":"GB","iso_code3":"GBR","time_zone":"Europe/London","eu":false}}},"organization":{"id":"org_eodfyqFF3YWb2OFC","name":"terraform-acc-test","sub_domain":"terraform-acc-test","infrastructure_domain":"terraform-acc-test.katapult.cloud","created_at":1605785692,"activated_at":1605785692,"suspended":false,"managed":false,"billing_name":"terraform-acc-test","address1":"42
      Barren Fields","address2":"Oxygen Farm","address3":"Seed Colony 1","address4":"Landing
      Site","postcode":"ZZ9 1LS","vat_number":null,"phone_number":null,"currency":{"id":"cur_zShCGgjgBz4EbnX1","name":"British
      Pound","iso_code":"GBP","symbol":"£"},"country":{"id":"ctry_6AO9tYYugvTGnd5b","name":"United
      Kingdom","iso_code2":"GB","iso_code3":"GBR","time_zone":"Europe/London","eu":false},"country_state":null},"group":null,"package":{"id":"vmpkg_Eh5LYVKScVHpj7sM","name":"ROCK-3","permalink":"rock-3","cpu_cores":1,"ipv4_addresses":1,"memory_in_gb":3,"storage_in_gb":25,"monthly_bandwidth_allowance_in_gb":2048,"privacy":"public","icon":null,"use_dedicated_cpus":false,"group":{"id":"vmpkgrp_P5kCZvAtvXRC3sVl","name":"Standard
      vCPU"}},"attached_iso":null,"memory_in_gb":3,"cpu_cores":1,"use_dedicated_cpus":false,"gpu_type":null,"gpus":[],"tags":[],"tag_names":[],"ip_addresses":[{"id":"ip_T9HFO8cKRx7BgJr1","address":"185.44.252.93","reverse_dns":"tf-acc-test-silent-intimidating-eagle.terraform-acc-test.katapult.cloud","vip":false,"label":null,"address_with_mask":"185.44.252.93/22","network":{"id":"netw_gVRkZdSKczfNg34P","name":"Public
      Network","permalink":"uk-lon-01-public","default":true,"data_center":{"id":"loc_UUhPmoCbpic6UX0Y","name":"London","permalink":"uk-lon-01","country":{"id":"ctry_6AO9tYYugvTGnd5b","name":"United
      Kingdom","iso_code2":"GB","iso_code3":"GBR","time_zone":"Europe/London","eu":false}}},"allocation_id":"vm_FcDj8Af1kqFuhR45","allocation_type":"VirtualMachine"}]},"annotations":[]}'
    headers:
      Access-Control-Allow-Headers:
      - Authorization, Content-Type
      Access-Control-Allow-Methods:
      - GET, POST, PUT, PATCH, DELETE, OPTIONS
      Access-Control-Allow-Origin:
      - '*'
      Cache-Control:
      - max-age=0, private, must-revalidate
      Content-Type:
      - application/json
      Date:
      - Thu, 06 Feb 2025 16:41:02 GMT
      Etag:
      - W/"d3c6fa6ed70207d888b75f773eda7287"
      Strict-Transport-Security:
      - max-age=63072000; includeSubDomains
      Vary:
      - Accept-Encoding
      X-Ratelimit-Permitted:
      - "1000"
      X-Ratelimit-Remaining:
      - "970"
      X-Request-Id:
      - 3addd05f-efa9-40dc-8d93-9ecc6450e224
    status: 200 OK
    code: 200
    duration: ""
- request:
    body: ""
    form: {}
    headers:
      User-Agent:
      - Terraform/1.10.5 (+https://www.terraform.io) Terraform-Plugin-SDK/2.31.0 terraform-provider-katapult/0.0.999
    url: https://api.katapult.io/core/v1/virtual_machines/virtual_machine/network_interfaces?virtual_machine%5Bid%5D=vm_FcDj8Af1kqFuhR45
    method: GET
  response:
    body: '{"pagination":{"current_page":1,"total_pages":1,"total":1,"per_page":30,"large_set":false},"virtual_machine_network_interfaces":[{"id":"vmnet_yjXnACKprQKcmHO0","name":"Public
      Network on tf-acc-test-silent-intimidating-eagle","network":{"id":"netw_gVRkZdSKczfNg34P","name":"Public
      Network"},"virtual_network":null,"ip_addresses":[{"id":"ip_T9HFO8cKRx7BgJr1","address":"185.44.252.93"}]}]}'
    headers:
      Access-Control-Allow-Headers:
      - Authorization, Content-Type
      Access-Control-Allow-Methods:
      - GET, POST, PUT, PATCH, DELETE, OPTIONS
      Access-Control-Allow-Origin:
      - '*'
      Cache-Control:
      - max-age=0, private, must-revalidate
      Content-Length:
      - "387"
      Content-Type:
      - application/json
      Date:
      - Thu, 06 Feb 2025 16:41:02 GMT
      Etag:
      - W/"f7e796f28c08d79af08eaa4206a797d0"
      Strict-Transport-Security:
      - max-age=63072000; includeSubDomains
      Vary:
      - Accept-Encoding
      X-Ratelimit-Permitted:
      - "1000"
      X-Ratelimit-Remaining:
      - "969"
      X-Request-Id:
      - 13ccdd9a-bf86-45fc-8da5-108b66f2a650
    status: 200 OK
    code: 200
    duration: ""
- request:
    body: ""
    form: {}
    headers:
      User-Agent:
      - Terraform/1.10.5 (+https://www.terraform.io) Terraform-Plugin-SDK/2.31.0 terraform-provider-katapult/0.0.999
    url: https://api.katapult.io/core/v1/virtual_machine_network_interfaces/virtual_machine_network_interface?virtual_machine_network_interface%5Bid%5D=vmnet_yjXnACKprQKcmHO0
    method: GET
  response:
    body: '{"virtual_machine_network_interface":{"id":"vmnet_yjXnACKprQKcmHO0","virtual_machine":{"id":"vm_FcDj8Af1kqFuhR45","name":"tf-acc-test-silent-intimidating-eagle"},"name":"Public
      Network on tf-acc-test-silent-intimidating-eagle","network":{"id":"netw_gVRkZdSKczfNg34P","name":"Public
      Network"},"virtual_network":null,"mac_address":"3a:45:55:ec:64:7d","state":"attached","ip_addresses":[{"id":"ip_T9HFO8cKRx7BgJr1","address":"185.44.252.93"}],"speed_profile":{"id":"nsp_FKZSFo5xhn9Pfr79","name":"10Gbps","permalink":"10gbps"}}}'
    headers:
      Access-Control-Allow-Headers:
      - Authorization, Content-Type
      Access-Control-Allow-Methods:
      - GET, POST, PUT, PATCH, DELETE, OPTIONS
      Access-Control-Allow-Origin:
      - '*'
      Cache-Control:
      - max-age=0, private, must-revalidate
      Content-Length:
      - "524"
      Content-Type:
      - application/json
      Date:
      - Thu, 06 Feb 2025 16:41:02 GMT
      Etag:
      - W/"cf4a6f2245a2149def57cf18317a9516"
      Strict-Transport-Security:
      - max-age=63072000; includeSubDomains
      Vary:
      - Accept-Encoding
      X-Ratelimit-Permitted:
      - "1000"
      X-Ratelimit-Remaining:
      - "968"
      X-Request-Id:
      - 74b4999b-d985-4d97-a445-4ab19a8cf3e8
    status: 200 OK
    code: 200
    duration: ""
- request:
    body: ""
    form: {}
    headers:
      Accept:
      - application/json
      User-Agent:
      - Terraform/1.10.5 (+https://www.terraform.io) Terraform-Plugin-SDK/2.31.0 terraform-provider-katapult/0.0.999
    url: https://api.katapult.io/core/v1/virtual_machine_network_interfaces/_?virtual_machine_network_interface%5Bid%5D=vmnet_yjXnACKprQKcmHO0
    method: GET
  response:
    body: '{"virtual_machine_network_interface":{"id":"vmnet_yjXnACKprQKcmHO0","virtual_machine":{"id":"vm_FcDj8Af1kqFuhR45","name":"tf-acc-test-silent-intimidating-eagle"},"name":"Public
      Network on tf-acc-test-silent-intimidating-eagle","network":{"id":"netw_gVRkZdSKczfNg34P","name":"Public
      Network"},"virtual_network":null,"mac_address":"3a:45:55:ec:64:7d","state":"attached","ip_addresses":[{"id":"ip_T9HFO8cKRx7BgJr1","address":"185.44.252.93"}],"speed_profile":{"id":"nsp_FKZSFo5xhn9Pfr79","name":"10Gbps","permalink":"10gbps"}}}'
    headers:
      Access-Control-Allow-Headers:
      - Authorization, Content-Type
      Access-Control-Allow-Methods:
      - GET, POST, PUT, PATCH, DELETE, OPTIONS
      Access-Control-Allow-Origin:
      - '*'
      Cache-Control:
      - max-age=0, private, must-revalidate
      Content-Length:
      - "524"
      Content-Type:
      - application/json
      Date:
      - Thu, 06 Feb 2025 16:41:02 GMT
      Etag:
      - W/"cf4a6f2245a2149def57cf18317a9516"
      Strict-Transport-Security:
      - max-age=63072000; includeSubDomains
      Vary:
      - Accept-Encoding
      X-Ratelimit-Permitted:
      - "1000"
      X-Ratelimit-Remaining:
      - "967"
      X-Request-Id:
      - 2af336ca-3a79-4e96-974b-268be55a5bac
    status: 200 OK
    code: 200
    duration: ""
- request:
    body: ""
    form: {}
    headers:
      Accept:
      - application/json
      User-Agent:
      - Terraform/1.10.5 (+https://www.terraform.io) Terraform-Plugin-SDK/2.31.0 terraform-provider-katapult/0.0.999
    url: https://api.katapult.io/core/v1/virtual_machines/_?virtual_machine%5Bid%5D=vm_FcDj8Af1kqFuhR45
    method: GET
  response:
    body: '{"virtual_machine":{"id":"vm_FcDj8Af1kqFuhR45","name":"tf-acc-test-silent-intimidating-eagle","hostname":"tf-acc-test-silent-intimidating-eagle","fqdn":"tf-acc-test-silent-intimidating-eagle.terraform-acc-test.katapult.cloud","description":null,"created_at":1738860030,"initial_root_password":"jPzouVxLoDnceWZI","state":"started","zone":{"id":"zone_SIfjBnlL8Qox99oX","name":"LON-4","permalink":"lon-zone-4","data_center":{"id":"loc_UUhPmoCbpic6UX0Y","name":"London","permalink":"uk-lon-01","country":{"id":"ctry_6AO9tYYugvTGnd5b","name":"United
      Kingdom","iso_code2":"GB","iso_code3":"GBR","time_zone":"Europe/London","eu":false}}},"organization":{"id":"org_eodfyqFF3YWb2OFC","name":"terraform-acc-test","sub_domain":"terraform-acc-test","infrastructure_domain":"terraform-acc-test.katapult.cloud","created_at":1605785692,"activated_at":1605785692,"suspended":false,"managed":false,"billing_name":"terraform-acc-test","address1":"42
      Barren Fields","address2":"Oxygen Farm","address3":"Seed Colony 1","address4":"Landing
      Site","postcode":"ZZ9 1LS","vat_number":null,"phone_number":null,"currency":{"id":"cur_zShCGgjgBz4EbnX1","name":"British
      Pound","iso_code":"GBP","symbol":"£"},"country":{"id":"ctry_6AO9tYYugvTGnd5b","name":"United
      Kingdom","iso_code2":"GB","iso_code3":"GBR","time_zone":"Europe/London","eu":false},"country_state":null},"group":null,"package":{"id":"vmpkg_Eh5LYVKScVHpj7sM","name":"ROCK-3","permalink":"rock-3","cpu_cores":1,"ipv4_addresses":1,"memory_in_gb":3,"storage_in_gb":25,"monthly_bandwidth_allowance_in_gb":2048,"privacy":"public","icon":null,"use_dedicated_cpus":false,"group":{"id":"vmpkgrp_P5kCZvAtvXRC3sVl","name":"Standard
      vCPU"}},"attached_iso":null,"memory_in_gb":3,"cpu_cores":1,"use_dedicated_cpus":false,"gpu_type":null,"gpus":[],"tags":[],"tag_names":[],"ip_addresses":[{"id":"ip_T9HFO8cKRx7BgJr1","address":"185.44.252.93","reverse_dns":"tf-acc-test-silent-intimidating-eagle.terraform-acc-test.katapult.cloud","vip":false,"label":null,"address_with_mask":"185.44.252.93/22","network":{"id":"netw_gVRkZdSKczfNg34P","name":"Public
      Network","permalink":"uk-lon-01-public","default":true,"data_center":{"id":"loc_UUhPmoCbpic6UX0Y","name":"London","permalink":"uk-lon-01","country":{"id":"ctry_6AO9tYYugvTGnd5b","name":"United
      Kingdom","iso_code2":"GB","iso_code3":"GBR","time_zone":"Europe/London","eu":false}}},"allocation_id":"vm_FcDj8Af1kqFuhR45","allocation_type":"VirtualMachine"}]},"annotations":[]}'
    headers:
      Access-Control-Allow-Headers:
      - Authorization, Content-Type
      Access-Control-Allow-Methods:
      - GET, POST, PUT, PATCH, DELETE, OPTIONS
      Access-Control-Allow-Origin:
      - '*'
      Cache-Control:
      - max-age=0, private, must-revalidate
      Content-Type:
      - application/json
      Date:
      - Thu, 06 Feb 2025 16:41:02 GMT
      Etag:
      - W/"d3c6fa6ed70207d888b75f773eda7287"
      Strict-Transport-Security:
      - max-age=63072000; includeSubDomains
      Vary:
      - Accept-Encoding
      X-Ratelimit-Permitted:
      - "1000"
      X-Ratelimit-Remaining:
      - "966"
      X-Request-Id:
      - a3744c99-0bad-4053-978f-479d007fbea5
    status: 200 OK
    code: 200
    duration: ""
- request:
    body: ""
    form: {}
    headers:
      Accept:
      - application/json
      User-Agent:
      - Terraform/1.10.5 (+https://www.terraform.io) Terraform-Plugin-SDK/2.31.0 terraform-provider-katapult/0.0.999
    url: https://api.katapult.io/core/v1/virtual_machines/_/stop?virtual_machine%5Bid%5D=vm_FcDj8Af1kqFuhR45
    method: POST
  response:
    body: '{"task":{"id":"task_isIdzldqgEN2ajqa","name":"Stop virtual machine","status":"pending"}}'
    headers:
      Access-Control-Allow-Headers:
      - Authorization, Content-Type
      Access-Control-Allow-Methods:
      - GET, POST, PUT, PATCH, DELETE, OPTIONS
      Access-Control-Allow-Origin:
      - '*'
      Cache-Control:
      - max-age=0, private, must-revalidate
      Content-Length:
      - "88"
      Content-Type:
      - application/json
      Date:
      - Thu, 06 Feb 2025 16:41:02 GMT
      Etag:
      - W/"0766c40d6e2d41f963556d8aa3974028"
      Strict-Transport-Security:
      - max-age=63072000; includeSubDomains
      Vary:
      - Accept-Encoding
      X-Ratelimit-Permitted:
      - "1000"
      X-Ratelimit-Remaining:
      - "965"
      X-Request-Id:
      - 6414f8dd-9e47-4066-9181-4dda2d0daf3b
    status: 200 OK
    code: 200
    duration: ""
- request:
    body: ""
    form: {}
    headers:
      Accept:
      - application/json
      User-Agent:
      - Terraform/1.10.5 (+https://www.terraform.io) Terraform-Plugin-SDK/2.31.0 terraform-provider-katapult/0.0.999
    url: https://api.katapult.io/core/v1/tasks/task_isIdzldqgEN2ajqa
    method: GET
  response:
    body: '{"task":{"id":"task_isIdzldqgEN2ajqa","name":"Stop virtual machine","status":"pending","created_at":1738860062,"started_at":null,"finished_at":null,"progress":0}}'
    headers:
      Access-Control-Allow-Headers:
      - Authorization, Content-Type
      Access-Control-Allow-Methods:
      - GET, POST, PUT, PATCH, DELETE, OPTIONS
      Access-Control-Allow-Origin:
      - '*'
      Cache-Control:
      - max-age=0, private, must-revalidate
      Content-Length:
      - "162"
      Content-Type:
      - application/json
      Date:
      - Thu, 06 Feb 2025 16:41:03 GMT
      Etag:
      - W/"8cf2f5d5321d928d5ccba120c4c15c0c"
      Strict-Transport-Security:
      - max-age=63072000; includeSubDomains
      Vary:
      - Accept-Encoding
      X-Ratelimit-Permitted:
      - "1000"
      X-Ratelimit-Remaining:
      - "954"
      X-Request-Id:
      - dc05c51d-3650-45dd-b558-1b3838e233bc
    status: 200 OK
    code: 200
    duration: ""
- request:
    body: ""
    form: {}
    headers:
      Accept:
      - application/json
      User-Agent:
      - Terraform/1.10.5 (+https://www.terraform.io) Terraform-Plugin-SDK/2.31.0 terraform-provider-katapult/0.0.999
    url: https://api.katapult.io/core/v1/tasks/task_isIdzldqgEN2ajqa
    method: GET
  response:
    body: '{"task":{"id":"task_isIdzldqgEN2ajqa","name":"Stop virtual machine","status":"pending","created_at":1738860062,"started_at":null,"finished_at":null,"progress":0}}'
    headers:
      Access-Control-Allow-Headers:
      - Authorization, Content-Type
      Access-Control-Allow-Methods:
      - GET, POST, PUT, PATCH, DELETE, OPTIONS
      Access-Control-Allow-Origin:
      - '*'
      Cache-Control:
      - max-age=0, private, must-revalidate
      Content-Length:
      - "162"
      Content-Type:
      - application/json
      Date:
      - Thu, 06 Feb 2025 16:41:08 GMT
      Etag:
      - W/"8cf2f5d5321d928d5ccba120c4c15c0c"
      Strict-Transport-Security:
      - max-age=63072000; includeSubDomains
      Vary:
      - Accept-Encoding
      X-Ratelimit-Permitted:
      - "1000"
      X-Ratelimit-Remaining:
      - "890"
      X-Request-Id:
      - d10c120a-767c-431b-a4c5-b4c6181e57bb
    status: 200 OK
    code: 200
    duration: ""
- request:
    body: ""
    form: {}
    headers:
      Accept:
      - application/json
      User-Agent:
      - Terraform/1.10.5 (+https://www.terraform.io) Terraform-Plugin-SDK/2.31.0 terraform-provider-katapult/0.0.999
    url: https://api.katapult.io/core/v1/tasks/task_isIdzldqgEN2ajqa
    method: GET
  response:
    body: '{"task":{"id":"task_isIdzldqgEN2ajqa","name":"Stop virtual machine","status":"pending","created_at":1738860062,"started_at":null,"finished_at":null,"progress":0}}'
    headers:
      Access-Control-Allow-Headers:
      - Authorization, Content-Type
      Access-Control-Allow-Methods:
      - GET, POST, PUT, PATCH, DELETE, OPTIONS
      Access-Control-Allow-Origin:
      - '*'
      Cache-Control:
      - max-age=0, private, must-revalidate
      Content-Length:
      - "162"
      Content-Type:
      - application/json
      Date:
      - Thu, 06 Feb 2025 16:41:18 GMT
      Etag:
      - W/"8cf2f5d5321d928d5ccba120c4c15c0c"
      Strict-Transport-Security:
      - max-age=63072000; includeSubDomains
      Vary:
      - Accept-Encoding
      X-Ratelimit-Permitted:
      - "1000"
      X-Ratelimit-Remaining:
      - "855"
      X-Request-Id:
      - e2f44366-c197-410c-955f-bcf0bce86060
    status: 200 OK
    code: 200
    duration: ""
- request:
    body: ""
    form: {}
    headers:
      Accept:
      - application/json
      User-Agent:
      - Terraform/1.10.5 (+https://www.terraform.io) Terraform-Plugin-SDK/2.31.0 terraform-provider-katapult/0.0.999
    url: https://api.katapult.io/core/v1/tasks/task_isIdzldqgEN2ajqa
    method: GET
  response:
    body: '{"task":{"id":"task_isIdzldqgEN2ajqa","name":"Stop virtual machine","status":"running","created_at":1738860062,"started_at":1738860087,"finished_at":null,"progress":5}}'
    headers:
      Access-Control-Allow-Headers:
      - Authorization, Content-Type
      Access-Control-Allow-Methods:
      - GET, POST, PUT, PATCH, DELETE, OPTIONS
      Access-Control-Allow-Origin:
      - '*'
      Cache-Control:
      - max-age=0, private, must-revalidate
      Content-Length:
      - "168"
      Content-Type:
      - application/json
      Date:
      - Thu, 06 Feb 2025 16:41:28 GMT
      Etag:
      - W/"8b327a861328d052ff9efd495508406c"
      Strict-Transport-Security:
      - max-age=63072000; includeSubDomains
      Vary:
      - Accept-Encoding
      X-Ratelimit-Permitted:
      - "1000"
      X-Ratelimit-Remaining:
      - "846"
      X-Request-Id:
      - 6e855438-c086-416e-869e-396c552203b7
    status: 200 OK
    code: 200
    duration: ""
- request:
    body: ""
    form: {}
    headers:
      Accept:
      - application/json
      User-Agent:
      - Terraform/1.10.5 (+https://www.terraform.io) Terraform-Plugin-SDK/2.31.0 terraform-provider-katapult/0.0.999
    url: https://api.katapult.io/core/v1/tasks/task_isIdzldqgEN2ajqa
    method: GET
  response:
    body: '{"task":{"id":"task_isIdzldqgEN2ajqa","name":"Stop virtual machine","status":"completed","created_at":1738860062,"started_at":1738860087,"finished_at":1738860090,"progress":100}}'
    headers:
      Access-Control-Allow-Headers:
      - Authorization, Content-Type
      Access-Control-Allow-Methods:
      - GET, POST, PUT, PATCH, DELETE, OPTIONS
      Access-Control-Allow-Origin:
      - '*'
      Cache-Control:
      - max-age=0, private, must-revalidate
      Content-Length:
      - "178"
      Content-Type:
      - application/json
      Date:
      - Thu, 06 Feb 2025 16:41:38 GMT
      Etag:
      - W/"9e1174f2c5bb4ef881602bd5dcff9e44"
      Strict-Transport-Security:
      - max-age=63072000; includeSubDomains
      Vary:
      - Accept-Encoding
      X-Ratelimit-Permitted:
      - "1000"
      X-Ratelimit-Remaining:
      - "843"
      X-Request-Id:
      - 91699956-88de-48ad-9138-bdb4f297358b
    status: 200 OK
    code: 200
    duration: ""
- request:
    body: ""
    form: {}
    headers:
      Accept:
      - application/json
      User-Agent:
      - Terraform/1.10.5 (+https://www.terraform.io) Terraform-Plugin-SDK/2.31.0 terraform-provider-katapult/0.0.999
    url: https://api.katapult.io/core/v1/virtual_machines/_?virtual_machine%5Bid%5D=vm_FcDj8Af1kqFuhR45
    method: GET
  response:
    body: '{"virtual_machine":{"id":"vm_FcDj8Af1kqFuhR45","name":"tf-acc-test-silent-intimidating-eagle","hostname":"tf-acc-test-silent-intimidating-eagle","fqdn":"tf-acc-test-silent-intimidating-eagle.terraform-acc-test.katapult.cloud","description":null,"created_at":1738860030,"initial_root_password":"jPzouVxLoDnceWZI","state":"stopped","zone":{"id":"zone_SIfjBnlL8Qox99oX","name":"LON-4","permalink":"lon-zone-4","data_center":{"id":"loc_UUhPmoCbpic6UX0Y","name":"London","permalink":"uk-lon-01","country":{"id":"ctry_6AO9tYYugvTGnd5b","name":"United
      Kingdom","iso_code2":"GB","iso_code3":"GBR","time_zone":"Europe/London","eu":false}}},"organization":{"id":"org_eodfyqFF3YWb2OFC","name":"terraform-acc-test","sub_domain":"terraform-acc-test","infrastructure_domain":"terraform-acc-test.katapult.cloud","created_at":1605785692,"activated_at":1605785692,"suspended":false,"managed":false,"billing_name":"terraform-acc-test","address1":"42
      Barren Fields","address2":"Oxygen Farm","address3":"Seed Colony 1","address4":"Landing
      Site","postcode":"ZZ9 1LS","vat_number":null,"phone_number":null,"currency":{"id":"cur_zShCGgjgBz4EbnX1","name":"British
      Pound","iso_code":"GBP","symbol":"£"},"country":{"id":"ctry_6AO9tYYugvTGnd5b","name":"United
      Kingdom","iso_code2":"GB","iso_code3":"GBR","time_zone":"Europe/London","eu":false},"country_state":null},"group":null,"package":{"id":"vmpkg_Eh5LYVKScVHpj7sM","name":"ROCK-3","permalink":"rock-3","cpu_cores":1,"ipv4_addresses":1,"memory_in_gb":3,"storage_in_gb":25,"monthly_bandwidth_allowance_in_gb":2048,"privacy":"public","icon":null,"use_dedicated_cpus":false,"group":{"id":"vmpkgrp_P5kCZvAtvXRC3sVl","name":"Standard
      vCPU"}},"attached_iso":null,"memory_in_gb":3,"cpu_cores":1,"use_dedicated_cpus":false,"gpu_type":null,"gpus":[],"tags":[],"tag_names":[],"ip_addresses":[{"id":"ip_T9HFO8cKRx7BgJr1","address":"185.44.252.93","reverse_dns":"tf-acc-test-silent-intimidating-eagle.terraform-acc-test.katapult.cloud","vip":false,"label":null,"address_with_mask":"185.44.252.93/22","network":{"id":"netw_gVRkZdSKczfNg34P","name":"Public
      Network","permalink":"uk-lon-01-public","default":true,"data_center":{"id":"loc_UUhPmoCbpic6UX0Y","name":"London","permalink":"uk-lon-01","country":{"id":"ctry_6AO9tYYugvTGnd5b","name":"United
      Kingdom","iso_code2":"GB","iso_code3":"GBR","time_zone":"Europe/London","eu":false}}},"allocation_id":"vm_FcDj8Af1kqFuhR45","allocation_type":"VirtualMachine"}]},"annotations":[]}'
    headers:
      Access-Control-Allow-Headers:
      - Authorization, Content-Type
      Access-Control-Allow-Methods:
      - GET, POST, PUT, PATCH, DELETE, OPTIONS
      Access-Control-Allow-Origin:
      - '*'
      Cache-Control:
      - max-age=0, private, must-revalidate
      Content-Type:
      - application/json
      Date:
      - Thu, 06 Feb 2025 16:41:39 GMT
      Etag:
      - W/"efe2a2d3c9fbe74b0f6114eff4c6d477"
      Strict-Transport-Security:
      - max-age=63072000; includeSubDomains
      Vary:
      - Accept-Encoding
      X-Ratelimit-Permitted:
      - "1000"
      X-Ratelimit-Remaining:
      - "837"
      X-Request-Id:
      - 477eb3f3-bcc8-4d1a-afa2-1cd84aefa19e
    status: 200 OK
    code: 200
    duration: ""
- request:
    body: ""
    form: {}
    headers:
      Accept:
      - application/json
      User-Agent:
      - Terraform/1.10.5 (+https://www.terraform.io) Terraform-Plugin-SDK/2.31.0 terraform-provider-katapult/0.0.999
    url: https://api.katapult.io/core/v1/virtual_machines/_?virtual_machine%5Bid%5D=vm_FcDj8Af1kqFuhR45
    method: DELETE
  response:
    body: '{"trash_object":{"id":"trsh_qFScXjHQeyNQOnoG","keep_until":1739032899,"object_id":"vm_FcDj8Af1kqFuhR45","object_type":"VirtualMachine"},"virtual_machine":{"id":"vm_FcDj8Af1kqFuhR45","name":"tf-acc-test-silent-intimidating-eagle","hostname":"tf-acc-test-silent-intimidating-eagle","fqdn":"tf-acc-test-silent-intimidating-eagle.terraform-acc-test.katapult.cloud","description":null,"created_at":1738860030,"initial_root_password":"jPzouVxLoDnceWZI","state":"stopped","zone":{"id":"zone_SIfjBnlL8Qox99oX","name":"LON-4","permalink":"lon-zone-4","data_center":{"id":"loc_UUhPmoCbpic6UX0Y","name":"London","permalink":"uk-lon-01","country":{"id":"ctry_6AO9tYYugvTGnd5b","name":"United
      Kingdom","iso_code2":"GB","iso_code3":"GBR","time_zone":"Europe/London","eu":false}}},"organization":{"id":"org_eodfyqFF3YWb2OFC","name":"terraform-acc-test","sub_domain":"terraform-acc-test","infrastructure_domain":"terraform-acc-test.katapult.cloud","created_at":1605785692,"activated_at":1605785692,"suspended":false,"managed":false,"billing_name":"terraform-acc-test","address1":"42
      Barren Fields","address2":"Oxygen Farm","address3":"Seed Colony 1","address4":"Landing
      Site","postcode":"ZZ9 1LS","vat_number":null,"phone_number":null,"currency":{"id":"cur_zShCGgjgBz4EbnX1","name":"British
      Pound","iso_code":"GBP","symbol":"£"},"country":{"id":"ctry_6AO9tYYugvTGnd5b","name":"United
      Kingdom","iso_code2":"GB","iso_code3":"GBR","time_zone":"Europe/London","eu":false},"country_state":null},"group":null,"package":{"id":"vmpkg_Eh5LYVKScVHpj7sM","name":"ROCK-3","permalink":"rock-3","cpu_cores":1,"ipv4_addresses":1,"memory_in_gb":3,"storage_in_gb":25,"monthly_bandwidth_allowance_in_gb":2048,"privacy":"public","icon":null,"use_dedicated_cpus":false,"group":{"id":"vmpkgrp_P5kCZvAtvXRC3sVl","name":"Standard
      vCPU"}},"attached_iso":null,"memory_in_gb":3,"cpu_cores":1,"use_dedicated_cpus":false,"gpu_type":null,"gpus":[],"tags":[],"tag_names":[],"ip_addresses":[{"id":"ip_T9HFO8cKRx7BgJr1","address":"185.44.252.93","reverse_dns":"tf-acc-test-silent-intimidating-eagle.terraform-acc-test.katapult.cloud","vip":false,"label":null,"address_with_mask":"185.44.252.93/22","network":{"id":"netw_gVRkZdSKczfNg34P","name":"Public
      Network","permalink":"uk-lon-01-public","default":true,"data_center":{"id":"loc_UUhPmoCbpic6UX0Y","name":"London","permalink":"uk-lon-01","country":{"id":"ctry_6AO9tYYugvTGnd5b","name":"United
      Kingdom","iso_code2":"GB","iso_code3":"GBR","time_zone":"Europe/London","eu":false}}},"allocation_id":"vm_FcDj8Af1kqFuhR45","allocation_type":"VirtualMachine"}]}}'
    headers:
      Access-Control-Allow-Headers:
      - Authorization, Content-Type
      Access-Control-Allow-Methods:
      - GET, POST, PUT, PATCH, DELETE, OPTIONS
      Access-Control-Allow-Origin:
      - '*'
      Cache-Control:
      - max-age=0, private, must-revalidate
      Content-Type:
      - application/json
      Date:
      - Thu, 06 Feb 2025 16:41:39 GMT
      Etag:
      - W/"5d491f3faf5ba0de4935832a2d5b0dcc"
      Strict-Transport-Security:
      - max-age=63072000; includeSubDomains
      Vary:
      - Accept-Encoding
      X-Ratelimit-Permitted:
      - "1000"
      X-Ratelimit-Remaining:
      - "836"
      X-Request-Id:
      - 2f2e1e42-acfc-4993-9a18-38f4e3eb6139
    status: 200 OK
    code: 200
    duration: ""
- request:
    body: ""
    form: {}
    headers:
      Accept:
      - application/json
      User-Agent:
      - Terraform/1.10.5 (+https://www.terraform.io) Terraform-Plugin-SDK/2.31.0 terraform-provider-katapult/0.0.999
    url: https://api.katapult.io/core/v1/ip_addresses/_/unallocate?ip_address%5Bid%5D=ip_T9HFO8cKRx7BgJr1
    method: POST
  response:
    body: '{}'
    headers:
      Access-Control-Allow-Headers:
      - Authorization, Content-Type
      Access-Control-Allow-Methods:
      - GET, POST, PUT, PATCH, DELETE, OPTIONS
      Access-Control-Allow-Origin:
      - '*'
      Cache-Control:
      - max-age=0, private, must-revalidate
      Content-Length:
      - "2"
      Content-Type:
      - application/json
      Date:
      - Thu, 06 Feb 2025 16:41:40 GMT
      Etag:
      - W/"44136fa355b3678a1146ad16f7e8649e"
      Strict-Transport-Security:
      - max-age=63072000; includeSubDomains
      Vary:
      - Accept-Encoding
      X-Ratelimit-Permitted:
      - "1000"
      X-Ratelimit-Remaining:
      - "835"
      X-Request-Id:
      - 727f2171-fd01-4455-8107-eae4343d085e
    status: 200 OK
    code: 200
    duration: ""
- request:
    body: ""
    form: {}
    headers:
      Accept:
      - application/json
      User-Agent:
      - Terraform/1.10.5 (+https://www.terraform.io) Terraform-Plugin-SDK/2.31.0 terraform-provider-katapult/0.0.999
    url: https://api.katapult.io/core/v1/trash_objects/_?trash_object%5Bobject_id%5D=vm_FcDj8Af1kqFuhR45
    method: DELETE
  response:
    body: '{"task":{"id":"task_XomZ40nk07Ea8ROu","name":"Purge items from trash","status":"pending","created_at":1738860100,"started_at":null,"finished_at":null,"progress":0}}'
    headers:
      Access-Control-Allow-Headers:
      - Authorization, Content-Type
      Access-Control-Allow-Methods:
      - GET, POST, PUT, PATCH, DELETE, OPTIONS
      Access-Control-Allow-Origin:
      - '*'
      Cache-Control:
      - max-age=0, private, must-revalidate
      Content-Length:
      - "164"
      Content-Type:
      - application/json
      Date:
      - Thu, 06 Feb 2025 16:41:40 GMT
      Etag:
      - W/"ad7f001138c3ee546502f27a85cd52ed"
      Strict-Transport-Security:
      - max-age=63072000; includeSubDomains
      Vary:
      - Accept-Encoding
      X-Ratelimit-Permitted:
      - "1000"
      X-Ratelimit-Remaining:
      - "834"
      X-Request-Id:
      - 0cd0a05a-a11c-4353-986f-3c00032e45c7
    status: 200 OK
    code: 200
    duration: ""
- request:
    body: ""
    form: {}
    headers:
      Accept:
      - application/json
      User-Agent:
      - Terraform/1.10.5 (+https://www.terraform.io) Terraform-Plugin-SDK/2.31.0 terraform-provider-katapult/0.0.999
    url: https://api.katapult.io/core/v1/trash_objects/_?trash_object%5Bobject_id%5D=vm_FcDj8Af1kqFuhR45
    method: GET
  response:
    body: '{"trash_object":{"id":"trsh_qFScXjHQeyNQOnoG","keep_until":1739032899,"object_id":"vm_FcDj8Af1kqFuhR45","object_type":"VirtualMachine"}}'
    headers:
      Access-Control-Allow-Headers:
      - Authorization, Content-Type
      Access-Control-Allow-Methods:
      - GET, POST, PUT, PATCH, DELETE, OPTIONS
      Access-Control-Allow-Origin:
      - '*'
      Cache-Control:
      - max-age=0, private, must-revalidate
      Content-Length:
      - "136"
      Content-Type:
      - application/json
      Date:
      - Thu, 06 Feb 2025 16:41:41 GMT
      Etag:
      - W/"cc1b5a0d2c9333c09bef2954d3eee4d7"
      Strict-Transport-Security:
      - max-age=63072000; includeSubDomains
      Vary:
      - Accept-Encoding
      X-Ratelimit-Permitted:
      - "1000"
      X-Ratelimit-Remaining:
      - "833"
      X-Request-Id:
      - 48597ca5-b906-4f8e-9216-cbe8b9d58a4d
    status: 200 OK
    code: 200
    duration: ""
- request:
    body: ""
    form: {}
    headers:
      Accept:
      - application/json
      User-Agent:
      - Terraform/1.10.5 (+https://www.terraform.io) Terraform-Plugin-SDK/2.31.0 terraform-provider-katapult/0.0.999
    url: https://api.katapult.io/core/v1/trash_objects/_?trash_object%5Bobject_id%5D=vm_FcDj8Af1kqFuhR45
    method: GET
  response:
    body: '{"trash_object":{"id":"trsh_qFScXjHQeyNQOnoG","keep_until":1739032899,"object_id":"vm_FcDj8Af1kqFuhR45","object_type":"VirtualMachine"}}'
    headers:
      Access-Control-Allow-Headers:
      - Authorization, Content-Type
      Access-Control-Allow-Methods:
      - GET, POST, PUT, PATCH, DELETE, OPTIONS
      Access-Control-Allow-Origin:
      - '*'
      Cache-Control:
      - max-age=0, private, must-revalidate
      Content-Length:
      - "136"
      Content-Type:
      - application/json
      Date:
      - Thu, 06 Feb 2025 16:41:46 GMT
      Etag:
      - W/"cc1b5a0d2c9333c09bef2954d3eee4d7"
      Strict-Transport-Security:
      - max-age=63072000; includeSubDomains
      Vary:
      - Accept-Encoding
      X-Ratelimit-Permitted:
      - "1000"
      X-Ratelimit-Remaining:
      - "826"
      X-Request-Id:
      - c4d834f5-f728-4fc2-901a-289655549ddc
    status: 200 OK
    code: 200
    duration: ""
- request:
    body: ""
    form: {}
    headers:
      Accept:
      - application/json
      User-Agent:
      - Terraform/1.10.5 (+https://www.terraform.io) Terraform-Plugin-SDK/2.31.0 terraform-provider-katapult/0.0.999
    url: https://api.katapult.io/core/v1/trash_objects/_?trash_object%5Bobject_id%5D=vm_FcDj8Af1kqFuhR45
    method: GET
  response:
    body: '{"trash_object":{"id":"trsh_qFScXjHQeyNQOnoG","keep_until":1739032899,"object_id":"vm_FcDj8Af1kqFuhR45","object_type":"VirtualMachine"}}'
    headers:
      Access-Control-Allow-Headers:
      - Authorization, Content-Type
      Access-Control-Allow-Methods:
      - GET, POST, PUT, PATCH, DELETE, OPTIONS
      Access-Control-Allow-Origin:
      - '*'
      Cache-Control:
      - max-age=0, private, must-revalidate
      Content-Length:
      - "136"
      Content-Type:
      - application/json
      Date:
      - Thu, 06 Feb 2025 16:41:56 GMT
      Etag:
      - W/"cc1b5a0d2c9333c09bef2954d3eee4d7"
      Strict-Transport-Security:
      - max-age=63072000; includeSubDomains
      Vary:
      - Accept-Encoding
      X-Ratelimit-Permitted:
      - "1000"
      X-Ratelimit-Remaining:
      - "825"
      X-Request-Id:
      - ffe6d688-14eb-4970-9988-f8308d192e74
    status: 200 OK
    code: 200
    duration: ""
- request:
    body: ""
    form: {}
    headers:
      Accept:
      - application/json
      User-Agent:
      - Terraform/1.10.5 (+https://www.terraform.io) Terraform-Plugin-SDK/2.31.0 terraform-provider-katapult/0.0.999
    url: https://api.katapult.io/core/v1/trash_objects/_?trash_object%5Bobject_id%5D=vm_FcDj8Af1kqFuhR45
    method: GET
  response:
    body: '{"error":{"code":"trash_object_not_found","description":"No trash object
      was found matching any of the criteria provided in the arguments","detail":{}}}'
    headers:
      Access-Control-Allow-Headers:
      - Authorization, Content-Type
      Access-Control-Allow-Methods:
      - GET, POST, PUT, PATCH, DELETE, OPTIONS
      Access-Control-Allow-Origin:
      - '*'
      Cache-Control:
      - no-cache
      Content-Length:
      - "152"
      Content-Type:
      - application/json
      Date:
      - Thu, 06 Feb 2025 16:42:06 GMT
      Strict-Transport-Security:
      - max-age=63072000; includeSubDomains
      Vary:
      - Accept-Encoding
      X-Api-Schema:
      - json-error
      X-Ratelimit-Permitted:
      - "1000"
      X-Ratelimit-Remaining:
      - "999"
      X-Request-Id:
      - 81a72088-6f36-4633-b3b9-7921049c1bc5
    status: 404 Not Found
    code: 404
    duration: ""
- request:
    body: ""
    form: {}
    headers:
      Accept:
      - application/json
      User-Agent:
      - Terraform/1.10.5 (+https://www.terraform.io) Terraform-Plugin-SDK/2.31.0 terraform-provider-katapult/0.0.999
    url: https://api.katapult.io/core/v1/ip_addresses/_?ip_address%5Bid%5D=ip_T9HFO8cKRx7BgJr1
    method: DELETE
  response:
    body: '{}'
    headers:
      Access-Control-Allow-Headers:
      - Authorization, Content-Type
      Access-Control-Allow-Methods:
      - GET, POST, PUT, PATCH, DELETE, OPTIONS
      Access-Control-Allow-Origin:
      - '*'
      Cache-Control:
      - max-age=0, private, must-revalidate
      Content-Length:
      - "2"
      Content-Type:
      - application/json
      Date:
      - Thu, 06 Feb 2025 16:42:06 GMT
      Etag:
      - W/"44136fa355b3678a1146ad16f7e8649e"
      Strict-Transport-Security:
      - max-age=63072000; includeSubDomains
      Vary:
      - Accept-Encoding
      X-Ratelimit-Permitted:
      - "1000"
      X-Ratelimit-Remaining:
      - "998"
      X-Request-Id:
      - 660cd299-db23-4786-ab5d-3f6071e37b4a
    status: 200 OK
    code: 200
    duration: ""
- request:
    body: ""
    form: {}
    headers:
      Accept:
      - application/json
      User-Agent:
      - Terraform/ (+https://www.terraform.io) Terraform-Plugin-SDK/2.31.0 terraform-provider-katapult/0.0.999
    url: https://api.katapult.io/core/v1/virtual_machines/_?virtual_machine%5Bid%5D=vm_FcDj8Af1kqFuhR45
    method: GET
  response:
    body: '{"error":{"code":"virtual_machine_not_found","description":"No virtual
      machine was found matching any of the criteria provided in the arguments","detail":{}}}'
    headers:
      Access-Control-Allow-Headers:
      - Authorization, Content-Type
      Access-Control-Allow-Methods:
      - GET, POST, PUT, PATCH, DELETE, OPTIONS
      Access-Control-Allow-Origin:
      - '*'
      Cache-Control:
      - no-cache
      Content-Length:
      - "158"
      Content-Type:
      - application/json
      Date:
      - Thu, 06 Feb 2025 16:42:06 GMT
      Strict-Transport-Security:
      - max-age=63072000; includeSubDomains
      Vary:
      - Accept-Encoding
      X-Api-Schema:
      - json-error
      X-Ratelimit-Permitted:
      - "1000"
      X-Ratelimit-Remaining:
      - "997"
      X-Request-Id:
      - 897cd8d7-5c99-4579-ad46-66919d031377
    status: 404 Not Found
    code: 404
    duration: ""
- request:
    body: ""
    form: {}
    headers:
      Accept:
      - application/json
      User-Agent:
      - Terraform/ (+https://www.terraform.io) Terraform-Plugin-SDK/2.31.0 terraform-provider-katapult/0.0.999
    url: https://api.katapult.io/core/v1/trash_objects/_?trash_object%5Bobject_id%5D=vm_FcDj8Af1kqFuhR45
    method: GET
  response:
    body: '{"error":{"code":"trash_object_not_found","description":"No trash object
      was found matching any of the criteria provided in the arguments","detail":{}}}'
    headers:
      Access-Control-Allow-Headers:
      - Authorization, Content-Type
      Access-Control-Allow-Methods:
      - GET, POST, PUT, PATCH, DELETE, OPTIONS
      Access-Control-Allow-Origin:
      - '*'
      Cache-Control:
      - no-cache
      Content-Length:
      - "152"
      Content-Type:
      - application/json
      Date:
      - Thu, 06 Feb 2025 16:42:06 GMT
      Strict-Transport-Security:
      - max-age=63072000; includeSubDomains
      Vary:
      - Accept-Encoding
      X-Api-Schema:
      - json-error
      X-Ratelimit-Permitted:
      - "1000"
      X-Ratelimit-Remaining:
      - "996"
      X-Request-Id:
      - 7407aab1-826c-4e4c-864d-319f7201bd66
    status: 404 Not Found
    code: 404
    duration: ""
- request:
    body: ""
    form: {}
    headers:
      Accept:
      - application/json
      User-Agent:
      - Terraform/ (+https://www.terraform.io) Terraform-Plugin-SDK/2.31.0 terraform-provider-katapult/0.0.999
    url: https://api.katapult.io/core/v1/ip_addresses/_?ip_address%5Bid%5D=ip_T9HFO8cKRx7BgJr1
    method: GET
  response:
    body: '{"error":{"code":"ip_address_not_found","description":"No IP addresses
      were found matching any of the criteria provided in the arguments","detail":{}}}'
    headers:
      Access-Control-Allow-Headers:
      - Authorization, Content-Type
      Access-Control-Allow-Methods:
      - GET, POST, PUT, PATCH, DELETE, OPTIONS
      Access-Control-Allow-Origin:
      - '*'
      Cache-Control:
      - no-cache
      Content-Length:
      - "151"
      Content-Type:
      - application/json
      Date:
      - Thu, 06 Feb 2025 16:42:06 GMT
      Strict-Transport-Security:
      - max-age=63072000; includeSubDomains
      Vary:
      - Accept-Encoding
      X-Api-Schema:
      - json-error
      X-Ratelimit-Permitted:
      - "1000"
      X-Ratelimit-Remaining:
      - "995"
      X-Request-Id:
      - 062eaa64-ecd6-438b-bca4-e9ce52fb4d52
    status: 404 Not Found
    code: 404
    duration: ""
