---
version: 1
interactions:
- request:
    body: |
      {"organization":{"sub_domain":"terraform-acc-test"},"properties":{"name":"tf-acc-test-update-mdmrxcyotiz9","segregate":true}}
    form: {}
    headers:
      Accept:
      - application/json
      Content-Type:
      - application/json
      User-Agent:
      - Terraform/0.15.3 (+https://www.terraform.io) Terraform-Plugin-SDK/2.6.1 terraform-provider-katapult/0.0.999
    url: https://api.katapult.io/core/v1/organizations/_/virtual_machine_groups
    method: POST
  response:
    body: '{"virtual_machine_group":{"id":"vmgrp_EgXZHKgMO10shP1l","name":"tf-acc-test-update-mdmrxcyotiz9","segregate":true,"created_at":1622137190}}'
    headers:
      Access-Control-Allow-Methods:
      - '*'
      Access-Control-Allow-Origin:
      - '*'
      Cache-Control:
      - max-age=0, private, must-revalidate
      Connection:
      - keep-alive
      Content-Length:
      - "139"
      Content-Type:
      - application/json
      Date:
      - Thu, 27 May 2021 17:39:50 GMT
      Etag:
      - W/"30f67061ae299460639d8015ef77c8a7"
      Server:
      - nginx
      Strict-Transport-Security:
      - max-age=31536000; includeSubDomains
      X-Ratelimit-Permitted:
      - "200"
      X-Ratelimit-Remaining:
      - "162"
      X-Request-Id:
      - a66f58fa-1730-48ad-80f8-1263957f3566
    status: 200 OK
    code: 200
    duration: ""
- request:
    body: ""
    form: {}
    headers:
      Accept:
      - application/json
      User-Agent:
      - Terraform/0.15.3 (+https://www.terraform.io) Terraform-Plugin-SDK/2.6.1 terraform-provider-katapult/0.0.999
    url: https://api.katapult.io/core/v1/virtual_machine_groups/vmgrp_EgXZHKgMO10shP1l
    method: GET
  response:
    body: '{"virtual_machine_group":{"id":"vmgrp_EgXZHKgMO10shP1l","name":"tf-acc-test-update-mdmrxcyotiz9","segregate":true,"created_at":1622137190}}'
    headers:
      Access-Control-Allow-Methods:
      - '*'
      Access-Control-Allow-Origin:
      - '*'
      Cache-Control:
      - max-age=0, private, must-revalidate
      Connection:
      - keep-alive
      Content-Length:
      - "139"
      Content-Type:
      - application/json
      Date:
      - Thu, 27 May 2021 17:39:50 GMT
      Etag:
      - W/"30f67061ae299460639d8015ef77c8a7"
      Server:
      - nginx
      Strict-Transport-Security:
      - max-age=31536000; includeSubDomains
      X-Ratelimit-Permitted:
      - "200"
      X-Ratelimit-Remaining:
      - "161"
      X-Request-Id:
      - 693395ff-d1e5-4133-8121-dcc0740cf39c
    status: 200 OK
    code: 200
    duration: ""
- request:
    body: ""
    form: {}
    headers:
      Accept:
      - application/json
      User-Agent:
      - Terraform/ (+https://www.terraform.io) Terraform-Plugin-SDK/2.6.1 terraform-provider-katapult/0.0.999
    url: https://api.katapult.io/core/v1/virtual_machine_groups/vmgrp_EgXZHKgMO10shP1l
    method: GET
  response:
    body: '{"virtual_machine_group":{"id":"vmgrp_EgXZHKgMO10shP1l","name":"tf-acc-test-update-mdmrxcyotiz9","segregate":true,"created_at":1622137190}}'
    headers:
      Access-Control-Allow-Methods:
      - '*'
      Access-Control-Allow-Origin:
      - '*'
      Cache-Control:
      - max-age=0, private, must-revalidate
      Connection:
      - keep-alive
      Content-Length:
      - "139"
      Content-Type:
      - application/json
      Date:
      - Thu, 27 May 2021 17:39:50 GMT
      Etag:
      - W/"30f67061ae299460639d8015ef77c8a7"
      Server:
      - nginx
      Strict-Transport-Security:
      - max-age=31536000; includeSubDomains
      X-Ratelimit-Permitted:
      - "200"
      X-Ratelimit-Remaining:
      - "160"
      X-Request-Id:
      - ba8e3e84-bce9-4a5c-9df1-a997908da50c
    status: 200 OK
    code: 200
    duration: ""
- request:
    body: ""
    form: {}
    headers:
      Accept:
      - application/json
      User-Agent:
      - Terraform/0.15.3 (+https://www.terraform.io) Terraform-Plugin-SDK/2.6.1 terraform-provider-katapult/0.0.999
    url: https://api.katapult.io/core/v1/virtual_machine_groups/vmgrp_EgXZHKgMO10shP1l
    method: GET
  response:
    body: '{"virtual_machine_group":{"id":"vmgrp_EgXZHKgMO10shP1l","name":"tf-acc-test-update-mdmrxcyotiz9","segregate":true,"created_at":1622137190}}'
    headers:
      Access-Control-Allow-Methods:
      - '*'
      Access-Control-Allow-Origin:
      - '*'
      Cache-Control:
      - max-age=0, private, must-revalidate
      Connection:
      - keep-alive
      Content-Length:
      - "139"
      Content-Type:
      - application/json
      Date:
      - Thu, 27 May 2021 17:39:50 GMT
      Etag:
      - W/"30f67061ae299460639d8015ef77c8a7"
      Server:
      - nginx
      Strict-Transport-Security:
      - max-age=31536000; includeSubDomains
      X-Ratelimit-Permitted:
      - "200"
      X-Ratelimit-Remaining:
      - "159"
      X-Request-Id:
      - 4b49ff57-aa2b-4183-ada5-9305297b451a
    status: 200 OK
    code: 200
    duration: ""
- request:
    body: ""
    form: {}
    headers:
      Accept:
      - application/json
      User-Agent:
      - Terraform/0.15.3 (+https://www.terraform.io) Terraform-Plugin-SDK/2.6.1 terraform-provider-katapult/0.0.999
    url: https://api.katapult.io/core/v1/virtual_machine_groups/vmgrp_EgXZHKgMO10shP1l
    method: GET
  response:
    body: '{"virtual_machine_group":{"id":"vmgrp_EgXZHKgMO10shP1l","name":"tf-acc-test-update-mdmrxcyotiz9","segregate":true,"created_at":1622137190}}'
    headers:
      Access-Control-Allow-Methods:
      - '*'
      Access-Control-Allow-Origin:
      - '*'
      Cache-Control:
      - max-age=0, private, must-revalidate
      Connection:
      - keep-alive
      Content-Length:
      - "139"
      Content-Type:
      - application/json
      Date:
      - Thu, 27 May 2021 17:39:51 GMT
      Etag:
      - W/"30f67061ae299460639d8015ef77c8a7"
      Server:
      - nginx
      Strict-Transport-Security:
      - max-age=31536000; includeSubDomains
      X-Ratelimit-Permitted:
      - "200"
      X-Ratelimit-Remaining:
      - "158"
      X-Request-Id:
      - 9cf17785-e35d-4733-b191-ca4f346fde1c
    status: 200 OK
    code: 200
    duration: ""
- request:
    body: |
      {"virtual_machine_group":{"id":"vmgrp_EgXZHKgMO10shP1l"},"properties":{"name":"tf-acc-test-update-mdmrxcyotiz9 - updated","segregate":false}}
    form: {}
    headers:
      Accept:
      - application/json
      Content-Type:
      - application/json
      User-Agent:
      - Terraform/0.15.3 (+https://www.terraform.io) Terraform-Plugin-SDK/2.6.1 terraform-provider-katapult/0.0.999
    url: https://api.katapult.io/core/v1/virtual_machine_groups/_
    method: PATCH
  response:
    body: '{"virtual_machine_group":{"id":"vmgrp_EgXZHKgMO10shP1l","name":"tf-acc-test-update-mdmrxcyotiz9
      - updated","segregate":false,"created_at":1622137190}}'
    headers:
      Access-Control-Allow-Methods:
      - '*'
      Access-Control-Allow-Origin:
      - '*'
      Cache-Control:
      - max-age=0, private, must-revalidate
      Connection:
      - keep-alive
      Content-Length:
      - "150"
      Content-Type:
      - application/json
      Date:
      - Thu, 27 May 2021 17:39:51 GMT
      Etag:
      - W/"310f1d6eac609d4d41dca0027ce47388"
      Server:
      - nginx
      Strict-Transport-Security:
      - max-age=31536000; includeSubDomains
      X-Ratelimit-Permitted:
      - "200"
      X-Ratelimit-Remaining:
      - "157"
      X-Request-Id:
      - 0bc77585-f8e3-4403-8108-e496a9c463c5
    status: 200 OK
    code: 200
    duration: ""
- request:
    body: ""
    form: {}
    headers:
      Accept:
      - application/json
      User-Agent:
      - Terraform/0.15.3 (+https://www.terraform.io) Terraform-Plugin-SDK/2.6.1 terraform-provider-katapult/0.0.999
    url: https://api.katapult.io/core/v1/virtual_machine_groups/vmgrp_EgXZHKgMO10shP1l
    method: GET
  response:
    body: '{"virtual_machine_group":{"id":"vmgrp_EgXZHKgMO10shP1l","name":"tf-acc-test-update-mdmrxcyotiz9
      - updated","segregate":false,"created_at":1622137190}}'
    headers:
      Access-Control-Allow-Methods:
      - '*'
      Access-Control-Allow-Origin:
      - '*'
      Cache-Control:
      - max-age=0, private, must-revalidate
      Connection:
      - keep-alive
      Content-Length:
      - "150"
      Content-Type:
      - application/json
      Date:
      - Thu, 27 May 2021 17:39:51 GMT
      Etag:
      - W/"310f1d6eac609d4d41dca0027ce47388"
      Server:
      - nginx
      Strict-Transport-Security:
      - max-age=31536000; includeSubDomains
      X-Ratelimit-Permitted:
      - "200"
      X-Ratelimit-Remaining:
      - "156"
      X-Request-Id:
      - 82f7a288-0692-4816-b54c-ab2eb1c8087c
    status: 200 OK
    code: 200
    duration: ""
- request:
    body: ""
    form: {}
    headers:
      Accept:
      - application/json
      User-Agent:
      - Terraform/ (+https://www.terraform.io) Terraform-Plugin-SDK/2.6.1 terraform-provider-katapult/0.0.999
    url: https://api.katapult.io/core/v1/virtual_machine_groups/vmgrp_EgXZHKgMO10shP1l
    method: GET
  response:
    body: '{"virtual_machine_group":{"id":"vmgrp_EgXZHKgMO10shP1l","name":"tf-acc-test-update-mdmrxcyotiz9
      - updated","segregate":false,"created_at":1622137190}}'
    headers:
      Access-Control-Allow-Methods:
      - '*'
      Access-Control-Allow-Origin:
      - '*'
      Cache-Control:
      - max-age=0, private, must-revalidate
      Connection:
      - keep-alive
      Content-Length:
      - "150"
      Content-Type:
      - application/json
      Date:
      - Thu, 27 May 2021 17:39:51 GMT
      Etag:
      - W/"310f1d6eac609d4d41dca0027ce47388"
      Server:
      - nginx
      Strict-Transport-Security:
      - max-age=31536000; includeSubDomains
      X-Ratelimit-Permitted:
      - "200"
      X-Ratelimit-Remaining:
      - "155"
      X-Request-Id:
      - 7c3f5df5-0dd6-4174-9606-f6cf557f3802
    status: 200 OK
    code: 200
    duration: ""
- request:
    body: ""
    form: {}
    headers:
      Accept:
      - application/json
      User-Agent:
      - Terraform/0.15.3 (+https://www.terraform.io) Terraform-Plugin-SDK/2.6.1 terraform-provider-katapult/0.0.999
    url: https://api.katapult.io/core/v1/virtual_machine_groups/vmgrp_EgXZHKgMO10shP1l
    method: GET
  response:
    body: '{"virtual_machine_group":{"id":"vmgrp_EgXZHKgMO10shP1l","name":"tf-acc-test-update-mdmrxcyotiz9
      - updated","segregate":false,"created_at":1622137190}}'
    headers:
      Access-Control-Allow-Methods:
      - '*'
      Access-Control-Allow-Origin:
      - '*'
      Cache-Control:
      - max-age=0, private, must-revalidate
      Connection:
      - keep-alive
      Content-Length:
      - "150"
      Content-Type:
      - application/json
      Date:
      - Thu, 27 May 2021 17:39:52 GMT
      Etag:
      - W/"310f1d6eac609d4d41dca0027ce47388"
      Server:
      - nginx
      Strict-Transport-Security:
      - max-age=31536000; includeSubDomains
      X-Ratelimit-Permitted:
      - "200"
      X-Ratelimit-Remaining:
      - "154"
      X-Request-Id:
      - 5e1a20f6-7078-42b9-884c-856fbb698bc3
    status: 200 OK
    code: 200
    duration: ""
- request:
    body: ""
    form: {}
    headers:
      Accept:
      - application/json
      User-Agent:
      - Terraform/0.15.3 (+https://www.terraform.io) Terraform-Plugin-SDK/2.6.1 terraform-provider-katapult/0.0.999
    url: https://api.katapult.io/core/v1/virtual_machine_groups/vmgrp_EgXZHKgMO10shP1l
    method: GET
  response:
    body: '{"virtual_machine_group":{"id":"vmgrp_EgXZHKgMO10shP1l","name":"tf-acc-test-update-mdmrxcyotiz9
      - updated","segregate":false,"created_at":1622137190}}'
    headers:
      Access-Control-Allow-Methods:
      - '*'
      Access-Control-Allow-Origin:
      - '*'
      Cache-Control:
      - max-age=0, private, must-revalidate
      Connection:
      - keep-alive
      Content-Length:
      - "150"
      Content-Type:
      - application/json
      Date:
      - Thu, 27 May 2021 17:39:52 GMT
      Etag:
      - W/"310f1d6eac609d4d41dca0027ce47388"
      Server:
      - nginx
      Strict-Transport-Security:
      - max-age=31536000; includeSubDomains
      X-Ratelimit-Permitted:
      - "200"
      X-Ratelimit-Remaining:
      - "153"
      X-Request-Id:
      - 1e429646-573c-439e-bcad-773932a056e6
    status: 200 OK
    code: 200
    duration: ""
- request:
    body: |
      {"virtual_machine_group":{"id":"vmgrp_EgXZHKgMO10shP1l"},"properties":{"name":"tf-acc-test-update-mdmrxcyotiz9","segregate":true}}
    form: {}
    headers:
      Accept:
      - application/json
      Content-Type:
      - application/json
      User-Agent:
      - Terraform/0.15.3 (+https://www.terraform.io) Terraform-Plugin-SDK/2.6.1 terraform-provider-katapult/0.0.999
    url: https://api.katapult.io/core/v1/virtual_machine_groups/_
    method: PATCH
  response:
    body: '{"virtual_machine_group":{"id":"vmgrp_EgXZHKgMO10shP1l","name":"tf-acc-test-update-mdmrxcyotiz9","segregate":true,"created_at":1622137190}}'
    headers:
      Access-Control-Allow-Methods:
      - '*'
      Access-Control-Allow-Origin:
      - '*'
      Cache-Control:
      - max-age=0, private, must-revalidate
      Connection:
      - keep-alive
      Content-Length:
      - "139"
      Content-Type:
      - application/json
      Date:
      - Thu, 27 May 2021 17:39:53 GMT
      Etag:
      - W/"30f67061ae299460639d8015ef77c8a7"
      Server:
      - nginx
      Strict-Transport-Security:
      - max-age=31536000; includeSubDomains
      X-Ratelimit-Permitted:
      - "200"
      X-Ratelimit-Remaining:
      - "152"
      X-Request-Id:
      - 13db98b5-5866-46f9-b3fa-d4b5b3fdc0e5
    status: 200 OK
    code: 200
    duration: ""
- request:
    body: ""
    form: {}
    headers:
      Accept:
      - application/json
      User-Agent:
      - Terraform/0.15.3 (+https://www.terraform.io) Terraform-Plugin-SDK/2.6.1 terraform-provider-katapult/0.0.999
    url: https://api.katapult.io/core/v1/virtual_machine_groups/vmgrp_EgXZHKgMO10shP1l
    method: GET
  response:
    body: '{"virtual_machine_group":{"id":"vmgrp_EgXZHKgMO10shP1l","name":"tf-acc-test-update-mdmrxcyotiz9","segregate":true,"created_at":1622137190}}'
    headers:
      Access-Control-Allow-Methods:
      - '*'
      Access-Control-Allow-Origin:
      - '*'
      Cache-Control:
      - max-age=0, private, must-revalidate
      Connection:
      - keep-alive
      Content-Length:
      - "139"
      Content-Type:
      - application/json
      Date:
      - Thu, 27 May 2021 17:39:53 GMT
      Etag:
      - W/"30f67061ae299460639d8015ef77c8a7"
      Server:
      - nginx
      Strict-Transport-Security:
      - max-age=31536000; includeSubDomains
      X-Ratelimit-Permitted:
      - "200"
      X-Ratelimit-Remaining:
      - "151"
      X-Request-Id:
      - d8ad1626-b0b7-4695-b44b-2ff672de51ba
    status: 200 OK
    code: 200
    duration: ""
- request:
    body: ""
    form: {}
    headers:
      Accept:
      - application/json
      User-Agent:
      - Terraform/ (+https://www.terraform.io) Terraform-Plugin-SDK/2.6.1 terraform-provider-katapult/0.0.999
    url: https://api.katapult.io/core/v1/virtual_machine_groups/vmgrp_EgXZHKgMO10shP1l
    method: GET
  response:
    body: '{"virtual_machine_group":{"id":"vmgrp_EgXZHKgMO10shP1l","name":"tf-acc-test-update-mdmrxcyotiz9","segregate":true,"created_at":1622137190}}'
    headers:
      Access-Control-Allow-Methods:
      - '*'
      Access-Control-Allow-Origin:
      - '*'
      Cache-Control:
      - max-age=0, private, must-revalidate
      Connection:
      - keep-alive
      Content-Length:
      - "139"
      Content-Type:
      - application/json
      Date:
      - Thu, 27 May 2021 17:39:53 GMT
      Etag:
      - W/"30f67061ae299460639d8015ef77c8a7"
      Server:
      - nginx
      Strict-Transport-Security:
      - max-age=31536000; includeSubDomains
      X-Ratelimit-Permitted:
      - "200"
      X-Ratelimit-Remaining:
      - "150"
      X-Request-Id:
      - 6332e313-dcce-46ec-bd91-aa129275aa7e
    status: 200 OK
    code: 200
    duration: ""
- request:
    body: ""
    form: {}
    headers:
      Accept:
      - application/json
      User-Agent:
      - Terraform/0.15.3 (+https://www.terraform.io) Terraform-Plugin-SDK/2.6.1 terraform-provider-katapult/0.0.999
    url: https://api.katapult.io/core/v1/virtual_machine_groups/vmgrp_EgXZHKgMO10shP1l
    method: GET
  response:
    body: '{"virtual_machine_group":{"id":"vmgrp_EgXZHKgMO10shP1l","name":"tf-acc-test-update-mdmrxcyotiz9","segregate":true,"created_at":1622137190}}'
    headers:
      Access-Control-Allow-Methods:
      - '*'
      Access-Control-Allow-Origin:
      - '*'
      Cache-Control:
      - max-age=0, private, must-revalidate
      Connection:
      - keep-alive
      Content-Length:
      - "139"
      Content-Type:
      - application/json
      Date:
      - Thu, 27 May 2021 17:39:53 GMT
      Etag:
      - W/"30f67061ae299460639d8015ef77c8a7"
      Server:
      - nginx
      Strict-Transport-Security:
      - max-age=31536000; includeSubDomains
      X-Ratelimit-Permitted:
      - "200"
      X-Ratelimit-Remaining:
      - "149"
      X-Request-Id:
      - 6aae00da-dbc6-4afb-b660-5c8ccb75a9b9
    status: 200 OK
    code: 200
    duration: ""
- request:
    body: ""
    form: {}
    headers:
      Accept:
      - application/json
      User-Agent:
      - Terraform/0.15.3 (+https://www.terraform.io) Terraform-Plugin-SDK/2.6.1 terraform-provider-katapult/0.0.999
    url: https://api.katapult.io/core/v1/virtual_machine_groups/vmgrp_EgXZHKgMO10shP1l
    method: GET
  response:
    body: '{"virtual_machine_group":{"id":"vmgrp_EgXZHKgMO10shP1l","name":"tf-acc-test-update-mdmrxcyotiz9","segregate":true,"created_at":1622137190}}'
    headers:
      Access-Control-Allow-Methods:
      - '*'
      Access-Control-Allow-Origin:
      - '*'
      Cache-Control:
      - max-age=0, private, must-revalidate
      Connection:
      - keep-alive
      Content-Length:
      - "139"
      Content-Type:
      - application/json
      Date:
      - Thu, 27 May 2021 17:39:54 GMT
      Etag:
      - W/"30f67061ae299460639d8015ef77c8a7"
      Server:
      - nginx
      Strict-Transport-Security:
      - max-age=31536000; includeSubDomains
      X-Ratelimit-Permitted:
      - "200"
      X-Ratelimit-Remaining:
      - "148"
      X-Request-Id:
      - 6b02c1a8-d04c-4e5e-b5fb-f566142e3bab
    status: 200 OK
    code: 200
    duration: ""
- request:
    body: ""
    form: {}
    headers:
      Accept:
      - application/json
      User-Agent:
      - Terraform/0.15.3 (+https://www.terraform.io) Terraform-Plugin-SDK/2.6.1 terraform-provider-katapult/0.0.999
    url: https://api.katapult.io/core/v1/virtual_machine_groups/_?virtual_machine_group%5Bid%5D=vmgrp_EgXZHKgMO10shP1l
    method: DELETE
  response:
    body: '{"virtual_machine_group":{"id":"vmgrp_EgXZHKgMO10shP1l","name":"tf-acc-test-update-mdmrxcyotiz9","segregate":true,"created_at":1622137190}}'
    headers:
      Access-Control-Allow-Methods:
      - '*'
      Access-Control-Allow-Origin:
      - '*'
      Cache-Control:
      - max-age=0, private, must-revalidate
      Connection:
      - keep-alive
      Content-Length:
      - "139"
      Content-Type:
      - application/json
      Date:
      - Thu, 27 May 2021 17:39:54 GMT
      Etag:
      - W/"30f67061ae299460639d8015ef77c8a7"
      Server:
      - nginx
      Strict-Transport-Security:
      - max-age=31536000; includeSubDomains
      X-Ratelimit-Permitted:
      - "200"
      X-Ratelimit-Remaining:
      - "147"
      X-Request-Id:
      - 7661d04b-b57f-4b9c-b983-817e94092930
    status: 200 OK
    code: 200
    duration: ""
- request:
    body: ""
    form: {}
    headers:
      Accept:
      - application/json
      User-Agent:
      - Terraform/ (+https://www.terraform.io) Terraform-Plugin-SDK/2.6.1 terraform-provider-katapult/0.0.999
    url: https://api.katapult.io/core/v1/virtual_machine_groups/vmgrp_EgXZHKgMO10shP1l
    method: GET
  response:
    body: '{"error":{"code":"virtual_machine_group_not_found","description":"No virtual
      machine group was found matching any of the criteria provided in the arguments","detail":{}}}'
    headers:
      Access-Control-Allow-Methods:
      - '*'
      Access-Control-Allow-Origin:
      - '*'
      Cache-Control:
      - no-cache
      Connection:
      - keep-alive
      Content-Length:
      - "170"
      Content-Type:
      - application/json
      Date:
      - Thu, 27 May 2021 17:39:54 GMT
      Server:
      - nginx
      Strict-Transport-Security:
      - max-age=31536000; includeSubDomains
      X-Api-Schema:
      - json-error
      X-Ratelimit-Permitted:
      - "200"
      X-Ratelimit-Remaining:
      - "146"
      X-Request-Id:
      - a6714233-5258-4c91-887f-460416f2618e
    status: 404 Not Found
    code: 404
    duration: ""
